OpenJDK 64-Bit Server VM (25.312-b07) for bsd-aarch64 JRE (Zulu 8.58.0.13-CA-macos-aarch64) (1.8.0_312-b07), built on Oct  8 2021 23:49:52 by "zulu_re" with gcc Apple LLVM 12.0.0 (clang-1200.0.32.28)
Memory: 16k page, physical 33554432k(725216k free)

/proc/meminfo:

CommandLine flags: -XX:InitialHeapSize=4294967296 -XX:MaxHeapSize=4294967296 -XX:+PrintGC -XX:+PrintGCTimeStamps -XX:+UseCompressedClassPointers -XX:+UseCompressedOops -XX:+UseParallelGC 
0.152: [GC (Allocation Failure)  1045853K->601K(4019712K), 0.0079483 secs]
0.243: [GC (Allocation Failure)  1048499K->625K(4019712K), 0.0004082 secs]
0.255: [GC (Allocation Failure)  1048670K->593K(4019712K), 0.0004276 secs]
0.266: [GC (Allocation Failure)  1048726K->561K(4019712K), 0.0004373 secs]
0.278: [GC (Allocation Failure)  1048751K->593K(4019712K), 0.0004085 secs]
0.290: [GC (Allocation Failure)  1048819K->561K(4193280K), 0.0004093 secs]
0.350: [GC (Allocation Failure)  1396053K->521K(4193280K), 0.0007308 secs]
0.391: [GC (Allocation Failure)  1394091K->521K(4193280K), 0.0011813 secs]
0.408: [GC (Allocation Failure)  1396005K->521K(4193280K), 0.0002497 secs]
0.425: [GC (Allocation Failure)  1396233K->529K(4193280K), 0.0002295 secs]
0.440: [GC (Allocation Failure)  1392396K->505K(4193280K), 0.0003005 secs]
0.454: [GC (Allocation Failure)  1392475K->505K(4193280K), 0.0002876 secs]
0.469: [GC (Allocation Failure)  1396217K->505K(4193280K), 0.0003920 secs]
0.485: [GC (Allocation Failure)  1396217K->505K(4193280K), 0.0003741 secs]
0.501: [GC (Allocation Failure)  1396217K->505K(4193280K), 0.0003051 secs]
0.516: [GC (Allocation Failure)  1396217K->505K(4193280K), 0.0004192 secs]
0.532: [GC (Allocation Failure)  1396217K->537K(4193280K), 0.0002872 secs]
0.548: [GC (Allocation Failure)  1396249K->513K(4193280K), 0.0012301 secs]
0.565: [GC (Allocation Failure)  1396225K->513K(4193280K), 0.0002838 secs]
0.581: [GC (Allocation Failure)  1396225K->513K(4193280K), 0.0002838 secs]
0.596: [GC (Allocation Failure)  1396225K->513K(4193280K), 0.0002865 secs]
0.611: [GC (Allocation Failure)  1396225K->513K(4193280K), 0.0002482 secs]
0.627: [GC (Allocation Failure)  1396225K->513K(4193280K), 0.0002375 secs]
0.641: [GC (Allocation Failure)  1396225K->513K(4193280K), 0.0002493 secs]
0.658: [GC (Allocation Failure)  1396225K->513K(4193280K), 0.0002572 secs]
0.674: [GC (Allocation Failure)  1396225K->513K(4193792K), 0.0002527 secs]
0.689: [GC (Allocation Failure)  1397249K->513K(4193792K), 0.0002575 secs]
0.705: [GC (Allocation Failure)  1397249K->513K(4193792K), 0.0002904 secs]
0.720: [GC (Allocation Failure)  1397249K->513K(4193792K), 0.0002511 secs]
0.735: [GC (Allocation Failure)  1397249K->513K(4193792K), 0.0002270 secs]
0.750: [GC (Allocation Failure)  1397249K->513K(4193792K), 0.0003187 secs]
0.766: [GC (Allocation Failure)  1397249K->513K(4193792K), 0.0002625 secs]
0.781: [GC (Allocation Failure)  1397249K->513K(4193792K), 0.0002586 secs]
0.796: [GC (Allocation Failure)  1397249K->513K(4193792K), 0.0008693 secs]
0.812: [GC (Allocation Failure)  1397249K->513K(4193792K), 0.0003038 secs]
0.828: [GC (Allocation Failure)  1397249K->513K(4193792K), 0.0002942 secs]
0.844: [GC (Allocation Failure)  1397249K->513K(4193792K), 0.0002649 secs]
0.859: [GC (Allocation Failure)  1397249K->513K(4193792K), 0.0002703 secs]
0.874: [GC (Allocation Failure)  1397249K->513K(4193792K), 0.0002622 secs]
0.889: [GC (Allocation Failure)  1397249K->513K(4193792K), 0.0002416 secs]
0.905: [GC (Allocation Failure)  1397249K->513K(4193792K), 0.0002662 secs]
0.921: [GC (Allocation Failure)  1397249K->513K(4193792K), 0.0003202 secs]
0.937: [GC (Allocation Failure)  1397249K->513K(4193792K), 0.0002727 secs]
0.951: [GC (Allocation Failure)  1397249K->513K(4193792K), 0.0002749 secs]
0.967: [GC (Allocation Failure)  1397249K->513K(4193792K), 0.0003005 secs]
0.982: [GC (Allocation Failure)  1397249K->513K(4193792K), 0.0003948 secs]
0.998: [GC (Allocation Failure)  1397249K->513K(4193792K), 0.0002723 secs]
1.013: [GC (Allocation Failure)  1397249K->513K(4193792K), 0.0002113 secs]
1.028: [GC (Allocation Failure)  1397249K->513K(4193792K), 0.0003211 secs]
1.043: [GC (Allocation Failure)  1397249K->513K(4193792K), 0.0002524 secs]
1.058: [GC (Allocation Failure)  1397249K->513K(4193792K), 0.0002695 secs]
1.074: [GC (Allocation Failure)  1397249K->513K(4193792K), 0.0002971 secs]
1.089: [GC (Allocation Failure)  1397249K->513K(4193792K), 0.0003783 secs]
1.104: [GC (Allocation Failure)  1397249K->513K(4193792K), 0.0002738 secs]
1.120: [GC (Allocation Failure)  1397249K->513K(4193792K), 0.0002905 secs]
1.135: [GC (Allocation Failure)  1397249K->513K(4193792K), 0.0003034 secs]
1.150: [GC (Allocation Failure)  1397249K->513K(4193792K), 0.0002231 secs]
1.165: [GC (Allocation Failure)  1397249K->513K(4193792K), 0.0003229 secs]
1.180: [GC (Allocation Failure)  1397249K->513K(4193792K), 0.0002760 secs]
1.195: [GC (Allocation Failure)  1397249K->513K(4193792K), 0.0002717 secs]
1.211: [GC (Allocation Failure)  1397249K->513K(4193792K), 0.0014360 secs]
1.227: [GC (Allocation Failure)  1397249K->513K(4193792K), 0.0032393 secs]
1.245: [GC (Allocation Failure)  1397249K->513K(4193792K), 0.0102025 secs]
1.271: [GC (Allocation Failure)  1397249K->513K(4193792K), 0.0102328 secs]
1.296: [GC (Allocation Failure)  1397249K->513K(4193792K), 0.0020273 secs]
1.313: [GC (Allocation Failure)  1397249K->513K(4193792K), 0.0004062 secs]
1.329: [GC (Allocation Failure)  1397249K->513K(4193792K), 0.0002541 secs]
1.345: [GC (Allocation Failure)  1397249K->513K(4193792K), 0.0002730 secs]
1.360: [GC (Allocation Failure)  1397249K->513K(4193792K), 0.0002743 secs]
1.375: [GC (Allocation Failure)  1397249K->513K(4193792K), 0.0002470 secs]
1.390: [GC (Allocation Failure)  1397249K->513K(4193792K), 0.0002791 secs]
1.405: [GC (Allocation Failure)  1397249K->513K(4193792K), 0.0002861 secs]
1.420: [GC (Allocation Failure)  1397249K->513K(4193792K), 0.0005357 secs]
1.435: [GC (Allocation Failure)  1397249K->513K(4193792K), 0.0002596 secs]
1.450: [GC (Allocation Failure)  1397249K->513K(4193792K), 0.0002515 secs]
1.465: [GC (Allocation Failure)  1397249K->513K(4193792K), 0.0002993 secs]
1.481: [GC (Allocation Failure)  1397249K->513K(4193792K), 0.0002545 secs]
1.495: [GC (Allocation Failure)  1397249K->513K(4193792K), 0.0003232 secs]
1.510: [GC (Allocation Failure)  1397249K->513K(4193792K), 0.0003162 secs]
1.525: [GC (Allocation Failure)  1397249K->513K(4193792K), 0.0002654 secs]
1.540: [GC (Allocation Failure)  1397249K->513K(4193792K), 0.0002187 secs]
1.555: [GC (Allocation Failure)  1397249K->513K(4193792K), 0.0002664 secs]
1.570: [GC (Allocation Failure)  1397249K->513K(4193792K), 0.0002612 secs]
1.584: [GC (Allocation Failure)  1397249K->513K(4193792K), 0.0002626 secs]
1.600: [GC (Allocation Failure)  1397249K->513K(4193792K), 0.0002269 secs]
1.616: [GC (Allocation Failure)  1397249K->513K(4193792K), 0.0002300 secs]
1.631: [GC (Allocation Failure)  1397249K->513K(4193792K), 0.0002912 secs]
1.646: [GC (Allocation Failure)  1397249K->513K(4193792K), 0.0002405 secs]
1.661: [GC (Allocation Failure)  1397249K->513K(4193792K), 0.0002936 secs]
1.676: [GC (Allocation Failure)  1397249K->513K(4193792K), 0.0004782 secs]
1.692: [GC (Allocation Failure)  1397249K->513K(4193792K), 0.0002936 secs]
1.708: [GC (Allocation Failure)  1397249K->513K(4193792K), 0.0002621 secs]
1.723: [GC (Allocation Failure)  1397249K->513K(4193792K), 0.0003022 secs]
1.738: [GC (Allocation Failure)  1397249K->513K(4193792K), 0.0003320 secs]
1.754: [GC (Allocation Failure)  1397249K->513K(4193792K), 0.0002383 secs]
1.769: [GC (Allocation Failure)  1397249K->513K(4193792K), 0.0002563 secs]
1.784: [GC (Allocation Failure)  1397249K->513K(4193792K), 0.0003117 secs]
1.799: [GC (Allocation Failure)  1397249K->513K(4193792K), 0.0003143 secs]
1.814: [GC (Allocation Failure)  1397249K->513K(4193792K), 0.0002948 secs]
1.829: [GC (Allocation Failure)  1397249K->513K(4193792K), 0.0003095 secs]
1.844: [GC (Allocation Failure)  1397249K->513K(4193792K), 0.0002765 secs]
1.860: [GC (Allocation Failure)  1397249K->513K(4193792K), 0.0002731 secs]
1.875: [GC (Allocation Failure)  1397249K->513K(4193792K), 0.0003100 secs]
1.890: [GC (Allocation Failure)  1397249K->513K(4193792K), 0.0002986 secs]
1.905: [GC (Allocation Failure)  1397249K->513K(4193792K), 0.0002270 secs]
1.920: [GC (Allocation Failure)  1397249K->513K(4193792K), 0.0002465 secs]
1.935: [GC (Allocation Failure)  1397249K->513K(4193792K), 0.0003028 secs]
1.949: [GC (Allocation Failure)  1397249K->513K(4193792K), 0.0002878 secs]
1.964: [GC (Allocation Failure)  1397249K->513K(4193792K), 0.0002568 secs]
1.979: [GC (Allocation Failure)  1397249K->513K(4193792K), 0.0002248 secs]
1.995: [GC (Allocation Failure)  1397249K->513K(4193792K), 0.0002703 secs]
2.010: [GC (Allocation Failure)  1397249K->513K(4193792K), 0.0003652 secs]
2.026: [GC (Allocation Failure)  1397249K->513K(4193792K), 0.0003015 secs]
2.041: [GC (Allocation Failure)  1397249K->513K(4193792K), 0.0003059 secs]
2.056: [GC (Allocation Failure)  1397249K->513K(4193792K), 0.0003123 secs]
2.071: [GC (Allocation Failure)  1397249K->513K(4193792K), 0.0003317 secs]
2.086: [GC (Allocation Failure)  1397249K->513K(4193792K), 0.0002560 secs]
2.101: [GC (Allocation Failure)  1397249K->513K(4193792K), 0.0002739 secs]
2.117: [GC (Allocation Failure)  1397249K->513K(4193792K), 0.0003115 secs]
2.133: [GC (Allocation Failure)  1397249K->513K(4193792K), 0.0002862 secs]
2.148: [GC (Allocation Failure)  1397249K->513K(4193792K), 0.0004488 secs]
2.163: [GC (Allocation Failure)  1397249K->513K(4193792K), 0.0003860 secs]
2.179: [GC (Allocation Failure)  1397249K->513K(4193792K), 0.0003205 secs]
2.194: [GC (Allocation Failure)  1397249K->513K(4193792K), 0.0003096 secs]
2.209: [GC (Allocation Failure)  1397249K->513K(4193792K), 0.0002696 secs]
2.224: [GC (Allocation Failure)  1397249K->513K(4193792K), 0.0003298 secs]
2.240: [GC (Allocation Failure)  1397249K->513K(4193792K), 0.0002949 secs]
2.256: [GC (Allocation Failure)  1397249K->513K(4193792K), 0.0002336 secs]
2.271: [GC (Allocation Failure)  1397249K->513K(4193792K), 0.0002819 secs]
2.287: [GC (Allocation Failure)  1397249K->513K(4193792K), 0.0003191 secs]
2.302: [GC (Allocation Failure)  1397249K->513K(4193792K), 0.0003683 secs]
2.318: [GC (Allocation Failure)  1397249K->513K(4193792K), 0.0004259 secs]
2.334: [GC (Allocation Failure)  1397249K->513K(4193792K), 0.0003588 secs]
2.349: [GC (Allocation Failure)  1397249K->513K(4193792K), 0.0002917 secs]
2.365: [GC (Allocation Failure)  1397249K->513K(4193792K), 0.0003105 secs]
2.380: [GC (Allocation Failure)  1397249K->513K(4193792K), 0.0003401 secs]
2.397: [GC (Allocation Failure)  1397249K->513K(4193792K), 0.0004022 secs]
2.412: [GC (Allocation Failure)  1397249K->513K(4193792K), 0.0003247 secs]
2.427: [GC (Allocation Failure)  1397249K->513K(4193792K), 0.0002888 secs]
2.442: [GC (Allocation Failure)  1397249K->513K(4193792K), 0.0003315 secs]
2.457: [GC (Allocation Failure)  1397249K->513K(4193792K), 0.0003534 secs]
2.472: [GC (Allocation Failure)  1397249K->513K(4193792K), 0.0002813 secs]
2.487: [GC (Allocation Failure)  1397249K->513K(4193792K), 0.0002476 secs]
2.501: [GC (Allocation Failure)  1397249K->513K(4193792K), 0.0002997 secs]
2.518: [GC (Allocation Failure)  1397249K->513K(4193792K), 0.0003003 secs]
2.533: [GC (Allocation Failure)  1397249K->513K(4193792K), 0.0002906 secs]
2.549: [GC (Allocation Failure)  1397249K->513K(4193792K), 0.0003684 secs]
2.564: [GC (Allocation Failure)  1397249K->513K(4193792K), 0.0006532 secs]
2.581: [GC (Allocation Failure)  1397249K->513K(4193792K), 0.0009190 secs]
2.601: [GC (Allocation Failure)  1397249K->513K(4193792K), 0.0005445 secs]
2.618: [GC (Allocation Failure)  1397249K->513K(4193792K), 0.0004335 secs]
2.634: [GC (Allocation Failure)  1397249K->513K(4193792K), 0.0003196 secs]
2.649: [GC (Allocation Failure)  1397249K->513K(4193792K), 0.0002755 secs]
2.664: [GC (Allocation Failure)  1397249K->513K(4193792K), 0.0002694 secs]
2.678: [GC (Allocation Failure)  1397249K->513K(4193792K), 0.0003376 secs]
2.693: [GC (Allocation Failure)  1397249K->513K(4193792K), 0.0002468 secs]
2.708: [GC (Allocation Failure)  1397249K->513K(4193792K), 0.0003179 secs]
2.723: [GC (Allocation Failure)  1397249K->513K(4193792K), 0.0003157 secs]
2.738: [GC (Allocation Failure)  1397249K->513K(4193792K), 0.0003722 secs]
2.753: [GC (Allocation Failure)  1397249K->513K(4193792K), 0.0002682 secs]
2.768: [GC (Allocation Failure)  1397249K->513K(4193792K), 0.0002631 secs]
2.784: [GC (Allocation Failure)  1397249K->513K(4193792K), 0.0002756 secs]
2.799: [GC (Allocation Failure)  1397249K->513K(4193792K), 0.0003348 secs]
2.814: [GC (Allocation Failure)  1397249K->513K(4193792K), 0.0002850 secs]
2.829: [GC (Allocation Failure)  1397249K->513K(4193792K), 0.0002966 secs]
2.844: [GC (Allocation Failure)  1397249K->513K(4193792K), 0.0003125 secs]
2.859: [GC (Allocation Failure)  1397249K->513K(4193792K), 0.0002779 secs]
2.874: [GC (Allocation Failure)  1397249K->513K(4193792K), 0.0003174 secs]
2.888: [GC (Allocation Failure)  1397249K->513K(4193792K), 0.0002958 secs]
2.903: [GC (Allocation Failure)  1397249K->513K(4193792K), 0.0002693 secs]
2.918: [GC (Allocation Failure)  1397249K->513K(4193792K), 0.0002679 secs]
2.934: [GC (Allocation Failure)  1397249K->513K(4193792K), 0.0002621 secs]
2.949: [GC (Allocation Failure)  1397249K->513K(4193792K), 0.0002704 secs]
2.964: [GC (Allocation Failure)  1397249K->513K(4193792K), 0.0009444 secs]
2.980: [GC (Allocation Failure)  1397249K->513K(4193792K), 0.0003031 secs]
3.018: [GC (Allocation Failure)  1397249K->513K(4193792K), 0.0003851 secs]
3.055: [GC (Allocation Failure)  1397249K->513K(4193792K), 0.0003248 secs]
3.092: [GC (Allocation Failure)  1396427K->513K(4193792K), 0.0003095 secs]
3.130: [GC (Allocation Failure)  1397249K->513K(4193792K), 0.0002701 secs]
3.168: [GC (Allocation Failure)  1397249K->513K(4193792K), 0.0002463 secs]
3.209: [GC (Allocation Failure)  1396012K->513K(4193792K), 0.0002648 secs]
3.246: [GC (Allocation Failure)  1397249K->513K(4193792K), 0.0002924 secs]
3.282: [GC (Allocation Failure)  1397249K->513K(4193792K), 0.0002786 secs]
3.320: [GC (Allocation Failure)  1396027K->513K(4193792K), 0.0003206 secs]
3.356: [GC (Allocation Failure)  1397249K->513K(4193792K), 0.0002843 secs]
3.392: [GC (Allocation Failure)  1397249K->513K(4193792K), 0.0003439 secs]
3.431: [GC (Allocation Failure)  1396008K->513K(4193792K), 0.0003260 secs]
3.470: [GC (Allocation Failure)  1397249K->513K(4193792K), 0.0003680 secs]
3.509: [GC (Allocation Failure)  1397249K->513K(4193792K), 0.0002716 secs]
3.546: [GC (Allocation Failure)  1396026K->513K(4193792K), 0.0002731 secs]
3.583: [GC (Allocation Failure)  1397249K->513K(4193792K), 0.0003018 secs]
3.620: [GC (Allocation Failure)  1397249K->513K(4193792K), 0.0003811 secs]
3.660: [GC (Allocation Failure)  1396007K->513K(4193792K), 0.0002868 secs]
3.699: [GC (Allocation Failure)  1397249K->513K(4193792K), 0.0002508 secs]
3.737: [GC (Allocation Failure)  1397249K->513K(4193792K), 0.0002995 secs]
3.774: [GC (Allocation Failure)  1396026K->513K(4193792K), 0.0003159 secs]
3.810: [GC (Allocation Failure)  1397249K->513K(4193792K), 0.0002812 secs]
3.847: [GC (Allocation Failure)  1397249K->513K(4193792K), 0.0005689 secs]
3.884: [GC (Allocation Failure)  1396007K->513K(4193792K), 0.0002545 secs]
3.923: [GC (Allocation Failure)  1397249K->513K(4193792K), 0.0002620 secs]
3.961: [GC (Allocation Failure)  1397249K->513K(4193792K), 0.0002940 secs]
4.001: [GC (Allocation Failure)  1396026K->513K(4193792K), 0.0002754 secs]
4.039: [GC (Allocation Failure)  1397249K->513K(4193792K), 0.0002608 secs]
4.075: [GC (Allocation Failure)  1397249K->513K(4193792K), 0.0003320 secs]
4.113: [GC (Allocation Failure)  1396007K->513K(4193792K), 0.0003423 secs]
4.152: [GC (Allocation Failure)  1397249K->513K(4193792K), 0.0002495 secs]
4.191: [GC (Allocation Failure)  1397249K->513K(4193792K), 0.0003670 secs]
4.229: [GC (Allocation Failure)  1396026K->513K(4193792K), 0.0003120 secs]
4.267: [GC (Allocation Failure)  1397249K->513K(4193792K), 0.0003145 secs]
4.303: [GC (Allocation Failure)  1397249K->513K(4193792K), 0.0003898 secs]
4.343: [GC (Allocation Failure)  1396007K->513K(4193792K), 0.0002677 secs]
4.383: [GC (Allocation Failure)  1397249K->513K(4193792K), 0.0024693 secs]
4.422: [GC (Allocation Failure)  1397249K->513K(4193792K), 0.0003114 secs]
4.457: [GC (Allocation Failure)  1396026K->513K(4193792K), 0.0002850 secs]
4.493: [GC (Allocation Failure)  1397249K->513K(4193792K), 0.0003457 secs]
4.531: [GC (Allocation Failure)  1397249K->513K(4193792K), 0.0002915 secs]
4.569: [GC (Allocation Failure)  1396007K->513K(4193792K), 0.0003160 secs]
4.607: [GC (Allocation Failure)  1397249K->513K(4193792K), 0.0002438 secs]
4.645: [GC (Allocation Failure)  1397249K->513K(4193792K), 0.0002412 secs]
4.682: [GC (Allocation Failure)  1396026K->513K(4193792K), 0.0002770 secs]
4.718: [GC (Allocation Failure)  1397249K->513K(4193792K), 0.0002695 secs]
4.754: [GC (Allocation Failure)  1397249K->513K(4193792K), 0.0003180 secs]
4.791: [GC (Allocation Failure)  1396007K->513K(4193792K), 0.0003228 secs]
4.831: [GC (Allocation Failure)  1397249K->513K(4193792K), 0.0003598 secs]
4.868: [GC (Allocation Failure)  1397249K->513K(4193792K), 0.0003028 secs]
4.907: [GC (Allocation Failure)  1396026K->513K(4193792K), 0.0003650 secs]
4.944: [GC (Allocation Failure)  1397249K->513K(4193792K), 0.0003233 secs]
4.980: [GC (Allocation Failure)  1397249K->513K(4193792K), 0.0002844 secs]
5.018: [GC (Allocation Failure)  1396007K->513K(4193792K), 0.0002641 secs]
5.056: [GC (Allocation Failure)  1397249K->513K(4193792K), 0.0002740 secs]
5.094: [GC (Allocation Failure)  1397249K->513K(4193792K), 0.0023567 secs]
5.134: [GC (Allocation Failure)  1396026K->513K(4193792K), 0.0003529 secs]
5.170: [GC (Allocation Failure)  1397249K->513K(4193792K), 0.0002665 secs]
5.207: [GC (Allocation Failure)  1397249K->513K(4193792K), 0.0034503 secs]
5.248: [GC (Allocation Failure)  1396007K->513K(4193792K), 0.0002631 secs]
5.287: [GC (Allocation Failure)  1397249K->513K(4193792K), 0.0003200 secs]
5.326: [GC (Allocation Failure)  1397249K->513K(4193792K), 0.0002663 secs]
5.363: [GC (Allocation Failure)  1396026K->513K(4193792K), 0.0003433 secs]
5.400: [GC (Allocation Failure)  1397249K->513K(4193792K), 0.0005398 secs]
5.436: [GC (Allocation Failure)  1397249K->513K(4193792K), 0.0003733 secs]
5.474: [GC (Allocation Failure)  1396007K->513K(4193792K), 0.0003025 secs]
5.513: [GC (Allocation Failure)  1397249K->513K(4193792K), 0.0002935 secs]
5.550: [GC (Allocation Failure)  1397249K->513K(4193792K), 0.0002848 secs]
5.587: [GC (Allocation Failure)  1396026K->513K(4193792K), 0.0002720 secs]
5.624: [GC (Allocation Failure)  1397249K->513K(4193792K), 0.0003033 secs]
5.660: [GC (Allocation Failure)  1397249K->513K(4193792K), 0.0003026 secs]
5.697: [GC (Allocation Failure)  1396007K->513K(4193792K), 0.0002715 secs]
5.735: [GC (Allocation Failure)  1397249K->513K(4193792K), 0.0101112 secs]
5.784: [GC (Allocation Failure)  1397249K->513K(4193792K), 0.0002815 secs]
5.824: [GC (Allocation Failure)  1396026K->513K(4193792K), 0.0002722 secs]
5.861: [GC (Allocation Failure)  1397249K->513K(4193792K), 0.0003744 secs]
5.897: [GC (Allocation Failure)  1397249K->513K(4193792K), 0.0002541 secs]
5.935: [GC (Allocation Failure)  1396007K->513K(4193792K), 0.0002770 secs]
5.972: [GC (Allocation Failure)  1397249K->513K(4193792K), 0.0002768 secs]
6.011: [GC (Allocation Failure)  1397249K->513K(4193792K), 0.0003196 secs]
6.048: [GC (Allocation Failure)  1396026K->513K(4193792K), 0.0002935 secs]
6.084: [GC (Allocation Failure)  1397249K->513K(4193792K), 0.0003067 secs]
6.122: [GC (Allocation Failure)  1397249K->513K(4193792K), 0.0002890 secs]
6.158: [GC (Allocation Failure)  1396007K->513K(4193792K), 0.0002518 secs]
6.195: [GC (Allocation Failure)  1397249K->513K(4193792K), 0.0003093 secs]
6.232: [GC (Allocation Failure)  1397249K->513K(4193792K), 0.0010849 secs]
6.272: [GC (Allocation Failure)  1396026K->513K(4193792K), 0.0002780 secs]
6.310: [GC (Allocation Failure)  1397249K->513K(4193792K), 0.0002365 secs]
6.347: [GC (Allocation Failure)  1397249K->513K(4193792K), 0.0002714 secs]
6.384: [GC (Allocation Failure)  1396007K->513K(4193792K), 0.0002970 secs]
6.421: [GC (Allocation Failure)  1397249K->513K(4193792K), 0.0003380 secs]
6.459: [GC (Allocation Failure)  1397249K->513K(4193792K), 0.0003338 secs]
6.499: [GC (Allocation Failure)  1396026K->513K(4193792K), 0.0012311 secs]
6.537: [GC (Allocation Failure)  1397249K->513K(4193792K), 0.0002574 secs]
6.573: [GC (Allocation Failure)  1397249K->513K(4193792K), 0.0002925 secs]
6.610: [GC (Allocation Failure)  1396007K->513K(4193792K), 0.0002860 secs]
6.649: [GC (Allocation Failure)  1397249K->513K(4193792K), 0.0002683 secs]
6.686: [GC (Allocation Failure)  1397249K->513K(4193792K), 0.0002784 secs]
6.724: [GC (Allocation Failure)  1396026K->513K(4193792K), 0.0002415 secs]
6.761: [GC (Allocation Failure)  1397249K->513K(4193792K), 0.0003056 secs]
6.796: [GC (Allocation Failure)  1397249K->513K(4193792K), 0.0003080 secs]
6.833: [GC (Allocation Failure)  1396007K->513K(4193792K), 0.0012065 secs]
6.871: [GC (Allocation Failure)  1397249K->513K(4193792K), 0.0003526 secs]
6.910: [GC (Allocation Failure)  1397249K->513K(4193792K), 0.0002940 secs]
6.947: [GC (Allocation Failure)  1396026K->513K(4193792K), 0.0002945 secs]
6.983: [GC (Allocation Failure)  1397249K->513K(4193792K), 0.0003390 secs]
7.021: [GC (Allocation Failure)  1397249K->513K(4193792K), 0.0004197 secs]
7.059: [GC (Allocation Failure)  1396007K->513K(4193792K), 0.0002486 secs]
7.098: [GC (Allocation Failure)  1397249K->513K(4193792K), 0.0002696 secs]
7.136: [GC (Allocation Failure)  1397249K->513K(4193792K), 0.0003223 secs]
7.173: [GC (Allocation Failure)  1396026K->513K(4193792K), 0.0002781 secs]
7.210: [GC (Allocation Failure)  1397249K->513K(4193792K), 0.0003010 secs]
7.247: [GC (Allocation Failure)  1397249K->513K(4193792K), 0.0003447 secs]
7.286: [GC (Allocation Failure)  1396007K->513K(4193792K), 0.0002890 secs]
7.324: [GC (Allocation Failure)  1397249K->513K(4193792K), 0.0002956 secs]
7.360: [GC (Allocation Failure)  1397249K->513K(4193792K), 0.0003388 secs]
7.397: [GC (Allocation Failure)  1396026K->513K(4193792K), 0.0003059 secs]
7.433: [GC (Allocation Failure)  1397249K->513K(4193792K), 0.0006720 secs]
7.470: [GC (Allocation Failure)  1397249K->513K(4193792K), 0.0002768 secs]
7.507: [GC (Allocation Failure)  1396007K->513K(4193792K), 0.0002973 secs]
7.544: [GC (Allocation Failure)  1397249K->513K(4193792K), 0.0002650 secs]
7.584: [GC (Allocation Failure)  1397249K->513K(4193792K), 0.0003071 secs]
7.623: [GC (Allocation Failure)  1396026K->513K(4193792K), 0.0003255 secs]
7.660: [GC (Allocation Failure)  1397249K->513K(4193792K), 0.0003548 secs]
7.697: [GC (Allocation Failure)  1397249K->513K(4193792K), 0.0003412 secs]
7.737: [GC (Allocation Failure)  1396007K->513K(4193792K), 0.0002741 secs]
7.776: [GC (Allocation Failure)  1397249K->513K(4193792K), 0.0002858 secs]
7.813: [GC (Allocation Failure)  1397249K->513K(4193792K), 0.0003023 secs]
7.850: [GC (Allocation Failure)  1396026K->513K(4193792K), 0.0003110 secs]
7.887: [GC (Allocation Failure)  1397249K->513K(4193792K), 0.0002851 secs]
7.924: [GC (Allocation Failure)  1397249K->513K(4193792K), 0.0002934 secs]
7.965: [GC (Allocation Failure)  1396007K->513K(4193792K), 0.0003105 secs]
8.005: [GC (Allocation Failure)  1397249K->513K(4193792K), 0.0007108 secs]
8.045: [GC (Allocation Failure)  1397249K->513K(4193792K), 0.0003087 secs]
8.083: [GC (Allocation Failure)  1396026K->513K(4193792K), 0.0003205 secs]
8.122: [GC (Allocation Failure)  1397249K->513K(4193792K), 0.0030543 secs]
8.142: [GC (Allocation Failure)  1397249K->513K(4193792K), 0.0003079 secs]
8.157: [GC (Allocation Failure)  1397249K->513K(4193792K), 0.0002949 secs]
8.173: [GC (Allocation Failure)  1397249K->513K(4193792K), 0.0008124 secs]
8.188: [GC (Allocation Failure)  1397249K->513K(4193792K), 0.0003651 secs]
8.204: [GC (Allocation Failure)  1397249K->513K(4193792K), 0.0010758 secs]
8.220: [GC (Allocation Failure)  1397249K->513K(4193792K), 0.0003319 secs]
8.236: [GC (Allocation Failure)  1397249K->513K(4193792K), 0.0003340 secs]
8.251: [GC (Allocation Failure)  1397249K->513K(4193792K), 0.0003113 secs]
8.265: [GC (Allocation Failure)  1397249K->513K(4193792K), 0.0002733 secs]
8.280: [GC (Allocation Failure)  1397249K->513K(4193792K), 0.0003760 secs]
8.295: [GC (Allocation Failure)  1397249K->513K(4193792K), 0.0003313 secs]
8.310: [GC (Allocation Failure)  1397249K->513K(4193792K), 0.0003143 secs]
8.326: [GC (Allocation Failure)  1397249K->513K(4193792K), 0.0007055 secs]
8.343: [GC (Allocation Failure)  1397249K->513K(4193792K), 0.0006868 secs]
8.363: [GC (Allocation Failure)  1397249K->513K(4193792K), 0.0008696 secs]
8.378: [GC (Allocation Failure)  1397249K->513K(4193792K), 0.0004961 secs]
8.393: [GC (Allocation Failure)  1397249K->513K(4193792K), 0.0003384 secs]
8.408: [GC (Allocation Failure)  1397249K->513K(4193792K), 0.0004144 secs]
8.424: [GC (Allocation Failure)  1397249K->513K(4193792K), 0.0003066 secs]
8.438: [GC (Allocation Failure)  1397249K->513K(4193792K), 0.0002474 secs]
8.454: [GC (Allocation Failure)  1397249K->513K(4193792K), 0.0002689 secs]
8.469: [GC (Allocation Failure)  1397249K->513K(4193792K), 0.0003112 secs]
8.484: [GC (Allocation Failure)  1397249K->513K(4193792K), 0.0003123 secs]
8.499: [GC (Allocation Failure)  1397249K->513K(4193792K), 0.0003011 secs]
8.515: [GC (Allocation Failure)  1397249K->513K(4193792K), 0.0002627 secs]
8.530: [GC (Allocation Failure)  1397249K->513K(4193792K), 0.0002809 secs]
8.544: [GC (Allocation Failure)  1397249K->513K(4193792K), 0.0002879 secs]
8.558: [GC (Allocation Failure)  1397249K->513K(4193792K), 0.0003198 secs]
8.573: [GC (Allocation Failure)  1397249K->513K(4193792K), 0.0002703 secs]
8.587: [GC (Allocation Failure)  1397249K->513K(4193792K), 0.0002438 secs]
8.601: [GC (Allocation Failure)  1397249K->513K(4193792K), 0.0002722 secs]
8.616: [GC (Allocation Failure)  1397249K->513K(4193792K), 0.0003865 secs]
8.631: [GC (Allocation Failure)  1397249K->513K(4193792K), 0.0002866 secs]
8.647: [GC (Allocation Failure)  1397249K->513K(4193792K), 0.0003142 secs]
8.662: [GC (Allocation Failure)  1397249K->513K(4193792K), 0.0002594 secs]
8.678: [GC (Allocation Failure)  1397249K->513K(4193792K), 0.0003081 secs]
8.693: [GC (Allocation Failure)  1397249K->513K(4193792K), 0.0002984 secs]
8.708: [GC (Allocation Failure)  1397249K->513K(4193792K), 0.0002415 secs]
8.723: [GC (Allocation Failure)  1397249K->513K(4193792K), 0.0002585 secs]
8.737: [GC (Allocation Failure)  1397249K->513K(4193792K), 0.0002997 secs]
8.751: [GC (Allocation Failure)  1397249K->513K(4193792K), 0.0002539 secs]
8.765: [GC (Allocation Failure)  1397249K->513K(4193792K), 0.0002398 secs]
8.779: [GC (Allocation Failure)  1397249K->513K(4193792K), 0.0002614 secs]
8.794: [GC (Allocation Failure)  1397249K->513K(4193792K), 0.0003767 secs]
8.810: [GC (Allocation Failure)  1397249K->513K(4193792K), 0.0002919 secs]
8.825: [GC (Allocation Failure)  1397249K->513K(4193792K), 0.0002558 secs]
8.841: [GC (Allocation Failure)  1397249K->513K(4193792K), 0.0002695 secs]
8.856: [GC (Allocation Failure)  1397249K->513K(4193792K), 0.0006507 secs]
8.871: [GC (Allocation Failure)  1397249K->513K(4193792K), 0.0003466 secs]
8.887: [GC (Allocation Failure)  1397249K->513K(4193792K), 0.0002978 secs]
8.903: [GC (Allocation Failure)  1397249K->513K(4193792K), 0.0003149 secs]
8.918: [GC (Allocation Failure)  1397249K->513K(4193792K), 0.0002313 secs]
8.933: [GC (Allocation Failure)  1397249K->513K(4193792K), 0.0002233 secs]
8.948: [GC (Allocation Failure)  1397249K->513K(4193792K), 0.0002638 secs]
8.963: [GC (Allocation Failure)  1397249K->513K(4193792K), 0.0002243 secs]
8.977: [GC (Allocation Failure)  1397249K->513K(4193792K), 0.0005523 secs]
8.993: [GC (Allocation Failure)  1397249K->513K(4193792K), 0.0002950 secs]
9.008: [GC (Allocation Failure)  1397249K->513K(4193792K), 0.0002593 secs]
9.023: [GC (Allocation Failure)  1397249K->513K(4193792K), 0.0003337 secs]
9.038: [GC (Allocation Failure)  1397249K->513K(4193792K), 0.0002855 secs]
9.054: [GC (Allocation Failure)  1397249K->513K(4193792K), 0.0002374 secs]
9.069: [GC (Allocation Failure)  1397249K->513K(4193792K), 0.0003233 secs]
9.085: [GC (Allocation Failure)  1397249K->513K(4193792K), 0.0003351 secs]
9.101: [GC (Allocation Failure)  1397249K->513K(4193792K), 0.0003648 secs]
9.117: [GC (Allocation Failure)  1397249K->513K(4193792K), 0.0002580 secs]
9.132: [GC (Allocation Failure)  1397249K->513K(4193792K), 0.0002319 secs]
9.147: [GC (Allocation Failure)  1397249K->513K(4193792K), 0.0002831 secs]
9.161: [GC (Allocation Failure)  1397249K->513K(4193792K), 0.0002664 secs]
9.176: [GC (Allocation Failure)  1397249K->513K(4193792K), 0.0002745 secs]
9.191: [GC (Allocation Failure)  1397249K->513K(4193792K), 0.0002380 secs]
9.207: [GC (Allocation Failure)  1397249K->513K(4193792K), 0.0003865 secs]
9.222: [GC (Allocation Failure)  1397249K->513K(4193792K), 0.0008265 secs]
9.238: [GC (Allocation Failure)  1397249K->513K(4193792K), 0.0002738 secs]
9.253: [GC (Allocation Failure)  1397249K->513K(4193792K), 0.0002523 secs]
9.269: [GC (Allocation Failure)  1397249K->513K(4193792K), 0.0011205 secs]
9.285: [GC (Allocation Failure)  1397249K->513K(4193792K), 0.0002595 secs]
9.300: [GC (Allocation Failure)  1397249K->513K(4193792K), 0.0002929 secs]
9.316: [GC (Allocation Failure)  1397249K->513K(4193792K), 0.0002376 secs]
9.331: [GC (Allocation Failure)  1397249K->513K(4193792K), 0.0002247 secs]
9.346: [GC (Allocation Failure)  1397249K->513K(4193792K), 0.0002584 secs]
9.360: [GC (Allocation Failure)  1397249K->513K(4193792K), 0.0002255 secs]
9.375: [GC (Allocation Failure)  1397249K->513K(4193792K), 0.0002565 secs]
9.390: [GC (Allocation Failure)  1397249K->513K(4193792K), 0.0003228 secs]
9.405: [GC (Allocation Failure)  1397249K->513K(4193792K), 0.0002649 secs]
9.421: [GC (Allocation Failure)  1397249K->513K(4193792K), 0.0002712 secs]
9.436: [GC (Allocation Failure)  1397249K->513K(4193792K), 0.0002911 secs]
9.452: [GC (Allocation Failure)  1397249K->513K(4193792K), 0.0002120 secs]
9.467: [GC (Allocation Failure)  1397249K->513K(4193792K), 0.0002521 secs]
9.482: [GC (Allocation Failure)  1397249K->513K(4193792K), 0.0002188 secs]
9.498: [GC (Allocation Failure)  1397249K->513K(4193792K), 0.0004323 secs]
9.514: [GC (Allocation Failure)  1397249K->513K(4193792K), 0.0006023 secs]
9.529: [GC (Allocation Failure)  1397249K->513K(4193792K), 0.0005124 secs]
9.544: [GC (Allocation Failure)  1397249K->513K(4193792K), 0.0002237 secs]
9.559: [GC (Allocation Failure)  1397249K->513K(4193792K), 0.0002691 secs]
9.574: [GC (Allocation Failure)  1397249K->513K(4193792K), 0.0002844 secs]
9.589: [GC (Allocation Failure)  1397249K->513K(4193792K), 0.0002569 secs]
9.604: [GC (Allocation Failure)  1397249K->513K(4193792K), 0.0002547 secs]
9.619: [GC (Allocation Failure)  1397249K->513K(4193792K), 0.0002675 secs]
9.634: [GC (Allocation Failure)  1397249K->513K(4193792K), 0.0002851 secs]
9.650: [GC (Allocation Failure)  1397249K->513K(4193792K), 0.0003153 secs]
9.665: [GC (Allocation Failure)  1397249K->513K(4193792K), 0.0002972 secs]
9.682: [GC (Allocation Failure)  1397249K->513K(4193792K), 0.0002321 secs]
9.697: [GC (Allocation Failure)  1397249K->513K(4193792K), 0.0003504 secs]
9.713: [GC (Allocation Failure)  1397249K->513K(4193792K), 0.0005815 secs]
9.731: [GC (Allocation Failure)  1397249K->513K(4193792K), 0.0002723 secs]
9.746: [GC (Allocation Failure)  1397249K->513K(4193792K), 0.0002590 secs]
9.760: [GC (Allocation Failure)  1397249K->513K(4193792K), 0.0002564 secs]
9.775: [GC (Allocation Failure)  1397249K->513K(4193792K), 0.0002557 secs]
9.790: [GC (Allocation Failure)  1397249K->513K(4193792K), 0.0002523 secs]
9.805: [GC (Allocation Failure)  1397249K->513K(4193792K), 0.0003118 secs]
9.821: [GC (Allocation Failure)  1397249K->513K(4193792K), 0.0002878 secs]
9.836: [GC (Allocation Failure)  1397249K->513K(4193792K), 0.0006837 secs]
9.852: [GC (Allocation Failure)  1397249K->513K(4193792K), 0.0003857 secs]
9.868: [GC (Allocation Failure)  1397249K->513K(4193792K), 0.0002533 secs]
9.883: [GC (Allocation Failure)  1397249K->513K(4193792K), 0.0002396 secs]
9.899: [GC (Allocation Failure)  1397249K->513K(4193792K), 0.0003507 secs]
9.915: [GC (Allocation Failure)  1397249K->513K(4193792K), 0.0002624 secs]
9.930: [GC (Allocation Failure)  1397249K->513K(4193792K), 0.0002426 secs]
9.944: [GC (Allocation Failure)  1397249K->513K(4193792K), 0.0002613 secs]
9.959: [GC (Allocation Failure)  1397249K->513K(4193792K), 0.0002517 secs]
9.974: [GC (Allocation Failure)  1397249K->513K(4193792K), 0.0003543 secs]
9.989: [GC (Allocation Failure)  1397249K->513K(4193792K), 0.0002489 secs]
10.005: [GC (Allocation Failure)  1397249K->513K(4193792K), 0.0003302 secs]
10.019: [GC (Allocation Failure)  1397249K->513K(4193792K), 0.0003277 secs]
10.037: [GC (Allocation Failure)  1397249K->513K(4193792K), 0.0002912 secs]
10.052: [GC (Allocation Failure)  1397249K->513K(4193792K), 0.0002683 secs]
10.068: [GC (Allocation Failure)  1397249K->513K(4193792K), 0.0002673 secs]
10.083: [GC (Allocation Failure)  1397249K->513K(4193792K), 0.0003684 secs]
10.098: [GC (Allocation Failure)  1397249K->513K(4193792K), 0.0002883 secs]
10.115: [GC (Allocation Failure)  1397249K->513K(4193792K), 0.0002761 secs]
10.130: [GC (Allocation Failure)  1397249K->513K(4193792K), 0.0002190 secs]
10.144: [GC (Allocation Failure)  1397249K->513K(4193792K), 0.0002507 secs]
10.159: [GC (Allocation Failure)  1397249K->513K(4193792K), 0.0002010 secs]
10.174: [GC (Allocation Failure)  1397249K->513K(4193792K), 0.0002967 secs]
10.189: [GC (Allocation Failure)  1397249K->513K(4193792K), 0.0003163 secs]
10.204: [GC (Allocation Failure)  1397249K->513K(4193792K), 0.0003257 secs]
10.220: [GC (Allocation Failure)  1397249K->513K(4193792K), 0.0003035 secs]
10.235: [GC (Allocation Failure)  1397249K->513K(4193792K), 0.0002784 secs]
10.251: [GC (Allocation Failure)  1397249K->513K(4193792K), 0.0004521 secs]
10.266: [GC (Allocation Failure)  1397249K->513K(4193792K), 0.0002538 secs]
10.282: [GC (Allocation Failure)  1397249K->513K(4193792K), 0.0002716 secs]
10.297: [GC (Allocation Failure)  1397249K->513K(4193792K), 0.0002781 secs]
10.313: [GC (Allocation Failure)  1397249K->513K(4193792K), 0.0003376 secs]
10.329: [GC (Allocation Failure)  1397249K->513K(4193792K), 0.0002364 secs]
10.343: [GC (Allocation Failure)  1397249K->513K(4193792K), 0.0002365 secs]
10.358: [GC (Allocation Failure)  1397249K->513K(4193792K), 0.0002730 secs]
10.373: [GC (Allocation Failure)  1397249K->513K(4193792K), 0.0003663 secs]
10.388: [GC (Allocation Failure)  1397249K->513K(4193792K), 0.0002614 secs]
10.404: [GC (Allocation Failure)  1397249K->513K(4193792K), 0.0002842 secs]
10.418: [GC (Allocation Failure)  1397249K->513K(4193792K), 0.0003604 secs]
10.435: [GC (Allocation Failure)  1397249K->513K(4193792K), 0.0003045 secs]
10.450: [GC (Allocation Failure)  1397249K->513K(4193792K), 0.0002630 secs]
10.465: [GC (Allocation Failure)  1397249K->513K(4193792K), 0.0002754 secs]
10.481: [GC (Allocation Failure)  1397249K->513K(4193792K), 0.0016025 secs]
10.497: [GC (Allocation Failure)  1397249K->513K(4193792K), 0.0002501 secs]
10.513: [GC (Allocation Failure)  1397249K->513K(4193792K), 0.0005385 secs]
10.529: [GC (Allocation Failure)  1397249K->513K(4193792K), 0.0002601 secs]
10.544: [GC (Allocation Failure)  1397249K->513K(4193792K), 0.0002936 secs]
10.559: [GC (Allocation Failure)  1397249K->513K(4193792K), 0.0002943 secs]
10.573: [GC (Allocation Failure)  1397249K->513K(4193792K), 0.0002871 secs]
10.588: [GC (Allocation Failure)  1397249K->513K(4193792K), 0.0002655 secs]
10.603: [GC (Allocation Failure)  1397249K->513K(4193792K), 0.0002627 secs]
10.618: [GC (Allocation Failure)  1397249K->513K(4193792K), 0.0002918 secs]
10.634: [GC (Allocation Failure)  1397249K->513K(4193792K), 0.0002778 secs]
10.649: [GC (Allocation Failure)  1397249K->513K(4193792K), 0.0002123 secs]
10.664: [GC (Allocation Failure)  1397249K->513K(4193792K), 0.0004130 secs]
10.679: [GC (Allocation Failure)  1397249K->513K(4193792K), 0.0003150 secs]
10.695: [GC (Allocation Failure)  1397249K->513K(4193792K), 0.0003191 secs]
10.711: [GC (Allocation Failure)  1397249K->513K(4193792K), 0.0002958 secs]
10.726: [GC (Allocation Failure)  1397249K->513K(4193792K), 0.0002860 secs]
10.741: [GC (Allocation Failure)  1397249K->513K(4193792K), 0.0002493 secs]
10.756: [GC (Allocation Failure)  1397249K->513K(4193792K), 0.0002997 secs]
10.771: [GC (Allocation Failure)  1397249K->513K(4193792K), 0.0002847 secs]
10.786: [GC (Allocation Failure)  1397249K->513K(4193792K), 0.0002580 secs]
10.801: [GC (Allocation Failure)  1397249K->513K(4193792K), 0.0002254 secs]
10.816: [GC (Allocation Failure)  1397249K->513K(4193792K), 0.0002287 secs]
10.831: [GC (Allocation Failure)  1397249K->513K(4193792K), 0.0002418 secs]
10.846: [GC (Allocation Failure)  1397249K->513K(4193792K), 0.0003066 secs]
10.861: [GC (Allocation Failure)  1397249K->513K(4193792K), 0.0002269 secs]
10.876: [GC (Allocation Failure)  1397249K->513K(4193792K), 0.0002609 secs]
10.891: [GC (Allocation Failure)  1397249K->513K(4193792K), 0.0002734 secs]
10.907: [GC (Allocation Failure)  1397249K->513K(4193792K), 0.0008077 secs]
10.926: [GC (Allocation Failure)  1397249K->513K(4193792K), 0.0002638 secs]
10.941: [GC (Allocation Failure)  1397249K->513K(4193792K), 0.0002652 secs]
10.957: [GC (Allocation Failure)  1397249K->513K(4193792K), 0.0004912 secs]
10.972: [GC (Allocation Failure)  1397249K->513K(4193792K), 0.0002850 secs]
10.988: [GC (Allocation Failure)  1397249K->513K(4193792K), 0.0003555 secs]
11.004: [GC (Allocation Failure)  1397249K->513K(4193792K), 0.0003743 secs]
11.019: [GC (Allocation Failure)  1397249K->513K(4193792K), 0.0002311 secs]
11.035: [GC (Allocation Failure)  1397249K->513K(4193792K), 0.0007379 secs]
11.050: [GC (Allocation Failure)  1397249K->513K(4193792K), 0.0002723 secs]
11.065: [GC (Allocation Failure)  1397249K->513K(4193792K), 0.0002756 secs]
11.080: [GC (Allocation Failure)  1397249K->513K(4193792K), 0.0002473 secs]
11.095: [GC (Allocation Failure)  1397249K->513K(4193792K), 0.0003234 secs]
11.110: [GC (Allocation Failure)  1397249K->513K(4193792K), 0.0002646 secs]
11.125: [GC (Allocation Failure)  1397249K->513K(4193792K), 0.0002513 secs]
11.140: [GC (Allocation Failure)  1397249K->513K(4193792K), 0.0002567 secs]
11.155: [GC (Allocation Failure)  1397249K->513K(4193792K), 0.0003103 secs]
11.170: [GC (Allocation Failure)  1397249K->513K(4193792K), 0.0002434 secs]
11.188: [GC (Allocation Failure)  1397249K->513K(4193792K), 0.0002958 secs]
11.203: [GC (Allocation Failure)  1397249K->513K(4193792K), 0.0002610 secs]
11.219: [GC (Allocation Failure)  1397249K->513K(4193792K), 0.0002100 secs]
11.234: [GC (Allocation Failure)  1397249K->513K(4193792K), 0.0002621 secs]
11.249: [GC (Allocation Failure)  1397249K->513K(4193792K), 0.0002540 secs]
11.264: [GC (Allocation Failure)  1397249K->513K(4193792K), 0.0003030 secs]
11.279: [GC (Allocation Failure)  1397249K->513K(4193792K), 0.0002991 secs]
11.294: [GC (Allocation Failure)  1397249K->513K(4193792K), 0.0002671 secs]
11.309: [GC (Allocation Failure)  1397249K->513K(4193792K), 0.0002786 secs]
11.324: [GC (Allocation Failure)  1397249K->513K(4193792K), 0.0002966 secs]
11.340: [GC (Allocation Failure)  1397249K->513K(4193792K), 0.0005580 secs]
11.356: [GC (Allocation Failure)  1397249K->513K(4193792K), 0.0002632 secs]
11.371: [GC (Allocation Failure)  1397249K->513K(4193792K), 0.0003502 secs]
11.386: [GC (Allocation Failure)  1397249K->513K(4193792K), 0.0003083 secs]
11.402: [GC (Allocation Failure)  1397249K->513K(4193792K), 0.0002447 secs]
11.417: [GC (Allocation Failure)  1397249K->513K(4193792K), 0.0003034 secs]
11.433: [GC (Allocation Failure)  1397249K->513K(4193792K), 0.0002680 secs]
11.448: [GC (Allocation Failure)  1397249K->513K(4193792K), 0.0003289 secs]
11.463: [GC (Allocation Failure)  1397249K->513K(4193792K), 0.0002529 secs]
11.478: [GC (Allocation Failure)  1397249K->513K(4193792K), 0.0002923 secs]
11.493: [GC (Allocation Failure)  1397249K->513K(4193792K), 0.0002922 secs]
11.508: [GC (Allocation Failure)  1397249K->513K(4193792K), 0.0003776 secs]
11.523: [GC (Allocation Failure)  1397249K->513K(4193792K), 0.0002803 secs]
11.539: [GC (Allocation Failure)  1397249K->513K(4193792K), 0.0003189 secs]
11.554: [GC (Allocation Failure)  1397249K->513K(4193792K), 0.0002902 secs]
11.570: [GC (Allocation Failure)  1397249K->513K(4193792K), 0.0003001 secs]
11.586: [GC (Allocation Failure)  1397249K->513K(4193792K), 0.0002480 secs]
11.601: [GC (Allocation Failure)  1397249K->513K(4193792K), 0.0011111 secs]
11.618: [GC (Allocation Failure)  1397249K->513K(4193792K), 0.0007553 secs]
11.634: [GC (Allocation Failure)  1397249K->513K(4193792K), 0.0002634 secs]
11.649: [GC (Allocation Failure)  1397249K->513K(4193792K), 0.0002708 secs]
11.664: [GC (Allocation Failure)  1397249K->513K(4193792K), 0.0002632 secs]
11.679: [GC (Allocation Failure)  1397249K->513K(4193792K), 0.0003136 secs]
11.694: [GC (Allocation Failure)  1397249K->513K(4193792K), 0.0002898 secs]
11.710: [GC (Allocation Failure)  1397249K->513K(4193792K), 0.0003104 secs]
11.726: [GC (Allocation Failure)  1397249K->513K(4193792K), 0.0003184 secs]
11.740: [GC (Allocation Failure)  1397249K->513K(4193792K), 0.0003068 secs]
11.756: [GC (Allocation Failure)  1397249K->513K(4193792K), 0.0003463 secs]
11.771: [GC (Allocation Failure)  1397249K->513K(4193792K), 0.0002671 secs]
11.787: [GC (Allocation Failure)  1397249K->513K(4193792K), 0.0002840 secs]
11.802: [GC (Allocation Failure)  1397249K->513K(4193792K), 0.0003253 secs]
11.818: [GC (Allocation Failure)  1397249K->513K(4193792K), 0.0025542 secs]
11.836: [GC (Allocation Failure)  1397249K->513K(4193792K), 0.0003240 secs]
11.850: [GC (Allocation Failure)  1397249K->513K(4193792K), 0.0002645 secs]
11.864: [GC (Allocation Failure)  1397249K->513K(4193792K), 0.0002481 secs]
11.879: [GC (Allocation Failure)  1397249K->513K(4193792K), 0.0003026 secs]
11.893: [GC (Allocation Failure)  1397249K->513K(4193792K), 0.0003018 secs]
11.908: [GC (Allocation Failure)  1397249K->513K(4193792K), 0.0003353 secs]
11.926: [GC (Allocation Failure)  1397249K->513K(4193792K), 0.0006146 secs]
11.943: [GC (Allocation Failure)  1397249K->513K(4193792K), 0.0008684 secs]
11.961: [GC (Allocation Failure)  1397249K->513K(4193792K), 0.0008530 secs]
11.978: [GC (Allocation Failure)  1397249K->513K(4193792K), 0.0005506 secs]
11.994: [GC (Allocation Failure)  1397249K->513K(4193792K), 0.0004129 secs]
12.009: [GC (Allocation Failure)  1397249K->513K(4193792K), 0.0003471 secs]
12.025: [GC (Allocation Failure)  1397249K->513K(4193792K), 0.0004088 secs]
12.040: [GC (Allocation Failure)  1397249K->513K(4193792K), 0.0002721 secs]
12.055: [GC (Allocation Failure)  1397249K->513K(4193792K), 0.0003178 secs]
12.071: [GC (Allocation Failure)  1397249K->513K(4193792K), 0.0002960 secs]
12.086: [GC (Allocation Failure)  1397249K->513K(4193792K), 0.0003206 secs]
12.100: [GC (Allocation Failure)  1397249K->513K(4193792K), 0.0002972 secs]
12.115: [GC (Allocation Failure)  1397249K->513K(4193792K), 0.0002634 secs]
12.130: [GC (Allocation Failure)  1397249K->513K(4193792K), 0.0007850 secs]
12.146: [GC (Allocation Failure)  1397249K->513K(4193792K), 0.0004456 secs]
12.162: [GC (Allocation Failure)  1397249K->513K(4193792K), 0.0003206 secs]
12.177: [GC (Allocation Failure)  1397249K->513K(4193792K), 0.0005190 secs]
12.193: [GC (Allocation Failure)  1397249K->513K(4193792K), 0.0003004 secs]
12.208: [GC (Allocation Failure)  1397249K->513K(4193792K), 0.0003108 secs]
12.223: [GC (Allocation Failure)  1397249K->513K(4193792K), 0.0003120 secs]
12.237: [GC (Allocation Failure)  1397249K->513K(4193792K), 0.0002915 secs]
12.252: [GC (Allocation Failure)  1397249K->513K(4193792K), 0.0002774 secs]
12.266: [GC (Allocation Failure)  1397249K->513K(4193792K), 0.0002972 secs]
12.281: [GC (Allocation Failure)  1397249K->513K(4193792K), 0.0003195 secs]
12.296: [GC (Allocation Failure)  1397249K->513K(4193792K), 0.0006238 secs]
12.311: [GC (Allocation Failure)  1397249K->513K(4193792K), 0.0003110 secs]
12.327: [GC (Allocation Failure)  1397249K->513K(4193792K), 0.0002914 secs]
12.342: [GC (Allocation Failure)  1397249K->513K(4193792K), 0.0002625 secs]
12.357: [GC (Allocation Failure)  1397249K->513K(4193792K), 0.0003414 secs]
12.372: [GC (Allocation Failure)  1397249K->513K(4193792K), 0.0002400 secs]
12.388: [GC (Allocation Failure)  1397249K->513K(4193792K), 0.0002791 secs]
12.403: [GC (Allocation Failure)  1397249K->513K(4193792K), 0.0003977 secs]
12.419: [GC (Allocation Failure)  1397249K->513K(4193792K), 0.0002540 secs]
12.434: [GC (Allocation Failure)  1397249K->513K(4193792K), 0.0002301 secs]
12.449: [GC (Allocation Failure)  1397249K->513K(4193792K), 0.0002483 secs]
12.464: [GC (Allocation Failure)  1397249K->513K(4193792K), 0.0002533 secs]
12.478: [GC (Allocation Failure)  1397249K->513K(4193792K), 0.0002709 secs]
12.493: [GC (Allocation Failure)  1397249K->513K(4193792K), 0.0002418 secs]
12.509: [GC (Allocation Failure)  1397249K->513K(4193792K), 0.0002508 secs]
12.524: [GC (Allocation Failure)  1397249K->513K(4193792K), 0.0002738 secs]
12.540: [GC (Allocation Failure)  1397249K->513K(4193792K), 0.0002476 secs]
12.555: [GC (Allocation Failure)  1397249K->513K(4193792K), 0.0003099 secs]
12.571: [GC (Allocation Failure)  1397249K->513K(4193792K), 0.0002521 secs]
12.586: [GC (Allocation Failure)  1397249K->513K(4193792K), 0.0002903 secs]
12.601: [GC (Allocation Failure)  1397249K->513K(4193792K), 0.0004249 secs]
12.617: [GC (Allocation Failure)  1397249K->513K(4193792K), 0.0002751 secs]
12.632: [GC (Allocation Failure)  1397249K->513K(4193792K), 0.0002564 secs]
12.647: [GC (Allocation Failure)  1397249K->513K(4193792K), 0.0002898 secs]
12.662: [GC (Allocation Failure)  1397249K->513K(4193792K), 0.0002664 secs]
12.677: [GC (Allocation Failure)  1397249K->513K(4193792K), 0.0002455 secs]
12.691: [GC (Allocation Failure)  1397249K->513K(4193792K), 0.0002748 secs]
12.706: [GC (Allocation Failure)  1397249K->513K(4193792K), 0.0002457 secs]
12.722: [GC (Allocation Failure)  1397249K->513K(4193792K), 0.0002893 secs]
12.736: [GC (Allocation Failure)  1397249K->513K(4193792K), 0.0002334 secs]
12.751: [GC (Allocation Failure)  1397249K->513K(4193792K), 0.0002630 secs]
12.766: [GC (Allocation Failure)  1397249K->513K(4193792K), 0.0002755 secs]
12.781: [GC (Allocation Failure)  1397249K->513K(4193792K), 0.0003158 secs]
12.796: [GC (Allocation Failure)  1397249K->513K(4193792K), 0.0002804 secs]
12.810: [GC (Allocation Failure)  1397249K->513K(4193792K), 0.0003710 secs]
12.827: [GC (Allocation Failure)  1397249K->513K(4193792K), 0.0002795 secs]
12.843: [GC (Allocation Failure)  1397249K->513K(4193792K), 0.0002612 secs]
12.858: [GC (Allocation Failure)  1397249K->513K(4193792K), 0.0002414 secs]
12.874: [GC (Allocation Failure)  1397249K->513K(4193792K), 0.0002326 secs]
12.889: [GC (Allocation Failure)  1397249K->513K(4193792K), 0.0002750 secs]
12.905: [GC (Allocation Failure)  1397249K->513K(4193792K), 0.0006744 secs]
12.920: [GC (Allocation Failure)  1397249K->513K(4193792K), 0.0002831 secs]
12.935: [GC (Allocation Failure)  1397249K->513K(4193792K), 0.0003954 secs]
12.950: [GC (Allocation Failure)  1397249K->513K(4193792K), 0.0002420 secs]
12.965: [GC (Allocation Failure)  1397249K->513K(4193792K), 0.0002785 secs]
12.980: [GC (Allocation Failure)  1397249K->513K(4193792K), 0.0002106 secs]
12.994: [GC (Allocation Failure)  1397249K->513K(4193792K), 0.0002662 secs]
13.010: [GC (Allocation Failure)  1397249K->513K(4193792K), 0.0003720 secs]
13.025: [GC (Allocation Failure)  1397249K->513K(4193792K), 0.0003476 secs]
13.041: [GC (Allocation Failure)  1397249K->513K(4193792K), 0.0002756 secs]
13.056: [GC (Allocation Failure)  1397249K->513K(4193792K), 0.0003120 secs]
13.071: [GC (Allocation Failure)  1397249K->513K(4193792K), 0.0002846 secs]
13.087: [GC (Allocation Failure)  1397249K->513K(4193792K), 0.0002635 secs]
13.102: [GC (Allocation Failure)  1397249K->513K(4193792K), 0.0003089 secs]
13.117: [GC (Allocation Failure)  1397249K->513K(4193792K), 0.0002539 secs]
13.135: [GC (Allocation Failure)  1397249K->513K(4193792K), 0.0002788 secs]
13.150: [GC (Allocation Failure)  1397249K->513K(4193792K), 0.0002368 secs]
13.164: [GC (Allocation Failure)  1397249K->513K(4193792K), 0.0002999 secs]
13.179: [GC (Allocation Failure)  1397249K->513K(4193792K), 0.0003160 secs]
13.194: [GC (Allocation Failure)  1397249K->513K(4193792K), 0.0002844 secs]
13.210: [GC (Allocation Failure)  1397249K->513K(4193792K), 0.0002944 secs]
13.226: [GC (Allocation Failure)  1397249K->513K(4193792K), 0.0002361 secs]
13.241: [GC (Allocation Failure)  1397249K->513K(4193792K), 0.0002455 secs]
13.257: [GC (Allocation Failure)  1397249K->513K(4193792K), 0.0002604 secs]
13.272: [GC (Allocation Failure)  1397249K->513K(4193792K), 0.0002327 secs]
13.287: [GC (Allocation Failure)  1397249K->513K(4193792K), 0.0002720 secs]
13.303: [GC (Allocation Failure)  1397249K->513K(4193792K), 0.0003275 secs]
13.319: [GC (Allocation Failure)  1397249K->513K(4193792K), 0.0004035 secs]
13.334: [GC (Allocation Failure)  1397249K->513K(4193792K), 0.0002408 secs]
13.349: [GC (Allocation Failure)  1397249K->513K(4193792K), 0.0002329 secs]
13.363: [GC (Allocation Failure)  1397249K->513K(4193792K), 0.0002990 secs]
13.378: [GC (Allocation Failure)  1397249K->513K(4193792K), 0.0003586 secs]
13.393: [GC (Allocation Failure)  1397249K->513K(4193792K), 0.0002308 secs]
13.408: [GC (Allocation Failure)  1397249K->513K(4193792K), 0.0002962 secs]
13.423: [GC (Allocation Failure)  1397249K->513K(4193792K), 0.0002622 secs]
13.439: [GC (Allocation Failure)  1397249K->513K(4193792K), 0.0002794 secs]
13.455: [GC (Allocation Failure)  1397249K->513K(4193792K), 0.0003210 secs]
13.470: [GC (Allocation Failure)  1397249K->513K(4193792K), 0.0002471 secs]
13.485: [GC (Allocation Failure)  1397249K->513K(4193792K), 0.0002528 secs]
13.501: [GC (Allocation Failure)  1397249K->513K(4193792K), 0.0002727 secs]
13.517: [GC (Allocation Failure)  1397249K->513K(4193792K), 0.0018592 secs]
13.533: [GC (Allocation Failure)  1397249K->513K(4193792K), 0.0002533 secs]
13.548: [GC (Allocation Failure)  1397249K->513K(4193792K), 0.0002450 secs]
13.563: [GC (Allocation Failure)  1397249K->513K(4193792K), 0.0002510 secs]
13.578: [GC (Allocation Failure)  1397249K->513K(4193792K), 0.0002748 secs]
13.593: [GC (Allocation Failure)  1397249K->513K(4193792K), 0.0002738 secs]
13.608: [GC (Allocation Failure)  1397249K->513K(4193792K), 0.0003499 secs]
13.624: [GC (Allocation Failure)  1397249K->513K(4193792K), 0.0002566 secs]
13.639: [GC (Allocation Failure)  1397249K->513K(4193792K), 0.0002482 secs]
13.654: [GC (Allocation Failure)  1397249K->513K(4193792K), 0.0002878 secs]
13.670: [GC (Allocation Failure)  1397249K->513K(4193792K), 0.0002862 secs]
13.685: [GC (Allocation Failure)  1397249K->513K(4193792K), 0.0003048 secs]
13.701: [GC (Allocation Failure)  1397249K->513K(4193792K), 0.0003264 secs]
13.716: [GC (Allocation Failure)  1397249K->513K(4193792K), 0.0003683 secs]
13.733: [GC (Allocation Failure)  1397249K->513K(4193792K), 0.0002409 secs]
13.748: [GC (Allocation Failure)  1397249K->513K(4193792K), 0.0003056 secs]
13.763: [GC (Allocation Failure)  1397249K->513K(4193792K), 0.0002641 secs]
13.777: [GC (Allocation Failure)  1397249K->513K(4193792K), 0.0002879 secs]
13.792: [GC (Allocation Failure)  1397249K->513K(4193792K), 0.0002932 secs]
13.807: [GC (Allocation Failure)  1397249K->513K(4193792K), 0.0002635 secs]
13.822: [GC (Allocation Failure)  1397249K->513K(4193792K), 0.0002348 secs]
13.838: [GC (Allocation Failure)  1397249K->513K(4193792K), 0.0002528 secs]
13.854: [GC (Allocation Failure)  1397249K->513K(4193792K), 0.0002632 secs]
13.869: [GC (Allocation Failure)  1397249K->513K(4193792K), 0.0002290 secs]
13.884: [GC (Allocation Failure)  1397249K->513K(4193792K), 0.0003681 secs]
13.900: [GC (Allocation Failure)  1397249K->513K(4193792K), 0.0002858 secs]
13.915: [GC (Allocation Failure)  1397249K->513K(4193792K), 0.0003543 secs]
13.933: [GC (Allocation Failure)  1397249K->513K(4193792K), 0.0003004 secs]
13.948: [GC (Allocation Failure)  1397249K->513K(4193792K), 0.0002735 secs]
13.963: [GC (Allocation Failure)  1397249K->513K(4193792K), 0.0002720 secs]
13.978: [GC (Allocation Failure)  1397249K->513K(4193792K), 0.0002887 secs]
13.993: [GC (Allocation Failure)  1397249K->513K(4193792K), 0.0002283 secs]
14.015: [GC (Allocation Failure)  1397249K->513K(4193792K), 0.0002725 secs]
14.031: [GC (Allocation Failure)  1397249K->513K(4193792K), 0.0003109 secs]
14.046: [GC (Allocation Failure)  1397249K->513K(4193792K), 0.0002393 secs]
14.061: [GC (Allocation Failure)  1397249K->513K(4193792K), 0.0002371 secs]
14.077: [GC (Allocation Failure)  1397249K->513K(4193792K), 0.0002404 secs]
14.092: [GC (Allocation Failure)  1397249K->513K(4193792K), 0.0002166 secs]
14.107: [GC (Allocation Failure)  1397249K->513K(4193792K), 0.0002776 secs]
14.123: [GC (Allocation Failure)  1397249K->513K(4193792K), 0.0003579 secs]
14.139: [GC (Allocation Failure)  1397249K->513K(4193792K), 0.0002556 secs]
14.153: [GC (Allocation Failure)  1397249K->513K(4193792K), 0.0002561 secs]
14.168: [GC (Allocation Failure)  1397249K->513K(4193792K), 0.0002670 secs]
14.183: [GC (Allocation Failure)  1397249K->513K(4193792K), 0.0003071 secs]
14.198: [GC (Allocation Failure)  1397249K->513K(4193792K), 0.0002698 secs]
14.214: [GC (Allocation Failure)  1397249K->513K(4193792K), 0.0002225 secs]
14.229: [GC (Allocation Failure)  1397249K->513K(4193792K), 0.0003052 secs]
14.245: [GC (Allocation Failure)  1397249K->513K(4193792K), 0.0003034 secs]
14.260: [GC (Allocation Failure)  1397249K->513K(4193792K), 0.0002656 secs]
14.275: [GC (Allocation Failure)  1397249K->513K(4193792K), 0.0002353 secs]
14.290: [GC (Allocation Failure)  1397249K->513K(4193792K), 0.0002527 secs]
14.306: [GC (Allocation Failure)  1397249K->513K(4193792K), 0.0002682 secs]
14.322: [GC (Allocation Failure)  1397249K->513K(4193792K), 0.0002523 secs]
14.337: [GC (Allocation Failure)  1397249K->513K(4193792K), 0.0002702 secs]
14.352: [GC (Allocation Failure)  1397249K->513K(4193792K), 0.0002980 secs]
14.367: [GC (Allocation Failure)  1397249K->513K(4193792K), 0.0002656 secs]
14.382: [GC (Allocation Failure)  1397249K->513K(4193792K), 0.0002338 secs]
14.397: [GC (Allocation Failure)  1397249K->513K(4193792K), 0.0003254 secs]
14.412: [GC (Allocation Failure)  1397249K->513K(4193792K), 0.0002232 secs]
14.427: [GC (Allocation Failure)  1397249K->513K(4193792K), 0.0002422 secs]
14.442: [GC (Allocation Failure)  1397249K->513K(4193792K), 0.0001955 secs]
14.457: [GC (Allocation Failure)  1397249K->513K(4193792K), 0.0002575 secs]
14.472: [GC (Allocation Failure)  1397249K->513K(4193792K), 0.0002283 secs]
14.486: [GC (Allocation Failure)  1397249K->513K(4193792K), 0.0002812 secs]
14.501: [GC (Allocation Failure)  1397249K->513K(4193792K), 0.0044449 secs]
14.521: [GC (Allocation Failure)  1397249K->513K(4193792K), 0.0002400 secs]
14.535: [GC (Allocation Failure)  1397249K->513K(4193792K), 0.0003417 secs]
14.551: [GC (Allocation Failure)  1397249K->513K(4193792K), 0.0003196 secs]
14.566: [GC (Allocation Failure)  1397249K->513K(4193792K), 0.0002550 secs]
14.581: [GC (Allocation Failure)  1397249K->513K(4193792K), 0.0002924 secs]
14.597: [GC (Allocation Failure)  1397249K->513K(4193792K), 0.0007425 secs]
14.613: [GC (Allocation Failure)  1397249K->513K(4193792K), 0.0002848 secs]
14.628: [GC (Allocation Failure)  1397249K->513K(4193792K), 0.0004771 secs]
14.643: [GC (Allocation Failure)  1397249K->513K(4193792K), 0.0003494 secs]
14.658: [GC (Allocation Failure)  1397249K->513K(4193792K), 0.0003082 secs]
14.673: [GC (Allocation Failure)  1397249K->513K(4193792K), 0.0003079 secs]
14.687: [GC (Allocation Failure)  1397249K->513K(4193792K), 0.0003655 secs]
14.702: [GC (Allocation Failure)  1397249K->513K(4193792K), 0.0002518 secs]
14.717: [GC (Allocation Failure)  1397249K->513K(4193792K), 0.0002688 secs]
14.733: [GC (Allocation Failure)  1397249K->513K(4193792K), 0.0002725 secs]
14.748: [GC (Allocation Failure)  1397249K->513K(4193792K), 0.0005825 secs]
14.764: [GC (Allocation Failure)  1397249K->513K(4193792K), 0.0007455 secs]
14.779: [GC (Allocation Failure)  1397249K->513K(4193792K), 0.0003421 secs]
14.795: [GC (Allocation Failure)  1397249K->513K(4193792K), 0.0015215 secs]
14.812: [GC (Allocation Failure)  1397249K->513K(4193792K), 0.0003535 secs]
14.827: [GC (Allocation Failure)  1397249K->513K(4193792K), 0.0002594 secs]
14.842: [GC (Allocation Failure)  1397249K->513K(4193792K), 0.0003239 secs]
14.856: [GC (Allocation Failure)  1397249K->513K(4193792K), 0.0002878 secs]
14.871: [GC (Allocation Failure)  1397249K->513K(4193792K), 0.0002351 secs]
14.886: [GC (Allocation Failure)  1397249K->513K(4193792K), 0.0008229 secs]
14.902: [GC (Allocation Failure)  1397249K->513K(4193792K), 0.0003431 secs]
14.917: [GC (Allocation Failure)  1397249K->513K(4193792K), 0.0003319 secs]
14.934: [GC (Allocation Failure)  1397249K->513K(4193792K), 0.0014820 secs]
14.951: [GC (Allocation Failure)  1397249K->513K(4193792K), 0.0013152 secs]
14.966: [GC (Allocation Failure)  1397249K->513K(4193792K), 0.0016523 secs]
14.984: [GC (Allocation Failure)  1397249K->513K(4193792K), 0.0008036 secs]
14.999: [GC (Allocation Failure)  1397249K->513K(4193792K), 0.0013403 secs]
15.016: [GC (Allocation Failure)  1397249K->513K(4193792K), 0.0006296 secs]
15.032: [GC (Allocation Failure)  1397249K->513K(4193792K), 0.0003966 secs]
15.047: [GC (Allocation Failure)  1397249K->513K(4193792K), 0.0002584 secs]
15.062: [GC (Allocation Failure)  1397249K->513K(4193792K), 0.0002701 secs]
15.076: [GC (Allocation Failure)  1397249K->513K(4193792K), 0.0002729 secs]
15.090: [GC (Allocation Failure)  1397249K->513K(4193792K), 0.0020296 secs]
15.106: [GC (Allocation Failure)  1397249K->513K(4193792K), 0.0002519 secs]
15.121: [GC (Allocation Failure)  1397249K->513K(4193792K), 0.0002564 secs]
15.136: [GC (Allocation Failure)  1397249K->513K(4193792K), 0.0002940 secs]
15.152: [GC (Allocation Failure)  1397249K->513K(4193792K), 0.0003679 secs]
15.167: [GC (Allocation Failure)  1397249K->513K(4193792K), 0.0002552 secs]
15.182: [GC (Allocation Failure)  1397249K->513K(4193792K), 0.0003068 secs]
15.197: [GC (Allocation Failure)  1397249K->513K(4193792K), 0.0003749 secs]
15.212: [GC (Allocation Failure)  1397249K->513K(4193792K), 0.0003070 secs]
15.228: [GC (Allocation Failure)  1397249K->513K(4193792K), 0.0002475 secs]
15.242: [GC (Allocation Failure)  1397249K->513K(4193792K), 0.0002880 secs]
15.257: [GC (Allocation Failure)  1397249K->513K(4193792K), 0.0003046 secs]
15.272: [GC (Allocation Failure)  1397249K->513K(4193792K), 0.0002568 secs]
15.285: [GC (Allocation Failure)  1397249K->513K(4193792K), 0.0004495 secs]
15.300: [GC (Allocation Failure)  1397249K->513K(4193792K), 0.0002709 secs]
15.315: [GC (Allocation Failure)  1397249K->513K(4193792K), 0.0003351 secs]
15.330: [GC (Allocation Failure)  1397249K->513K(4193792K), 0.0002585 secs]
15.345: [GC (Allocation Failure)  1397249K->513K(4193792K), 0.0003280 secs]
15.359: [GC (Allocation Failure)  1397249K->513K(4193792K), 0.0002910 secs]
15.373: [GC (Allocation Failure)  1397249K->513K(4193792K), 0.0004025 secs]
15.388: [GC (Allocation Failure)  1397249K->513K(4193792K), 0.0002661 secs]
15.402: [GC (Allocation Failure)  1397249K->513K(4193792K), 0.0002520 secs]
15.417: [GC (Allocation Failure)  1397249K->513K(4193792K), 0.0002932 secs]
15.432: [GC (Allocation Failure)  1397249K->513K(4193792K), 0.0003108 secs]
15.450: [GC (Allocation Failure)  1397249K->513K(4193792K), 0.0002817 secs]
15.465: [GC (Allocation Failure)  1397249K->513K(4193792K), 0.0002734 secs]
15.481: [GC (Allocation Failure)  1397249K->513K(4193792K), 0.0002777 secs]
15.496: [GC (Allocation Failure)  1397249K->513K(4193792K), 0.0003260 secs]
15.512: [GC (Allocation Failure)  1397249K->513K(4193792K), 0.0003143 secs]
15.527: [GC (Allocation Failure)  1397249K->513K(4193792K), 0.0016148 secs]
15.544: [GC (Allocation Failure)  1397249K->513K(4193792K), 0.0004325 secs]
15.559: [GC (Allocation Failure)  1397249K->513K(4193792K), 0.0002412 secs]
15.573: [GC (Allocation Failure)  1397249K->513K(4193792K), 0.0002284 secs]
15.588: [GC (Allocation Failure)  1397249K->513K(4193792K), 0.0002190 secs]
15.603: [GC (Allocation Failure)  1397249K->513K(4193792K), 0.0069788 secs]
15.625: [GC (Allocation Failure)  1397249K->513K(4193792K), 0.0002627 secs]
15.640: [GC (Allocation Failure)  1397249K->513K(4193792K), 0.0002467 secs]
15.655: [GC (Allocation Failure)  1397249K->513K(4193792K), 0.0003140 secs]
15.671: [GC (Allocation Failure)  1397249K->513K(4193792K), 0.0003170 secs]
15.686: [GC (Allocation Failure)  1397249K->513K(4193792K), 0.0003552 secs]
15.702: [GC (Allocation Failure)  1397249K->513K(4193792K), 0.0003498 secs]
15.717: [GC (Allocation Failure)  1397249K->513K(4193792K), 0.0002750 secs]
15.733: [GC (Allocation Failure)  1397249K->513K(4193792K), 0.0002785 secs]
15.748: [GC (Allocation Failure)  1397249K->513K(4193792K), 0.0002599 secs]
15.763: [GC (Allocation Failure)  1397249K->513K(4193792K), 0.0003173 secs]
15.778: [GC (Allocation Failure)  1397249K->513K(4193792K), 0.0002797 secs]
15.793: [GC (Allocation Failure)  1397249K->513K(4193792K), 0.0002933 secs]
15.808: [GC (Allocation Failure)  1397249K->513K(4193792K), 0.0004106 secs]
15.823: [GC (Allocation Failure)  1397249K->513K(4193792K), 0.0002890 secs]
15.838: [GC (Allocation Failure)  1397249K->513K(4193792K), 0.0003403 secs]
15.854: [GC (Allocation Failure)  1397249K->513K(4193792K), 0.0003035 secs]
15.869: [GC (Allocation Failure)  1397249K->513K(4193792K), 0.0003443 secs]
15.885: [GC (Allocation Failure)  1397249K->513K(4193792K), 0.0002588 secs]
15.900: [GC (Allocation Failure)  1397249K->513K(4193792K), 0.0005496 secs]
15.916: [GC (Allocation Failure)  1397249K->513K(4193792K), 0.0002827 secs]
15.932: [GC (Allocation Failure)  1397249K->513K(4193792K), 0.0003160 secs]
15.946: [GC (Allocation Failure)  1397249K->513K(4193792K), 0.0003216 secs]
15.961: [GC (Allocation Failure)  1397249K->513K(4193792K), 0.0002678 secs]
15.976: [GC (Allocation Failure)  1397249K->513K(4193792K), 0.0002966 secs]
15.991: [GC (Allocation Failure)  1397249K->513K(4193792K), 0.0002772 secs]
16.006: [GC (Allocation Failure)  1397249K->513K(4193792K), 0.0002821 secs]
16.021: [GC (Allocation Failure)  1397249K->513K(4193792K), 0.0104493 secs]
16.046: [GC (Allocation Failure)  1397249K->513K(4193792K), 0.0175669 secs]
16.078: [GC (Allocation Failure)  1397249K->513K(4193792K), 0.0050731 secs]
16.099: [GC (Allocation Failure)  1397249K->513K(4193792K), 0.0002613 secs]
16.114: [GC (Allocation Failure)  1397249K->513K(4193792K), 0.0003032 secs]
16.129: [GC (Allocation Failure)  1397249K->513K(4193792K), 0.0002907 secs]
16.144: [GC (Allocation Failure)  1397249K->513K(4193792K), 0.0002681 secs]
16.159: [GC (Allocation Failure)  1397249K->513K(4193792K), 0.0004092 secs]
16.175: [GC (Allocation Failure)  1397249K->513K(4193792K), 0.0002752 secs]
16.189: [GC (Allocation Failure)  1397249K->513K(4193792K), 0.0003121 secs]
16.204: [GC (Allocation Failure)  1397249K->513K(4193792K), 0.0003584 secs]
16.219: [GC (Allocation Failure)  1397249K->513K(4193792K), 0.0003058 secs]
16.234: [GC (Allocation Failure)  1397249K->513K(4193792K), 0.0002443 secs]
16.250: [GC (Allocation Failure)  1397249K->513K(4193792K), 0.0002685 secs]
16.266: [GC (Allocation Failure)  1397249K->513K(4193792K), 0.0002842 secs]
16.281: [GC (Allocation Failure)  1397249K->513K(4193792K), 0.0003719 secs]
16.296: [GC (Allocation Failure)  1397249K->513K(4193792K), 0.0003285 secs]
16.312: [GC (Allocation Failure)  1397249K->513K(4193792K), 0.0004027 secs]
16.327: [GC (Allocation Failure)  1397249K->513K(4193792K), 0.0003040 secs]
16.341: [GC (Allocation Failure)  1397249K->513K(4193792K), 0.0002710 secs]
16.356: [GC (Allocation Failure)  1397249K->513K(4193792K), 0.0002803 secs]
16.371: [GC (Allocation Failure)  1397249K->513K(4193792K), 0.0002476 secs]
16.385: [GC (Allocation Failure)  1397249K->513K(4193792K), 0.0003267 secs]
16.400: [GC (Allocation Failure)  1397249K->513K(4193792K), 0.0003985 secs]
16.414: [GC (Allocation Failure)  1397249K->513K(4193792K), 0.0002623 secs]
16.430: [GC (Allocation Failure)  1397249K->513K(4193792K), 0.0003361 secs]
16.445: [GC (Allocation Failure)  1397249K->513K(4193792K), 0.0002689 secs]
16.460: [GC (Allocation Failure)  1397249K->513K(4193792K), 0.0002775 secs]
16.475: [GC (Allocation Failure)  1397249K->513K(4193792K), 0.0002527 secs]
16.491: [GC (Allocation Failure)  1397249K->513K(4193792K), 0.0002670 secs]
16.506: [GC (Allocation Failure)  1397249K->513K(4193792K), 0.0002692 secs]
16.522: [GC (Allocation Failure)  1397249K->513K(4193792K), 0.0004498 secs]
16.537: [GC (Allocation Failure)  1397249K->513K(4193792K), 0.0002472 secs]
16.551: [GC (Allocation Failure)  1397249K->513K(4193792K), 0.0002358 secs]
16.566: [GC (Allocation Failure)  1397249K->513K(4193792K), 0.0003025 secs]
16.581: [GC (Allocation Failure)  1397249K->513K(4193792K), 0.0002851 secs]
16.596: [GC (Allocation Failure)  1397249K->513K(4193792K), 0.0003275 secs]
16.611: [GC (Allocation Failure)  1397249K->513K(4193792K), 0.0002793 secs]
16.626: [GC (Allocation Failure)  1397249K->513K(4193792K), 0.0002315 secs]
16.641: [GC (Allocation Failure)  1397249K->513K(4193792K), 0.0002862 secs]
16.656: [GC (Allocation Failure)  1397249K->513K(4193792K), 0.0002694 secs]
16.671: [GC (Allocation Failure)  1397249K->513K(4193792K), 0.0002457 secs]
16.686: [GC (Allocation Failure)  1397249K->513K(4193792K), 0.0002428 secs]
16.701: [GC (Allocation Failure)  1397249K->513K(4193792K), 0.0002774 secs]
16.716: [GC (Allocation Failure)  1397249K->513K(4193792K), 0.0014898 secs]
16.733: [GC (Allocation Failure)  1397249K->513K(4193792K), 0.0003095 secs]
16.748: [GC (Allocation Failure)  1397249K->513K(4193792K), 0.0002494 secs]
16.764: [GC (Allocation Failure)  1397249K->513K(4193792K), 0.0003535 secs]
16.779: [GC (Allocation Failure)  1397249K->513K(4193792K), 0.0002621 secs]
16.794: [GC (Allocation Failure)  1397249K->513K(4193792K), 0.0002185 secs]
16.810: [GC (Allocation Failure)  1397249K->513K(4193792K), 0.0002531 secs]
16.825: [GC (Allocation Failure)  1397249K->513K(4193792K), 0.0004508 secs]
16.841: [GC (Allocation Failure)  1397249K->513K(4193792K), 0.0003013 secs]
16.855: [GC (Allocation Failure)  1397249K->513K(4193792K), 0.0002500 secs]
16.871: [GC (Allocation Failure)  1397249K->513K(4193792K), 0.0002746 secs]
16.886: [GC (Allocation Failure)  1397249K->513K(4193792K), 0.0002496 secs]
16.901: [GC (Allocation Failure)  1397249K->513K(4193792K), 0.0002408 secs]
16.916: [GC (Allocation Failure)  1397249K->513K(4193792K), 0.0002481 secs]
16.932: [GC (Allocation Failure)  1397249K->513K(4193792K), 0.0002510 secs]
16.947: [GC (Allocation Failure)  1397249K->513K(4193792K), 0.0002249 secs]
16.962: [GC (Allocation Failure)  1397249K->513K(4193792K), 0.0002512 secs]
16.978: [GC (Allocation Failure)  1397249K->513K(4193792K), 0.0002860 secs]
16.993: [GC (Allocation Failure)  1397249K->513K(4193792K), 0.0002619 secs]
17.009: [GC (Allocation Failure)  1397249K->513K(4193792K), 0.0102499 secs]
17.034: [GC (Allocation Failure)  1397249K->513K(4193792K), 0.0002561 secs]
17.049: [GC (Allocation Failure)  1397249K->513K(4193792K), 0.0002959 secs]
17.064: [GC (Allocation Failure)  1397249K->513K(4193792K), 0.0002673 secs]
17.078: [GC (Allocation Failure)  1397249K->513K(4193792K), 0.0003132 secs]
17.093: [GC (Allocation Failure)  1397249K->513K(4193792K), 0.0002726 secs]
17.108: [GC (Allocation Failure)  1397249K->513K(4193792K), 0.0002578 secs]
17.124: [GC (Allocation Failure)  1397249K->513K(4193792K), 0.0002508 secs]
17.139: [GC (Allocation Failure)  1397249K->513K(4193792K), 0.0002495 secs]
17.155: [GC (Allocation Failure)  1397249K->513K(4193792K), 0.0002372 secs]
17.170: [GC (Allocation Failure)  1397249K->513K(4193792K), 0.0002487 secs]
17.185: [GC (Allocation Failure)  1397249K->513K(4193792K), 0.0002680 secs]
17.201: [GC (Allocation Failure)  1397249K->513K(4193792K), 0.0002773 secs]
17.217: [GC (Allocation Failure)  1397249K->513K(4193792K), 0.0002629 secs]
17.232: [GC (Allocation Failure)  1397249K->513K(4193792K), 0.0002305 secs]
17.246: [GC (Allocation Failure)  1397249K->513K(4193792K), 0.0002855 secs]
17.261: [GC (Allocation Failure)  1397249K->513K(4193792K), 0.0002710 secs]
17.276: [GC (Allocation Failure)  1397249K->513K(4193792K), 0.0002376 secs]
17.291: [GC (Allocation Failure)  1397249K->513K(4193792K), 0.0003022 secs]
17.306: [GC (Allocation Failure)  1397249K->513K(4193792K), 0.0002965 secs]
17.322: [GC (Allocation Failure)  1397249K->513K(4193792K), 0.0002159 secs]
17.337: [GC (Allocation Failure)  1397249K->513K(4193792K), 0.0002505 secs]
17.352: [GC (Allocation Failure)  1397249K->513K(4193792K), 0.0002576 secs]
17.368: [GC (Allocation Failure)  1397249K->513K(4193792K), 0.0002849 secs]
17.383: [GC (Allocation Failure)  1397249K->513K(4193792K), 0.0002742 secs]
17.399: [GC (Allocation Failure)  1397249K->513K(4193792K), 0.0002905 secs]
17.415: [GC (Allocation Failure)  1397249K->513K(4193792K), 0.0003212 secs]
17.430: [GC (Allocation Failure)  1397249K->513K(4193792K), 0.0002802 secs]
17.445: [GC (Allocation Failure)  1397249K->513K(4193792K), 0.0002268 secs]
17.460: [GC (Allocation Failure)  1397249K->513K(4193792K), 0.0003263 secs]
17.475: [GC (Allocation Failure)  1397249K->513K(4193792K), 0.0002300 secs]
17.490: [GC (Allocation Failure)  1397249K->513K(4193792K), 0.0002585 secs]
17.505: [GC (Allocation Failure)  1397249K->513K(4193792K), 0.0003079 secs]
17.520: [GC (Allocation Failure)  1397249K->513K(4193792K), 0.0002989 secs]
17.537: [GC (Allocation Failure)  1397249K->513K(4193792K), 0.0002973 secs]
17.553: [GC (Allocation Failure)  1397249K->513K(4193792K), 0.0002729 secs]
17.569: [GC (Allocation Failure)  1397249K->513K(4193792K), 0.0043920 secs]
17.588: [GC (Allocation Failure)  1397249K->513K(4193792K), 0.0004205 secs]
17.605: [GC (Allocation Failure)  1397249K->513K(4193792K), 0.0002990 secs]
17.621: [GC (Allocation Failure)  1397249K->513K(4193792K), 0.0003784 secs]
17.636: [GC (Allocation Failure)  1397249K->513K(4193792K), 0.0003791 secs]
17.651: [GC (Allocation Failure)  1397249K->513K(4193792K), 0.0002126 secs]
17.666: [GC (Allocation Failure)  1397249K->513K(4193792K), 0.0002587 secs]
17.681: [GC (Allocation Failure)  1397249K->513K(4193792K), 0.0008125 secs]
17.697: [GC (Allocation Failure)  1397249K->513K(4193792K), 0.0003808 secs]
17.712: [GC (Allocation Failure)  1397249K->513K(4193792K), 0.0003324 secs]
17.728: [GC (Allocation Failure)  1397249K->513K(4193792K), 0.0019015 secs]
17.745: [GC (Allocation Failure)  1397249K->513K(4193792K), 0.0003557 secs]
17.760: [GC (Allocation Failure)  1397249K->513K(4193792K), 0.0002868 secs]
17.775: [GC (Allocation Failure)  1397249K->513K(4193792K), 0.0002852 secs]
17.791: [GC (Allocation Failure)  1397249K->513K(4193792K), 0.0002585 secs]
17.807: [GC (Allocation Failure)  1397249K->513K(4193792K), 0.0002548 secs]
17.822: [GC (Allocation Failure)  1397249K->513K(4193792K), 0.0007819 secs]
17.837: [GC (Allocation Failure)  1397249K->513K(4193792K), 0.0002659 secs]
17.852: [GC (Allocation Failure)  1397249K->513K(4193792K), 0.0002816 secs]
17.867: [GC (Allocation Failure)  1397249K->513K(4193792K), 0.0002117 secs]
17.882: [GC (Allocation Failure)  1397249K->513K(4193792K), 0.0002704 secs]
17.897: [GC (Allocation Failure)  1397249K->513K(4193792K), 0.0002794 secs]
17.912: [GC (Allocation Failure)  1397249K->513K(4193792K), 0.0003155 secs]
17.927: [GC (Allocation Failure)  1397249K->513K(4193792K), 0.0003091 secs]
17.943: [GC (Allocation Failure)  1397249K->513K(4193792K), 0.0002736 secs]
17.958: [GC (Allocation Failure)  1397249K->513K(4193792K), 0.0004026 secs]
17.974: [GC (Allocation Failure)  1397249K->513K(4193792K), 0.0002836 secs]
17.989: [GC (Allocation Failure)  1397249K->513K(4193792K), 0.0007625 secs]
18.005: [GC (Allocation Failure)  1397249K->513K(4193792K), 0.0003041 secs]
18.021: [GC (Allocation Failure)  1397249K->513K(4193792K), 0.0004988 secs]
18.036: [GC (Allocation Failure)  1397249K->513K(4193792K), 0.0002515 secs]
18.051: [GC (Allocation Failure)  1397249K->513K(4193792K), 0.0002597 secs]
18.066: [GC (Allocation Failure)  1397249K->513K(4193792K), 0.0002443 secs]
18.081: [GC (Allocation Failure)  1397249K->513K(4193792K), 0.0002688 secs]
18.096: [GC (Allocation Failure)  1397249K->513K(4193792K), 0.0002971 secs]
18.111: [GC (Allocation Failure)  1397249K->513K(4193792K), 0.0002561 secs]
18.127: [GC (Allocation Failure)  1397249K->513K(4193792K), 0.0002684 secs]
18.142: [GC (Allocation Failure)  1397249K->513K(4193792K), 0.0003100 secs]
18.158: [GC (Allocation Failure)  1397249K->513K(4193792K), 0.0002173 secs]
18.173: [GC (Allocation Failure)  1397249K->513K(4193792K), 0.0002814 secs]
18.189: [GC (Allocation Failure)  1397249K->513K(4193792K), 0.0005079 secs]
18.204: [GC (Allocation Failure)  1397249K->513K(4193792K), 0.0029870 secs]
18.223: [GC (Allocation Failure)  1397249K->513K(4193792K), 0.0009910 secs]
18.239: [GC (Allocation Failure)  1397249K->513K(4193792K), 0.0002549 secs]
18.253: [GC (Allocation Failure)  1397249K->513K(4193792K), 0.0002682 secs]
18.268: [GC (Allocation Failure)  1397249K->513K(4193792K), 0.0002569 secs]
18.283: [GC (Allocation Failure)  1397249K->513K(4193792K), 0.0002195 secs]
18.298: [GC (Allocation Failure)  1397249K->513K(4193792K), 0.0003287 secs]
18.313: [GC (Allocation Failure)  1397249K->513K(4193792K), 0.0002533 secs]
18.329: [GC (Allocation Failure)  1397249K->513K(4193792K), 0.0006834 secs]
18.345: [GC (Allocation Failure)  1397249K->513K(4193792K), 0.0002431 secs]
18.360: [GC (Allocation Failure)  1397249K->513K(4193792K), 0.0002827 secs]
18.376: [GC (Allocation Failure)  1397249K->513K(4193792K), 0.0002681 secs]
18.391: [GC (Allocation Failure)  1397249K->513K(4193792K), 0.0002636 secs]
18.407: [GC (Allocation Failure)  1397249K->513K(4193792K), 0.0002801 secs]
18.422: [GC (Allocation Failure)  1397249K->513K(4193792K), 0.0002500 secs]
18.438: [GC (Allocation Failure)  1397249K->513K(4193792K), 0.0008703 secs]
18.453: [GC (Allocation Failure)  1397249K->513K(4193792K), 0.0002798 secs]
18.468: [GC (Allocation Failure)  1397249K->513K(4193792K), 0.0002305 secs]
18.483: [GC (Allocation Failure)  1397249K->513K(4193792K), 0.0002632 secs]
18.498: [GC (Allocation Failure)  1397249K->513K(4193792K), 0.0003095 secs]
18.514: [GC (Allocation Failure)  1397249K->513K(4193792K), 0.0003419 secs]
18.529: [GC (Allocation Failure)  1397249K->513K(4193792K), 0.0003113 secs]
18.545: [GC (Allocation Failure)  1397249K->513K(4193792K), 0.0002538 secs]
18.560: [GC (Allocation Failure)  1397249K->513K(4193792K), 0.0002273 secs]
18.575: [GC (Allocation Failure)  1397249K->513K(4193792K), 0.0002890 secs]
18.591: [GC (Allocation Failure)  1397249K->513K(4193792K), 0.0002454 secs]
18.606: [GC (Allocation Failure)  1397249K->513K(4193792K), 0.0002615 secs]
18.623: [GC (Allocation Failure)  1397249K->513K(4193792K), 0.0002625 secs]
18.638: [GC (Allocation Failure)  1397249K->513K(4193792K), 0.0002816 secs]
18.653: [GC (Allocation Failure)  1397249K->513K(4193792K), 0.0002880 secs]
18.668: [GC (Allocation Failure)  1397249K->513K(4193792K), 0.0002453 secs]
18.683: [GC (Allocation Failure)  1397249K->513K(4193792K), 0.0003064 secs]
18.697: [GC (Allocation Failure)  1397249K->513K(4193792K), 0.0003069 secs]
18.713: [GC (Allocation Failure)  1397249K->513K(4193792K), 0.0002809 secs]
18.728: [GC (Allocation Failure)  1397249K->513K(4193792K), 0.0001968 secs]
18.743: [GC (Allocation Failure)  1397249K->513K(4193792K), 0.0002537 secs]
18.758: [GC (Allocation Failure)  1397249K->513K(4193792K), 0.0002292 secs]
18.773: [GC (Allocation Failure)  1397249K->513K(4193792K), 0.0002557 secs]
18.788: [GC (Allocation Failure)  1397249K->513K(4193792K), 0.0003239 secs]
18.803: [GC (Allocation Failure)  1397249K->513K(4193792K), 0.0003948 secs]
18.818: [GC (Allocation Failure)  1397249K->513K(4193792K), 0.0008140 secs]
18.836: [GC (Allocation Failure)  1397249K->513K(4193792K), 0.0002369 secs]
18.852: [GC (Allocation Failure)  1397249K->513K(4193792K), 0.0002404 secs]
18.867: [GC (Allocation Failure)  1397249K->513K(4193792K), 0.0002558 secs]
18.883: [GC (Allocation Failure)  1397249K->513K(4193792K), 0.0002562 secs]
18.898: [GC (Allocation Failure)  1397249K->513K(4193792K), 0.0005798 secs]
18.914: [GC (Allocation Failure)  1397249K->513K(4193792K), 0.0002893 secs]
18.929: [GC (Allocation Failure)  1397249K->513K(4193792K), 0.0002753 secs]
18.944: [GC (Allocation Failure)  1397249K->513K(4193792K), 0.0002475 secs]
18.959: [GC (Allocation Failure)  1397249K->513K(4193792K), 0.0002500 secs]
18.974: [GC (Allocation Failure)  1397249K->513K(4193792K), 0.0002000 secs]
18.989: [GC (Allocation Failure)  1397249K->513K(4193792K), 0.0002245 secs]
19.010: [GC (Allocation Failure)  1397249K->513K(4193792K), 0.0002962 secs]
19.025: [GC (Allocation Failure)  1397249K->513K(4193792K), 0.0002495 secs]
19.040: [GC (Allocation Failure)  1397249K->513K(4193792K), 0.0005649 secs]
19.055: [GC (Allocation Failure)  1397249K->513K(4193792K), 0.0002660 secs]
19.070: [GC (Allocation Failure)  1397249K->513K(4193792K), 0.0002992 secs]
19.086: [GC (Allocation Failure)  1397249K->513K(4193792K), 0.0002958 secs]
19.101: [GC (Allocation Failure)  1397249K->513K(4193792K), 0.0004756 secs]
19.117: [GC (Allocation Failure)  1397249K->513K(4193792K), 0.0004414 secs]
19.133: [GC (Allocation Failure)  1397249K->513K(4193792K), 0.0003121 secs]
19.148: [GC (Allocation Failure)  1397249K->513K(4193792K), 0.0002996 secs]
19.164: [GC (Allocation Failure)  1397249K->513K(4193792K), 0.0002395 secs]
19.178: [GC (Allocation Failure)  1397249K->513K(4193792K), 0.0002878 secs]
19.192: [GC (Allocation Failure)  1397249K->513K(4193792K), 0.0003004 secs]
19.207: [GC (Allocation Failure)  1397249K->513K(4193792K), 0.0003893 secs]
19.222: [GC (Allocation Failure)  1397249K->513K(4193792K), 0.0003014 secs]
19.238: [GC (Allocation Failure)  1397249K->513K(4193792K), 0.0002761 secs]
19.253: [GC (Allocation Failure)  1397249K->513K(4193792K), 0.0003283 secs]
19.268: [GC (Allocation Failure)  1397249K->513K(4193792K), 0.0002544 secs]
19.284: [GC (Allocation Failure)  1397249K->513K(4193792K), 0.0002718 secs]
19.300: [GC (Allocation Failure)  1397249K->513K(4193792K), 0.0002957 secs]
19.316: [GC (Allocation Failure)  1397249K->513K(4193792K), 0.0003447 secs]
19.330: [GC (Allocation Failure)  1397249K->513K(4193792K), 0.0003694 secs]
19.345: [GC (Allocation Failure)  1397249K->513K(4193792K), 0.0002230 secs]
19.360: [GC (Allocation Failure)  1397249K->513K(4193792K), 0.0002514 secs]
19.374: [GC (Allocation Failure)  1397249K->513K(4193792K), 0.0002315 secs]
19.389: [GC (Allocation Failure)  1397249K->513K(4193792K), 0.0002869 secs]
19.404: [GC (Allocation Failure)  1397249K->513K(4193792K), 0.0002955 secs]
19.419: [GC (Allocation Failure)  1397249K->513K(4193792K), 0.0003136 secs]
19.434: [GC (Allocation Failure)  1397249K->513K(4193792K), 0.0007388 secs]
19.452: [GC (Allocation Failure)  1397249K->513K(4193792K), 0.0029256 secs]
19.470: [GC (Allocation Failure)  1397249K->513K(4193792K), 0.0010872 secs]
19.489: [GC (Allocation Failure)  1397249K->513K(4193792K), 0.0002410 secs]
19.504: [GC (Allocation Failure)  1397249K->513K(4193792K), 0.0003026 secs]
19.521: [GC (Allocation Failure)  1397249K->513K(4193792K), 0.0002693 secs]
19.536: [GC (Allocation Failure)  1397249K->513K(4193792K), 0.0003037 secs]
19.551: [GC (Allocation Failure)  1397249K->513K(4193792K), 0.0002889 secs]
19.566: [GC (Allocation Failure)  1397249K->513K(4193792K), 0.0003746 secs]
19.582: [GC (Allocation Failure)  1397249K->513K(4193792K), 0.0002926 secs]
19.597: [GC (Allocation Failure)  1397249K->513K(4193792K), 0.0003408 secs]
19.611: [GC (Allocation Failure)  1397249K->513K(4193792K), 0.0002709 secs]
19.626: [GC (Allocation Failure)  1397249K->513K(4193792K), 0.0002768 secs]
19.642: [GC (Allocation Failure)  1397249K->513K(4193792K), 0.0003670 secs]
19.657: [GC (Allocation Failure)  1397249K->513K(4193792K), 0.0003103 secs]
19.671: [GC (Allocation Failure)  1397249K->513K(4193792K), 0.0003277 secs]
19.687: [GC (Allocation Failure)  1397249K->513K(4193792K), 0.0002845 secs]
19.703: [GC (Allocation Failure)  1397249K->513K(4193792K), 0.0003490 secs]
19.718: [GC (Allocation Failure)  1397249K->513K(4193792K), 0.0003021 secs]
19.734: [GC (Allocation Failure)  1397249K->513K(4193792K), 0.0003164 secs]
19.749: [GC (Allocation Failure)  1397249K->513K(4193792K), 0.0002901 secs]
19.764: [GC (Allocation Failure)  1397249K->513K(4193792K), 0.0002568 secs]
19.778: [GC (Allocation Failure)  1397249K->513K(4193792K), 0.0002791 secs]
19.793: [GC (Allocation Failure)  1397249K->513K(4193792K), 0.0003227 secs]
19.808: [GC (Allocation Failure)  1397249K->513K(4193792K), 0.0002469 secs]
19.822: [GC (Allocation Failure)  1397249K->513K(4193792K), 0.0002362 secs]
19.836: [GC (Allocation Failure)  1397249K->513K(4193792K), 0.0002110 secs]
19.851: [GC (Allocation Failure)  1397249K->513K(4193792K), 0.0002436 secs]
19.865: [GC (Allocation Failure)  1397249K->513K(4193792K), 0.0003066 secs]
19.879: [GC (Allocation Failure)  1397249K->513K(4193792K), 0.0003208 secs]
19.894: [GC (Allocation Failure)  1397249K->513K(4193792K), 0.0002752 secs]
19.909: [GC (Allocation Failure)  1397249K->513K(4193792K), 0.0002999 secs]
19.925: [GC (Allocation Failure)  1397249K->513K(4193792K), 0.0002808 secs]
19.940: [GC (Allocation Failure)  1397249K->513K(4193792K), 0.0002366 secs]
19.955: [GC (Allocation Failure)  1397249K->513K(4193792K), 0.0007644 secs]
19.971: [GC (Allocation Failure)  1397249K->513K(4193792K), 0.0003217 secs]
19.986: [GC (Allocation Failure)  1397249K->513K(4193792K), 0.0010942 secs]
20.002: [GC (Allocation Failure)  1397249K->513K(4193792K), 0.0003128 secs]
20.018: [GC (Allocation Failure)  1397249K->513K(4193792K), 0.0003366 secs]
20.033: [GC (Allocation Failure)  1397249K->513K(4193792K), 0.0002997 secs]
20.048: [GC (Allocation Failure)  1397249K->513K(4193792K), 0.0002467 secs]
20.063: [GC (Allocation Failure)  1397249K->513K(4193792K), 0.0002652 secs]
20.078: [GC (Allocation Failure)  1397249K->513K(4193792K), 0.0002425 secs]
20.093: [GC (Allocation Failure)  1397249K->513K(4193792K), 0.0002587 secs]
20.110: [GC (Allocation Failure)  1397249K->513K(4193792K), 0.0005503 secs]
20.127: [GC (Allocation Failure)  1397249K->513K(4193792K), 0.0003391 secs]
20.142: [GC (Allocation Failure)  1397249K->513K(4193792K), 0.0002710 secs]
20.157: [GC (Allocation Failure)  1397249K->513K(4193792K), 0.0004194 secs]
20.173: [GC (Allocation Failure)  1397249K->513K(4193792K), 0.0002881 secs]
20.188: [GC (Allocation Failure)  1397249K->513K(4193792K), 0.0005724 secs]
20.205: [GC (Allocation Failure)  1397249K->513K(4193792K), 0.0002986 secs]
20.220: [GC (Allocation Failure)  1397249K->513K(4193792K), 0.0003634 secs]
20.236: [GC (Allocation Failure)  1397249K->513K(4193792K), 0.0004633 secs]
20.250: [GC (Allocation Failure)  1397249K->513K(4193792K), 0.0003047 secs]
20.264: [GC (Allocation Failure)  1397249K->513K(4193792K), 0.0003174 secs]
20.279: [GC (Allocation Failure)  1397249K->513K(4193792K), 0.0003059 secs]
20.294: [GC (Allocation Failure)  1397249K->513K(4193792K), 0.0005315 secs]
20.309: [GC (Allocation Failure)  1397249K->513K(4193792K), 0.0003043 secs]
20.325: [GC (Allocation Failure)  1397249K->513K(4193792K), 0.0002914 secs]
20.340: [GC (Allocation Failure)  1397249K->513K(4193792K), 0.0003197 secs]
20.355: [GC (Allocation Failure)  1397249K->513K(4193792K), 0.0003729 secs]
20.371: [GC (Allocation Failure)  1397249K->513K(4193792K), 0.0003879 secs]
20.387: [GC (Allocation Failure)  1397249K->513K(4193792K), 0.0002584 secs]
20.402: [GC (Allocation Failure)  1397249K->513K(4193792K), 0.0003180 secs]
20.418: [GC (Allocation Failure)  1397249K->513K(4193792K), 0.0003782 secs]
20.433: [GC (Allocation Failure)  1397249K->513K(4193792K), 0.0002417 secs]
20.448: [GC (Allocation Failure)  1397249K->513K(4193792K), 0.0003074 secs]
20.464: [GC (Allocation Failure)  1397249K->513K(4193792K), 0.0002793 secs]
20.479: [GC (Allocation Failure)  1397249K->513K(4193792K), 0.0002767 secs]
20.494: [GC (Allocation Failure)  1397249K->513K(4193792K), 0.0003265 secs]
20.509: [GC (Allocation Failure)  1397249K->513K(4193792K), 0.0002783 secs]
20.524: [GC (Allocation Failure)  1397249K->513K(4193792K), 0.0002755 secs]
20.539: [GC (Allocation Failure)  1397249K->513K(4193792K), 0.0008285 secs]
20.555: [GC (Allocation Failure)  1397249K->513K(4193792K), 0.0005135 secs]
20.570: [GC (Allocation Failure)  1397249K->513K(4193792K), 0.0008864 secs]
20.586: [GC (Allocation Failure)  1397249K->513K(4193792K), 0.0007401 secs]
20.602: [GC (Allocation Failure)  1397249K->513K(4193792K), 0.0003413 secs]
20.617: [GC (Allocation Failure)  1397249K->513K(4193792K), 0.0002821 secs]
20.633: [GC (Allocation Failure)  1397249K->513K(4193792K), 0.0002564 secs]
20.647: [GC (Allocation Failure)  1397249K->513K(4193792K), 0.0003138 secs]
20.661: [GC (Allocation Failure)  1397249K->513K(4193792K), 0.0003183 secs]
20.675: [GC (Allocation Failure)  1397249K->513K(4193792K), 0.0002711 secs]
20.690: [GC (Allocation Failure)  1397249K->513K(4193792K), 0.0002425 secs]
20.704: [GC (Allocation Failure)  1397249K->513K(4193792K), 0.0004443 secs]
20.719: [GC (Allocation Failure)  1397249K->513K(4193792K), 0.0003079 secs]
20.735: [GC (Allocation Failure)  1397249K->513K(4193792K), 0.0003006 secs]
20.750: [GC (Allocation Failure)  1397249K->513K(4193792K), 0.0003021 secs]
20.766: [GC (Allocation Failure)  1397249K->513K(4193792K), 0.0002696 secs]
20.781: [GC (Allocation Failure)  1397249K->513K(4193792K), 0.0002563 secs]
20.796: [GC (Allocation Failure)  1397249K->513K(4193792K), 0.0004144 secs]
20.812: [GC (Allocation Failure)  1397249K->513K(4193792K), 0.0002918 secs]
20.828: [GC (Allocation Failure)  1397249K->513K(4193792K), 0.0003033 secs]
20.842: [GC (Allocation Failure)  1397249K->513K(4193792K), 0.0003437 secs]
20.856: [GC (Allocation Failure)  1397249K->513K(4193792K), 0.0003463 secs]
20.871: [GC (Allocation Failure)  1397249K->513K(4193792K), 0.0002314 secs]
20.885: [GC (Allocation Failure)  1397249K->513K(4193792K), 0.0002730 secs]
20.900: [GC (Allocation Failure)  1397249K->513K(4193792K), 0.0003911 secs]
20.914: [GC (Allocation Failure)  1397249K->513K(4193792K), 0.0003717 secs]
20.930: [GC (Allocation Failure)  1397249K->513K(4193792K), 0.0002737 secs]
20.945: [GC (Allocation Failure)  1397249K->513K(4193792K), 0.0003142 secs]
20.960: [GC (Allocation Failure)  1397249K->513K(4193792K), 0.0002763 secs]
20.976: [GC (Allocation Failure)  1397249K->513K(4193792K), 0.0006329 secs]
20.992: [GC (Allocation Failure)  1397249K->513K(4193792K), 0.0002710 secs]
21.008: [GC (Allocation Failure)  1397249K->513K(4193792K), 0.0002492 secs]
21.024: [GC (Allocation Failure)  1397249K->513K(4193792K), 0.0002927 secs]
21.039: [GC (Allocation Failure)  1397249K->513K(4193792K), 0.0002133 secs]
21.054: [GC (Allocation Failure)  1397249K->513K(4193792K), 0.0002963 secs]
21.069: [GC (Allocation Failure)  1397249K->513K(4193792K), 0.0002458 secs]
21.084: [GC (Allocation Failure)  1397249K->513K(4193792K), 0.0002456 secs]
21.098: [GC (Allocation Failure)  1397249K->513K(4193792K), 0.0003273 secs]
21.114: [GC (Allocation Failure)  1397249K->513K(4193792K), 0.0005000 secs]
21.129: [GC (Allocation Failure)  1397249K->513K(4193792K), 0.0003237 secs]
21.145: [GC (Allocation Failure)  1397249K->513K(4193792K), 0.0002763 secs]
21.159: [GC (Allocation Failure)  1397249K->513K(4193792K), 0.0003498 secs]
21.175: [GC (Allocation Failure)  1397249K->513K(4193792K), 0.0004014 secs]
21.190: [GC (Allocation Failure)  1397249K->513K(4193792K), 0.0011437 secs]
21.207: [GC (Allocation Failure)  1397249K->513K(4193792K), 0.0003877 secs]
21.222: [GC (Allocation Failure)  1397249K->513K(4193792K), 0.0002794 secs]
21.238: [GC (Allocation Failure)  1397249K->513K(4193792K), 0.0002529 secs]
21.253: [GC (Allocation Failure)  1397249K->513K(4193792K), 0.0002651 secs]
21.268: [GC (Allocation Failure)  1397249K->513K(4193792K), 0.0002821 secs]
21.283: [GC (Allocation Failure)  1397249K->513K(4193792K), 0.0002676 secs]
21.297: [GC (Allocation Failure)  1397249K->513K(4193792K), 0.0003259 secs]
21.313: [GC (Allocation Failure)  1397249K->513K(4193792K), 0.0002935 secs]
21.327: [GC (Allocation Failure)  1397249K->513K(4193792K), 0.0002260 secs]
21.342: [GC (Allocation Failure)  1397249K->513K(4193792K), 0.0002705 secs]
21.356: [GC (Allocation Failure)  1397249K->513K(4193792K), 0.0002379 secs]
21.370: [GC (Allocation Failure)  1397249K->513K(4193792K), 0.0002899 secs]
21.385: [GC (Allocation Failure)  1397249K->513K(4193792K), 0.0003124 secs]
21.400: [GC (Allocation Failure)  1397249K->513K(4193792K), 0.0003205 secs]
21.415: [GC (Allocation Failure)  1397249K->513K(4193792K), 0.0005302 secs]
21.431: [GC (Allocation Failure)  1397249K->513K(4193792K), 0.0002595 secs]
21.447: [GC (Allocation Failure)  1397249K->513K(4193792K), 0.0003479 secs]
21.462: [GC (Allocation Failure)  1397249K->513K(4193792K), 0.0002755 secs]
21.477: [GC (Allocation Failure)  1397249K->513K(4193792K), 0.0003099 secs]
21.492: [GC (Allocation Failure)  1397249K->513K(4193792K), 0.0003064 secs]
21.508: [GC (Allocation Failure)  1397249K->513K(4193792K), 0.0003812 secs]
21.523: [GC (Allocation Failure)  1397249K->513K(4193792K), 0.0002741 secs]
21.540: [GC (Allocation Failure)  1397249K->513K(4193792K), 0.0011660 secs]
21.557: [GC (Allocation Failure)  1397249K->513K(4193792K), 0.0009357 secs]
21.573: [GC (Allocation Failure)  1397249K->513K(4193792K), 0.0009332 secs]
21.593: [GC (Allocation Failure)  1397249K->513K(4193792K), 0.0005066 secs]
21.608: [GC (Allocation Failure)  1397249K->513K(4193792K), 0.0003488 secs]
21.625: [GC (Allocation Failure)  1397249K->513K(4193792K), 0.0003015 secs]
21.640: [GC (Allocation Failure)  1397249K->513K(4193792K), 0.0002505 secs]
21.655: [GC (Allocation Failure)  1397249K->513K(4193792K), 0.0003496 secs]
21.671: [GC (Allocation Failure)  1397249K->513K(4193792K), 0.0002861 secs]
21.686: [GC (Allocation Failure)  1397249K->513K(4193792K), 0.0003045 secs]
21.701: [GC (Allocation Failure)  1397249K->513K(4193792K), 0.0003883 secs]
21.717: [GC (Allocation Failure)  1397249K->513K(4193792K), 0.0002773 secs]
21.731: [GC (Allocation Failure)  1397249K->513K(4193792K), 0.0003163 secs]
21.747: [GC (Allocation Failure)  1397249K->513K(4193792K), 0.0002690 secs]
21.762: [GC (Allocation Failure)  1397249K->513K(4193792K), 0.0002585 secs]
21.776: [GC (Allocation Failure)  1397249K->513K(4193792K), 0.0002887 secs]
21.791: [GC (Allocation Failure)  1397249K->513K(4193792K), 0.0005807 secs]
21.806: [GC (Allocation Failure)  1397249K->513K(4193792K), 0.0003537 secs]
21.821: [GC (Allocation Failure)  1397249K->513K(4193792K), 0.0002804 secs]
21.836: [GC (Allocation Failure)  1397249K->513K(4193792K), 0.0003421 secs]
21.852: [GC (Allocation Failure)  1397249K->513K(4193792K), 0.0003247 secs]
21.867: [GC (Allocation Failure)  1397249K->513K(4193792K), 0.0002708 secs]
21.882: [GC (Allocation Failure)  1397249K->513K(4193792K), 0.0003150 secs]
21.898: [GC (Allocation Failure)  1397249K->513K(4193792K), 0.0003588 secs]
21.913: [GC (Allocation Failure)  1397249K->513K(4193792K), 0.0003015 secs]
21.928: [GC (Allocation Failure)  1397249K->513K(4193792K), 0.0002534 secs]
21.943: [GC (Allocation Failure)  1397249K->513K(4193792K), 0.0002387 secs]
21.957: [GC (Allocation Failure)  1397249K->513K(4193792K), 0.0003435 secs]
21.971: [GC (Allocation Failure)  1397249K->513K(4193792K), 0.0002728 secs]
21.985: [GC (Allocation Failure)  1397249K->513K(4193792K), 0.0010959 secs]
22.001: [GC (Allocation Failure)  1397249K->513K(4193792K), 0.0003409 secs]
22.016: [GC (Allocation Failure)  1397249K->513K(4193792K), 0.0002737 secs]
22.031: [GC (Allocation Failure)  1397249K->513K(4193792K), 0.0007526 secs]
22.047: [GC (Allocation Failure)  1397249K->513K(4193792K), 0.0003153 secs]
22.062: [GC (Allocation Failure)  1397249K->513K(4193792K), 0.0002463 secs]
22.078: [GC (Allocation Failure)  1397249K->513K(4193792K), 0.0003285 secs]
22.093: [GC (Allocation Failure)  1397249K->513K(4193792K), 0.0002588 secs]
22.109: [GC (Allocation Failure)  1397249K->513K(4193792K), 0.0003020 secs]
22.124: [GC (Allocation Failure)  1397249K->513K(4193792K), 0.0008438 secs]
22.140: [GC (Allocation Failure)  1397249K->513K(4193792K), 0.0003077 secs]
22.155: [GC (Allocation Failure)  1397249K->513K(4193792K), 0.0002240 secs]
22.170: [GC (Allocation Failure)  1397249K->513K(4193792K), 0.0002344 secs]
22.185: [GC (Allocation Failure)  1397249K->513K(4193792K), 0.0002681 secs]
22.200: [GC (Allocation Failure)  1397249K->513K(4193792K), 0.0003635 secs]
22.224: [GC (Allocation Failure)  1397249K->513K(4193792K), 0.0002963 secs]
22.238: [GC (Allocation Failure)  1397249K->513K(4193792K), 0.0002863 secs]
22.254: [GC (Allocation Failure)  1397249K->513K(4193792K), 0.0002953 secs]
22.270: [GC (Allocation Failure)  1397249K->513K(4193792K), 0.0003157 secs]
22.285: [GC (Allocation Failure)  1397249K->513K(4193792K), 0.0003151 secs]
22.301: [GC (Allocation Failure)  1397249K->513K(4193792K), 0.0003625 secs]
22.316: [GC (Allocation Failure)  1397249K->513K(4193792K), 0.0003469 secs]
22.331: [GC (Allocation Failure)  1397249K->513K(4193792K), 0.0005273 secs]
22.347: [GC (Allocation Failure)  1397249K->513K(4193792K), 0.0002791 secs]
22.361: [GC (Allocation Failure)  1397249K->513K(4193792K), 0.0002704 secs]
22.375: [GC (Allocation Failure)  1397249K->513K(4193792K), 0.0002351 secs]
22.390: [GC (Allocation Failure)  1397249K->513K(4193792K), 0.0002895 secs]
22.405: [GC (Allocation Failure)  1397249K->513K(4193792K), 0.0003286 secs]
22.420: [GC (Allocation Failure)  1397249K->513K(4193792K), 0.0004152 secs]
22.436: [GC (Allocation Failure)  1397249K->513K(4193792K), 0.0003274 secs]
22.451: [GC (Allocation Failure)  1397249K->513K(4193792K), 0.0002968 secs]
22.467: [GC (Allocation Failure)  1397249K->513K(4193792K), 0.0002783 secs]
22.483: [GC (Allocation Failure)  1397249K->513K(4193792K), 0.0002176 secs]
22.498: [GC (Allocation Failure)  1397249K->513K(4193792K), 0.0003103 secs]
22.514: [GC (Allocation Failure)  1397249K->513K(4193792K), 0.0003835 secs]
22.529: [GC (Allocation Failure)  1397249K->513K(4193792K), 0.0003223 secs]
22.544: [GC (Allocation Failure)  1397249K->513K(4193792K), 0.0002597 secs]
22.559: [GC (Allocation Failure)  1397249K->513K(4193792K), 0.0008773 secs]
22.574: [GC (Allocation Failure)  1397249K->513K(4193792K), 0.0003046 secs]
22.589: [GC (Allocation Failure)  1397249K->513K(4193792K), 0.0002413 secs]
22.603: [GC (Allocation Failure)  1397249K->513K(4193792K), 0.0002950 secs]
22.618: [GC (Allocation Failure)  1397249K->513K(4193792K), 0.0004160 secs]
22.633: [GC (Allocation Failure)  1397249K->513K(4193792K), 0.0013251 secs]
22.650: [GC (Allocation Failure)  1397249K->513K(4193792K), 0.0005229 secs]
22.667: [GC (Allocation Failure)  1397249K->513K(4193792K), 0.0005091 secs]
22.682: [GC (Allocation Failure)  1397249K->513K(4193792K), 0.0005416 secs]
22.698: [GC (Allocation Failure)  1397249K->513K(4193792K), 0.0003462 secs]
22.714: [GC (Allocation Failure)  1397249K->513K(4193792K), 0.0002887 secs]
22.729: [GC (Allocation Failure)  1397249K->513K(4193792K), 0.0029063 secs]
22.747: [GC (Allocation Failure)  1397249K->513K(4193792K), 0.0003054 secs]
22.763: [GC (Allocation Failure)  1397249K->513K(4193792K), 0.0003107 secs]
22.777: [GC (Allocation Failure)  1397249K->513K(4193792K), 0.0002730 secs]
22.792: [GC (Allocation Failure)  1397249K->513K(4193792K), 0.0002590 secs]
22.806: [GC (Allocation Failure)  1397249K->513K(4193792K), 0.0002989 secs]
22.822: [GC (Allocation Failure)  1397249K->513K(4193792K), 0.0003075 secs]
22.837: [GC (Allocation Failure)  1397249K->513K(4193792K), 0.0041645 secs]
22.856: [GC (Allocation Failure)  1397249K->513K(4193792K), 0.0002418 secs]
22.871: [GC (Allocation Failure)  1397249K->513K(4193792K), 0.0004943 secs]
22.887: [GC (Allocation Failure)  1397249K->513K(4193792K), 0.0003083 secs]
22.902: [GC (Allocation Failure)  1397249K->513K(4193792K), 0.0002918 secs]
22.917: [GC (Allocation Failure)  1397249K->513K(4193792K), 0.0003746 secs]
22.932: [GC (Allocation Failure)  1397249K->513K(4193792K), 0.0002459 secs]
22.946: [GC (Allocation Failure)  1397249K->513K(4193792K), 0.0003105 secs]
22.961: [GC (Allocation Failure)  1397249K->513K(4193792K), 0.0002834 secs]
22.976: [GC (Allocation Failure)  1397249K->513K(4193792K), 0.0002814 secs]
22.990: [GC (Allocation Failure)  1397249K->513K(4193792K), 0.0003026 secs]
23.004: [GC (Allocation Failure)  1397249K->513K(4193792K), 0.0003680 secs]
23.020: [GC (Allocation Failure)  1397249K->513K(4193792K), 0.0002911 secs]
23.035: [GC (Allocation Failure)  1397249K->513K(4193792K), 0.0002722 secs]
23.050: [GC (Allocation Failure)  1397249K->513K(4193792K), 0.0003238 secs]
23.066: [GC (Allocation Failure)  1397249K->513K(4193792K), 0.0002607 secs]
23.081: [GC (Allocation Failure)  1397249K->513K(4193792K), 0.0005206 secs]
23.097: [GC (Allocation Failure)  1397249K->513K(4193792K), 0.0004783 secs]
23.113: [GC (Allocation Failure)  1397249K->513K(4193792K), 0.0003074 secs]
23.128: [GC (Allocation Failure)  1397249K->513K(4193792K), 0.0002506 secs]
23.143: [GC (Allocation Failure)  1397249K->513K(4193792K), 0.0002535 secs]
23.158: [GC (Allocation Failure)  1397249K->513K(4193792K), 0.0002738 secs]
23.173: [GC (Allocation Failure)  1397249K->513K(4193792K), 0.0002804 secs]
23.188: [GC (Allocation Failure)  1397249K->513K(4193792K), 0.0002618 secs]
23.203: [GC (Allocation Failure)  1397249K->513K(4193792K), 0.0003760 secs]
23.225: [GC (Allocation Failure)  1397249K->513K(4193792K), 0.0002779 secs]
23.240: [GC (Allocation Failure)  1397249K->513K(4193792K), 0.0005375 secs]
23.255: [GC (Allocation Failure)  1397249K->513K(4193792K), 0.0003144 secs]
23.271: [GC (Allocation Failure)  1397249K->513K(4193792K), 0.0002645 secs]
23.286: [GC (Allocation Failure)  1397249K->513K(4193792K), 0.0003089 secs]
23.302: [GC (Allocation Failure)  1397249K->513K(4193792K), 0.0004902 secs]
23.318: [GC (Allocation Failure)  1397249K->513K(4193792K), 0.0003199 secs]
23.333: [GC (Allocation Failure)  1397249K->513K(4193792K), 0.0002878 secs]
23.349: [GC (Allocation Failure)  1397249K->513K(4193792K), 0.0003296 secs]
23.364: [GC (Allocation Failure)  1397249K->513K(4193792K), 0.0002844 secs]
23.379: [GC (Allocation Failure)  1397249K->513K(4193792K), 0.0002624 secs]
23.393: [GC (Allocation Failure)  1397249K->513K(4193792K), 0.0003039 secs]
23.408: [GC (Allocation Failure)  1397249K->513K(4193792K), 0.0003092 secs]
23.423: [GC (Allocation Failure)  1397249K->513K(4193792K), 0.0003132 secs]
23.438: [GC (Allocation Failure)  1397249K->513K(4193792K), 0.0002610 secs]
23.453: [GC (Allocation Failure)  1397249K->513K(4193792K), 0.0002820 secs]
23.468: [GC (Allocation Failure)  1397249K->513K(4193792K), 0.0002778 secs]
23.482: [GC (Allocation Failure)  1397249K->513K(4193792K), 0.0002965 secs]
23.497: [GC (Allocation Failure)  1397249K->513K(4193792K), 0.0002704 secs]
23.512: [GC (Allocation Failure)  1397249K->513K(4193792K), 0.0002832 secs]
23.527: [GC (Allocation Failure)  1397249K->513K(4193792K), 0.0002570 secs]
23.542: [GC (Allocation Failure)  1397249K->513K(4193792K), 0.0003818 secs]
23.558: [GC (Allocation Failure)  1397249K->513K(4193792K), 0.0003566 secs]
23.574: [GC (Allocation Failure)  1397249K->513K(4193792K), 0.0003014 secs]
23.589: [GC (Allocation Failure)  1397249K->513K(4193792K), 0.0003215 secs]
23.605: [GC (Allocation Failure)  1397249K->513K(4193792K), 0.0004548 secs]
23.621: [GC (Allocation Failure)  1397249K->513K(4193792K), 0.0009973 secs]
23.639: [GC (Allocation Failure)  1397249K->513K(4193792K), 0.0005607 secs]
23.655: [GC (Allocation Failure)  1397249K->513K(4193792K), 0.0006605 secs]
23.670: [GC (Allocation Failure)  1397249K->513K(4193792K), 0.0009968 secs]
23.689: [GC (Allocation Failure)  1397249K->513K(4193792K), 0.0003830 secs]
23.705: [GC (Allocation Failure)  1397249K->513K(4193792K), 0.0003014 secs]
23.720: [GC (Allocation Failure)  1397249K->513K(4193792K), 0.0003200 secs]
23.736: [GC (Allocation Failure)  1397249K->513K(4193792K), 0.0003213 secs]
23.752: [GC (Allocation Failure)  1397249K->513K(4193792K), 0.0003030 secs]
23.768: [GC (Allocation Failure)  1397249K->513K(4193792K), 0.0002631 secs]
23.783: [GC (Allocation Failure)  1397249K->513K(4193792K), 0.0002956 secs]
23.798: [GC (Allocation Failure)  1397249K->513K(4193792K), 0.0002753 secs]
23.814: [GC (Allocation Failure)  1397249K->513K(4193792K), 0.0002671 secs]
23.829: [GC (Allocation Failure)  1397249K->513K(4193792K), 0.0002599 secs]
23.844: [GC (Allocation Failure)  1397249K->513K(4193792K), 0.0002874 secs]
23.858: [GC (Allocation Failure)  1397249K->513K(4193792K), 0.0002485 secs]
23.872: [GC (Allocation Failure)  1397249K->513K(4193792K), 0.0002947 secs]
23.887: [GC (Allocation Failure)  1397249K->513K(4193792K), 0.0003459 secs]
23.901: [GC (Allocation Failure)  1397249K->513K(4193792K), 0.0002847 secs]
23.916: [GC (Allocation Failure)  1397249K->513K(4193792K), 0.0003478 secs]
23.931: [GC (Allocation Failure)  1397249K->513K(4193792K), 0.0007910 secs]
23.947: [GC (Allocation Failure)  1397249K->513K(4193792K), 0.0002250 secs]
23.962: [GC (Allocation Failure)  1397249K->513K(4193792K), 0.0002850 secs]
23.978: [GC (Allocation Failure)  1397249K->513K(4193792K), 0.0002850 secs]
23.993: [GC (Allocation Failure)  1397249K->513K(4193792K), 0.0003249 secs]
24.008: [GC (Allocation Failure)  1397249K->513K(4193792K), 0.0005806 secs]
24.024: [GC (Allocation Failure)  1397249K->513K(4193792K), 0.0003208 secs]
24.038: [GC (Allocation Failure)  1397249K->513K(4193792K), 0.0002633 secs]
24.053: [GC (Allocation Failure)  1397249K->513K(4193792K), 0.0002979 secs]
24.067: [GC (Allocation Failure)  1397249K->513K(4193792K), 0.0003180 secs]
24.083: [GC (Allocation Failure)  1397249K->513K(4193792K), 0.0002767 secs]
24.098: [GC (Allocation Failure)  1397249K->513K(4193792K), 0.0004008 secs]
24.113: [GC (Allocation Failure)  1397249K->513K(4193792K), 0.0003638 secs]
24.129: [GC (Allocation Failure)  1397249K->513K(4193792K), 0.0002648 secs]
24.145: [GC (Allocation Failure)  1397249K->513K(4193792K), 0.0002441 secs]
24.160: [GC (Allocation Failure)  1397249K->513K(4193792K), 0.0003042 secs]
24.176: [GC (Allocation Failure)  1397249K->513K(4193792K), 0.0002609 secs]
24.191: [GC (Allocation Failure)  1397249K->513K(4193792K), 0.0003143 secs]
24.207: [GC (Allocation Failure)  1397249K->513K(4193792K), 0.0003077 secs]
24.223: [GC (Allocation Failure)  1397249K->513K(4193792K), 0.0002275 secs]
24.238: [GC (Allocation Failure)  1397249K->513K(4193792K), 0.0002456 secs]
24.253: [GC (Allocation Failure)  1397249K->513K(4193792K), 0.0002530 secs]
24.267: [GC (Allocation Failure)  1397249K->513K(4193792K), 0.0002404 secs]
24.282: [GC (Allocation Failure)  1397249K->513K(4193792K), 0.0003358 secs]
24.297: [GC (Allocation Failure)  1397249K->513K(4193792K), 0.0002824 secs]
24.320: [GC (Allocation Failure)  1397249K->513K(4193792K), 0.0003086 secs]
24.334: [GC (Allocation Failure)  1397249K->513K(4193792K), 0.0003609 secs]
24.350: [GC (Allocation Failure)  1397249K->513K(4193792K), 0.0002747 secs]
24.365: [GC (Allocation Failure)  1397249K->513K(4193792K), 0.0003078 secs]
24.380: [GC (Allocation Failure)  1397249K->513K(4193792K), 0.0002770 secs]
24.396: [GC (Allocation Failure)  1397249K->513K(4193792K), 0.0003528 secs]
24.411: [GC (Allocation Failure)  1397249K->513K(4193792K), 0.0003316 secs]
24.427: [GC (Allocation Failure)  1397249K->513K(4193792K), 0.0003200 secs]
24.443: [GC (Allocation Failure)  1397249K->513K(4193792K), 0.0006142 secs]
24.458: [GC (Allocation Failure)  1397249K->513K(4193792K), 0.0003045 secs]
24.473: [GC (Allocation Failure)  1397249K->513K(4193792K), 0.0003100 secs]
24.487: [GC (Allocation Failure)  1397249K->513K(4193792K), 0.0003010 secs]
24.503: [GC (Allocation Failure)  1397249K->513K(4193792K), 0.0003594 secs]
24.517: [GC (Allocation Failure)  1397249K->513K(4193792K), 0.0003380 secs]
24.533: [GC (Allocation Failure)  1397249K->513K(4193792K), 0.0002925 secs]
24.547: [GC (Allocation Failure)  1397249K->513K(4193792K), 0.0003376 secs]
24.562: [GC (Allocation Failure)  1397249K->513K(4193792K), 0.0002457 secs]
24.578: [GC (Allocation Failure)  1397249K->513K(4193792K), 0.0002971 secs]
24.593: [GC (Allocation Failure)  1397249K->513K(4193792K), 0.0003247 secs]
24.609: [GC (Allocation Failure)  1397249K->513K(4193792K), 0.0003162 secs]
24.624: [GC (Allocation Failure)  1397249K->513K(4193792K), 0.0007857 secs]
24.640: [GC (Allocation Failure)  1397249K->513K(4193792K), 0.0002310 secs]
24.655: [GC (Allocation Failure)  1397249K->513K(4193792K), 0.0002583 secs]
24.670: [GC (Allocation Failure)  1397249K->513K(4193792K), 0.0003325 secs]
24.684: [GC (Allocation Failure)  1397249K->513K(4193792K), 0.0002723 secs]
24.699: [GC (Allocation Failure)  1397249K->513K(4193792K), 0.0003361 secs]
24.714: [GC (Allocation Failure)  1397249K->513K(4193792K), 0.0003119 secs]
24.729: [GC (Allocation Failure)  1397249K->513K(4193792K), 0.0002683 secs]
24.744: [GC (Allocation Failure)  1397249K->513K(4193792K), 0.0005720 secs]
24.760: [GC (Allocation Failure)  1397249K->513K(4193792K), 0.0004192 secs]
24.776: [GC (Allocation Failure)  1397249K->513K(4193792K), 0.0007436 secs]
24.796: [GC (Allocation Failure)  1397249K->513K(4193792K), 0.0004904 secs]
24.812: [GC (Allocation Failure)  1397249K->513K(4193792K), 0.0005008 secs]
24.828: [GC (Allocation Failure)  1397249K->513K(4193792K), 0.0007316 secs]
24.847: [GC (Allocation Failure)  1397249K->513K(4193792K), 0.0006738 secs]
24.863: [GC (Allocation Failure)  1397249K->513K(4193792K), 0.0003238 secs]
24.879: [GC (Allocation Failure)  1397249K->513K(4193792K), 0.0002684 secs]
24.893: [GC (Allocation Failure)  1397249K->513K(4193792K), 0.0002878 secs]
24.908: [GC (Allocation Failure)  1397249K->513K(4193792K), 0.0002854 secs]
24.923: [GC (Allocation Failure)  1397249K->513K(4193792K), 0.0003155 secs]
24.938: [GC (Allocation Failure)  1397249K->513K(4193792K), 0.0003253 secs]
24.953: [GC (Allocation Failure)  1397249K->513K(4193792K), 0.0003240 secs]
24.969: [GC (Allocation Failure)  1397249K->513K(4193792K), 0.0003136 secs]
24.984: [GC (Allocation Failure)  1397249K->513K(4193792K), 0.0003230 secs]
25.000: [GC (Allocation Failure)  1397249K->513K(4193792K), 0.0003869 secs]
25.015: [GC (Allocation Failure)  1397249K->513K(4193792K), 0.0002868 secs]
25.031: [GC (Allocation Failure)  1397249K->513K(4193792K), 0.0003684 secs]
25.045: [GC (Allocation Failure)  1397249K->513K(4193792K), 0.0002587 secs]
25.060: [GC (Allocation Failure)  1397249K->513K(4193792K), 0.0002629 secs]
25.075: [GC (Allocation Failure)  1397249K->513K(4193792K), 0.0002789 secs]
25.089: [GC (Allocation Failure)  1397249K->513K(4193792K), 0.0003059 secs]
25.104: [GC (Allocation Failure)  1397249K->513K(4193792K), 0.0003255 secs]
25.118: [GC (Allocation Failure)  1397249K->513K(4193792K), 0.0003432 secs]
25.134: [GC (Allocation Failure)  1397249K->513K(4193792K), 0.0006349 secs]
25.150: [GC (Allocation Failure)  1397249K->513K(4193792K), 0.0003130 secs]
25.165: [GC (Allocation Failure)  1397249K->513K(4193792K), 0.0002950 secs]
25.180: [GC (Allocation Failure)  1397249K->513K(4193792K), 0.0002516 secs]
25.195: [GC (Allocation Failure)  1397249K->513K(4193792K), 0.0002884 secs]
25.211: [GC (Allocation Failure)  1397249K->513K(4193792K), 0.0002558 secs]
25.226: [GC (Allocation Failure)  1397249K->513K(4193792K), 0.0004285 secs]
25.241: [GC (Allocation Failure)  1397249K->513K(4193792K), 0.0002945 secs]
25.254: [GC (Allocation Failure)  1397249K->513K(4193792K), 0.0002541 secs]
25.269: [GC (Allocation Failure)  1397249K->513K(4193792K), 0.0002696 secs]
25.284: [GC (Allocation Failure)  1397249K->513K(4193792K), 0.0002726 secs]
25.299: [GC (Allocation Failure)  1397249K->513K(4193792K), 0.0003173 secs]
25.314: [GC (Allocation Failure)  1397249K->513K(4193792K), 0.0065727 secs]
25.335: [GC (Allocation Failure)  1397249K->513K(4193792K), 0.0003399 secs]
25.350: [GC (Allocation Failure)  1397249K->513K(4193792K), 0.0002655 secs]
25.366: [GC (Allocation Failure)  1397249K->513K(4193792K), 0.0003638 secs]
25.381: [GC (Allocation Failure)  1397249K->513K(4193792K), 0.0002867 secs]
25.396: [GC (Allocation Failure)  1397249K->513K(4193792K), 0.0002976 secs]
25.412: [GC (Allocation Failure)  1397249K->513K(4193792K), 0.0004000 secs]
25.428: [GC (Allocation Failure)  1397249K->513K(4193792K), 0.0002819 secs]
25.443: [GC (Allocation Failure)  1397249K->513K(4193792K), 0.0003328 secs]
25.458: [GC (Allocation Failure)  1397249K->513K(4193792K), 0.0003043 secs]
25.472: [GC (Allocation Failure)  1397249K->513K(4193792K), 0.0002571 secs]
25.487: [GC (Allocation Failure)  1397249K->513K(4193792K), 0.0002559 secs]
25.502: [GC (Allocation Failure)  1397249K->513K(4193792K), 0.0003658 secs]
25.517: [GC (Allocation Failure)  1397249K->513K(4193792K), 0.0003232 secs]
25.532: [GC (Allocation Failure)  1397249K->513K(4193792K), 0.0002728 secs]
25.548: [GC (Allocation Failure)  1397249K->513K(4193792K), 0.0003127 secs]
25.563: [GC (Allocation Failure)  1397249K->513K(4193792K), 0.0002683 secs]
25.578: [GC (Allocation Failure)  1397249K->513K(4193792K), 0.0002337 secs]
25.593: [GC (Allocation Failure)  1397249K->513K(4193792K), 0.0002940 secs]
25.609: [GC (Allocation Failure)  1397249K->513K(4193792K), 0.0002780 secs]
25.624: [GC (Allocation Failure)  1397249K->513K(4193792K), 0.0003665 secs]
25.639: [GC (Allocation Failure)  1397249K->513K(4193792K), 0.0002664 secs]
25.653: [GC (Allocation Failure)  1397249K->513K(4193792K), 0.0002820 secs]
25.669: [GC (Allocation Failure)  1397249K->513K(4193792K), 0.0002648 secs]
25.683: [GC (Allocation Failure)  1397249K->513K(4193792K), 0.0002687 secs]
25.698: [GC (Allocation Failure)  1397249K->513K(4193792K), 0.0003813 secs]
25.713: [GC (Allocation Failure)  1397249K->513K(4193792K), 0.0002990 secs]
25.728: [GC (Allocation Failure)  1397249K->513K(4193792K), 0.0002974 secs]
25.745: [GC (Allocation Failure)  1397249K->513K(4193792K), 0.0005214 secs]
25.760: [GC (Allocation Failure)  1397249K->513K(4193792K), 0.0007393 secs]
25.775: [GC (Allocation Failure)  1397249K->513K(4193792K), 0.0015953 secs]
25.794: [GC (Allocation Failure)  1397249K->513K(4193792K), 0.0004844 secs]
25.810: [GC (Allocation Failure)  1397249K->513K(4193792K), 0.0002780 secs]
25.826: [GC (Allocation Failure)  1397249K->513K(4193792K), 0.0006286 secs]
25.841: [GC (Allocation Failure)  1397249K->513K(4193792K), 0.0002746 secs]
25.856: [GC (Allocation Failure)  1397249K->513K(4193792K), 0.0002709 secs]
25.871: [GC (Allocation Failure)  1397249K->513K(4193792K), 0.0002643 secs]
25.886: [GC (Allocation Failure)  1397249K->513K(4193792K), 0.0102813 secs]
25.911: [GC (Allocation Failure)  1397249K->513K(4193792K), 0.0004241 secs]
25.927: [GC (Allocation Failure)  1397249K->513K(4193792K), 0.0003320 secs]
25.942: [GC (Allocation Failure)  1397249K->513K(4193792K), 0.0004153 secs]
25.958: [GC (Allocation Failure)  1397249K->513K(4193792K), 0.0002929 secs]
25.973: [GC (Allocation Failure)  1397249K->513K(4193792K), 0.0002744 secs]
25.988: [GC (Allocation Failure)  1397249K->513K(4193792K), 0.0002850 secs]
26.004: [GC (Allocation Failure)  1397249K->513K(4193792K), 0.0003293 secs]
26.019: [GC (Allocation Failure)  1397249K->513K(4193792K), 0.0002867 secs]
26.035: [GC (Allocation Failure)  1397249K->513K(4193792K), 0.0002848 secs]
26.050: [GC (Allocation Failure)  1397249K->513K(4193792K), 0.0002281 secs]
26.064: [GC (Allocation Failure)  1397249K->513K(4193792K), 0.0002431 secs]
26.079: [GC (Allocation Failure)  1397249K->513K(4193792K), 0.0002927 secs]
26.093: [GC (Allocation Failure)  1397249K->513K(4193792K), 0.0002437 secs]
26.108: [GC (Allocation Failure)  1397249K->513K(4193792K), 0.0003127 secs]
26.123: [GC (Allocation Failure)  1397249K->513K(4193792K), 0.0003233 secs]
26.138: [GC (Allocation Failure)  1397249K->513K(4193792K), 0.0003070 secs]
26.154: [GC (Allocation Failure)  1397249K->513K(4193792K), 0.0003581 secs]
26.169: [GC (Allocation Failure)  1397249K->513K(4193792K), 0.0003060 secs]
26.184: [GC (Allocation Failure)  1397249K->513K(4193792K), 0.0003788 secs]
26.199: [GC (Allocation Failure)  1397249K->513K(4193792K), 0.0003056 secs]
26.215: [GC (Allocation Failure)  1397249K->513K(4193792K), 0.0003468 secs]
26.231: [GC (Allocation Failure)  1397249K->513K(4193792K), 0.0002640 secs]
26.246: [GC (Allocation Failure)  1397249K->513K(4193792K), 0.0002800 secs]
26.261: [GC (Allocation Failure)  1397249K->513K(4193792K), 0.0002720 secs]
26.276: [GC (Allocation Failure)  1397249K->513K(4193792K), 0.0002959 secs]
26.290: [GC (Allocation Failure)  1397249K->513K(4193792K), 0.0003128 secs]
26.305: [GC (Allocation Failure)  1397249K->513K(4193792K), 0.0002816 secs]
26.320: [GC (Allocation Failure)  1397249K->513K(4193792K), 0.0002752 secs]
26.335: [GC (Allocation Failure)  1397249K->513K(4193792K), 0.0002291 secs]
26.350: [GC (Allocation Failure)  1397249K->513K(4193792K), 0.0002179 secs]
26.365: [GC (Allocation Failure)  1397249K->513K(4193792K), 0.0020258 secs]
26.382: [GC (Allocation Failure)  1397249K->513K(4193792K), 0.0002965 secs]
26.397: [GC (Allocation Failure)  1397249K->513K(4193792K), 0.0003122 secs]
26.411: [GC (Allocation Failure)  1397249K->513K(4193792K), 0.0008337 secs]
26.428: [GC (Allocation Failure)  1397249K->513K(4193792K), 0.0007149 secs]
26.444: [GC (Allocation Failure)  1397249K->513K(4193792K), 0.0003693 secs]
26.459: [GC (Allocation Failure)  1397249K->513K(4193792K), 0.0011690 secs]
26.476: [GC (Allocation Failure)  1397249K->513K(4193792K), 0.0011874 secs]
26.492: [GC (Allocation Failure)  1397249K->513K(4193792K), 0.0002713 secs]
26.508: [GC (Allocation Failure)  1397249K->513K(4193792K), 0.0002871 secs]
26.523: [GC (Allocation Failure)  1397249K->513K(4193792K), 0.0003210 secs]
26.539: [GC (Allocation Failure)  1397249K->513K(4193792K), 0.0002496 secs]
26.554: [GC (Allocation Failure)  1397249K->513K(4193792K), 0.0002858 secs]
26.569: [GC (Allocation Failure)  1397249K->513K(4193792K), 0.0002897 secs]
26.584: [GC (Allocation Failure)  1397249K->513K(4193792K), 0.0002666 secs]
26.599: [GC (Allocation Failure)  1397249K->513K(4193792K), 0.0003398 secs]
26.614: [GC (Allocation Failure)  1397249K->513K(4193792K), 0.0002993 secs]
26.629: [GC (Allocation Failure)  1397249K->513K(4193792K), 0.0003692 secs]
26.646: [GC (Allocation Failure)  1397249K->513K(4193792K), 0.0003031 secs]
26.661: [GC (Allocation Failure)  1397249K->513K(4193792K), 0.0002818 secs]
26.676: [GC (Allocation Failure)  1397249K->513K(4193792K), 0.0006615 secs]
26.692: [GC (Allocation Failure)  1397249K->513K(4193792K), 0.0003181 secs]
26.707: [GC (Allocation Failure)  1397249K->513K(4193792K), 0.0003393 secs]
26.722: [GC (Allocation Failure)  1397249K->513K(4193792K), 0.0003677 secs]
26.738: [GC (Allocation Failure)  1397249K->513K(4193792K), 0.0008150 secs]
26.753: [GC (Allocation Failure)  1397249K->513K(4193792K), 0.0002653 secs]
26.769: [GC (Allocation Failure)  1397249K->513K(4193792K), 0.0009806 secs]
26.785: [GC (Allocation Failure)  1397249K->513K(4193792K), 0.0003099 secs]
26.799: [GC (Allocation Failure)  1397249K->513K(4193792K), 0.0003065 secs]
26.814: [GC (Allocation Failure)  1397249K->513K(4193792K), 0.0002798 secs]
26.831: [GC (Allocation Failure)  1397249K->513K(4193792K), 0.0005792 secs]
26.848: [GC (Allocation Failure)  1397249K->513K(4193792K), 0.0005172 secs]
26.864: [GC (Allocation Failure)  1397249K->513K(4193792K), 0.0023033 secs]
26.883: [GC (Allocation Failure)  1397249K->513K(4193792K), 0.0006300 secs]
26.899: [GC (Allocation Failure)  1397249K->513K(4193792K), 0.0002860 secs]
26.915: [GC (Allocation Failure)  1397249K->513K(4193792K), 0.0002839 secs]
26.930: [GC (Allocation Failure)  1397249K->513K(4193792K), 0.0003140 secs]
26.946: [GC (Allocation Failure)  1397249K->513K(4193792K), 0.0003214 secs]
26.961: [GC (Allocation Failure)  1397249K->513K(4193792K), 0.0002946 secs]
26.977: [GC (Allocation Failure)  1397249K->513K(4193792K), 0.0002777 secs]
26.992: [GC (Allocation Failure)  1397249K->513K(4193792K), 0.0003008 secs]
27.007: [GC (Allocation Failure)  1397249K->513K(4193792K), 0.0002826 secs]
27.021: [GC (Allocation Failure)  1397249K->513K(4193792K), 0.0003042 secs]
27.036: [GC (Allocation Failure)  1397249K->513K(4193792K), 0.0003061 secs]
27.052: [GC (Allocation Failure)  1397249K->513K(4193792K), 0.0002845 secs]
27.068: [GC (Allocation Failure)  1397249K->513K(4193792K), 0.0002994 secs]
27.083: [GC (Allocation Failure)  1397249K->513K(4193792K), 0.0002785 secs]
27.098: [GC (Allocation Failure)  1397249K->513K(4193792K), 0.0003358 secs]
27.114: [GC (Allocation Failure)  1397249K->513K(4193792K), 0.0002710 secs]
27.130: [GC (Allocation Failure)  1397249K->513K(4193792K), 0.0004550 secs]
27.144: [GC (Allocation Failure)  1397249K->513K(4193792K), 0.0002904 secs]
27.159: [GC (Allocation Failure)  1397249K->513K(4193792K), 0.0002826 secs]
27.174: [GC (Allocation Failure)  1397249K->513K(4193792K), 0.0002868 secs]
27.188: [GC (Allocation Failure)  1397249K->513K(4193792K), 0.0002635 secs]
27.203: [GC (Allocation Failure)  1397249K->513K(4193792K), 0.0003364 secs]
27.217: [GC (Allocation Failure)  1397249K->513K(4193792K), 0.0002740 secs]
27.232: [GC (Allocation Failure)  1397249K->513K(4193792K), 0.0003559 secs]
27.248: [GC (Allocation Failure)  1397249K->513K(4193792K), 0.0002690 secs]
27.263: [GC (Allocation Failure)  1397249K->513K(4193792K), 0.0004618 secs]
27.279: [GC (Allocation Failure)  1397249K->513K(4193792K), 0.0003310 secs]
27.294: [GC (Allocation Failure)  1397249K->513K(4193792K), 0.0002777 secs]
27.310: [GC (Allocation Failure)  1397249K->513K(4193792K), 0.0003048 secs]
27.325: [GC (Allocation Failure)  1397249K->513K(4193792K), 0.0002711 secs]
27.343: [GC (Allocation Failure)  1397249K->513K(4193792K), 0.0006716 secs]
27.358: [GC (Allocation Failure)  1397249K->513K(4193792K), 0.0003616 secs]
27.373: [GC (Allocation Failure)  1397249K->513K(4193792K), 0.0002633 secs]
27.388: [GC (Allocation Failure)  1397249K->513K(4193792K), 0.0002922 secs]
27.403: [GC (Allocation Failure)  1397249K->513K(4193792K), 0.0003101 secs]
27.423: [GC (Allocation Failure)  1397249K->513K(4193792K), 0.0011197 secs]
27.440: [GC (Allocation Failure)  1397249K->513K(4193792K), 0.0003405 secs]
27.454: [GC (Allocation Failure)  1397249K->513K(4193792K), 0.0002877 secs]
27.470: [GC (Allocation Failure)  1397249K->513K(4193792K), 0.0004112 secs]
27.486: [GC (Allocation Failure)  1397249K->513K(4193792K), 0.0003706 secs]
27.501: [GC (Allocation Failure)  1397249K->513K(4193792K), 0.0002460 secs]
27.517: [GC (Allocation Failure)  1397249K->513K(4193792K), 0.0003296 secs]
27.533: [GC (Allocation Failure)  1397249K->513K(4193792K), 0.0003276 secs]
27.549: [GC (Allocation Failure)  1397249K->513K(4193792K), 0.0002418 secs]
27.564: [GC (Allocation Failure)  1397249K->513K(4193792K), 0.0003254 secs]
27.579: [GC (Allocation Failure)  1397249K->513K(4193792K), 0.0002675 secs]
27.594: [GC (Allocation Failure)  1397249K->513K(4193792K), 0.0002721 secs]
27.609: [GC (Allocation Failure)  1397249K->513K(4193792K), 0.0003080 secs]
27.624: [GC (Allocation Failure)  1397249K->513K(4193792K), 0.0003033 secs]
27.639: [GC (Allocation Failure)  1397249K->513K(4193792K), 0.0002703 secs]
27.654: [GC (Allocation Failure)  1397249K->513K(4193792K), 0.0003715 secs]
27.669: [GC (Allocation Failure)  1397249K->513K(4193792K), 0.0002777 secs]
27.684: [GC (Allocation Failure)  1397249K->513K(4193792K), 0.0003024 secs]
27.700: [GC (Allocation Failure)  1397249K->513K(4193792K), 0.0003805 secs]
27.716: [GC (Allocation Failure)  1397249K->513K(4193792K), 0.0002754 secs]
27.731: [GC (Allocation Failure)  1397249K->513K(4193792K), 0.0002834 secs]
27.746: [GC (Allocation Failure)  1397249K->513K(4193792K), 0.0002473 secs]
27.760: [GC (Allocation Failure)  1397249K->513K(4193792K), 0.0002774 secs]
27.775: [GC (Allocation Failure)  1397249K->513K(4193792K), 0.0002364 secs]
27.789: [GC (Allocation Failure)  1397249K->513K(4193792K), 0.0002397 secs]
27.804: [GC (Allocation Failure)  1397249K->513K(4193792K), 0.0003313 secs]
27.819: [GC (Allocation Failure)  1397249K->513K(4193792K), 0.0003724 secs]
27.834: [GC (Allocation Failure)  1397249K->513K(4193792K), 0.0003255 secs]
27.849: [GC (Allocation Failure)  1397249K->513K(4193792K), 0.0005485 secs]
27.865: [GC (Allocation Failure)  1397249K->513K(4193792K), 0.0008093 secs]
27.887: [GC (Allocation Failure)  1397249K->513K(4193792K), 0.0005518 secs]
27.907: [GC (Allocation Failure)  1397249K->513K(4193792K), 0.0011550 secs]
27.924: [GC (Allocation Failure)  1397249K->513K(4193792K), 0.0002607 secs]
27.939: [GC (Allocation Failure)  1397249K->513K(4193792K), 0.0002518 secs]
27.954: [GC (Allocation Failure)  1397249K->513K(4193792K), 0.0002295 secs]
27.968: [GC (Allocation Failure)  1397249K->513K(4193792K), 0.0002668 secs]
27.983: [GC (Allocation Failure)  1397249K->513K(4193792K), 0.0002493 secs]
27.998: [GC (Allocation Failure)  1397249K->513K(4193792K), 0.0003569 secs]
28.013: [GC (Allocation Failure)  1397249K->513K(4193792K), 0.0002945 secs]
28.027: [GC (Allocation Failure)  1397249K->513K(4193792K), 0.0003125 secs]
28.042: [GC (Allocation Failure)  1397249K->513K(4193792K), 0.0002875 secs]
28.058: [GC (Allocation Failure)  1397249K->513K(4193792K), 0.0003123 secs]
28.073: [GC (Allocation Failure)  1397249K->513K(4193792K), 0.0003480 secs]
28.088: [GC (Allocation Failure)  1397249K->513K(4193792K), 0.0003517 secs]
28.104: [GC (Allocation Failure)  1397249K->513K(4193792K), 0.0006295 secs]
28.120: [GC (Allocation Failure)  1397249K->513K(4193792K), 0.0002148 secs]
28.134: [GC (Allocation Failure)  1397249K->513K(4193792K), 0.0003322 secs]
28.149: [GC (Allocation Failure)  1397249K->513K(4193792K), 0.0002707 secs]
28.164: [GC (Allocation Failure)  1397249K->513K(4193792K), 0.0002580 secs]
28.178: [GC (Allocation Failure)  1397249K->513K(4193792K), 0.0002782 secs]
28.193: [GC (Allocation Failure)  1397249K->513K(4193792K), 0.0002505 secs]
28.208: [GC (Allocation Failure)  1397249K->513K(4193792K), 0.0002656 secs]
28.222: [GC (Allocation Failure)  1397249K->513K(4193792K), 0.0003650 secs]
28.238: [GC (Allocation Failure)  1397249K->513K(4193792K), 0.0002919 secs]
28.252: [GC (Allocation Failure)  1397249K->513K(4193792K), 0.0003253 secs]
28.267: [GC (Allocation Failure)  1397249K->513K(4193792K), 0.0002803 secs]
28.282: [GC (Allocation Failure)  1397249K->513K(4193792K), 0.0002964 secs]
28.298: [GC (Allocation Failure)  1397249K->513K(4193792K), 0.0003800 secs]
28.313: [GC (Allocation Failure)  1397249K->513K(4193792K), 0.0006630 secs]
28.329: [GC (Allocation Failure)  1397249K->513K(4193792K), 0.0002788 secs]
28.345: [GC (Allocation Failure)  1397249K->513K(4193792K), 0.0002254 secs]
28.359: [GC (Allocation Failure)  1397249K->513K(4193792K), 0.0002296 secs]
28.374: [GC (Allocation Failure)  1397249K->513K(4193792K), 0.0002380 secs]
28.389: [GC (Allocation Failure)  1397249K->513K(4193792K), 0.0002795 secs]
28.404: [GC (Allocation Failure)  1397249K->513K(4193792K), 0.0002330 secs]
28.419: [GC (Allocation Failure)  1397249K->513K(4193792K), 0.0002319 secs]
28.434: [GC (Allocation Failure)  1397249K->513K(4193792K), 0.0002706 secs]
28.449: [GC (Allocation Failure)  1397249K->513K(4193792K), 0.0002318 secs]
28.464: [GC (Allocation Failure)  1397249K->513K(4193792K), 0.0002723 secs]
28.479: [GC (Allocation Failure)  1397249K->513K(4193792K), 0.0002931 secs]
28.494: [GC (Allocation Failure)  1397249K->513K(4193792K), 0.0002377 secs]
28.518: [GC (Allocation Failure)  1397249K->513K(4193792K), 0.0002602 secs]
28.533: [GC (Allocation Failure)  1397249K->513K(4193792K), 0.0003762 secs]
28.548: [GC (Allocation Failure)  1397249K->513K(4193792K), 0.0004983 secs]
28.564: [GC (Allocation Failure)  1397249K->513K(4193792K), 0.0002463 secs]
28.579: [GC (Allocation Failure)  1397249K->513K(4193792K), 0.0003674 secs]
28.595: [GC (Allocation Failure)  1397249K->513K(4193792K), 0.0003250 secs]
28.611: [GC (Allocation Failure)  1397249K->513K(4193792K), 0.0003769 secs]
28.626: [GC (Allocation Failure)  1397249K->513K(4193792K), 0.0003148 secs]
28.642: [GC (Allocation Failure)  1397249K->513K(4193792K), 0.0003488 secs]
28.658: [GC (Allocation Failure)  1397249K->513K(4193792K), 0.0003113 secs]
28.672: [GC (Allocation Failure)  1397249K->513K(4193792K), 0.0003178 secs]
28.687: [GC (Allocation Failure)  1397249K->513K(4193792K), 0.0002686 secs]
28.702: [GC (Allocation Failure)  1397249K->513K(4193792K), 0.0003208 secs]
28.717: [GC (Allocation Failure)  1397249K->513K(4193792K), 0.0003338 secs]
28.733: [GC (Allocation Failure)  1397249K->513K(4193792K), 0.0005189 secs]
28.748: [GC (Allocation Failure)  1397249K->513K(4193792K), 0.0002874 secs]
28.763: [GC (Allocation Failure)  1397249K->513K(4193792K), 0.0002704 secs]
28.778: [GC (Allocation Failure)  1397249K->513K(4193792K), 0.0002979 secs]
28.794: [GC (Allocation Failure)  1397249K->513K(4193792K), 0.0004013 secs]
28.810: [GC (Allocation Failure)  1397249K->513K(4193792K), 0.0003316 secs]
28.825: [GC (Allocation Failure)  1397249K->513K(4193792K), 0.0003156 secs]
28.841: [GC (Allocation Failure)  1397249K->513K(4193792K), 0.0002707 secs]
28.856: [GC (Allocation Failure)  1397249K->513K(4193792K), 0.0002816 secs]
28.871: [GC (Allocation Failure)  1397249K->513K(4193792K), 0.0003750 secs]
28.887: [GC (Allocation Failure)  1397249K->513K(4193792K), 0.0003153 secs]
28.902: [GC (Allocation Failure)  1397249K->513K(4193792K), 0.0002805 secs]
28.918: [GC (Allocation Failure)  1397249K->513K(4193792K), 0.0002735 secs]
28.935: [GC (Allocation Failure)  1397249K->513K(4193792K), 0.0006683 secs]
28.951: [GC (Allocation Failure)  1397249K->513K(4193792K), 0.0005706 secs]
28.967: [GC (Allocation Failure)  1397249K->513K(4193792K), 0.0016474 secs]
28.985: [GC (Allocation Failure)  1397249K->513K(4193792K), 0.0010168 secs]
29.001: [GC (Allocation Failure)  1397249K->513K(4193792K), 0.0003751 secs]
29.017: [GC (Allocation Failure)  1397249K->513K(4193792K), 0.0003242 secs]
29.032: [GC (Allocation Failure)  1397249K->513K(4193792K), 0.0002858 secs]
29.047: [GC (Allocation Failure)  1397249K->513K(4193792K), 0.0002455 secs]
29.063: [GC (Allocation Failure)  1397249K->513K(4193792K), 0.0002792 secs]
29.078: [GC (Allocation Failure)  1397249K->513K(4193792K), 0.0003341 secs]
29.093: [GC (Allocation Failure)  1397249K->513K(4193792K), 0.0002587 secs]
29.108: [GC (Allocation Failure)  1397249K->513K(4193792K), 0.0002294 secs]
29.122: [GC (Allocation Failure)  1397249K->513K(4193792K), 0.0003255 secs]
29.138: [GC (Allocation Failure)  1397249K->513K(4193792K), 0.0004548 secs]
29.153: [GC (Allocation Failure)  1397249K->513K(4193792K), 0.0003071 secs]
29.169: [GC (Allocation Failure)  1397249K->513K(4193792K), 0.0005067 secs]
29.184: [GC (Allocation Failure)  1397249K->513K(4193792K), 0.0002743 secs]
29.199: [GC (Allocation Failure)  1397249K->513K(4193792K), 0.0002982 secs]
29.215: [GC (Allocation Failure)  1397249K->513K(4193792K), 0.0004455 secs]
29.231: [GC (Allocation Failure)  1397249K->513K(4193792K), 0.0004031 secs]
29.246: [GC (Allocation Failure)  1397249K->513K(4193792K), 0.0013750 secs]
29.262: [GC (Allocation Failure)  1397249K->513K(4193792K), 0.0002740 secs]
29.278: [GC (Allocation Failure)  1397249K->513K(4193792K), 0.0003338 secs]
29.293: [GC (Allocation Failure)  1397249K->513K(4193792K), 0.0002387 secs]
29.309: [GC (Allocation Failure)  1397249K->513K(4193792K), 0.0002765 secs]
29.324: [GC (Allocation Failure)  1397249K->513K(4193792K), 0.0003193 secs]
29.339: [GC (Allocation Failure)  1397249K->513K(4193792K), 0.0002948 secs]
29.355: [GC (Allocation Failure)  1397249K->513K(4193792K), 0.0004419 secs]
29.370: [GC (Allocation Failure)  1397249K->513K(4193792K), 0.0003133 secs]
29.386: [GC (Allocation Failure)  1397249K->513K(4193792K), 0.0002874 secs]
29.402: [GC (Allocation Failure)  1397249K->513K(4193792K), 0.0003402 secs]
29.417: [GC (Allocation Failure)  1397249K->513K(4193792K), 0.0003424 secs]
29.434: [GC (Allocation Failure)  1397249K->513K(4193792K), 0.0002600 secs]
29.449: [GC (Allocation Failure)  1397249K->513K(4193792K), 0.0002532 secs]
29.465: [GC (Allocation Failure)  1397249K->513K(4193792K), 0.0002405 secs]
29.479: [GC (Allocation Failure)  1397249K->513K(4193792K), 0.0002334 secs]
29.495: [GC (Allocation Failure)  1397249K->513K(4193792K), 0.0002792 secs]
29.510: [GC (Allocation Failure)  1397249K->513K(4193792K), 0.0004962 secs]
29.532: [GC (Allocation Failure)  1397249K->513K(4193792K), 0.0003680 secs]
29.547: [GC (Allocation Failure)  1397249K->513K(4193792K), 0.0002658 secs]
29.563: [GC (Allocation Failure)  1397249K->513K(4193792K), 0.0003542 secs]
29.578: [GC (Allocation Failure)  1397249K->513K(4193792K), 0.0003321 secs]
29.594: [GC (Allocation Failure)  1397249K->513K(4193792K), 0.0003341 secs]
29.609: [GC (Allocation Failure)  1397249K->513K(4193792K), 0.0002964 secs]
29.624: [GC (Allocation Failure)  1397249K->513K(4193792K), 0.0003455 secs]
29.640: [GC (Allocation Failure)  1397249K->513K(4193792K), 0.0002811 secs]
29.656: [GC (Allocation Failure)  1397249K->513K(4193792K), 0.0003908 secs]
29.670: [GC (Allocation Failure)  1397249K->513K(4193792K), 0.0002298 secs]
29.686: [GC (Allocation Failure)  1397249K->513K(4193792K), 0.0002832 secs]
29.701: [GC (Allocation Failure)  1397249K->513K(4193792K), 0.0002899 secs]
29.716: [GC (Allocation Failure)  1397249K->513K(4193792K), 0.0003719 secs]
29.732: [GC (Allocation Failure)  1397249K->513K(4193792K), 0.0003153 secs]
29.746: [GC (Allocation Failure)  1397249K->513K(4193792K), 0.0002540 secs]
29.761: [GC (Allocation Failure)  1397249K->513K(4193792K), 0.0002893 secs]
29.776: [GC (Allocation Failure)  1397249K->513K(4193792K), 0.0003031 secs]
29.792: [GC (Allocation Failure)  1397249K->513K(4193792K), 0.0002753 secs]
29.807: [GC (Allocation Failure)  1397249K->513K(4193792K), 0.0002839 secs]
29.821: [GC (Allocation Failure)  1397249K->513K(4193792K), 0.0003756 secs]
29.840: [GC (Allocation Failure)  1397249K->513K(4193792K), 0.0003607 secs]
29.855: [GC (Allocation Failure)  1397249K->513K(4193792K), 0.0002655 secs]
29.871: [GC (Allocation Failure)  1397249K->513K(4193792K), 0.0003531 secs]
29.886: [GC (Allocation Failure)  1397249K->513K(4193792K), 0.0002938 secs]
29.901: [GC (Allocation Failure)  1397249K->513K(4193792K), 0.0002706 secs]
29.918: [GC (Allocation Failure)  1397249K->513K(4193792K), 0.0002767 secs]
29.933: [GC (Allocation Failure)  1397249K->513K(4193792K), 0.0002613 secs]
29.949: [GC (Allocation Failure)  1397249K->513K(4193792K), 0.0006430 secs]
29.971: [GC (Allocation Failure)  1397249K->513K(4193792K), 0.0005854 secs]
29.987: [GC (Allocation Failure)  1397249K->513K(4193792K), 0.0005258 secs]
30.004: [GC (Allocation Failure)  1397249K->513K(4193792K), 0.0002930 secs]
30.018: [GC (Allocation Failure)  1397249K->513K(4193792K), 0.0003197 secs]
30.034: [GC (Allocation Failure)  1397249K->513K(4193792K), 0.0002704 secs]
30.050: [GC (Allocation Failure)  1397249K->513K(4193792K), 0.0002453 secs]
30.065: [GC (Allocation Failure)  1397249K->513K(4193792K), 0.0003351 secs]
30.080: [GC (Allocation Failure)  1397249K->513K(4193792K), 0.0003816 secs]
30.095: [GC (Allocation Failure)  1397249K->513K(4193792K), 0.0003093 secs]
30.111: [GC (Allocation Failure)  1397249K->513K(4193792K), 0.0003153 secs]
30.126: [GC (Allocation Failure)  1397249K->513K(4193792K), 0.0004355 secs]
30.141: [GC (Allocation Failure)  1397249K->513K(4193792K), 0.0002955 secs]
30.156: [GC (Allocation Failure)  1397249K->513K(4193792K), 0.0002676 secs]
30.171: [GC (Allocation Failure)  1397249K->513K(4193792K), 0.0002886 secs]
30.185: [GC (Allocation Failure)  1397249K->513K(4193792K), 0.0003415 secs]
30.200: [GC (Allocation Failure)  1397249K->513K(4193792K), 0.0003161 secs]
30.216: [GC (Allocation Failure)  1397249K->513K(4193792K), 0.0003029 secs]
30.232: [GC (Allocation Failure)  1397249K->513K(4193792K), 0.0002829 secs]
30.247: [GC (Allocation Failure)  1397249K->513K(4193792K), 0.0003071 secs]
30.262: [GC (Allocation Failure)  1397249K->513K(4193792K), 0.0003078 secs]
30.277: [GC (Allocation Failure)  1397249K->513K(4193792K), 0.0003184 secs]
30.293: [GC (Allocation Failure)  1397249K->513K(4193792K), 0.0002760 secs]
30.308: [GC (Allocation Failure)  1397249K->513K(4193792K), 0.0002728 secs]
30.324: [GC (Allocation Failure)  1397249K->513K(4193792K), 0.0049318 secs]
30.343: [GC (Allocation Failure)  1397249K->513K(4193792K), 0.0002985 secs]
30.358: [GC (Allocation Failure)  1397249K->513K(4193792K), 0.0002610 secs]
30.373: [GC (Allocation Failure)  1397249K->513K(4193792K), 0.0002695 secs]
30.388: [GC (Allocation Failure)  1397249K->513K(4193792K), 0.0002868 secs]
30.403: [GC (Allocation Failure)  1397249K->513K(4193792K), 0.0002733 secs]
30.418: [GC (Allocation Failure)  1397249K->513K(4193792K), 0.0002840 secs]
30.433: [GC (Allocation Failure)  1397249K->513K(4193792K), 0.0002926 secs]
30.448: [GC (Allocation Failure)  1397249K->513K(4193792K), 0.0005504 secs]
30.466: [GC (Allocation Failure)  1397249K->513K(4193792K), 0.0003088 secs]
30.482: [GC (Allocation Failure)  1397249K->513K(4193792K), 0.0003410 secs]
30.497: [GC (Allocation Failure)  1397249K->513K(4193792K), 0.0002784 secs]
30.512: [GC (Allocation Failure)  1397249K->513K(4193792K), 0.0002997 secs]
30.528: [GC (Allocation Failure)  1397249K->513K(4193792K), 0.0002609 secs]
30.543: [GC (Allocation Failure)  1397249K->513K(4193792K), 0.0002260 secs]
30.558: [GC (Allocation Failure)  1397249K->513K(4193792K), 0.0003005 secs]
30.573: [GC (Allocation Failure)  1397249K->513K(4193792K), 0.0012605 secs]
30.589: [GC (Allocation Failure)  1397249K->513K(4193792K), 0.0002879 secs]
30.604: [GC (Allocation Failure)  1397249K->513K(4193792K), 0.0002735 secs]
30.619: [GC (Allocation Failure)  1397249K->513K(4193792K), 0.0002534 secs]
30.635: [GC (Allocation Failure)  1397249K->513K(4193792K), 0.0004350 secs]
30.650: [GC (Allocation Failure)  1397249K->513K(4193792K), 0.0002445 secs]
30.666: [GC (Allocation Failure)  1397249K->513K(4193792K), 0.0002847 secs]
30.681: [GC (Allocation Failure)  1397249K->513K(4193792K), 0.0003281 secs]
30.697: [GC (Allocation Failure)  1397249K->513K(4193792K), 0.0002759 secs]
30.712: [GC (Allocation Failure)  1397249K->513K(4193792K), 0.0003068 secs]
30.728: [GC (Allocation Failure)  1397249K->513K(4193792K), 0.0002617 secs]
30.743: [GC (Allocation Failure)  1397249K->513K(4193792K), 0.0002496 secs]
30.758: [GC (Allocation Failure)  1397249K->513K(4193792K), 0.0002745 secs]
30.773: [GC (Allocation Failure)  1397249K->513K(4193792K), 0.0002575 secs]
30.788: [GC (Allocation Failure)  1397249K->513K(4193792K), 0.0002968 secs]
30.803: [GC (Allocation Failure)  1397249K->513K(4193792K), 0.0003488 secs]
30.818: [GC (Allocation Failure)  1397249K->513K(4193792K), 0.0002821 secs]
30.834: [GC (Allocation Failure)  1397249K->513K(4193792K), 0.0004534 secs]
30.849: [GC (Allocation Failure)  1397249K->513K(4193792K), 0.0002597 secs]
30.865: [GC (Allocation Failure)  1397249K->513K(4193792K), 0.0002728 secs]
30.880: [GC (Allocation Failure)  1397249K->513K(4193792K), 0.0002543 secs]
30.895: [GC (Allocation Failure)  1397249K->513K(4193792K), 0.0002979 secs]
30.910: [GC (Allocation Failure)  1397249K->513K(4193792K), 0.0002887 secs]
30.926: [GC (Allocation Failure)  1397249K->513K(4193792K), 0.0002518 secs]
30.941: [GC (Allocation Failure)  1397249K->513K(4193792K), 0.0003069 secs]
30.956: [GC (Allocation Failure)  1397249K->513K(4193792K), 0.0002315 secs]
30.971: [GC (Allocation Failure)  1397249K->513K(4193792K), 0.0003120 secs]
30.986: [GC (Allocation Failure)  1397249K->513K(4193792K), 0.0002632 secs]
31.001: [GC (Allocation Failure)  1397249K->513K(4193792K), 0.0003398 secs]
31.017: [GC (Allocation Failure)  1397249K->513K(4193792K), 0.0003128 secs]
31.032: [GC (Allocation Failure)  1397249K->513K(4193792K), 0.0003414 secs]
31.048: [GC (Allocation Failure)  1397249K->513K(4193792K), 0.0003341 secs]
31.064: [GC (Allocation Failure)  1397249K->513K(4193792K), 0.0002658 secs]
31.079: [GC (Allocation Failure)  1397249K->513K(4193792K), 0.0002638 secs]
31.094: [GC (Allocation Failure)  1397249K->513K(4193792K), 0.0002775 secs]
31.110: [GC (Allocation Failure)  1397249K->513K(4193792K), 0.0003013 secs]
31.125: [GC (Allocation Failure)  1397249K->513K(4193792K), 0.0002588 secs]
31.141: [GC (Allocation Failure)  1397249K->513K(4193792K), 0.0006709 secs]
31.156: [GC (Allocation Failure)  1397249K->513K(4193792K), 0.0002416 secs]
31.171: [GC (Allocation Failure)  1397249K->513K(4193792K), 0.0002739 secs]
31.186: [GC (Allocation Failure)  1397249K->513K(4193792K), 0.0002958 secs]
31.201: [GC (Allocation Failure)  1397249K->513K(4193792K), 0.0003493 secs]
31.216: [GC (Allocation Failure)  1397249K->513K(4193792K), 0.0002469 secs]
31.231: [GC (Allocation Failure)  1397249K->513K(4193792K), 0.0003028 secs]
31.246: [GC (Allocation Failure)  1397249K->513K(4193792K), 0.0002828 secs]
31.262: [GC (Allocation Failure)  1397249K->513K(4193792K), 0.0002381 secs]
31.277: [GC (Allocation Failure)  1397249K->513K(4193792K), 0.0002420 secs]
31.292: [GC (Allocation Failure)  1397249K->513K(4193792K), 0.0002957 secs]
31.308: [GC (Allocation Failure)  1397249K->513K(4193792K), 0.0002538 secs]
31.324: [GC (Allocation Failure)  1397249K->513K(4193792K), 0.0002224 secs]
31.339: [GC (Allocation Failure)  1397249K->513K(4193792K), 0.0007918 secs]
31.354: [GC (Allocation Failure)  1397249K->513K(4193792K), 0.0002806 secs]
31.369: [GC (Allocation Failure)  1397249K->513K(4193792K), 0.0002245 secs]
31.384: [GC (Allocation Failure)  1397249K->513K(4193792K), 0.0002493 secs]
31.399: [GC (Allocation Failure)  1397249K->513K(4193792K), 0.0003063 secs]
31.414: [GC (Allocation Failure)  1397249K->513K(4193792K), 0.0002657 secs]
31.430: [GC (Allocation Failure)  1397249K->513K(4193792K), 0.0002500 secs]
31.445: [GC (Allocation Failure)  1397249K->513K(4193792K), 0.0002451 secs]
31.461: [GC (Allocation Failure)  1397249K->513K(4193792K), 0.0002833 secs]
31.476: [GC (Allocation Failure)  1397249K->513K(4193792K), 0.0003753 secs]
31.492: [GC (Allocation Failure)  1397249K->513K(4193792K), 0.0003101 secs]
31.508: [GC (Allocation Failure)  1397249K->513K(4193792K), 0.0003147 secs]
31.523: [GC (Allocation Failure)  1397249K->513K(4193792K), 0.0002771 secs]
31.539: [GC (Allocation Failure)  1397249K->513K(4193792K), 0.0005100 secs]
31.554: [GC (Allocation Failure)  1397249K->513K(4193792K), 0.0002680 secs]
31.569: [GC (Allocation Failure)  1397249K->513K(4193792K), 0.0002945 secs]
31.584: [GC (Allocation Failure)  1397249K->513K(4193792K), 0.0002751 secs]
31.598: [GC (Allocation Failure)  1397249K->513K(4193792K), 0.0003386 secs]
31.614: [GC (Allocation Failure)  1397249K->513K(4193792K), 0.0002893 secs]
31.628: [GC (Allocation Failure)  1397249K->513K(4193792K), 0.0002458 secs]
31.644: [GC (Allocation Failure)  1397249K->513K(4193792K), 0.0002905 secs]
31.659: [GC (Allocation Failure)  1397249K->513K(4193792K), 0.0002738 secs]
31.673: [GC (Allocation Failure)  1397249K->513K(4193792K), 0.0002233 secs]
31.688: [GC (Allocation Failure)  1397249K->513K(4193792K), 0.0002566 secs]
31.703: [GC (Allocation Failure)  1397249K->513K(4193792K), 0.0002806 secs]
31.718: [GC (Allocation Failure)  1397249K->513K(4193792K), 0.0003247 secs]
31.733: [GC (Allocation Failure)  1397249K->513K(4193792K), 0.0002797 secs]
31.749: [GC (Allocation Failure)  1397249K->513K(4193792K), 0.0002278 secs]
31.764: [GC (Allocation Failure)  1397249K->513K(4193792K), 0.0002903 secs]
31.781: [GC (Allocation Failure)  1397249K->513K(4193792K), 0.0002234 secs]
31.796: [GC (Allocation Failure)  1397249K->513K(4193792K), 0.0002928 secs]
31.812: [GC (Allocation Failure)  1397249K->513K(4193792K), 0.0002733 secs]
31.827: [GC (Allocation Failure)  1397249K->513K(4193792K), 0.0003380 secs]
31.842: [GC (Allocation Failure)  1397249K->513K(4193792K), 0.0002808 secs]
31.857: [GC (Allocation Failure)  1397249K->513K(4193792K), 0.0002868 secs]
31.872: [GC (Allocation Failure)  1397249K->513K(4193792K), 0.0002261 secs]
31.887: [GC (Allocation Failure)  1397249K->513K(4193792K), 0.0003083 secs]
31.902: [GC (Allocation Failure)  1397249K->513K(4193792K), 0.0002623 secs]
31.917: [GC (Allocation Failure)  1397249K->513K(4193792K), 0.0003261 secs]
31.933: [GC (Allocation Failure)  1397249K->513K(4193792K), 0.0002754 secs]
31.948: [GC (Allocation Failure)  1397249K->513K(4193792K), 0.0005606 secs]
31.964: [GC (Allocation Failure)  1397249K->513K(4193792K), 0.0005847 secs]
31.980: [GC (Allocation Failure)  1397249K->513K(4193792K), 0.0005897 secs]
31.995: [GC (Allocation Failure)  1397249K->513K(4193792K), 0.0002403 secs]
32.011: [GC (Allocation Failure)  1397249K->513K(4193792K), 0.0004227 secs]
32.026: [GC (Allocation Failure)  1397249K->513K(4193792K), 0.0002910 secs]
32.042: [GC (Allocation Failure)  1397249K->513K(4193792K), 0.0002389 secs]
32.057: [GC (Allocation Failure)  1397249K->513K(4193792K), 0.0002547 secs]
32.072: [GC (Allocation Failure)  1397249K->513K(4193792K), 0.0019206 secs]
32.088: [GC (Allocation Failure)  1397249K->513K(4193792K), 0.0002566 secs]
32.103: [GC (Allocation Failure)  1397249K->513K(4193792K), 0.0002992 secs]
32.118: [GC (Allocation Failure)  1397249K->513K(4193792K), 0.0003439 secs]
32.134: [GC (Allocation Failure)  1397249K->513K(4193792K), 0.0002718 secs]
32.149: [GC (Allocation Failure)  1397249K->513K(4193792K), 0.0002804 secs]
32.165: [GC (Allocation Failure)  1397249K->513K(4193792K), 0.0002896 secs]
32.180: [GC (Allocation Failure)  1397249K->513K(4193792K), 0.0002451 secs]
32.196: [GC (Allocation Failure)  1397249K->513K(4193792K), 0.0002930 secs]
32.211: [GC (Allocation Failure)  1397249K->513K(4193792K), 0.0002793 secs]
32.227: [GC (Allocation Failure)  1397249K->513K(4193792K), 0.0003284 secs]
32.242: [GC (Allocation Failure)  1397249K->513K(4193792K), 0.0002519 secs]
32.257: [GC (Allocation Failure)  1397249K->513K(4193792K), 0.0002248 secs]
32.272: [GC (Allocation Failure)  1397249K->513K(4193792K), 0.0002719 secs]
32.286: [GC (Allocation Failure)  1397249K->513K(4193792K), 0.0002979 secs]
32.301: [GC (Allocation Failure)  1397249K->513K(4193792K), 0.0002694 secs]
32.316: [GC (Allocation Failure)  1397249K->513K(4193792K), 0.0002963 secs]
32.332: [GC (Allocation Failure)  1397249K->513K(4193792K), 0.0002778 secs]
32.347: [GC (Allocation Failure)  1397249K->513K(4193792K), 0.0003363 secs]
32.363: [GC (Allocation Failure)  1397249K->513K(4193792K), 0.0002527 secs]
32.378: [GC (Allocation Failure)  1397249K->513K(4193792K), 0.0002318 secs]
32.394: [GC (Allocation Failure)  1397249K->513K(4193792K), 0.0001923 secs]
32.409: [GC (Allocation Failure)  1397249K->513K(4193792K), 0.0002886 secs]
32.424: [GC (Allocation Failure)  1397249K->513K(4193792K), 0.0002624 secs]
32.440: [GC (Allocation Failure)  1397249K->513K(4193792K), 0.0004333 secs]
32.455: [GC (Allocation Failure)  1397249K->513K(4193792K), 0.0002420 secs]
32.470: [GC (Allocation Failure)  1397249K->513K(4193792K), 0.0002238 secs]
32.485: [GC (Allocation Failure)  1397249K->513K(4193792K), 0.0002110 secs]
32.499: [GC (Allocation Failure)  1397249K->513K(4193792K), 0.0002626 secs]
32.515: [GC (Allocation Failure)  1397249K->513K(4193792K), 0.0002946 secs]
32.530: [GC (Allocation Failure)  1397249K->513K(4193792K), 0.0002205 secs]
32.546: [GC (Allocation Failure)  1397249K->513K(4193792K), 0.0006870 secs]
32.562: [GC (Allocation Failure)  1397249K->513K(4193792K), 0.0003577 secs]
32.577: [GC (Allocation Failure)  1397249K->513K(4193792K), 0.0004849 secs]
32.593: [GC (Allocation Failure)  1397249K->513K(4193792K), 0.0003406 secs]
32.608: [GC (Allocation Failure)  1397249K->513K(4193792K), 0.0002483 secs]
32.624: [GC (Allocation Failure)  1397249K->513K(4193792K), 0.0002400 secs]
32.639: [GC (Allocation Failure)  1397249K->513K(4193792K), 0.0002697 secs]
32.654: [GC (Allocation Failure)  1397249K->513K(4193792K), 0.0002195 secs]
32.669: [GC (Allocation Failure)  1397249K->513K(4193792K), 0.0002675 secs]
32.684: [GC (Allocation Failure)  1397249K->513K(4193792K), 0.0003224 secs]
32.699: [GC (Allocation Failure)  1397249K->513K(4193792K), 0.0002738 secs]
32.714: [GC (Allocation Failure)  1397249K->513K(4193792K), 0.0002675 secs]
32.729: [GC (Allocation Failure)  1397249K->513K(4193792K), 0.0002550 secs]
32.745: [GC (Allocation Failure)  1397249K->513K(4193792K), 0.0003219 secs]
32.760: [GC (Allocation Failure)  1397249K->513K(4193792K), 0.0004285 secs]
32.776: [GC (Allocation Failure)  1397249K->513K(4193792K), 0.0002330 secs]
32.791: [GC (Allocation Failure)  1397249K->513K(4193792K), 0.0002274 secs]
32.807: [GC (Allocation Failure)  1397249K->513K(4193792K), 0.0003851 secs]
32.822: [GC (Allocation Failure)  1397249K->513K(4193792K), 0.0002613 secs]
32.837: [GC (Allocation Failure)  1397249K->513K(4193792K), 0.0003445 secs]
32.852: [GC (Allocation Failure)  1397249K->513K(4193792K), 0.0002110 secs]
32.867: [GC (Allocation Failure)  1397249K->513K(4193792K), 0.0002735 secs]
32.883: [GC (Allocation Failure)  1397249K->513K(4193792K), 0.0002669 secs]
32.897: [GC (Allocation Failure)  1397249K->513K(4193792K), 0.0002721 secs]
32.913: [GC (Allocation Failure)  1397249K->513K(4193792K), 0.0002912 secs]
32.928: [GC (Allocation Failure)  1397249K->513K(4193792K), 0.0002576 secs]
32.944: [GC (Allocation Failure)  1397249K->513K(4193792K), 0.0008168 secs]
32.963: [GC (Allocation Failure)  1397249K->513K(4193792K), 0.0002617 secs]
32.979: [GC (Allocation Failure)  1397249K->513K(4193792K), 0.0002611 secs]
32.994: [GC (Allocation Failure)  1397249K->513K(4193792K), 0.0002924 secs]
33.010: [GC (Allocation Failure)  1397249K->513K(4193792K), 0.0002767 secs]
33.025: [GC (Allocation Failure)  1397249K->513K(4193792K), 0.0002720 secs]
33.041: [GC (Allocation Failure)  1397249K->513K(4193792K), 0.0002626 secs]
33.056: [GC (Allocation Failure)  1397249K->513K(4193792K), 0.0003063 secs]
33.071: [GC (Allocation Failure)  1397249K->513K(4193792K), 0.0002819 secs]
33.086: [GC (Allocation Failure)  1397249K->513K(4193792K), 0.0002434 secs]
33.101: [GC (Allocation Failure)  1397249K->513K(4193792K), 0.0003675 secs]
33.116: [GC (Allocation Failure)  1397249K->513K(4193792K), 0.0003054 secs]
33.132: [GC (Allocation Failure)  1397249K->513K(4193792K), 0.0002596 secs]
33.147: [GC (Allocation Failure)  1397249K->513K(4193792K), 0.0011091 secs]
33.163: [GC (Allocation Failure)  1397249K->513K(4193792K), 0.0002445 secs]
33.178: [GC (Allocation Failure)  1397249K->513K(4193792K), 0.0002465 secs]
33.194: [GC (Allocation Failure)  1397249K->513K(4193792K), 0.0002783 secs]
33.209: [GC (Allocation Failure)  1397249K->513K(4193792K), 0.0002462 secs]
33.225: [GC (Allocation Failure)  1397249K->513K(4193792K), 0.0002598 secs]
33.240: [GC (Allocation Failure)  1397249K->513K(4193792K), 0.0003108 secs]
33.255: [GC (Allocation Failure)  1397249K->513K(4193792K), 0.0002771 secs]
33.270: [GC (Allocation Failure)  1397249K->513K(4193792K), 0.0002466 secs]
33.285: [GC (Allocation Failure)  1397249K->513K(4193792K), 0.0002848 secs]
33.301: [GC (Allocation Failure)  1397249K->513K(4193792K), 0.0005630 secs]
33.316: [GC (Allocation Failure)  1397249K->513K(4193792K), 0.0002810 secs]
33.331: [GC (Allocation Failure)  1397249K->513K(4193792K), 0.0002347 secs]
33.346: [GC (Allocation Failure)  1397249K->513K(4193792K), 0.0002243 secs]
33.361: [GC (Allocation Failure)  1397249K->513K(4193792K), 0.0002500 secs]
33.375: [GC (Allocation Failure)  1397249K->513K(4193792K), 0.0002455 secs]
33.390: [GC (Allocation Failure)  1397249K->513K(4193792K), 0.0002518 secs]
33.405: [GC (Allocation Failure)  1397249K->513K(4193792K), 0.0046333 secs]
33.424: [GC (Allocation Failure)  1397249K->513K(4193792K), 0.0002871 secs]
33.439: [GC (Allocation Failure)  1397249K->513K(4193792K), 0.0003034 secs]
33.455: [GC (Allocation Failure)  1397249K->513K(4193792K), 0.0003359 secs]
33.470: [GC (Allocation Failure)  1397249K->513K(4193792K), 0.0002747 secs]
33.485: [GC (Allocation Failure)  1397249K->513K(4193792K), 0.0003022 secs]
33.501: [GC (Allocation Failure)  1397249K->513K(4193792K), 0.0003219 secs]
33.517: [GC (Allocation Failure)  1397249K->513K(4193792K), 0.0005078 secs]
33.533: [GC (Allocation Failure)  1397249K->513K(4193792K), 0.0003103 secs]
33.547: [GC (Allocation Failure)  1397249K->513K(4193792K), 0.0003088 secs]
33.563: [GC (Allocation Failure)  1397249K->513K(4193792K), 0.0004220 secs]
33.578: [GC (Allocation Failure)  1397249K->513K(4193792K), 0.0002516 secs]
33.593: [GC (Allocation Failure)  1397249K->513K(4193792K), 0.0003567 secs]
33.608: [GC (Allocation Failure)  1397249K->513K(4193792K), 0.0003294 secs]
33.622: [GC (Allocation Failure)  1397249K->513K(4193792K), 0.0003285 secs]
33.638: [GC (Allocation Failure)  1397249K->513K(4193792K), 0.0002845 secs]
33.653: [GC (Allocation Failure)  1397249K->513K(4193792K), 0.0007703 secs]
33.669: [GC (Allocation Failure)  1397249K->513K(4193792K), 0.0004038 secs]
33.685: [GC (Allocation Failure)  1397249K->513K(4193792K), 0.0003287 secs]
33.700: [GC (Allocation Failure)  1397249K->513K(4193792K), 0.0002630 secs]
33.715: [GC (Allocation Failure)  1397249K->513K(4193792K), 0.0003405 secs]
33.731: [GC (Allocation Failure)  1397249K->513K(4193792K), 0.0002614 secs]
33.746: [GC (Allocation Failure)  1397249K->513K(4193792K), 0.0002730 secs]
33.760: [GC (Allocation Failure)  1397249K->513K(4193792K), 0.0002953 secs]
33.775: [GC (Allocation Failure)  1397249K->513K(4193792K), 0.0003044 secs]
33.789: [GC (Allocation Failure)  1397249K->513K(4193792K), 0.0002811 secs]
33.804: [GC (Allocation Failure)  1397249K->513K(4193792K), 0.0002725 secs]
33.819: [GC (Allocation Failure)  1397249K->513K(4193792K), 0.0002609 secs]
33.834: [GC (Allocation Failure)  1397249K->513K(4193792K), 0.0002686 secs]
33.850: [GC (Allocation Failure)  1397249K->513K(4193792K), 0.0006965 secs]
33.866: [GC (Allocation Failure)  1397249K->513K(4193792K), 0.0004889 secs]
33.886: [GC (Allocation Failure)  1397249K->513K(4193792K), 0.0016748 secs]
33.906: [GC (Allocation Failure)  1397249K->513K(4193792K), 0.0002828 secs]
33.922: [GC (Allocation Failure)  1397249K->513K(4193792K), 0.0002794 secs]
33.937: [GC (Allocation Failure)  1397249K->513K(4193792K), 0.0002975 secs]
33.953: [GC (Allocation Failure)  1397249K->513K(4193792K), 0.0002273 secs]
33.967: [GC (Allocation Failure)  1397249K->513K(4193792K), 0.0002300 secs]
33.982: [GC (Allocation Failure)  1397249K->513K(4193792K), 0.0002595 secs]
33.997: [GC (Allocation Failure)  1397249K->513K(4193792K), 0.0002876 secs]
34.012: [GC (Allocation Failure)  1397249K->513K(4193792K), 0.0003042 secs]
34.027: [GC (Allocation Failure)  1397249K->513K(4193792K), 0.0002746 secs]
34.043: [GC (Allocation Failure)  1397249K->513K(4193792K), 0.0003065 secs]
34.058: [GC (Allocation Failure)  1397249K->513K(4193792K), 0.0002645 secs]
34.074: [GC (Allocation Failure)  1397249K->513K(4193792K), 0.0002892 secs]
34.089: [GC (Allocation Failure)  1397249K->513K(4193792K), 0.0002808 secs]
34.105: [GC (Allocation Failure)  1397249K->513K(4193792K), 0.0003884 secs]
34.120: [GC (Allocation Failure)  1397249K->513K(4193792K), 0.0003054 secs]
34.135: [GC (Allocation Failure)  1397249K->513K(4193792K), 0.0002631 secs]
34.150: [GC (Allocation Failure)  1397249K->513K(4193792K), 0.0003146 secs]
34.164: [GC (Allocation Failure)  1397249K->513K(4193792K), 0.0003302 secs]
34.179: [GC (Allocation Failure)  1397249K->513K(4193792K), 0.0002744 secs]
34.194: [GC (Allocation Failure)  1397249K->513K(4193792K), 0.0003270 secs]
34.209: [GC (Allocation Failure)  1397249K->513K(4193792K), 0.0002955 secs]
34.223: [GC (Allocation Failure)  1397249K->513K(4193792K), 0.0002870 secs]
34.238: [GC (Allocation Failure)  1397249K->513K(4193792K), 0.0006362 secs]
34.254: [GC (Allocation Failure)  1397249K->513K(4193792K), 0.0003583 secs]
34.270: [GC (Allocation Failure)  1397249K->513K(4193792K), 0.0003888 secs]
34.285: [GC (Allocation Failure)  1397249K->513K(4193792K), 0.0003120 secs]
34.300: [GC (Allocation Failure)  1397249K->513K(4193792K), 0.0003447 secs]
34.316: [GC (Allocation Failure)  1397249K->513K(4193792K), 0.0002658 secs]
34.331: [GC (Allocation Failure)  1397249K->513K(4193792K), 0.0003212 secs]
34.347: [GC (Allocation Failure)  1397249K->513K(4193792K), 0.0002588 secs]
34.361: [GC (Allocation Failure)  1397249K->513K(4193792K), 0.0002795 secs]
34.376: [GC (Allocation Failure)  1397249K->513K(4193792K), 0.0002345 secs]
34.391: [GC (Allocation Failure)  1397249K->513K(4193792K), 0.0003188 secs]
34.406: [GC (Allocation Failure)  1397249K->513K(4193792K), 0.0003411 secs]
34.421: [GC (Allocation Failure)  1397249K->513K(4193792K), 0.0002708 secs]
34.437: [GC (Allocation Failure)  1397249K->513K(4193792K), 0.0002677 secs]
34.452: [GC (Allocation Failure)  1397249K->513K(4193792K), 0.0002801 secs]
34.467: [GC (Allocation Failure)  1397249K->513K(4193792K), 0.0002996 secs]
34.484: [GC (Allocation Failure)  1397249K->513K(4193792K), 0.0002526 secs]
34.499: [GC (Allocation Failure)  1397249K->513K(4193792K), 0.0002952 secs]
34.515: [GC (Allocation Failure)  1397249K->513K(4193792K), 0.0002619 secs]
34.531: [GC (Allocation Failure)  1397249K->513K(4193792K), 0.0002598 secs]
34.546: [GC (Allocation Failure)  1397249K->513K(4193792K), 0.0010630 secs]
34.561: [GC (Allocation Failure)  1397249K->513K(4193792K), 0.0003072 secs]
34.576: [GC (Allocation Failure)  1397249K->513K(4193792K), 0.0002888 secs]
34.591: [GC (Allocation Failure)  1397249K->513K(4193792K), 0.0002400 secs]
34.606: [GC (Allocation Failure)  1397249K->513K(4193792K), 0.0003194 secs]
34.622: [GC (Allocation Failure)  1397249K->513K(4193792K), 0.0003462 secs]
34.637: [GC (Allocation Failure)  1397249K->513K(4193792K), 0.0003492 secs]
34.652: [GC (Allocation Failure)  1397249K->513K(4193792K), 0.0003127 secs]
34.668: [GC (Allocation Failure)  1397249K->513K(4193792K), 0.0003249 secs]
34.683: [GC (Allocation Failure)  1397249K->513K(4193792K), 0.0002930 secs]
34.699: [GC (Allocation Failure)  1397249K->513K(4193792K), 0.0002471 secs]
34.714: [GC (Allocation Failure)  1397249K->513K(4193792K), 0.0006914 secs]
34.730: [GC (Allocation Failure)  1397249K->513K(4193792K), 0.0003015 secs]
34.745: [GC (Allocation Failure)  1397249K->513K(4193792K), 0.0002909 secs]
34.760: [GC (Allocation Failure)  1397249K->513K(4193792K), 0.0002672 secs]
34.775: [GC (Allocation Failure)  1397249K->513K(4193792K), 0.0002691 secs]
34.790: [GC (Allocation Failure)  1397249K->513K(4193792K), 0.0002705 secs]
34.805: [GC (Allocation Failure)  1397249K->513K(4193792K), 0.0003159 secs]
34.820: [GC (Allocation Failure)  1397249K->513K(4193792K), 0.0003057 secs]
34.836: [GC (Allocation Failure)  1397249K->513K(4193792K), 0.0002839 secs]
34.851: [GC (Allocation Failure)  1397249K->513K(4193792K), 0.0002490 secs]
34.867: [GC (Allocation Failure)  1397249K->513K(4193792K), 0.0027079 secs]
34.885: [GC (Allocation Failure)  1397249K->513K(4193792K), 0.0002584 secs]
34.900: [GC (Allocation Failure)  1397249K->513K(4193792K), 0.0003057 secs]
34.915: [GC (Allocation Failure)  1397249K->513K(4193792K), 0.0003009 secs]
34.931: [GC (Allocation Failure)  1397249K->513K(4193792K), 0.0002715 secs]
34.946: [GC (Allocation Failure)  1397249K->513K(4193792K), 0.0002851 secs]
34.961: [GC (Allocation Failure)  1397249K->513K(4193792K), 0.0002465 secs]
34.976: [GC (Allocation Failure)  1397249K->513K(4193792K), 0.0003538 secs]
34.991: [GC (Allocation Failure)  1397249K->513K(4193792K), 0.0007871 secs]
35.007: [GC (Allocation Failure)  1397249K->513K(4193792K), 0.0002641 secs]
35.021: [GC (Allocation Failure)  1397249K->513K(4193792K), 0.0002142 secs]
35.036: [GC (Allocation Failure)  1397249K->513K(4193792K), 0.0002343 secs]
35.051: [GC (Allocation Failure)  1397249K->513K(4193792K), 0.0002552 secs]
35.066: [GC (Allocation Failure)  1397249K->513K(4193792K), 0.0002598 secs]
35.081: [GC (Allocation Failure)  1397249K->513K(4193792K), 0.0002793 secs]
35.096: [GC (Allocation Failure)  1397249K->513K(4193792K), 0.0004373 secs]
35.112: [GC (Allocation Failure)  1397249K->513K(4193792K), 0.0003006 secs]
35.127: [GC (Allocation Failure)  1397249K->513K(4193792K), 0.0002451 secs]
35.142: [GC (Allocation Failure)  1397249K->513K(4193792K), 0.0002499 secs]
35.158: [GC (Allocation Failure)  1397249K->513K(4193792K), 0.0002664 secs]
35.173: [GC (Allocation Failure)  1397249K->513K(4193792K), 0.0002422 secs]
35.189: [GC (Allocation Failure)  1397249K->513K(4193792K), 0.0001952 secs]
35.204: [GC (Allocation Failure)  1397249K->513K(4193792K), 0.0002831 secs]
35.219: [GC (Allocation Failure)  1397249K->513K(4193792K), 0.0002505 secs]
35.235: [GC (Allocation Failure)  1397249K->513K(4193792K), 0.0002330 secs]
35.250: [GC (Allocation Failure)  1397249K->513K(4193792K), 0.0002369 secs]
35.265: [GC (Allocation Failure)  1397249K->513K(4193792K), 0.0002733 secs]
35.279: [GC (Allocation Failure)  1397249K->513K(4193792K), 0.0002316 secs]
35.294: [GC (Allocation Failure)  1397249K->513K(4193792K), 0.0002954 secs]
35.309: [GC (Allocation Failure)  1397249K->513K(4193792K), 0.0003467 secs]
35.325: [GC (Allocation Failure)  1397249K->513K(4193792K), 0.0002505 secs]
35.340: [GC (Allocation Failure)  1397249K->513K(4193792K), 0.0002850 secs]
35.355: [GC (Allocation Failure)  1397249K->513K(4193792K), 0.0003502 secs]
35.371: [GC (Allocation Failure)  1397249K->513K(4193792K), 0.0002794 secs]
35.387: [GC (Allocation Failure)  1397249K->513K(4193792K), 0.0002600 secs]
35.402: [GC (Allocation Failure)  1397249K->513K(4193792K), 0.0002844 secs]
35.418: [GC (Allocation Failure)  1397249K->513K(4193792K), 0.0003498 secs]
35.433: [GC (Allocation Failure)  1397249K->513K(4193792K), 0.0002628 secs]
35.448: [GC (Allocation Failure)  1397249K->513K(4193792K), 0.0002274 secs]
35.463: [GC (Allocation Failure)  1397249K->513K(4193792K), 0.0002438 secs]
35.477: [GC (Allocation Failure)  1397249K->513K(4193792K), 0.0002635 secs]
35.493: [GC (Allocation Failure)  1397249K->513K(4193792K), 0.0003007 secs]
35.508: [GC (Allocation Failure)  1397249K->513K(4193792K), 0.0005832 secs]
35.523: [GC (Allocation Failure)  1397249K->513K(4193792K), 0.0003255 secs]
35.539: [GC (Allocation Failure)  1397249K->513K(4193792K), 0.0005922 secs]
35.554: [GC (Allocation Failure)  1397249K->513K(4193792K), 0.0005614 secs]
35.570: [GC (Allocation Failure)  1397249K->513K(4193792K), 0.0002692 secs]
35.586: [GC (Allocation Failure)  1397249K->513K(4193792K), 0.0004490 secs]
35.601: [GC (Allocation Failure)  1397249K->513K(4193792K), 0.0002775 secs]
35.617: [GC (Allocation Failure)  1397249K->513K(4193792K), 0.0002666 secs]
35.632: [GC (Allocation Failure)  1397249K->513K(4193792K), 0.0002818 secs]
35.647: [GC (Allocation Failure)  1397249K->513K(4193792K), 0.0003099 secs]
35.662: [GC (Allocation Failure)  1397249K->513K(4193792K), 0.0002880 secs]
35.677: [GC (Allocation Failure)  1397249K->513K(4193792K), 0.0002278 secs]
35.692: [GC (Allocation Failure)  1397249K->513K(4193792K), 0.0002455 secs]
35.707: [GC (Allocation Failure)  1397249K->513K(4193792K), 0.0002635 secs]
35.722: [GC (Allocation Failure)  1397249K->513K(4193792K), 0.0002940 secs]
35.737: [GC (Allocation Failure)  1397249K->513K(4193792K), 0.0002651 secs]
35.753: [GC (Allocation Failure)  1397249K->513K(4193792K), 0.0002538 secs]
35.768: [GC (Allocation Failure)  1397249K->513K(4193792K), 0.0002570 secs]
35.787: [GC (Allocation Failure)  1397249K->513K(4193792K), 0.0003144 secs]
35.802: [GC (Allocation Failure)  1397249K->513K(4193792K), 0.0002248 secs]
35.818: [GC (Allocation Failure)  1397249K->513K(4193792K), 0.0003246 secs]
35.833: [GC (Allocation Failure)  1397249K->513K(4193792K), 0.0003035 secs]
35.848: [GC (Allocation Failure)  1397249K->513K(4193792K), 0.0002575 secs]
35.863: [GC (Allocation Failure)  1397249K->513K(4193792K), 0.0002618 secs]
35.878: [GC (Allocation Failure)  1397249K->513K(4193792K), 0.0002590 secs]
35.894: [GC (Allocation Failure)  1397249K->513K(4193792K), 0.0003193 secs]
35.909: [GC (Allocation Failure)  1397249K->513K(4193792K), 0.0002794 secs]
35.924: [GC (Allocation Failure)  1397249K->513K(4193792K), 0.0002985 secs]
35.939: [GC (Allocation Failure)  1397249K->513K(4193792K), 0.0009254 secs]
35.955: [GC (Allocation Failure)  1397249K->513K(4193792K), 0.0002116 secs]
35.970: [GC (Allocation Failure)  1397249K->513K(4193792K), 0.0002718 secs]
35.985: [GC (Allocation Failure)  1397249K->513K(4193792K), 0.0002990 secs]
36.002: [GC (Allocation Failure)  1397249K->513K(4193792K), 0.0002817 secs]
36.018: [GC (Allocation Failure)  1397249K->513K(4193792K), 0.0002826 secs]
36.034: [GC (Allocation Failure)  1397249K->513K(4193792K), 0.0002388 secs]
36.049: [GC (Allocation Failure)  1397249K->513K(4193792K), 0.0002485 secs]
36.064: [GC (Allocation Failure)  1397249K->513K(4193792K), 0.0003031 secs]
36.079: [GC (Allocation Failure)  1397249K->513K(4193792K), 0.0002633 secs]
36.094: [GC (Allocation Failure)  1397249K->513K(4193792K), 0.0002151 secs]
36.109: [GC (Allocation Failure)  1397249K->513K(4193792K), 0.0002887 secs]
36.124: [GC (Allocation Failure)  1397249K->513K(4193792K), 0.0003333 secs]
36.139: [GC (Allocation Failure)  1397249K->513K(4193792K), 0.0002969 secs]
36.154: [GC (Allocation Failure)  1397249K->513K(4193792K), 0.0002678 secs]
36.170: [GC (Allocation Failure)  1397249K->513K(4193792K), 0.0003183 secs]
36.185: [GC (Allocation Failure)  1397249K->513K(4193792K), 0.0002325 secs]
36.201: [GC (Allocation Failure)  1397249K->513K(4193792K), 0.0007404 secs]
36.217: [GC (Allocation Failure)  1397249K->513K(4193792K), 0.0002800 secs]
36.232: [GC (Allocation Failure)  1397249K->513K(4193792K), 0.0002724 secs]
36.247: [GC (Allocation Failure)  1397249K->513K(4193792K), 0.0002750 secs]
36.262: [GC (Allocation Failure)  1397249K->513K(4193792K), 0.0002642 secs]
36.277: [GC (Allocation Failure)  1397249K->513K(4193792K), 0.0010808 secs]
36.293: [GC (Allocation Failure)  1397249K->513K(4193792K), 0.0002939 secs]
36.309: [GC (Allocation Failure)  1397249K->513K(4193792K), 0.0002560 secs]
36.324: [GC (Allocation Failure)  1397249K->513K(4193792K), 0.0002810 secs]
36.339: [GC (Allocation Failure)  1397249K->513K(4193792K), 0.0002640 secs]
36.355: [GC (Allocation Failure)  1397249K->513K(4193792K), 0.0002494 secs]
36.370: [GC (Allocation Failure)  1397249K->513K(4193792K), 0.0002673 secs]
36.386: [GC (Allocation Failure)  1397249K->513K(4193792K), 0.0002615 secs]
36.401: [GC (Allocation Failure)  1397249K->513K(4193792K), 0.0003726 secs]
36.416: [GC (Allocation Failure)  1397249K->513K(4193792K), 0.0002721 secs]
36.432: [GC (Allocation Failure)  1397249K->513K(4193792K), 0.0002780 secs]
36.450: [GC (Allocation Failure)  1397249K->513K(4193792K), 0.0003001 secs]
36.465: [GC (Allocation Failure)  1397249K->513K(4193792K), 0.0002965 secs]
36.480: [GC (Allocation Failure)  1397249K->513K(4193792K), 0.0002578 secs]
36.494: [GC (Allocation Failure)  1397249K->513K(4193792K), 0.0002656 secs]
36.509: [GC (Allocation Failure)  1397249K->513K(4193792K), 0.0002550 secs]
36.524: [GC (Allocation Failure)  1397249K->513K(4193792K), 0.0002672 secs]
36.539: [GC (Allocation Failure)  1397249K->513K(4193792K), 0.0002208 secs]
36.555: [GC (Allocation Failure)  1397249K->513K(4193792K), 0.0040440 secs]
36.574: [GC (Allocation Failure)  1397249K->513K(4193792K), 0.0003093 secs]
36.589: [GC (Allocation Failure)  1397249K->513K(4193792K), 0.0002930 secs]
36.604: [GC (Allocation Failure)  1397249K->513K(4193792K), 0.0029769 secs]
36.621: [GC (Allocation Failure)  1397249K->513K(4193792K), 0.0002759 secs]
36.638: [GC (Allocation Failure)  1397249K->513K(4193792K), 0.0003091 secs]
36.653: [GC (Allocation Failure)  1397249K->513K(4193792K), 0.0002481 secs]
36.669: [GC (Allocation Failure)  1397249K->513K(4193792K), 0.0002801 secs]
36.684: [GC (Allocation Failure)  1397249K->513K(4193792K), 0.0004788 secs]
36.700: [GC (Allocation Failure)  1397249K->513K(4193792K), 0.0002978 secs]
36.716: [GC (Allocation Failure)  1397249K->513K(4193792K), 0.0002840 secs]
36.731: [GC (Allocation Failure)  1397249K->513K(4193792K), 0.0004222 secs]
36.747: [GC (Allocation Failure)  1397249K->513K(4193792K), 0.0002533 secs]
36.762: [GC (Allocation Failure)  1397249K->513K(4193792K), 0.0002913 secs]
36.777: [GC (Allocation Failure)  1397249K->513K(4193792K), 0.0002834 secs]
36.791: [GC (Allocation Failure)  1397249K->513K(4193792K), 0.0003024 secs]
36.807: [GC (Allocation Failure)  1397249K->513K(4193792K), 0.0002766 secs]
36.822: [GC (Allocation Failure)  1397249K->513K(4193792K), 0.0002765 secs]
36.837: [GC (Allocation Failure)  1397249K->513K(4193792K), 0.0003146 secs]
36.853: [GC (Allocation Failure)  1397249K->513K(4193792K), 0.0002631 secs]
36.868: [GC (Allocation Failure)  1397249K->513K(4193792K), 0.0002546 secs]
36.883: [GC (Allocation Failure)  1397249K->513K(4193792K), 0.0002555 secs]
36.899: [GC (Allocation Failure)  1397249K->513K(4193792K), 0.0003543 secs]
36.914: [GC (Allocation Failure)  1397249K->513K(4193792K), 0.0004755 secs]
36.930: [GC (Allocation Failure)  1397249K->513K(4193792K), 0.0002583 secs]
36.945: [GC (Allocation Failure)  1397249K->513K(4193792K), 0.0002230 secs]
36.960: [GC (Allocation Failure)  1397249K->513K(4193792K), 0.0002533 secs]
36.975: [GC (Allocation Failure)  1397249K->513K(4193792K), 0.0002995 secs]
36.990: [GC (Allocation Failure)  1397249K->513K(4193792K), 0.0002928 secs]
37.005: [GC (Allocation Failure)  1397249K->513K(4193792K), 0.0006160 secs]
37.022: [GC (Allocation Failure)  1397249K->513K(4193792K), 0.0003070 secs]
37.037: [GC (Allocation Failure)  1397249K->513K(4193792K), 0.0002745 secs]
37.052: [GC (Allocation Failure)  1397249K->513K(4193792K), 0.0006318 secs]
37.068: [GC (Allocation Failure)  1397249K->513K(4193792K), 0.0003176 secs]
37.083: [GC (Allocation Failure)  1397249K->513K(4193792K), 0.0002819 secs]
37.098: [GC (Allocation Failure)  1397249K->513K(4193792K), 0.0002190 secs]
37.113: [GC (Allocation Failure)  1397249K->513K(4193792K), 0.0003250 secs]
37.127: [GC (Allocation Failure)  1397249K->513K(4193792K), 0.0002610 secs]
37.142: [GC (Allocation Failure)  1397249K->513K(4193792K), 0.0003396 secs]
37.158: [GC (Allocation Failure)  1397249K->513K(4193792K), 0.0004176 secs]
37.174: [GC (Allocation Failure)  1397249K->513K(4193792K), 0.0008032 secs]
37.190: [GC (Allocation Failure)  1397249K->513K(4193792K), 0.0002490 secs]
37.205: [GC (Allocation Failure)  1397249K->513K(4193792K), 0.0006078 secs]
37.221: [GC (Allocation Failure)  1397249K->513K(4193792K), 0.0003346 secs]
37.236: [GC (Allocation Failure)  1397249K->513K(4193792K), 0.0002764 secs]
37.251: [GC (Allocation Failure)  1397249K->513K(4193792K), 0.0002965 secs]
37.265: [GC (Allocation Failure)  1397249K->513K(4193792K), 0.0003112 secs]
37.280: [GC (Allocation Failure)  1397249K->513K(4193792K), 0.0006312 secs]
37.295: [GC (Allocation Failure)  1397249K->513K(4193792K), 0.0004304 secs]
37.310: [GC (Allocation Failure)  1397249K->513K(4193792K), 0.0003035 secs]
37.325: [GC (Allocation Failure)  1397249K->513K(4193792K), 0.0002925 secs]
37.340: [GC (Allocation Failure)  1397249K->513K(4193792K), 0.0003789 secs]
37.355: [GC (Allocation Failure)  1397249K->513K(4193792K), 0.0002832 secs]
37.371: [GC (Allocation Failure)  1397249K->513K(4193792K), 0.0003000 secs]
37.386: [GC (Allocation Failure)  1397249K->513K(4193792K), 0.0004016 secs]
37.402: [GC (Allocation Failure)  1397249K->513K(4193792K), 0.0003254 secs]
37.418: [GC (Allocation Failure)  1397249K->513K(4193792K), 0.0004813 secs]
37.433: [GC (Allocation Failure)  1397249K->513K(4193792K), 0.0002727 secs]
37.448: [GC (Allocation Failure)  1397249K->513K(4193792K), 0.0002497 secs]
37.462: [GC (Allocation Failure)  1397249K->513K(4193792K), 0.0002880 secs]
37.476: [GC (Allocation Failure)  1397249K->513K(4193792K), 0.0003056 secs]
37.490: [GC (Allocation Failure)  1397249K->513K(4193792K), 0.0002660 secs]
37.505: [GC (Allocation Failure)  1397249K->513K(4193792K), 0.0002465 secs]
37.520: [GC (Allocation Failure)  1397249K->513K(4193792K), 0.0003379 secs]
37.536: [GC (Allocation Failure)  1397249K->513K(4193792K), 0.0002638 secs]
37.550: [GC (Allocation Failure)  1397249K->513K(4193792K), 0.0005258 secs]
37.567: [GC (Allocation Failure)  1397249K->513K(4193792K), 0.0006055 secs]
37.583: [GC (Allocation Failure)  1397249K->513K(4193792K), 0.0007176 secs]
37.602: [GC (Allocation Failure)  1397249K->513K(4193792K), 0.0005264 secs]
37.619: [GC (Allocation Failure)  1397249K->513K(4193792K), 0.0006984 secs]
37.640: [GC (Allocation Failure)  1397249K->513K(4193792K), 0.0005670 secs]
37.659: [GC (Allocation Failure)  1397249K->513K(4193792K), 0.0016531 secs]
37.678: [GC (Allocation Failure)  1397249K->513K(4193792K), 0.0002571 secs]
37.693: [GC (Allocation Failure)  1397249K->513K(4193792K), 0.0002554 secs]
37.708: [GC (Allocation Failure)  1397249K->513K(4193792K), 0.0002978 secs]
37.723: [GC (Allocation Failure)  1397249K->513K(4193792K), 0.0002480 secs]
37.738: [GC (Allocation Failure)  1397249K->513K(4193792K), 0.0002478 secs]
37.753: [GC (Allocation Failure)  1397249K->513K(4193792K), 0.0002597 secs]
37.768: [GC (Allocation Failure)  1397249K->513K(4193792K), 0.0002651 secs]
37.784: [GC (Allocation Failure)  1397249K->513K(4193792K), 0.0003240 secs]
37.799: [GC (Allocation Failure)  1397249K->513K(4193792K), 0.0003159 secs]
37.814: [GC (Allocation Failure)  1397249K->513K(4193792K), 0.0005931 secs]
37.830: [GC (Allocation Failure)  1397249K->513K(4193792K), 0.0005122 secs]
37.845: [GC (Allocation Failure)  1397249K->513K(4193792K), 0.0002680 secs]
37.859: [GC (Allocation Failure)  1397249K->513K(4193792K), 0.0002560 secs]
37.874: [GC (Allocation Failure)  1397249K->513K(4193792K), 0.0002718 secs]
37.888: [GC (Allocation Failure)  1397249K->513K(4193792K), 0.0002708 secs]
37.903: [GC (Allocation Failure)  1397249K->513K(4193792K), 0.0003007 secs]
37.917: [GC (Allocation Failure)  1397249K->513K(4193792K), 0.0003350 secs]
37.932: [GC (Allocation Failure)  1397249K->513K(4193792K), 0.0003735 secs]
37.948: [GC (Allocation Failure)  1397249K->513K(4193792K), 0.0003217 secs]
37.963: [GC (Allocation Failure)  1397249K->513K(4193792K), 0.0002704 secs]
37.978: [GC (Allocation Failure)  1397249K->513K(4193792K), 0.0003506 secs]
37.994: [GC (Allocation Failure)  1397249K->513K(4193792K), 0.0003048 secs]
38.009: [GC (Allocation Failure)  1397249K->513K(4193792K), 0.0002934 secs]
38.025: [GC (Allocation Failure)  1397249K->513K(4193792K), 0.0002964 secs]
38.039: [GC (Allocation Failure)  1397249K->513K(4193792K), 0.0003250 secs]
38.054: [GC (Allocation Failure)  1397249K->513K(4193792K), 0.0003107 secs]
38.068: [GC (Allocation Failure)  1397249K->513K(4193792K), 0.0002823 secs]
38.083: [GC (Allocation Failure)  1397249K->513K(4193792K), 0.0002848 secs]
38.098: [GC (Allocation Failure)  1397249K->513K(4193792K), 0.0003845 secs]
38.113: [GC (Allocation Failure)  1397249K->513K(4193792K), 0.0002398 secs]
38.128: [GC (Allocation Failure)  1397249K->513K(4193792K), 0.0002700 secs]
38.144: [GC (Allocation Failure)  1397249K->513K(4193792K), 0.0002932 secs]
38.159: [GC (Allocation Failure)  1397249K->513K(4193792K), 0.0002520 secs]
38.174: [GC (Allocation Failure)  1397249K->513K(4193792K), 0.0002498 secs]
38.190: [GC (Allocation Failure)  1397249K->513K(4193792K), 0.0003427 secs]
38.206: [GC (Allocation Failure)  1397249K->513K(4193792K), 0.0003031 secs]
38.221: [GC (Allocation Failure)  1397249K->513K(4193792K), 0.0002523 secs]
38.236: [GC (Allocation Failure)  1397249K->513K(4193792K), 0.0002674 secs]
38.251: [GC (Allocation Failure)  1397249K->513K(4193792K), 0.0002302 secs]
38.266: [GC (Allocation Failure)  1397249K->513K(4193792K), 0.0002791 secs]
38.281: [GC (Allocation Failure)  1397249K->513K(4193792K), 0.0002443 secs]
38.296: [GC (Allocation Failure)  1397249K->513K(4193792K), 0.0003272 secs]
38.311: [GC (Allocation Failure)  1397249K->513K(4193792K), 0.0002835 secs]
38.327: [GC (Allocation Failure)  1397249K->513K(4193792K), 0.0003775 secs]
38.342: [GC (Allocation Failure)  1397249K->513K(4193792K), 0.0002962 secs]
38.358: [GC (Allocation Failure)  1397249K->513K(4193792K), 0.0002463 secs]
38.373: [GC (Allocation Failure)  1397249K->513K(4193792K), 0.0002892 secs]
38.389: [GC (Allocation Failure)  1397249K->513K(4193792K), 0.0002655 secs]
38.404: [GC (Allocation Failure)  1397249K->513K(4193792K), 0.0002836 secs]
38.419: [GC (Allocation Failure)  1397249K->513K(4193792K), 0.0002470 secs]
38.436: [GC (Allocation Failure)  1397249K->513K(4193792K), 0.0002674 secs]
38.451: [GC (Allocation Failure)  1397249K->513K(4193792K), 0.0002516 secs]
38.466: [GC (Allocation Failure)  1397249K->513K(4193792K), 0.0002900 secs]
38.481: [GC (Allocation Failure)  1397249K->513K(4193792K), 0.0002558 secs]
38.496: [GC (Allocation Failure)  1397249K->513K(4193792K), 0.0002513 secs]
38.511: [GC (Allocation Failure)  1397249K->513K(4193792K), 0.0003357 secs]
38.526: [GC (Allocation Failure)  1397249K->513K(4193792K), 0.0003270 secs]
38.542: [GC (Allocation Failure)  1397249K->513K(4193792K), 0.0003055 secs]
38.557: [GC (Allocation Failure)  1397249K->513K(4193792K), 0.0002707 secs]
38.573: [GC (Allocation Failure)  1397249K->513K(4193792K), 0.0002623 secs]
38.588: [GC (Allocation Failure)  1397249K->513K(4193792K), 0.0002107 secs]
38.603: [GC (Allocation Failure)  1397249K->513K(4193792K), 0.0002989 secs]
38.619: [GC (Allocation Failure)  1397249K->513K(4193792K), 0.0002767 secs]
38.635: [GC (Allocation Failure)  1397249K->513K(4193792K), 0.0002973 secs]
38.650: [GC (Allocation Failure)  1397249K->513K(4193792K), 0.0002692 secs]
38.665: [GC (Allocation Failure)  1397249K->513K(4193792K), 0.0002674 secs]
38.680: [GC (Allocation Failure)  1397249K->513K(4193792K), 0.0002540 secs]
38.695: [GC (Allocation Failure)  1397249K->513K(4193792K), 0.0002536 secs]
38.710: [GC (Allocation Failure)  1397249K->513K(4193792K), 0.0002760 secs]
38.725: [GC (Allocation Failure)  1397249K->513K(4193792K), 0.0002845 secs]
38.740: [GC (Allocation Failure)  1397249K->513K(4193792K), 0.0003057 secs]
38.756: [GC (Allocation Failure)  1397249K->513K(4193792K), 0.0002490 secs]
38.772: [GC (Allocation Failure)  1397249K->513K(4193792K), 0.0002772 secs]
38.787: [GC (Allocation Failure)  1397249K->513K(4193792K), 0.0032980 secs]
38.806: [GC (Allocation Failure)  1397249K->513K(4193792K), 0.0002676 secs]
38.822: [GC (Allocation Failure)  1397249K->513K(4193792K), 0.0003095 secs]
38.837: [GC (Allocation Failure)  1397249K->513K(4193792K), 0.0005698 secs]
38.853: [GC (Allocation Failure)  1397249K->513K(4193792K), 0.0002315 secs]
38.867: [GC (Allocation Failure)  1397249K->513K(4193792K), 0.0002301 secs]
38.883: [GC (Allocation Failure)  1397249K->513K(4193792K), 0.0002550 secs]
38.898: [GC (Allocation Failure)  1397249K->513K(4193792K), 0.0003081 secs]
38.913: [GC (Allocation Failure)  1397249K->513K(4193792K), 0.0002942 secs]
38.928: [GC (Allocation Failure)  1397249K->513K(4193792K), 0.0003155 secs]
38.944: [GC (Allocation Failure)  1397249K->513K(4193792K), 0.0002795 secs]
38.959: [GC (Allocation Failure)  1397249K->513K(4193792K), 0.0002991 secs]
38.974: [GC (Allocation Failure)  1397249K->513K(4193792K), 0.0002887 secs]
38.990: [GC (Allocation Failure)  1397249K->513K(4193792K), 0.0002436 secs]
39.005: [GC (Allocation Failure)  1397249K->513K(4193792K), 0.0003844 secs]
39.022: [GC (Allocation Failure)  1397249K->513K(4193792K), 0.0015190 secs]
39.038: [GC (Allocation Failure)  1397249K->513K(4193792K), 0.0002633 secs]
39.054: [GC (Allocation Failure)  1397249K->513K(4193792K), 0.0002275 secs]
39.069: [GC (Allocation Failure)  1397249K->513K(4193792K), 0.0003594 secs]
39.083: [GC (Allocation Failure)  1397249K->513K(4193792K), 0.0002773 secs]
39.098: [GC (Allocation Failure)  1397249K->513K(4193792K), 0.0003060 secs]
39.113: [GC (Allocation Failure)  1397249K->513K(4193792K), 0.0002805 secs]
39.128: [GC (Allocation Failure)  1397249K->513K(4193792K), 0.0002347 secs]
39.143: [GC (Allocation Failure)  1397249K->513K(4193792K), 0.0002448 secs]
39.158: [GC (Allocation Failure)  1397249K->513K(4193792K), 0.0002676 secs]
39.173: [GC (Allocation Failure)  1397249K->513K(4193792K), 0.0005735 secs]
39.189: [GC (Allocation Failure)  1397249K->513K(4193792K), 0.0002868 secs]
39.204: [GC (Allocation Failure)  1397249K->513K(4193792K), 0.0002616 secs]
39.219: [GC (Allocation Failure)  1397249K->513K(4193792K), 0.0002862 secs]
39.234: [GC (Allocation Failure)  1397249K->513K(4193792K), 0.0002688 secs]
39.250: [GC (Allocation Failure)  1397249K->513K(4193792K), 0.0002182 secs]
39.265: [GC (Allocation Failure)  1397249K->513K(4193792K), 0.0002285 secs]
39.281: [GC (Allocation Failure)  1397249K->513K(4193792K), 0.0002641 secs]
39.296: [GC (Allocation Failure)  1397249K->513K(4193792K), 0.0002453 secs]
39.311: [GC (Allocation Failure)  1397249K->513K(4193792K), 0.0002478 secs]
39.327: [GC (Allocation Failure)  1397249K->513K(4193792K), 0.0002470 secs]
39.342: [GC (Allocation Failure)  1397249K->513K(4193792K), 0.0002422 secs]
39.357: [GC (Allocation Failure)  1397249K->513K(4193792K), 0.0002605 secs]
39.372: [GC (Allocation Failure)  1397249K->513K(4193792K), 0.0002225 secs]
39.387: [GC (Allocation Failure)  1397249K->513K(4193792K), 0.0002871 secs]
39.402: [GC (Allocation Failure)  1397249K->513K(4193792K), 0.0002729 secs]
39.417: [GC (Allocation Failure)  1397249K->513K(4193792K), 0.0003160 secs]
39.433: [GC (Allocation Failure)  1397249K->513K(4193792K), 0.0003425 secs]
39.449: [GC (Allocation Failure)  1397249K->513K(4193792K), 0.0002348 secs]
39.464: [GC (Allocation Failure)  1397249K->513K(4193792K), 0.0008161 secs]
39.480: [GC (Allocation Failure)  1397249K->513K(4193792K), 0.0002517 secs]
39.496: [GC (Allocation Failure)  1397249K->513K(4193792K), 0.0003170 secs]
39.511: [GC (Allocation Failure)  1397249K->513K(4193792K), 0.0003565 secs]
39.527: [GC (Allocation Failure)  1397249K->513K(4193792K), 0.0002880 secs]
39.542: [GC (Allocation Failure)  1397249K->513K(4193792K), 0.0002234 secs]
39.557: [GC (Allocation Failure)  1397249K->513K(4193792K), 0.0002874 secs]
39.573: [GC (Allocation Failure)  1397249K->513K(4193792K), 0.0002408 secs]
39.588: [GC (Allocation Failure)  1397249K->513K(4193792K), 0.0005078 secs]
39.604: [GC (Allocation Failure)  1397249K->513K(4193792K), 0.0002480 secs]
39.619: [GC (Allocation Failure)  1397249K->513K(4193792K), 0.0002780 secs]
39.634: [GC (Allocation Failure)  1397249K->513K(4193792K), 0.0002705 secs]
39.650: [GC (Allocation Failure)  1397249K->513K(4193792K), 0.0002504 secs]
39.666: [GC (Allocation Failure)  1397249K->513K(4193792K), 0.0003848 secs]
39.682: [GC (Allocation Failure)  1397249K->513K(4193792K), 0.0002725 secs]
39.698: [GC (Allocation Failure)  1397249K->513K(4193792K), 0.0003673 secs]
39.713: [GC (Allocation Failure)  1397249K->513K(4193792K), 0.0002635 secs]
39.729: [GC (Allocation Failure)  1397249K->513K(4193792K), 0.0002808 secs]
39.745: [GC (Allocation Failure)  1397249K->513K(4193792K), 0.0002510 secs]
39.760: [GC (Allocation Failure)  1397249K->513K(4193792K), 0.0002983 secs]
39.775: [GC (Allocation Failure)  1397249K->513K(4193792K), 0.0004415 secs]
39.790: [GC (Allocation Failure)  1397249K->513K(4193792K), 0.0003054 secs]
39.806: [GC (Allocation Failure)  1397249K->513K(4193792K), 0.0003168 secs]
39.821: [GC (Allocation Failure)  1397249K->513K(4193792K), 0.0002356 secs]
39.836: [GC (Allocation Failure)  1397249K->513K(4193792K), 0.0003261 secs]
39.852: [GC (Allocation Failure)  1397249K->513K(4193792K), 0.0003335 secs]
39.868: [GC (Allocation Failure)  1397249K->513K(4193792K), 0.0006008 secs]
39.884: [GC (Allocation Failure)  1397249K->513K(4193792K), 0.0005028 secs]
39.900: [GC (Allocation Failure)  1397249K->513K(4193792K), 0.0003086 secs]
39.915: [GC (Allocation Failure)  1397249K->513K(4193792K), 0.0003518 secs]
39.931: [GC (Allocation Failure)  1397249K->513K(4193792K), 0.0003573 secs]
39.947: [GC (Allocation Failure)  1397249K->513K(4193792K), 0.0002793 secs]
39.962: [GC (Allocation Failure)  1397249K->513K(4193792K), 0.0002642 secs]
39.978: [GC (Allocation Failure)  1397249K->513K(4193792K), 0.0002692 secs]
39.992: [GC (Allocation Failure)  1397249K->513K(4193792K), 0.0004131 secs]
40.007: [GC (Allocation Failure)  1397249K->513K(4193792K), 0.0002997 secs]
40.023: [GC (Allocation Failure)  1397249K->513K(4193792K), 0.0002905 secs]
40.038: [GC (Allocation Failure)  1397249K->513K(4193792K), 0.0002889 secs]
40.055: [GC (Allocation Failure)  1397249K->513K(4193792K), 0.0003809 secs]
40.071: [GC (Allocation Failure)  1397249K->513K(4193792K), 0.0002282 secs]
40.087: [GC (Allocation Failure)  1397249K->513K(4193792K), 0.0002963 secs]
40.103: [GC (Allocation Failure)  1397249K->513K(4193792K), 0.0002903 secs]
40.119: [GC (Allocation Failure)  1397249K->513K(4193792K), 0.0002680 secs]
40.135: [GC (Allocation Failure)  1397249K->513K(4193792K), 0.0002707 secs]
40.150: [GC (Allocation Failure)  1397249K->513K(4193792K), 0.0002610 secs]
40.165: [GC (Allocation Failure)  1397249K->513K(4193792K), 0.0003388 secs]
40.180: [GC (Allocation Failure)  1397249K->513K(4193792K), 0.0002633 secs]
40.195: [GC (Allocation Failure)  1397249K->513K(4193792K), 0.0002460 secs]
40.210: [GC (Allocation Failure)  1397249K->513K(4193792K), 0.0002614 secs]
40.225: [GC (Allocation Failure)  1397249K->513K(4193792K), 0.0003448 secs]
40.241: [GC (Allocation Failure)  1397249K->513K(4193792K), 0.0002848 secs]
40.256: [GC (Allocation Failure)  1397249K->513K(4193792K), 0.0002532 secs]
40.272: [GC (Allocation Failure)  1397249K->513K(4193792K), 0.0002312 secs]
40.287: [GC (Allocation Failure)  1397249K->513K(4193792K), 0.0002231 secs]
40.302: [GC (Allocation Failure)  1397249K->513K(4193792K), 0.0003404 secs]
40.318: [GC (Allocation Failure)  1397249K->513K(4193792K), 0.0029864 secs]
40.336: [GC (Allocation Failure)  1397249K->513K(4193792K), 0.0002364 secs]
40.351: [GC (Allocation Failure)  1397249K->513K(4193792K), 0.0001907 secs]
40.366: [GC (Allocation Failure)  1397249K->513K(4193792K), 0.0002412 secs]
40.381: [GC (Allocation Failure)  1397249K->513K(4193792K), 0.0005248 secs]
40.396: [GC (Allocation Failure)  1397249K->513K(4193792K), 0.0002983 secs]
40.411: [GC (Allocation Failure)  1397249K->513K(4193792K), 0.0005200 secs]
40.428: [GC (Allocation Failure)  1397249K->513K(4193792K), 0.0003717 secs]
40.444: [GC (Allocation Failure)  1397249K->513K(4193792K), 0.0003498 secs]
40.459: [GC (Allocation Failure)  1397249K->513K(4193792K), 0.0002605 secs]
40.474: [GC (Allocation Failure)  1397249K->513K(4193792K), 0.0003045 secs]
40.489: [GC (Allocation Failure)  1397249K->513K(4193792K), 0.0003059 secs]
40.505: [GC (Allocation Failure)  1397249K->513K(4193792K), 0.0004246 secs]
40.521: [GC (Allocation Failure)  1397249K->513K(4193792K), 0.0003373 secs]
40.537: [GC (Allocation Failure)  1397249K->513K(4193792K), 0.0002797 secs]
40.553: [GC (Allocation Failure)  1397249K->513K(4193792K), 0.0002593 secs]
40.568: [GC (Allocation Failure)  1397249K->513K(4193792K), 0.0003007 secs]
40.583: [GC (Allocation Failure)  1397249K->513K(4193792K), 0.0003469 secs]
40.598: [GC (Allocation Failure)  1397249K->513K(4193792K), 0.0003564 secs]
40.613: [GC (Allocation Failure)  1397249K->513K(4193792K), 0.0004000 secs]
40.628: [GC (Allocation Failure)  1397249K->513K(4193792K), 0.0002645 secs]
40.643: [GC (Allocation Failure)  1397249K->513K(4193792K), 0.0007660 secs]
40.659: [GC (Allocation Failure)  1397249K->513K(4193792K), 0.0002993 secs]
40.675: [GC (Allocation Failure)  1397249K->513K(4193792K), 0.0002861 secs]
40.690: [GC (Allocation Failure)  1397249K->513K(4193792K), 0.0002772 secs]
40.707: [GC (Allocation Failure)  1397249K->513K(4193792K), 0.0002880 secs]
40.722: [GC (Allocation Failure)  1397249K->513K(4193792K), 0.0003008 secs]
40.738: [GC (Allocation Failure)  1397249K->513K(4193792K), 0.0002905 secs]
40.753: [GC (Allocation Failure)  1397249K->513K(4193792K), 0.0002664 secs]
40.768: [GC (Allocation Failure)  1397249K->513K(4193792K), 0.0003160 secs]
40.783: [GC (Allocation Failure)  1397249K->513K(4193792K), 0.0002863 secs]
40.798: [GC (Allocation Failure)  1397249K->513K(4193792K), 0.0004083 secs]
40.814: [GC (Allocation Failure)  1397249K->513K(4193792K), 0.0003587 secs]
40.829: [GC (Allocation Failure)  1397249K->513K(4193792K), 0.0002656 secs]
40.843: [GC (Allocation Failure)  1397249K->513K(4193792K), 0.0003069 secs]
40.859: [GC (Allocation Failure)  1397249K->513K(4193792K), 0.0003259 secs]
40.875: [GC (Allocation Failure)  1397249K->513K(4193792K), 0.0005482 secs]
40.891: [GC (Allocation Failure)  1397249K->513K(4193792K), 0.0005054 secs]
40.907: [GC (Allocation Failure)  1397249K->513K(4193792K), 0.0008049 secs]
40.926: [GC (Allocation Failure)  1397249K->513K(4193792K), 0.0013448 secs]
40.943: [GC (Allocation Failure)  1397249K->513K(4193792K), 0.0006230 secs]
40.960: [GC (Allocation Failure)  1397249K->513K(4193792K), 0.0008720 secs]
40.982: [GC (Allocation Failure)  1397249K->513K(4193792K), 0.0005243 secs]
40.999: [GC (Allocation Failure)  1397249K->513K(4193792K), 0.0003420 secs]
41.014: [GC (Allocation Failure)  1397249K->513K(4193792K), 0.0002542 secs]
41.029: [GC (Allocation Failure)  1397249K->513K(4193792K), 0.0002883 secs]
41.044: [GC (Allocation Failure)  1397249K->513K(4193792K), 0.0003735 secs]
41.060: [GC (Allocation Failure)  1397249K->513K(4193792K), 0.0002928 secs]
41.076: [GC (Allocation Failure)  1397249K->513K(4193792K), 0.0002941 secs]
41.091: [GC (Allocation Failure)  1397249K->513K(4193792K), 0.0002878 secs]
41.106: [GC (Allocation Failure)  1397249K->513K(4193792K), 0.0006662 secs]
41.122: [GC (Allocation Failure)  1397249K->513K(4193792K), 0.0002765 secs]
41.138: [GC (Allocation Failure)  1397249K->513K(4193792K), 0.0002803 secs]
41.153: [GC (Allocation Failure)  1397249K->513K(4193792K), 0.0003190 secs]
41.167: [GC (Allocation Failure)  1397249K->513K(4193792K), 0.0002809 secs]
41.181: [GC (Allocation Failure)  1397249K->513K(4193792K), 0.0002563 secs]
41.196: [GC (Allocation Failure)  1397249K->513K(4193792K), 0.0003673 secs]
41.212: [GC (Allocation Failure)  1397249K->513K(4193792K), 0.0003616 secs]
41.226: [GC (Allocation Failure)  1397249K->513K(4193792K), 0.0002922 secs]
41.240: [GC (Allocation Failure)  1397249K->513K(4193792K), 0.0003150 secs]
41.254: [GC (Allocation Failure)  1397249K->513K(4193792K), 0.0002419 secs]
41.269: [GC (Allocation Failure)  1397249K->513K(4193792K), 0.0002678 secs]
41.283: [GC (Allocation Failure)  1397249K->513K(4193792K), 0.0002241 secs]
41.298: [GC (Allocation Failure)  1397249K->513K(4193792K), 0.0003159 secs]
41.313: [GC (Allocation Failure)  1397249K->513K(4193792K), 0.0002864 secs]
41.328: [GC (Allocation Failure)  1397249K->513K(4193792K), 0.0003365 secs]
41.343: [GC (Allocation Failure)  1397249K->513K(4193792K), 0.0008782 secs]
41.359: [GC (Allocation Failure)  1397249K->513K(4193792K), 0.0007638 secs]
41.375: [GC (Allocation Failure)  1397249K->513K(4193792K), 0.0009800 secs]
41.391: [GC (Allocation Failure)  1397249K->513K(4193792K), 0.0002497 secs]
41.407: [GC (Allocation Failure)  1397249K->513K(4193792K), 0.0003311 secs]
41.422: [GC (Allocation Failure)  1397249K->513K(4193792K), 0.0003285 secs]
41.437: [GC (Allocation Failure)  1397249K->513K(4193792K), 0.0002679 secs]
41.452: [GC (Allocation Failure)  1397249K->513K(4193792K), 0.0003207 secs]
41.467: [GC (Allocation Failure)  1397249K->513K(4193792K), 0.0002725 secs]
41.482: [GC (Allocation Failure)  1397249K->513K(4193792K), 0.0002900 secs]
41.497: [GC (Allocation Failure)  1397249K->513K(4193792K), 0.0002879 secs]
41.513: [GC (Allocation Failure)  1397249K->513K(4193792K), 0.0002797 secs]
41.528: [GC (Allocation Failure)  1397249K->513K(4193792K), 0.0003066 secs]
41.544: [GC (Allocation Failure)  1397249K->513K(4193792K), 0.0003824 secs]
41.560: [GC (Allocation Failure)  1397249K->513K(4193792K), 0.0002795 secs]
41.576: [GC (Allocation Failure)  1397249K->513K(4193792K), 0.0002917 secs]
41.591: [GC (Allocation Failure)  1397249K->513K(4193792K), 0.0003473 secs]
41.607: [GC (Allocation Failure)  1397249K->513K(4193792K), 0.0002655 secs]
41.623: [GC (Allocation Failure)  1397249K->513K(4193792K), 0.0002829 secs]
41.638: [GC (Allocation Failure)  1397249K->513K(4193792K), 0.0002418 secs]
41.654: [GC (Allocation Failure)  1397249K->513K(4193792K), 0.0002467 secs]
41.669: [GC (Allocation Failure)  1397249K->513K(4193792K), 0.0002963 secs]
41.685: [GC (Allocation Failure)  1397249K->513K(4193792K), 0.0002646 secs]
41.700: [GC (Allocation Failure)  1397249K->513K(4193792K), 0.0002740 secs]
41.716: [GC (Allocation Failure)  1397249K->513K(4193792K), 0.0002814 secs]
41.731: [GC (Allocation Failure)  1397249K->513K(4193792K), 0.0002882 secs]
41.747: [GC (Allocation Failure)  1397249K->513K(4193792K), 0.0003076 secs]
41.763: [GC (Allocation Failure)  1397249K->513K(4193792K), 0.0002938 secs]
41.778: [GC (Allocation Failure)  1397249K->513K(4193792K), 0.0002578 secs]
41.796: [GC (Allocation Failure)  1397249K->513K(4193792K), 0.0002622 secs]
41.811: [GC (Allocation Failure)  1397249K->513K(4193792K), 0.0002877 secs]
41.827: [GC (Allocation Failure)  1397249K->513K(4193792K), 0.0003232 secs]
41.840: [GC (Allocation Failure)  1397249K->513K(4193792K), 0.0002543 secs]
41.859: [GC (Allocation Failure)  1397249K->513K(4193792K), 0.0002955 secs]
41.874: [GC (Allocation Failure)  1397249K->513K(4193792K), 0.0002778 secs]
41.889: [GC (Allocation Failure)  1397249K->513K(4193792K), 0.0002869 secs]
41.904: [GC (Allocation Failure)  1397249K->513K(4193792K), 0.0002613 secs]
41.919: [GC (Allocation Failure)  1397249K->513K(4193792K), 0.0002524 secs]
41.934: [GC (Allocation Failure)  1397249K->513K(4193792K), 0.0005533 secs]
41.950: [GC (Allocation Failure)  1397249K->513K(4193792K), 0.0002688 secs]
41.966: [GC (Allocation Failure)  1397249K->513K(4193792K), 0.0002569 secs]
41.981: [GC (Allocation Failure)  1397249K->513K(4193792K), 0.0002278 secs]
41.996: [GC (Allocation Failure)  1397249K->513K(4193792K), 0.0002490 secs]
42.012: [GC (Allocation Failure)  1397249K->513K(4193792K), 0.0002658 secs]
42.028: [GC (Allocation Failure)  1397249K->513K(4193792K), 0.0002504 secs]
42.043: [GC (Allocation Failure)  1397249K->513K(4193792K), 0.0002862 secs]
42.058: [GC (Allocation Failure)  1397249K->513K(4193792K), 0.0003930 secs]
42.074: [GC (Allocation Failure)  1397249K->513K(4193792K), 0.0002732 secs]
42.091: [GC (Allocation Failure)  1397249K->513K(4193792K), 0.0002228 secs]
42.106: [GC (Allocation Failure)  1397249K->513K(4193792K), 0.0002706 secs]
42.121: [GC (Allocation Failure)  1397249K->513K(4193792K), 0.0003065 secs]
42.136: [GC (Allocation Failure)  1397249K->513K(4193792K), 0.0002542 secs]
42.152: [GC (Allocation Failure)  1397249K->513K(4193792K), 0.0002534 secs]
42.168: [GC (Allocation Failure)  1397249K->513K(4193792K), 0.0005708 secs]
42.183: [GC (Allocation Failure)  1397249K->513K(4193792K), 0.0002786 secs]
42.199: [GC (Allocation Failure)  1397249K->513K(4193792K), 0.0003342 secs]
42.215: [GC (Allocation Failure)  1397249K->513K(4193792K), 0.0002739 secs]
42.230: [GC (Allocation Failure)  1397249K->513K(4193792K), 0.0002381 secs]
42.245: [GC (Allocation Failure)  1397249K->513K(4193792K), 0.0002560 secs]
42.260: [GC (Allocation Failure)  1397249K->513K(4193792K), 0.0002494 secs]
42.275: [GC (Allocation Failure)  1397249K->513K(4193792K), 0.0002830 secs]
42.290: [GC (Allocation Failure)  1397249K->513K(4193792K), 0.0009111 secs]
42.306: [GC (Allocation Failure)  1397249K->513K(4193792K), 0.0002646 secs]
42.321: [GC (Allocation Failure)  1397249K->513K(4193792K), 0.0002603 secs]
42.337: [GC (Allocation Failure)  1397249K->513K(4193792K), 0.0002568 secs]
42.353: [GC (Allocation Failure)  1397249K->513K(4193792K), 0.0002849 secs]
42.368: [GC (Allocation Failure)  1397249K->513K(4193792K), 0.0002565 secs]
42.384: [GC (Allocation Failure)  1397249K->513K(4193792K), 0.0003351 secs]
42.399: [GC (Allocation Failure)  1397249K->513K(4193792K), 0.0006512 secs]
42.415: [GC (Allocation Failure)  1397249K->513K(4193792K), 0.0002608 secs]
42.431: [GC (Allocation Failure)  1397249K->513K(4193792K), 0.0010622 secs]
42.447: [GC (Allocation Failure)  1397249K->513K(4193792K), 0.0002197 secs]
42.462: [GC (Allocation Failure)  1397249K->513K(4193792K), 0.0002985 secs]
42.477: [GC (Allocation Failure)  1397249K->513K(4193792K), 0.0003129 secs]
42.492: [GC (Allocation Failure)  1397249K->513K(4193792K), 0.0002768 secs]
42.507: [GC (Allocation Failure)  1397249K->513K(4193792K), 0.0002723 secs]
42.522: [GC (Allocation Failure)  1397249K->513K(4193792K), 0.0002249 secs]
42.537: [GC (Allocation Failure)  1397249K->513K(4193792K), 0.0002580 secs]
42.552: [GC (Allocation Failure)  1397249K->513K(4193792K), 0.0002713 secs]
42.567: [GC (Allocation Failure)  1397249K->513K(4193792K), 0.0002814 secs]
42.581: [GC (Allocation Failure)  1397249K->513K(4193792K), 0.0003027 secs]
42.596: [GC (Allocation Failure)  1397249K->513K(4193792K), 0.0002962 secs]
42.612: [GC (Allocation Failure)  1397249K->513K(4193792K), 0.0002875 secs]
42.627: [GC (Allocation Failure)  1397249K->513K(4193792K), 0.0003067 secs]
42.643: [GC (Allocation Failure)  1397249K->513K(4193792K), 0.0002705 secs]
42.658: [GC (Allocation Failure)  1397249K->513K(4193792K), 0.0002505 secs]
42.673: [GC (Allocation Failure)  1397249K->513K(4193792K), 0.0002746 secs]
42.689: [GC (Allocation Failure)  1397249K->513K(4193792K), 0.0003835 secs]
42.704: [GC (Allocation Failure)  1397249K->513K(4193792K), 0.0003048 secs]
42.720: [GC (Allocation Failure)  1397249K->513K(4193792K), 0.0003569 secs]
42.736: [GC (Allocation Failure)  1397249K->513K(4193792K), 0.0002959 secs]
42.751: [GC (Allocation Failure)  1397249K->513K(4193792K), 0.0002810 secs]
42.767: [GC (Allocation Failure)  1397249K->513K(4193792K), 0.0010856 secs]
42.782: [GC (Allocation Failure)  1397249K->513K(4193792K), 0.0002755 secs]
42.799: [GC (Allocation Failure)  1397249K->513K(4193792K), 0.0002924 secs]
42.814: [GC (Allocation Failure)  1397249K->513K(4193792K), 0.0003010 secs]
42.830: [GC (Allocation Failure)  1397249K->513K(4193792K), 0.0003293 secs]
42.845: [GC (Allocation Failure)  1397249K->513K(4193792K), 0.0002622 secs]
42.861: [GC (Allocation Failure)  1397249K->513K(4193792K), 0.0003051 secs]
42.877: [GC (Allocation Failure)  1397249K->513K(4193792K), 0.0002974 secs]
42.893: [GC (Allocation Failure)  1397249K->513K(4193792K), 0.0002853 secs]
42.909: [GC (Allocation Failure)  1397249K->513K(4193792K), 0.0002506 secs]
42.924: [GC (Allocation Failure)  1397249K->513K(4193792K), 0.0002678 secs]
42.941: [GC (Allocation Failure)  1397249K->513K(4193792K), 0.0002795 secs]
42.956: [GC (Allocation Failure)  1397249K->513K(4193792K), 0.0003191 secs]
42.972: [GC (Allocation Failure)  1397249K->513K(4193792K), 0.0002177 secs]
42.987: [GC (Allocation Failure)  1397249K->513K(4193792K), 0.0002728 secs]
43.002: [GC (Allocation Failure)  1397249K->513K(4193792K), 0.0002872 secs]
43.017: [GC (Allocation Failure)  1397249K->513K(4193792K), 0.0003119 secs]
43.033: [GC (Allocation Failure)  1397249K->513K(4193792K), 0.0002628 secs]
43.049: [GC (Allocation Failure)  1397249K->513K(4193792K), 0.0003180 secs]
43.065: [GC (Allocation Failure)  1397249K->513K(4193792K), 0.0002718 secs]
43.080: [GC (Allocation Failure)  1397249K->513K(4193792K), 0.0002674 secs]
43.096: [GC (Allocation Failure)  1397249K->513K(4193792K), 0.0002914 secs]
43.112: [GC (Allocation Failure)  1397249K->513K(4193792K), 0.0002900 secs]
43.127: [GC (Allocation Failure)  1397249K->513K(4193792K), 0.0003175 secs]
43.143: [GC (Allocation Failure)  1397249K->513K(4193792K), 0.0002915 secs]
43.158: [GC (Allocation Failure)  1397249K->513K(4193792K), 0.0002643 secs]
43.174: [GC (Allocation Failure)  1397249K->513K(4193792K), 0.0002851 secs]
43.189: [GC (Allocation Failure)  1397249K->513K(4193792K), 0.0002652 secs]
43.204: [GC (Allocation Failure)  1397249K->513K(4193792K), 0.0003478 secs]
43.219: [GC (Allocation Failure)  1397249K->513K(4193792K), 0.0003122 secs]
43.233: [GC (Allocation Failure)  1397249K->513K(4193792K), 0.0002794 secs]
43.248: [GC (Allocation Failure)  1397249K->513K(4193792K), 0.0003223 secs]
43.264: [GC (Allocation Failure)  1397249K->513K(4193792K), 0.0003316 secs]
43.279: [GC (Allocation Failure)  1397249K->513K(4193792K), 0.0002379 secs]
43.293: [GC (Allocation Failure)  1397249K->513K(4193792K), 0.0003120 secs]
43.309: [GC (Allocation Failure)  1397249K->513K(4193792K), 0.0035092 secs]
43.327: [GC (Allocation Failure)  1397249K->513K(4193792K), 0.0003060 secs]
43.343: [GC (Allocation Failure)  1397249K->513K(4193792K), 0.0002308 secs]
43.358: [GC (Allocation Failure)  1397249K->513K(4193792K), 0.0002635 secs]
43.374: [GC (Allocation Failure)  1397249K->513K(4193792K), 0.0002590 secs]
43.389: [GC (Allocation Failure)  1397249K->513K(4193792K), 0.0002566 secs]
43.405: [GC (Allocation Failure)  1397249K->513K(4193792K), 0.0002319 secs]
43.421: [GC (Allocation Failure)  1397249K->513K(4193792K), 0.0004042 secs]
43.437: [GC (Allocation Failure)  1397249K->513K(4193792K), 0.0002257 secs]
43.451: [GC (Allocation Failure)  1397249K->513K(4193792K), 0.0002688 secs]
43.466: [GC (Allocation Failure)  1397249K->513K(4193792K), 0.0002398 secs]
43.481: [GC (Allocation Failure)  1397249K->513K(4193792K), 0.0002656 secs]
43.496: [GC (Allocation Failure)  1397249K->513K(4193792K), 0.0003046 secs]
43.511: [GC (Allocation Failure)  1397249K->513K(4193792K), 0.0002441 secs]
43.526: [GC (Allocation Failure)  1397249K->513K(4193792K), 0.0004679 secs]
43.548: [GC (Allocation Failure)  1397249K->513K(4193792K), 0.0002742 secs]
43.564: [GC (Allocation Failure)  1397249K->513K(4193792K), 0.0002739 secs]
43.579: [GC (Allocation Failure)  1397249K->513K(4193792K), 0.0002517 secs]
43.595: [GC (Allocation Failure)  1397249K->513K(4193792K), 0.0002640 secs]
43.610: [GC (Allocation Failure)  1397249K->513K(4193792K), 0.0002842 secs]
43.625: [GC (Allocation Failure)  1397249K->513K(4193792K), 0.0002821 secs]
43.640: [GC (Allocation Failure)  1397249K->513K(4193792K), 0.0002299 secs]
43.655: [GC (Allocation Failure)  1397249K->513K(4193792K), 0.0002808 secs]
43.669: [GC (Allocation Failure)  1397249K->513K(4193792K), 0.0003093 secs]
43.684: [GC (Allocation Failure)  1397249K->513K(4193792K), 0.0002455 secs]
43.700: [GC (Allocation Failure)  1397249K->513K(4193792K), 0.0002636 secs]
43.714: [GC (Allocation Failure)  1397249K->513K(4193792K), 0.0008222 secs]
43.730: [GC (Allocation Failure)  1397249K->513K(4193792K), 0.0003008 secs]
43.745: [GC (Allocation Failure)  1397249K->513K(4193792K), 0.0002883 secs]
43.760: [GC (Allocation Failure)  1397249K->513K(4193792K), 0.0002753 secs]
43.775: [GC (Allocation Failure)  1397249K->513K(4193792K), 0.0002738 secs]
43.791: [GC (Allocation Failure)  1397249K->513K(4193792K), 0.0003488 secs]
43.807: [GC (Allocation Failure)  1397249K->513K(4193792K), 0.0003924 secs]
43.822: [GC (Allocation Failure)  1397249K->513K(4193792K), 0.0002806 secs]
43.838: [GC (Allocation Failure)  1397249K->513K(4193792K), 0.0005407 secs]
43.854: [GC (Allocation Failure)  1397249K->513K(4193792K), 0.0003147 secs]
43.869: [GC (Allocation Failure)  1397249K->513K(4193792K), 0.0002718 secs]
43.884: [GC (Allocation Failure)  1397249K->513K(4193792K), 0.0003157 secs]
43.898: [GC (Allocation Failure)  1397249K->513K(4193792K), 0.0003850 secs]
43.919: [GC (Allocation Failure)  1397249K->513K(4193792K), 0.0003059 secs]
43.934: [GC (Allocation Failure)  1397249K->513K(4193792K), 0.0002482 secs]
43.950: [GC (Allocation Failure)  1397249K->513K(4193792K), 0.0002797 secs]
43.965: [GC (Allocation Failure)  1397249K->513K(4193792K), 0.0006271 secs]
43.980: [GC (Allocation Failure)  1397249K->513K(4193792K), 0.0003624 secs]
43.996: [GC (Allocation Failure)  1397249K->513K(4193792K), 0.0005077 secs]
44.011: [GC (Allocation Failure)  1397249K->513K(4193792K), 0.0002756 secs]
44.027: [GC (Allocation Failure)  1397249K->513K(4193792K), 0.0006408 secs]
44.042: [GC (Allocation Failure)  1397249K->513K(4193792K), 0.0002872 secs]
44.057: [GC (Allocation Failure)  1397249K->513K(4193792K), 0.0003623 secs]
44.072: [GC (Allocation Failure)  1397249K->513K(4193792K), 0.0002422 secs]
44.086: [GC (Allocation Failure)  1397249K->513K(4193792K), 0.0003290 secs]
44.102: [GC (Allocation Failure)  1397249K->513K(4193792K), 0.0002973 secs]
44.117: [GC (Allocation Failure)  1397249K->513K(4193792K), 0.0003482 secs]
44.132: [GC (Allocation Failure)  1397249K->513K(4193792K), 0.0002339 secs]
44.147: [GC (Allocation Failure)  1397249K->513K(4193792K), 0.0010564 secs]
44.163: [GC (Allocation Failure)  1397249K->513K(4193792K), 0.0005115 secs]
44.178: [GC (Allocation Failure)  1397249K->513K(4193792K), 0.0007469 secs]
44.194: [GC (Allocation Failure)  1397249K->513K(4193792K), 0.0015822 secs]
44.210: [GC (Allocation Failure)  1397249K->513K(4193792K), 0.0008438 secs]
44.227: [GC (Allocation Failure)  1397249K->513K(4193792K), 0.0005404 secs]
44.244: [GC (Allocation Failure)  1397249K->513K(4193792K), 0.0005138 secs]
44.265: [GC (Allocation Failure)  1397249K->513K(4193792K), 0.0007408 secs]
44.282: [GC (Allocation Failure)  1397249K->513K(4193792K), 0.0002440 secs]
44.297: [GC (Allocation Failure)  1397249K->513K(4193792K), 0.0003088 secs]
44.311: [GC (Allocation Failure)  1397249K->513K(4193792K), 0.0002361 secs]
44.326: [GC (Allocation Failure)  1397249K->513K(4193792K), 0.0003002 secs]
44.341: [GC (Allocation Failure)  1397249K->513K(4193792K), 0.0002877 secs]
44.356: [GC (Allocation Failure)  1397249K->513K(4193792K), 0.0006190 secs]
44.372: [GC (Allocation Failure)  1397249K->513K(4193792K), 0.0002739 secs]
44.388: [GC (Allocation Failure)  1397249K->513K(4193792K), 0.0003559 secs]
44.403: [GC (Allocation Failure)  1397249K->513K(4193792K), 0.0005733 secs]
44.419: [GC (Allocation Failure)  1397249K->513K(4193792K), 0.0002717 secs]
44.434: [GC (Allocation Failure)  1397249K->513K(4193792K), 0.0003182 secs]
44.448: [GC (Allocation Failure)  1397249K->513K(4193792K), 0.0002887 secs]
44.463: [GC (Allocation Failure)  1397249K->513K(4193792K), 0.0002606 secs]
44.477: [GC (Allocation Failure)  1397249K->513K(4193792K), 0.0002535 secs]
44.492: [GC (Allocation Failure)  1397249K->513K(4193792K), 0.0003897 secs]
44.507: [GC (Allocation Failure)  1397249K->513K(4193792K), 0.0002985 secs]
44.522: [GC (Allocation Failure)  1397249K->513K(4193792K), 0.0003244 secs]
44.537: [GC (Allocation Failure)  1397249K->513K(4193792K), 0.0002879 secs]
44.552: [GC (Allocation Failure)  1397249K->513K(4193792K), 0.0003203 secs]
44.567: [GC (Allocation Failure)  1397249K->513K(4193792K), 0.0003936 secs]
44.583: [GC (Allocation Failure)  1397249K->513K(4193792K), 0.0003148 secs]
44.598: [GC (Allocation Failure)  1397249K->513K(4193792K), 0.0003208 secs]
44.614: [GC (Allocation Failure)  1397249K->513K(4193792K), 0.0003073 secs]
44.629: [GC (Allocation Failure)  1397249K->513K(4193792K), 0.0002869 secs]
44.643: [GC (Allocation Failure)  1397249K->513K(4193792K), 0.0002287 secs]
44.657: [GC (Allocation Failure)  1397249K->513K(4193792K), 0.0002593 secs]
44.671: [GC (Allocation Failure)  1397249K->513K(4193792K), 0.0003472 secs]
44.687: [GC (Allocation Failure)  1397249K->513K(4193792K), 0.0002512 secs]
44.702: [GC (Allocation Failure)  1397249K->513K(4193792K), 0.0003911 secs]
44.717: [GC (Allocation Failure)  1397249K->513K(4193792K), 0.0002290 secs]
44.732: [GC (Allocation Failure)  1397249K->513K(4193792K), 0.0002406 secs]
44.747: [GC (Allocation Failure)  1397249K->513K(4193792K), 0.0002771 secs]
44.761: [GC (Allocation Failure)  1397249K->513K(4193792K), 0.0002901 secs]
44.776: [GC (Allocation Failure)  1397249K->513K(4193792K), 0.0002559 secs]
44.791: [GC (Allocation Failure)  1397249K->513K(4193792K), 0.0002693 secs]
44.806: [GC (Allocation Failure)  1397249K->513K(4193792K), 0.0002802 secs]
44.821: [GC (Allocation Failure)  1397249K->513K(4193792K), 0.0005852 secs]
44.837: [GC (Allocation Failure)  1397249K->513K(4193792K), 0.0005675 secs]
44.853: [GC (Allocation Failure)  1397249K->513K(4193792K), 0.0002873 secs]
44.868: [GC (Allocation Failure)  1397249K->513K(4193792K), 0.0002809 secs]
44.884: [GC (Allocation Failure)  1397249K->513K(4193792K), 0.0004018 secs]
44.899: [GC (Allocation Failure)  1397249K->513K(4193792K), 0.0003315 secs]
44.915: [GC (Allocation Failure)  1397249K->513K(4193792K), 0.0006848 secs]
44.931: [GC (Allocation Failure)  1397249K->513K(4193792K), 0.0002857 secs]
44.946: [GC (Allocation Failure)  1397249K->513K(4193792K), 0.0002279 secs]
44.961: [GC (Allocation Failure)  1397249K->513K(4193792K), 0.0003765 secs]
44.976: [GC (Allocation Failure)  1397249K->513K(4193792K), 0.0003016 secs]
44.991: [GC (Allocation Failure)  1397249K->513K(4193792K), 0.0003143 secs]
45.005: [GC (Allocation Failure)  1397249K->513K(4193792K), 0.0002710 secs]
45.021: [GC (Allocation Failure)  1397249K->513K(4193792K), 0.0002843 secs]
45.036: [GC (Allocation Failure)  1397249K->513K(4193792K), 0.0002797 secs]
45.051: [GC (Allocation Failure)  1397249K->513K(4193792K), 0.0006958 secs]
45.068: [GC (Allocation Failure)  1397249K->513K(4193792K), 0.0002473 secs]
45.083: [GC (Allocation Failure)  1397249K->513K(4193792K), 0.0003393 secs]
45.099: [GC (Allocation Failure)  1397249K->513K(4193792K), 0.0002788 secs]
45.115: [GC (Allocation Failure)  1397249K->513K(4193792K), 0.0002833 secs]
45.130: [GC (Allocation Failure)  1397249K->513K(4193792K), 0.0002990 secs]
45.145: [GC (Allocation Failure)  1397249K->513K(4193792K), 0.0002379 secs]
45.160: [GC (Allocation Failure)  1397249K->513K(4193792K), 0.0002849 secs]
45.174: [GC (Allocation Failure)  1397249K->513K(4193792K), 0.0002790 secs]
45.189: [GC (Allocation Failure)  1397249K->513K(4193792K), 0.0002873 secs]
45.204: [GC (Allocation Failure)  1397249K->513K(4193792K), 0.0003100 secs]
45.220: [GC (Allocation Failure)  1397249K->513K(4193792K), 0.0003482 secs]
45.235: [GC (Allocation Failure)  1397249K->513K(4193792K), 0.0002493 secs]
45.251: [GC (Allocation Failure)  1397249K->513K(4193792K), 0.0002827 secs]
45.266: [GC (Allocation Failure)  1397249K->513K(4193792K), 0.0002996 secs]
45.282: [GC (Allocation Failure)  1397249K->513K(4193792K), 0.0002610 secs]
45.297: [GC (Allocation Failure)  1397249K->513K(4193792K), 0.0002499 secs]
45.312: [GC (Allocation Failure)  1397249K->513K(4193792K), 0.0003115 secs]
45.328: [GC (Allocation Failure)  1397249K->513K(4193792K), 0.0002891 secs]
45.344: [GC (Allocation Failure)  1397249K->513K(4193792K), 0.0002259 secs]
45.359: [GC (Allocation Failure)  1397249K->513K(4193792K), 0.0002825 secs]
45.375: [GC (Allocation Failure)  1397249K->513K(4193792K), 0.0002333 secs]
45.389: [GC (Allocation Failure)  1397249K->513K(4193792K), 0.0002980 secs]
45.404: [GC (Allocation Failure)  1397249K->513K(4193792K), 0.0002758 secs]
45.420: [GC (Allocation Failure)  1397249K->513K(4193792K), 0.0003739 secs]
45.436: [GC (Allocation Failure)  1397249K->513K(4193792K), 0.0002502 secs]
45.451: [GC (Allocation Failure)  1397249K->513K(4193792K), 0.0002637 secs]
45.466: [GC (Allocation Failure)  1397249K->513K(4193792K), 0.0002788 secs]
45.481: [GC (Allocation Failure)  1397249K->513K(4193792K), 0.0002427 secs]
45.498: [GC (Allocation Failure)  1397249K->513K(4193792K), 0.0002773 secs]
45.513: [GC (Allocation Failure)  1397249K->513K(4193792K), 0.0002510 secs]
45.529: [GC (Allocation Failure)  1397249K->513K(4193792K), 0.0002498 secs]
45.544: [GC (Allocation Failure)  1397249K->513K(4193792K), 0.0013655 secs]
45.560: [GC (Allocation Failure)  1397249K->513K(4193792K), 0.0002411 secs]
45.575: [GC (Allocation Failure)  1397249K->513K(4193792K), 0.0002417 secs]
45.590: [GC (Allocation Failure)  1397249K->513K(4193792K), 0.0002605 secs]
45.605: [GC (Allocation Failure)  1397249K->513K(4193792K), 0.0002328 secs]
45.620: [GC (Allocation Failure)  1397249K->513K(4193792K), 0.0003332 secs]
45.636: [GC (Allocation Failure)  1397249K->513K(4193792K), 0.0002922 secs]
45.651: [GC (Allocation Failure)  1397249K->513K(4193792K), 0.0003140 secs]
45.667: [GC (Allocation Failure)  1397249K->513K(4193792K), 0.0002507 secs]
45.682: [GC (Allocation Failure)  1397249K->513K(4193792K), 0.0002870 secs]
45.698: [GC (Allocation Failure)  1397249K->513K(4193792K), 0.0003014 secs]
45.713: [GC (Allocation Failure)  1397249K->513K(4193792K), 0.0003004 secs]
45.728: [GC (Allocation Failure)  1397249K->513K(4193792K), 0.0002801 secs]
45.746: [GC (Allocation Failure)  1397249K->513K(4193792K), 0.0002460 secs]
45.760: [GC (Allocation Failure)  1397249K->513K(4193792K), 0.0002753 secs]
45.776: [GC (Allocation Failure)  1397249K->513K(4193792K), 0.0002823 secs]
45.791: [GC (Allocation Failure)  1397249K->513K(4193792K), 0.0002912 secs]
45.806: [GC (Allocation Failure)  1397249K->513K(4193792K), 0.0002937 secs]
45.821: [GC (Allocation Failure)  1397249K->513K(4193792K), 0.0003265 secs]
45.836: [GC (Allocation Failure)  1397249K->513K(4193792K), 0.0002768 secs]
45.852: [GC (Allocation Failure)  1397249K->513K(4193792K), 0.0015596 secs]
45.869: [GC (Allocation Failure)  1397249K->513K(4193792K), 0.0002730 secs]
45.884: [GC (Allocation Failure)  1397249K->513K(4193792K), 0.0002594 secs]
45.899: [GC (Allocation Failure)  1397249K->513K(4193792K), 0.0003734 secs]
45.915: [GC (Allocation Failure)  1397249K->513K(4193792K), 0.0003245 secs]
45.931: [GC (Allocation Failure)  1397249K->513K(4193792K), 0.0003010 secs]
45.945: [GC (Allocation Failure)  1397249K->513K(4193792K), 0.0002235 secs]
45.960: [GC (Allocation Failure)  1397249K->513K(4193792K), 0.0002591 secs]
45.975: [GC (Allocation Failure)  1397249K->513K(4193792K), 0.0002887 secs]
45.990: [GC (Allocation Failure)  1397249K->513K(4193792K), 0.0002538 secs]
46.005: [GC (Allocation Failure)  1397249K->513K(4193792K), 0.0002931 secs]
46.020: [GC (Allocation Failure)  1397249K->513K(4193792K), 0.0002532 secs]
46.036: [GC (Allocation Failure)  1397249K->513K(4193792K), 0.0003130 secs]
46.051: [GC (Allocation Failure)  1397249K->513K(4193792K), 0.0003716 secs]
46.067: [GC (Allocation Failure)  1397249K->513K(4193792K), 0.0003824 secs]
46.082: [GC (Allocation Failure)  1397249K->513K(4193792K), 0.0002585 secs]
46.099: [GC (Allocation Failure)  1397249K->513K(4193792K), 0.0002962 secs]
46.114: [GC (Allocation Failure)  1397249K->513K(4193792K), 0.0002505 secs]
46.129: [GC (Allocation Failure)  1397249K->513K(4193792K), 0.0002424 secs]
46.145: [GC (Allocation Failure)  1397249K->513K(4193792K), 0.0002466 secs]
46.160: [GC (Allocation Failure)  1397249K->513K(4193792K), 0.0002644 secs]
46.175: [GC (Allocation Failure)  1397249K->513K(4193792K), 0.0003567 secs]
46.190: [GC (Allocation Failure)  1397249K->513K(4193792K), 0.0002278 secs]
46.205: [GC (Allocation Failure)  1397249K->513K(4193792K), 0.0003001 secs]
46.220: [GC (Allocation Failure)  1397249K->513K(4193792K), 0.0003481 secs]
46.235: [GC (Allocation Failure)  1397249K->513K(4193792K), 0.0004366 secs]
46.251: [GC (Allocation Failure)  1397249K->513K(4193792K), 0.0003014 secs]
46.266: [GC (Allocation Failure)  1397249K->513K(4193792K), 0.0002649 secs]
46.281: [GC (Allocation Failure)  1397249K->513K(4193792K), 0.0002853 secs]
46.297: [GC (Allocation Failure)  1397249K->513K(4193792K), 0.0002877 secs]
46.313: [GC (Allocation Failure)  1397249K->513K(4193792K), 0.0002902 secs]
46.328: [GC (Allocation Failure)  1397249K->513K(4193792K), 0.0003015 secs]
46.343: [GC (Allocation Failure)  1397249K->513K(4193792K), 0.0002432 secs]
46.358: [GC (Allocation Failure)  1397249K->513K(4193792K), 0.0002980 secs]
46.373: [GC (Allocation Failure)  1397249K->513K(4193792K), 0.0002603 secs]
46.388: [GC (Allocation Failure)  1397249K->513K(4193792K), 0.0002460 secs]
46.403: [GC (Allocation Failure)  1397249K->513K(4193792K), 0.0002970 secs]
46.418: [GC (Allocation Failure)  1397249K->513K(4193792K), 0.0002770 secs]
46.432: [GC (Allocation Failure)  1397249K->513K(4193792K), 0.0002126 secs]
46.448: [GC (Allocation Failure)  1397249K->513K(4193792K), 0.0003408 secs]
46.463: [GC (Allocation Failure)  1397249K->513K(4193792K), 0.0003449 secs]
46.478: [GC (Allocation Failure)  1397249K->513K(4193792K), 0.0002838 secs]
46.492: [GC (Allocation Failure)  1397249K->513K(4193792K), 0.0002882 secs]
46.508: [GC (Allocation Failure)  1397249K->513K(4193792K), 0.0003163 secs]
46.523: [GC (Allocation Failure)  1397249K->513K(4193792K), 0.0003596 secs]
46.539: [GC (Allocation Failure)  1397249K->513K(4193792K), 0.0002570 secs]
46.554: [GC (Allocation Failure)  1397249K->513K(4193792K), 0.0002651 secs]
46.569: [GC (Allocation Failure)  1397249K->513K(4193792K), 0.0010195 secs]
46.585: [GC (Allocation Failure)  1397249K->513K(4193792K), 0.0002586 secs]
46.601: [GC (Allocation Failure)  1397249K->513K(4193792K), 0.0002945 secs]
46.616: [GC (Allocation Failure)  1397249K->513K(4193792K), 0.0002898 secs]
46.631: [GC (Allocation Failure)  1397249K->513K(4193792K), 0.0004170 secs]
46.646: [GC (Allocation Failure)  1397249K->513K(4193792K), 0.0002658 secs]
46.661: [GC (Allocation Failure)  1397249K->513K(4193792K), 0.0002637 secs]
46.676: [GC (Allocation Failure)  1397249K->513K(4193792K), 0.0002432 secs]
46.691: [GC (Allocation Failure)  1397249K->513K(4193792K), 0.0002242 secs]
46.706: [GC (Allocation Failure)  1397249K->513K(4193792K), 0.0003527 secs]
46.722: [GC (Allocation Failure)  1397249K->513K(4193792K), 0.0003173 secs]
46.737: [GC (Allocation Failure)  1397249K->513K(4193792K), 0.0002368 secs]
46.752: [GC (Allocation Failure)  1397249K->513K(4193792K), 0.0049630 secs]
46.772: [GC (Allocation Failure)  1397249K->513K(4193792K), 0.0002438 secs]
46.788: [GC (Allocation Failure)  1397249K->513K(4193792K), 0.0002941 secs]
46.803: [GC (Allocation Failure)  1397249K->513K(4193792K), 0.0002815 secs]
46.819: [GC (Allocation Failure)  1397249K->513K(4193792K), 0.0007721 secs]
46.835: [GC (Allocation Failure)  1397249K->513K(4193792K), 0.0002123 secs]
46.850: [GC (Allocation Failure)  1397249K->513K(4193792K), 0.0002306 secs]
46.864: [GC (Allocation Failure)  1397249K->513K(4193792K), 0.0002940 secs]
46.879: [GC (Allocation Failure)  1397249K->513K(4193792K), 0.0002806 secs]
