OpenJDK 64-Bit Server VM (25.312-b07) for bsd-aarch64 JRE (Zulu 8.58.0.13-CA-macos-aarch64) (1.8.0_312-b07), built on Oct  8 2021 23:49:52 by "zulu_re" with gcc Apple LLVM 12.0.0 (clang-1200.0.32.28)
Memory: 16k page, physical 33554432k(1476256k free)

/proc/meminfo:

CommandLine flags: -XX:InitialHeapSize=4294967296 -XX:MaxHeapSize=4294967296 -XX:+PrintGC -XX:+PrintGCTimeStamps -XX:-UseCompressedOops -XX:+UseParallelGC 
0.134: [GC (Allocation Failure)  1041946K->761K(4019712K), 0.0005313 secs]
0.164: [GC (Allocation Failure)  1044751K->737K(4019712K), 0.0005277 secs]
0.176: [GC (Allocation Failure)  1044847K->697K(4019712K), 0.0004997 secs]
0.186: [GC (Allocation Failure)  1044877K->681K(4019712K), 0.0004670 secs]
0.197: [GC (Allocation Failure)  1044907K->697K(4019712K), 0.0004458 secs]
0.209: [GC (Allocation Failure)  1044952K->745K(4193280K), 0.0004563 secs]
0.253: [GC (Allocation Failure)  1395666K->609K(4193280K), 0.0007731 secs]
0.296: [GC (Allocation Failure)  1395510K->609K(4193280K), 0.0003117 secs]
0.312: [GC (Allocation Failure)  1395552K->609K(4192768K), 0.0003570 secs]
0.327: [GC (Allocation Failure)  1395579K->609K(4192768K), 0.0002214 secs]
0.341: [GC (Allocation Failure)  1387763K->609K(4192768K), 0.0002905 secs]
0.355: [GC (Allocation Failure)  1387774K->641K(4192768K), 0.0002927 secs]
0.370: [GC (Allocation Failure)  1387813K->617K(4192768K), 0.0003456 secs]
0.385: [GC (Allocation Failure)  1387794K->617K(4192768K), 0.0003100 secs]
0.399: [GC (Allocation Failure)  1387797K->617K(4192768K), 0.0003135 secs]
0.413: [GC (Allocation Failure)  1387799K->617K(4193280K), 0.0002299 secs]
0.428: [GC (Allocation Failure)  1395633K->681K(4193280K), 0.0002512 secs]
0.443: [GC (Allocation Failure)  1395698K->657K(4193280K), 0.0002469 secs]
0.458: [GC (Allocation Failure)  1395674K->633K(4193280K), 0.0002930 secs]
0.472: [GC (Allocation Failure)  1395651K->633K(4193280K), 0.0002573 secs]
0.487: [GC (Allocation Failure)  1395651K->633K(4193280K), 0.0004014 secs]
0.504: [GC (Allocation Failure)  1395651K->633K(4193280K), 0.0003401 secs]
0.518: [GC (Allocation Failure)  1395651K->633K(4193280K), 0.0002618 secs]
0.533: [GC (Allocation Failure)  1395651K->633K(4193280K), 0.0002427 secs]
0.547: [GC (Allocation Failure)  1395651K->633K(4193280K), 0.0003030 secs]
0.561: [GC (Allocation Failure)  1395651K->633K(4193280K), 0.0002571 secs]
0.576: [GC (Allocation Failure)  1395651K->633K(4193280K), 0.0002734 secs]
0.590: [GC (Allocation Failure)  1395651K->633K(4193792K), 0.0002465 secs]
0.605: [GC (Allocation Failure)  1395662K->633K(4193280K), 0.0002520 secs]
0.621: [GC (Allocation Failure)  1395661K->633K(4193792K), 0.0002031 secs]
0.635: [GC (Allocation Failure)  1395672K->633K(4193792K), 0.0003406 secs]
0.652: [GC (Allocation Failure)  1395672K->665K(4193792K), 0.0002524 secs]
0.667: [GC (Allocation Failure)  1395704K->641K(4193792K), 0.0002515 secs]
0.681: [GC (Allocation Failure)  1395679K->641K(4193792K), 0.0002599 secs]
0.696: [GC (Allocation Failure)  1395679K->641K(4193792K), 0.0002760 secs]
0.711: [GC (Allocation Failure)  1395679K->641K(4193792K), 0.0003013 secs]
0.725: [GC (Allocation Failure)  1395679K->641K(4193792K), 0.0002475 secs]
0.739: [GC (Allocation Failure)  1395679K->641K(4193792K), 0.0002417 secs]
0.753: [GC (Allocation Failure)  1395679K->641K(4193792K), 0.0002833 secs]
0.768: [GC (Allocation Failure)  1395679K->641K(4193792K), 0.0002525 secs]
0.782: [GC (Allocation Failure)  1395679K->641K(4193792K), 0.0002725 secs]
0.796: [GC (Allocation Failure)  1395679K->641K(4193792K), 0.0002178 secs]
0.811: [GC (Allocation Failure)  1395679K->641K(4193792K), 0.0002810 secs]
0.825: [GC (Allocation Failure)  1395679K->641K(4193792K), 0.0002418 secs]
0.839: [GC (Allocation Failure)  1395679K->641K(4193792K), 0.0002707 secs]
0.853: [GC (Allocation Failure)  1395679K->641K(4193792K), 0.0002424 secs]
0.867: [GC (Allocation Failure)  1395679K->641K(4193792K), 0.0002380 secs]
0.882: [GC (Allocation Failure)  1395679K->641K(4193792K), 0.0002538 secs]
0.896: [GC (Allocation Failure)  1395679K->641K(4193792K), 0.0002390 secs]
0.911: [GC (Allocation Failure)  1395679K->641K(4193792K), 0.0003362 secs]
0.926: [GC (Allocation Failure)  1395679K->641K(4193792K), 0.0002583 secs]
0.939: [GC (Allocation Failure)  1395679K->641K(4193792K), 0.0002573 secs]
0.954: [GC (Allocation Failure)  1395679K->641K(4193792K), 0.0002548 secs]
0.968: [GC (Allocation Failure)  1395679K->641K(4193792K), 0.0002567 secs]
0.982: [GC (Allocation Failure)  1395679K->641K(4193792K), 0.0002101 secs]
0.996: [GC (Allocation Failure)  1395679K->641K(4193792K), 0.0002545 secs]
1.010: [GC (Allocation Failure)  1395679K->641K(4193792K), 0.0002471 secs]
1.024: [GC (Allocation Failure)  1395679K->641K(4193792K), 0.0002771 secs]
1.038: [GC (Allocation Failure)  1395679K->641K(4193792K), 0.0002900 secs]
1.053: [GC (Allocation Failure)  1395679K->641K(4193792K), 0.0002276 secs]
1.067: [GC (Allocation Failure)  1395679K->641K(4193792K), 0.0002844 secs]
1.081: [GC (Allocation Failure)  1395679K->641K(4193792K), 0.0002375 secs]
1.096: [GC (Allocation Failure)  1395679K->641K(4193792K), 0.0002278 secs]
1.110: [GC (Allocation Failure)  1395679K->641K(4193792K), 0.0005490 secs]
1.124: [GC (Allocation Failure)  1395679K->641K(4193792K), 0.0002980 secs]
1.139: [GC (Allocation Failure)  1395679K->641K(4193792K), 0.0023966 secs]
1.155: [GC (Allocation Failure)  1395679K->641K(4193792K), 0.0002913 secs]
1.169: [GC (Allocation Failure)  1395679K->641K(4193792K), 0.0003465 secs]
1.184: [GC (Allocation Failure)  1395679K->641K(4193792K), 0.0002799 secs]
1.198: [GC (Allocation Failure)  1395679K->641K(4193792K), 0.0002860 secs]
1.212: [GC (Allocation Failure)  1395679K->641K(4193792K), 0.0002936 secs]
1.227: [GC (Allocation Failure)  1395679K->641K(4193792K), 0.0003243 secs]
1.242: [GC (Allocation Failure)  1395679K->641K(4193792K), 0.0003004 secs]
1.257: [GC (Allocation Failure)  1395679K->641K(4193792K), 0.0005103 secs]
1.272: [GC (Allocation Failure)  1395679K->641K(4193792K), 0.0002345 secs]
1.287: [GC (Allocation Failure)  1395679K->641K(4193792K), 0.0008094 secs]
1.302: [GC (Allocation Failure)  1395679K->641K(4193792K), 0.0002753 secs]
1.317: [GC (Allocation Failure)  1395679K->641K(4193792K), 0.0002550 secs]
1.332: [GC (Allocation Failure)  1395679K->641K(4193792K), 0.0003969 secs]
1.347: [GC (Allocation Failure)  1395679K->641K(4193792K), 0.0002531 secs]
1.361: [GC (Allocation Failure)  1395679K->641K(4193792K), 0.0002155 secs]
1.376: [GC (Allocation Failure)  1395679K->641K(4193792K), 0.0002401 secs]
1.390: [GC (Allocation Failure)  1395679K->641K(4193792K), 0.0002748 secs]
1.405: [GC (Allocation Failure)  1395679K->641K(4193792K), 0.0004190 secs]
1.421: [GC (Allocation Failure)  1395679K->641K(4193792K), 0.0002367 secs]
1.436: [GC (Allocation Failure)  1395679K->641K(4193792K), 0.0002537 secs]
1.451: [GC (Allocation Failure)  1395679K->641K(4193792K), 0.0002824 secs]
1.466: [GC (Allocation Failure)  1395679K->641K(4193792K), 0.0003000 secs]
1.480: [GC (Allocation Failure)  1395679K->641K(4193792K), 0.0002357 secs]
1.495: [GC (Allocation Failure)  1395679K->641K(4193792K), 0.0002104 secs]
1.508: [GC (Allocation Failure)  1395679K->641K(4193792K), 0.0002021 secs]
1.522: [GC (Allocation Failure)  1395679K->641K(4193792K), 0.0002651 secs]
1.536: [GC (Allocation Failure)  1395679K->641K(4193792K), 0.0002748 secs]
1.551: [GC (Allocation Failure)  1395679K->641K(4193792K), 0.0002678 secs]
1.565: [GC (Allocation Failure)  1395679K->641K(4193792K), 0.0002983 secs]
1.580: [GC (Allocation Failure)  1395679K->641K(4193792K), 0.0002971 secs]
1.594: [GC (Allocation Failure)  1395679K->641K(4193792K), 0.0002517 secs]
1.608: [GC (Allocation Failure)  1395679K->641K(4193792K), 0.0002677 secs]
1.623: [GC (Allocation Failure)  1395679K->641K(4193792K), 0.0004536 secs]
1.637: [GC (Allocation Failure)  1395679K->641K(4193792K), 0.0007586 secs]
1.653: [GC (Allocation Failure)  1395679K->641K(4193792K), 0.0002784 secs]
1.667: [GC (Allocation Failure)  1395679K->641K(4193792K), 0.0003203 secs]
1.682: [GC (Allocation Failure)  1395679K->641K(4193792K), 0.0002838 secs]
1.697: [GC (Allocation Failure)  1395679K->641K(4193792K), 0.0002708 secs]
1.712: [GC (Allocation Failure)  1395679K->641K(4193792K), 0.0002563 secs]
1.726: [GC (Allocation Failure)  1395679K->641K(4193792K), 0.0002820 secs]
1.742: [GC (Allocation Failure)  1395679K->641K(4193792K), 0.0002812 secs]
1.757: [GC (Allocation Failure)  1395679K->641K(4193792K), 0.0002475 secs]
1.771: [GC (Allocation Failure)  1395679K->641K(4193792K), 0.0002785 secs]
1.786: [GC (Allocation Failure)  1395679K->641K(4193792K), 0.0002577 secs]
1.800: [GC (Allocation Failure)  1395679K->641K(4193792K), 0.0002853 secs]
1.815: [GC (Allocation Failure)  1395679K->641K(4193792K), 0.0002561 secs]
1.830: [GC (Allocation Failure)  1395679K->641K(4193792K), 0.0003342 secs]
1.845: [GC (Allocation Failure)  1395679K->641K(4193792K), 0.0003376 secs]
1.859: [GC (Allocation Failure)  1395679K->641K(4193792K), 0.0002930 secs]
1.874: [GC (Allocation Failure)  1395679K->641K(4193792K), 0.0002571 secs]
1.888: [GC (Allocation Failure)  1395679K->641K(4193792K), 0.0004025 secs]
1.903: [GC (Allocation Failure)  1395679K->641K(4193792K), 0.0002817 secs]
1.917: [GC (Allocation Failure)  1395679K->641K(4193792K), 0.0002830 secs]
1.932: [GC (Allocation Failure)  1395679K->641K(4193792K), 0.0003610 secs]
1.949: [GC (Allocation Failure)  1395679K->641K(4193792K), 0.0003802 secs]
1.963: [GC (Allocation Failure)  1395679K->641K(4193792K), 0.0002738 secs]
1.978: [GC (Allocation Failure)  1395679K->641K(4193792K), 0.0013819 secs]
1.998: [GC (Allocation Failure)  1395679K->641K(4193792K), 0.0003114 secs]
2.012: [GC (Allocation Failure)  1395679K->641K(4193792K), 0.0002927 secs]
2.027: [GC (Allocation Failure)  1395679K->641K(4193792K), 0.0002935 secs]
2.042: [GC (Allocation Failure)  1395679K->641K(4193792K), 0.0007986 secs]
2.059: [GC (Allocation Failure)  1395679K->641K(4193792K), 0.0003294 secs]
2.073: [GC (Allocation Failure)  1395679K->641K(4193792K), 0.0002830 secs]
2.088: [GC (Allocation Failure)  1395679K->641K(4193792K), 0.0003203 secs]
2.103: [GC (Allocation Failure)  1395679K->641K(4193792K), 0.0002356 secs]
2.118: [GC (Allocation Failure)  1395679K->641K(4193792K), 0.0002672 secs]
2.133: [GC (Allocation Failure)  1395679K->641K(4193792K), 0.0003647 secs]
2.148: [GC (Allocation Failure)  1395679K->641K(4193792K), 0.0003273 secs]
2.163: [GC (Allocation Failure)  1395679K->641K(4193792K), 0.0002421 secs]
2.178: [GC (Allocation Failure)  1395679K->641K(4193792K), 0.0002568 secs]
2.192: [GC (Allocation Failure)  1395679K->641K(4193792K), 0.0002845 secs]
2.207: [GC (Allocation Failure)  1395679K->641K(4193792K), 0.0002974 secs]
2.221: [GC (Allocation Failure)  1395679K->641K(4193792K), 0.0003107 secs]
2.236: [GC (Allocation Failure)  1395679K->641K(4193792K), 0.0002638 secs]
2.252: [GC (Allocation Failure)  1395679K->641K(4193792K), 0.0009752 secs]
2.268: [GC (Allocation Failure)  1395679K->641K(4193792K), 0.0002428 secs]
2.283: [GC (Allocation Failure)  1395679K->641K(4193792K), 0.0002713 secs]
2.298: [GC (Allocation Failure)  1395679K->641K(4193792K), 0.0003395 secs]
2.313: [GC (Allocation Failure)  1395679K->641K(4193792K), 0.0004069 secs]
2.329: [GC (Allocation Failure)  1395679K->641K(4193792K), 0.0003273 secs]
2.343: [GC (Allocation Failure)  1395679K->641K(4193792K), 0.0003991 secs]
2.360: [GC (Allocation Failure)  1395679K->641K(4193792K), 0.0002410 secs]
2.375: [GC (Allocation Failure)  1395679K->641K(4193792K), 0.0002707 secs]
2.391: [GC (Allocation Failure)  1395679K->641K(4193792K), 0.0003975 secs]
2.407: [GC (Allocation Failure)  1395679K->641K(4193792K), 0.0002578 secs]
2.422: [GC (Allocation Failure)  1395679K->641K(4193792K), 0.0002408 secs]
2.437: [GC (Allocation Failure)  1395679K->641K(4193792K), 0.0003236 secs]
2.452: [GC (Allocation Failure)  1395679K->641K(4193792K), 0.0003570 secs]
2.468: [GC (Allocation Failure)  1395679K->641K(4193792K), 0.0002363 secs]
2.482: [GC (Allocation Failure)  1395679K->641K(4193792K), 0.0003381 secs]
2.497: [GC (Allocation Failure)  1395679K->641K(4193792K), 0.0003395 secs]
2.512: [GC (Allocation Failure)  1395679K->641K(4193792K), 0.0003599 secs]
2.528: [GC (Allocation Failure)  1395679K->641K(4193792K), 0.0002699 secs]
2.542: [GC (Allocation Failure)  1395679K->641K(4193792K), 0.0002384 secs]
2.557: [GC (Allocation Failure)  1395679K->641K(4193792K), 0.0002465 secs]
2.571: [GC (Allocation Failure)  1395679K->641K(4193792K), 0.0002236 secs]
2.585: [GC (Allocation Failure)  1395679K->641K(4193792K), 0.0002858 secs]
2.599: [GC (Allocation Failure)  1395679K->641K(4193792K), 0.0002856 secs]
2.613: [GC (Allocation Failure)  1395679K->641K(4193792K), 0.0002161 secs]
2.628: [GC (Allocation Failure)  1395679K->641K(4193792K), 0.0002496 secs]
2.643: [GC (Allocation Failure)  1395679K->641K(4193792K), 0.0002715 secs]
2.657: [GC (Allocation Failure)  1395679K->641K(4193792K), 0.0002580 secs]
2.673: [GC (Allocation Failure)  1395679K->641K(4193792K), 0.0002502 secs]
2.687: [GC (Allocation Failure)  1395679K->641K(4193792K), 0.0002361 secs]
2.701: [GC (Allocation Failure)  1395679K->641K(4193792K), 0.0002414 secs]
2.715: [GC (Allocation Failure)  1395679K->641K(4193792K), 0.0002812 secs]
2.731: [GC (Allocation Failure)  1395679K->641K(4193792K), 0.0002697 secs]
2.747: [GC (Allocation Failure)  1395679K->641K(4193792K), 0.0003216 secs]
2.762: [GC (Allocation Failure)  1395679K->641K(4193792K), 0.0002725 secs]
2.777: [GC (Allocation Failure)  1395679K->641K(4193792K), 0.0002215 secs]
2.792: [GC (Allocation Failure)  1395679K->641K(4193792K), 0.0002928 secs]
2.807: [GC (Allocation Failure)  1395679K->641K(4193792K), 0.0002561 secs]
2.822: [GC (Allocation Failure)  1395679K->641K(4193792K), 0.0002481 secs]
2.837: [GC (Allocation Failure)  1395679K->641K(4193792K), 0.0002533 secs]
2.851: [GC (Allocation Failure)  1395679K->641K(4193792K), 0.0002681 secs]
2.866: [GC (Allocation Failure)  1395679K->641K(4193792K), 0.0003316 secs]
2.880: [GC (Allocation Failure)  1395679K->641K(4193792K), 0.0002500 secs]
2.895: [GC (Allocation Failure)  1395679K->641K(4193792K), 0.0003781 secs]
2.910: [GC (Allocation Failure)  1395679K->641K(4193792K), 0.0002840 secs]
2.925: [GC (Allocation Failure)  1395679K->641K(4193792K), 0.0002917 secs]
2.940: [GC (Allocation Failure)  1395679K->641K(4193792K), 0.0007103 secs]
2.955: [GC (Allocation Failure)  1395679K->641K(4193792K), 0.0038532 secs]
2.974: [GC (Allocation Failure)  1395679K->641K(4193792K), 0.0002905 secs]
2.990: [GC (Allocation Failure)  1395679K->641K(4193792K), 0.0002276 secs]
3.004: [GC (Allocation Failure)  1395679K->641K(4193792K), 0.0002532 secs]
3.021: [GC (Allocation Failure)  1395679K->641K(4193792K), 0.0002568 secs]
3.036: [GC (Allocation Failure)  1395679K->641K(4193792K), 0.0002845 secs]
3.051: [GC (Allocation Failure)  1395679K->641K(4193792K), 0.0002907 secs]
3.066: [GC (Allocation Failure)  1395679K->641K(4193792K), 0.0003534 secs]
3.081: [GC (Allocation Failure)  1395679K->641K(4193792K), 0.0003207 secs]
3.097: [GC (Allocation Failure)  1395679K->641K(4193792K), 0.0002671 secs]
3.111: [GC (Allocation Failure)  1395679K->641K(4193792K), 0.0002165 secs]
3.126: [GC (Allocation Failure)  1395679K->641K(4193792K), 0.0002231 secs]
3.142: [GC (Allocation Failure)  1395679K->641K(4193792K), 0.0002915 secs]
3.157: [GC (Allocation Failure)  1395679K->641K(4193792K), 0.0002203 secs]
3.172: [GC (Allocation Failure)  1395679K->641K(4193792K), 0.0003580 secs]
3.189: [GC (Allocation Failure)  1395679K->641K(4193792K), 0.0003062 secs]
3.203: [GC (Allocation Failure)  1395679K->641K(4193792K), 0.0002552 secs]
3.219: [GC (Allocation Failure)  1395679K->641K(4193792K), 0.0002939 secs]
3.235: [GC (Allocation Failure)  1395679K->641K(4193792K), 0.0002372 secs]
3.249: [GC (Allocation Failure)  1395679K->641K(4193792K), 0.0002779 secs]
3.264: [GC (Allocation Failure)  1395679K->641K(4193792K), 0.0002845 secs]
3.279: [GC (Allocation Failure)  1395679K->641K(4193792K), 0.0002485 secs]
3.294: [GC (Allocation Failure)  1395679K->641K(4193792K), 0.0003677 secs]
3.309: [GC (Allocation Failure)  1395679K->641K(4193792K), 0.0002776 secs]
3.324: [GC (Allocation Failure)  1395679K->641K(4193792K), 0.0003418 secs]
3.340: [GC (Allocation Failure)  1395679K->641K(4193792K), 0.0002627 secs]
3.355: [GC (Allocation Failure)  1395679K->641K(4193792K), 0.0002487 secs]
3.370: [GC (Allocation Failure)  1395679K->641K(4193792K), 0.0022715 secs]
3.387: [GC (Allocation Failure)  1395679K->641K(4193792K), 0.0002968 secs]
3.402: [GC (Allocation Failure)  1395679K->641K(4193792K), 0.0002737 secs]
3.417: [GC (Allocation Failure)  1395679K->641K(4193792K), 0.0002378 secs]
3.433: [GC (Allocation Failure)  1395679K->641K(4193792K), 0.0002360 secs]
3.448: [GC (Allocation Failure)  1395679K->641K(4193792K), 0.0002147 secs]
3.462: [GC (Allocation Failure)  1395679K->641K(4193792K), 0.0002963 secs]
3.477: [GC (Allocation Failure)  1395679K->641K(4193792K), 0.0002365 secs]
3.491: [GC (Allocation Failure)  1395679K->641K(4193792K), 0.0002706 secs]
3.505: [GC (Allocation Failure)  1395679K->641K(4193792K), 0.0003138 secs]
3.520: [GC (Allocation Failure)  1395679K->641K(4193792K), 0.0003821 secs]
3.536: [GC (Allocation Failure)  1395679K->641K(4193792K), 0.0003465 secs]
3.551: [GC (Allocation Failure)  1395679K->641K(4193792K), 0.0002567 secs]
3.567: [GC (Allocation Failure)  1395679K->641K(4193792K), 0.0002885 secs]
3.581: [GC (Allocation Failure)  1395679K->641K(4193792K), 0.0003360 secs]
3.596: [GC (Allocation Failure)  1395679K->641K(4193792K), 0.0003758 secs]
3.611: [GC (Allocation Failure)  1395679K->641K(4193792K), 0.0003023 secs]
3.627: [GC (Allocation Failure)  1395679K->641K(4193792K), 0.0002761 secs]
3.643: [GC (Allocation Failure)  1395679K->641K(4193792K), 0.0002438 secs]
3.658: [GC (Allocation Failure)  1395679K->641K(4193792K), 0.0002925 secs]
3.674: [GC (Allocation Failure)  1395679K->641K(4193792K), 0.0002560 secs]
3.690: [GC (Allocation Failure)  1395679K->641K(4193792K), 0.0002279 secs]
3.705: [GC (Allocation Failure)  1395679K->641K(4193792K), 0.0002430 secs]
3.720: [GC (Allocation Failure)  1395679K->641K(4193792K), 0.0007010 secs]
3.734: [GC (Allocation Failure)  1395679K->641K(4193792K), 0.0003000 secs]
3.749: [GC (Allocation Failure)  1395679K->641K(4193792K), 0.0002780 secs]
3.763: [GC (Allocation Failure)  1395679K->641K(4193792K), 0.0002494 secs]
3.777: [GC (Allocation Failure)  1395679K->641K(4193792K), 0.0002773 secs]
3.792: [GC (Allocation Failure)  1395679K->641K(4193792K), 0.0003065 secs]
3.806: [GC (Allocation Failure)  1395679K->641K(4193792K), 0.0002745 secs]
3.821: [GC (Allocation Failure)  1395679K->641K(4193792K), 0.0002893 secs]
3.836: [GC (Allocation Failure)  1395679K->641K(4193792K), 0.0003292 secs]
3.851: [GC (Allocation Failure)  1395679K->641K(4193792K), 0.0002683 secs]
3.865: [GC (Allocation Failure)  1395679K->641K(4193792K), 0.0002894 secs]
3.880: [GC (Allocation Failure)  1395679K->641K(4193792K), 0.0002718 secs]
3.895: [GC (Allocation Failure)  1395679K->641K(4193792K), 0.0002955 secs]
3.910: [GC (Allocation Failure)  1395679K->641K(4193792K), 0.0002805 secs]
3.925: [GC (Allocation Failure)  1395679K->641K(4193792K), 0.0002566 secs]
3.939: [GC (Allocation Failure)  1395679K->641K(4193792K), 0.0002553 secs]
3.955: [GC (Allocation Failure)  1395679K->641K(4193792K), 0.0002900 secs]
3.971: [GC (Allocation Failure)  1395679K->641K(4193792K), 0.0002610 secs]
3.986: [GC (Allocation Failure)  1395679K->641K(4193792K), 0.0007558 secs]
4.001: [GC (Allocation Failure)  1395679K->641K(4193792K), 0.0003076 secs]
4.017: [GC (Allocation Failure)  1395679K->641K(4193792K), 0.0002861 secs]
4.032: [GC (Allocation Failure)  1395679K->641K(4193792K), 0.0019671 secs]
4.048: [GC (Allocation Failure)  1395679K->641K(4193792K), 0.0002971 secs]
4.062: [GC (Allocation Failure)  1395679K->641K(4193792K), 0.0002399 secs]
4.077: [GC (Allocation Failure)  1395679K->641K(4193792K), 0.0002821 secs]
4.091: [GC (Allocation Failure)  1395679K->641K(4193792K), 0.0002416 secs]
4.106: [GC (Allocation Failure)  1395679K->641K(4193792K), 0.0005082 secs]
4.123: [GC (Allocation Failure)  1395679K->641K(4193792K), 0.0012145 secs]
4.139: [GC (Allocation Failure)  1395679K->641K(4193792K), 0.0003789 secs]
4.154: [GC (Allocation Failure)  1395679K->641K(4193792K), 0.0003892 secs]
4.169: [GC (Allocation Failure)  1395679K->641K(4193792K), 0.0003314 secs]
4.184: [GC (Allocation Failure)  1395679K->641K(4193792K), 0.0003803 secs]
4.200: [GC (Allocation Failure)  1395679K->641K(4193792K), 0.0013652 secs]
4.216: [GC (Allocation Failure)  1395679K->641K(4193792K), 0.0003458 secs]
4.231: [GC (Allocation Failure)  1395679K->641K(4193792K), 0.0002914 secs]
4.246: [GC (Allocation Failure)  1395679K->641K(4193792K), 0.0002695 secs]
4.261: [GC (Allocation Failure)  1395679K->641K(4193792K), 0.0003304 secs]
4.275: [GC (Allocation Failure)  1395679K->641K(4193792K), 0.0004478 secs]
4.289: [GC (Allocation Failure)  1395679K->641K(4193792K), 0.0002985 secs]
4.304: [GC (Allocation Failure)  1395679K->641K(4193792K), 0.0003127 secs]
4.318: [GC (Allocation Failure)  1395679K->641K(4193792K), 0.0002750 secs]
4.333: [GC (Allocation Failure)  1395679K->641K(4193792K), 0.0003256 secs]
4.348: [GC (Allocation Failure)  1395679K->641K(4193792K), 0.0002796 secs]
4.363: [GC (Allocation Failure)  1395679K->641K(4193792K), 0.0003054 secs]
4.377: [GC (Allocation Failure)  1395679K->641K(4193792K), 0.0003068 secs]
4.392: [GC (Allocation Failure)  1395679K->641K(4193792K), 0.0003464 secs]
4.407: [GC (Allocation Failure)  1395679K->641K(4193792K), 0.0002512 secs]
4.421: [GC (Allocation Failure)  1395679K->641K(4193792K), 0.0003328 secs]
4.435: [GC (Allocation Failure)  1395679K->641K(4193792K), 0.0002513 secs]
4.450: [GC (Allocation Failure)  1395679K->641K(4193792K), 0.0003300 secs]
4.465: [GC (Allocation Failure)  1395679K->641K(4193792K), 0.0002789 secs]
4.480: [GC (Allocation Failure)  1395679K->641K(4193792K), 0.0003363 secs]
4.495: [GC (Allocation Failure)  1395679K->641K(4193792K), 0.0009553 secs]
4.511: [GC (Allocation Failure)  1395679K->641K(4193792K), 0.0003989 secs]
4.526: [GC (Allocation Failure)  1395679K->641K(4193792K), 0.0003210 secs]
4.541: [GC (Allocation Failure)  1395679K->641K(4193792K), 0.0007770 secs]
4.556: [GC (Allocation Failure)  1395679K->641K(4193792K), 0.0006821 secs]
4.581: [GC (Allocation Failure)  1395679K->641K(4193792K), 0.0006121 secs]
4.596: [GC (Allocation Failure)  1395679K->641K(4193792K), 0.0006090 secs]
4.612: [GC (Allocation Failure)  1395679K->641K(4193792K), 0.0013228 secs]
4.628: [GC (Allocation Failure)  1395679K->641K(4193792K), 0.0007180 secs]
4.643: [GC (Allocation Failure)  1395679K->641K(4193792K), 0.0003139 secs]
4.657: [GC (Allocation Failure)  1395679K->641K(4193792K), 0.0031391 secs]
4.674: [GC (Allocation Failure)  1395679K->641K(4193792K), 0.0002741 secs]
4.688: [GC (Allocation Failure)  1395679K->641K(4193792K), 0.0002852 secs]
4.703: [GC (Allocation Failure)  1395679K->641K(4193792K), 0.0002755 secs]
4.717: [GC (Allocation Failure)  1395679K->641K(4193792K), 0.0002251 secs]
4.731: [GC (Allocation Failure)  1395679K->641K(4193792K), 0.0003161 secs]
4.746: [GC (Allocation Failure)  1395679K->641K(4193792K), 0.0003870 secs]
4.759: [GC (Allocation Failure)  1395679K->641K(4193792K), 0.0002402 secs]
4.773: [GC (Allocation Failure)  1395679K->641K(4193792K), 0.0002950 secs]
4.787: [GC (Allocation Failure)  1395679K->641K(4193792K), 0.0006401 secs]
4.802: [GC (Allocation Failure)  1395679K->641K(4193792K), 0.0002668 secs]
4.817: [GC (Allocation Failure)  1395679K->641K(4193792K), 0.0003277 secs]
4.833: [GC (Allocation Failure)  1395679K->641K(4193792K), 0.0003260 secs]
4.847: [GC (Allocation Failure)  1395679K->641K(4193792K), 0.0002717 secs]
4.862: [GC (Allocation Failure)  1395679K->641K(4193792K), 0.0010238 secs]
4.878: [GC (Allocation Failure)  1395679K->641K(4193792K), 0.0002939 secs]
4.893: [GC (Allocation Failure)  1395679K->641K(4193792K), 0.0004080 secs]
4.907: [GC (Allocation Failure)  1395679K->641K(4193792K), 0.0002869 secs]
4.921: [GC (Allocation Failure)  1395679K->641K(4193792K), 0.0002527 secs]
4.936: [GC (Allocation Failure)  1395679K->641K(4193792K), 0.0003012 secs]
4.950: [GC (Allocation Failure)  1395679K->641K(4193792K), 0.0002402 secs]
4.964: [GC (Allocation Failure)  1395679K->641K(4193792K), 0.0002817 secs]
4.979: [GC (Allocation Failure)  1395679K->641K(4193792K), 0.0003290 secs]
4.993: [GC (Allocation Failure)  1395679K->641K(4193792K), 0.0003602 secs]
5.009: [GC (Allocation Failure)  1395679K->641K(4193792K), 0.0004525 secs]
5.025: [GC (Allocation Failure)  1395679K->641K(4193792K), 0.0002556 secs]
5.040: [GC (Allocation Failure)  1395679K->641K(4193792K), 0.0003593 secs]
5.055: [GC (Allocation Failure)  1395679K->641K(4193792K), 0.0002717 secs]
5.070: [GC (Allocation Failure)  1395679K->641K(4193792K), 0.0002884 secs]
5.085: [GC (Allocation Failure)  1395679K->641K(4193792K), 0.0002426 secs]
5.099: [GC (Allocation Failure)  1395679K->641K(4193792K), 0.0002874 secs]
5.114: [GC (Allocation Failure)  1395679K->641K(4193792K), 0.0002825 secs]
5.128: [GC (Allocation Failure)  1395679K->641K(4193792K), 0.0002548 secs]
5.143: [GC (Allocation Failure)  1395679K->641K(4193792K), 0.0002584 secs]
5.157: [GC (Allocation Failure)  1395679K->641K(4193792K), 0.0002815 secs]
5.172: [GC (Allocation Failure)  1395679K->641K(4193792K), 0.0002466 secs]
5.186: [GC (Allocation Failure)  1395679K->641K(4193792K), 0.0002422 secs]
5.200: [GC (Allocation Failure)  1395679K->641K(4193792K), 0.0002489 secs]
5.214: [GC (Allocation Failure)  1395679K->641K(4193792K), 0.0023176 secs]
5.230: [GC (Allocation Failure)  1395679K->641K(4193792K), 0.0002779 secs]
5.245: [GC (Allocation Failure)  1395679K->641K(4193792K), 0.0002904 secs]
5.260: [GC (Allocation Failure)  1395679K->641K(4193792K), 0.0003015 secs]
5.275: [GC (Allocation Failure)  1395679K->641K(4193792K), 0.0002945 secs]
5.289: [GC (Allocation Failure)  1395679K->641K(4193792K), 0.0002464 secs]
5.304: [GC (Allocation Failure)  1395679K->641K(4193792K), 0.0002636 secs]
5.319: [GC (Allocation Failure)  1395679K->641K(4193792K), 0.0005603 secs]
5.334: [GC (Allocation Failure)  1395679K->641K(4193792K), 0.0002725 secs]
5.357: [GC (Allocation Failure)  1395679K->641K(4193792K), 0.0003022 secs]
5.397: [GC (Allocation Failure)  1395679K->641K(4193792K), 0.0002859 secs]
5.437: [GC (Allocation Failure)  1395679K->641K(4193792K), 0.0003958 secs]
5.477: [GC (Allocation Failure)  1395679K->641K(4193792K), 0.0003028 secs]
5.516: [GC (Allocation Failure)  1395679K->641K(4193792K), 0.0003507 secs]
5.555: [GC (Allocation Failure)  1395679K->641K(4193792K), 0.0004484 secs]
5.595: [GC (Allocation Failure)  1395679K->641K(4193792K), 0.0002882 secs]
5.634: [GC (Allocation Failure)  1395679K->641K(4193792K), 0.0002890 secs]
5.672: [GC (Allocation Failure)  1395679K->641K(4193792K), 0.0002576 secs]
5.709: [GC (Allocation Failure)  1395679K->641K(4193792K), 0.0003060 secs]
5.746: [GC (Allocation Failure)  1395679K->641K(4193792K), 0.0002658 secs]
5.783: [GC (Allocation Failure)  1395679K->641K(4193792K), 0.0002612 secs]
5.821: [GC (Allocation Failure)  1395679K->641K(4193792K), 0.0002721 secs]
5.861: [GC (Allocation Failure)  1395679K->641K(4193792K), 0.0002875 secs]
5.900: [GC (Allocation Failure)  1395679K->641K(4193792K), 0.0002777 secs]
5.937: [GC (Allocation Failure)  1395679K->641K(4193792K), 0.0002767 secs]
5.973: [GC (Allocation Failure)  1395679K->641K(4193792K), 0.0002885 secs]
6.010: [GC (Allocation Failure)  1395679K->641K(4193792K), 0.0002822 secs]
6.050: [GC (Allocation Failure)  1395679K->641K(4193792K), 0.0002896 secs]
6.089: [GC (Allocation Failure)  1395679K->641K(4193792K), 0.0003533 secs]
6.128: [GC (Allocation Failure)  1395679K->641K(4193792K), 0.0002632 secs]
6.164: [GC (Allocation Failure)  1395679K->641K(4193792K), 0.0002835 secs]
6.201: [GC (Allocation Failure)  1395679K->641K(4193792K), 0.0003112 secs]
6.241: [GC (Allocation Failure)  1395679K->641K(4193792K), 0.0003268 secs]
6.281: [GC (Allocation Failure)  1395679K->641K(4193792K), 0.0003104 secs]
6.320: [GC (Allocation Failure)  1395679K->641K(4193792K), 0.0003598 secs]
6.359: [GC (Allocation Failure)  1395679K->641K(4193792K), 0.0003369 secs]
6.397: [GC (Allocation Failure)  1395679K->641K(4193792K), 0.0002431 secs]
6.433: [GC (Allocation Failure)  1395679K->641K(4193792K), 0.0003098 secs]
6.471: [GC (Allocation Failure)  1395679K->641K(4193792K), 0.0003881 secs]
6.508: [GC (Allocation Failure)  1395679K->641K(4193792K), 0.0002572 secs]
6.546: [GC (Allocation Failure)  1395679K->641K(4193792K), 0.0002573 secs]
6.585: [GC (Allocation Failure)  1395679K->641K(4193792K), 0.0003094 secs]
6.623: [GC (Allocation Failure)  1395679K->641K(4193792K), 0.0002825 secs]
6.660: [GC (Allocation Failure)  1395679K->641K(4193792K), 0.0004918 secs]
6.697: [GC (Allocation Failure)  1395679K->641K(4193792K), 0.0002592 secs]
6.733: [GC (Allocation Failure)  1395679K->641K(4193792K), 0.0002812 secs]
6.769: [GC (Allocation Failure)  1395679K->641K(4193792K), 0.0003112 secs]
6.809: [GC (Allocation Failure)  1395679K->641K(4193792K), 0.0002650 secs]
6.849: [GC (Allocation Failure)  1395679K->641K(4193792K), 0.0003210 secs]
6.889: [GC (Allocation Failure)  1395679K->641K(4193792K), 0.0003692 secs]
6.926: [GC (Allocation Failure)  1395679K->641K(4193792K), 0.0002715 secs]
6.962: [GC (Allocation Failure)  1395679K->641K(4193792K), 0.0004529 secs]
7.000: [GC (Allocation Failure)  1395679K->641K(4193792K), 0.0003117 secs]
7.039: [GC (Allocation Failure)  1395679K->641K(4193792K), 0.0003013 secs]
7.078: [GC (Allocation Failure)  1395679K->641K(4193792K), 0.0003208 secs]
7.119: [GC (Allocation Failure)  1395679K->641K(4193792K), 0.0002628 secs]
7.159: [GC (Allocation Failure)  1395679K->641K(4193792K), 0.0003648 secs]
7.198: [GC (Allocation Failure)  1395679K->641K(4193792K), 0.0011230 secs]
7.236: [GC (Allocation Failure)  1395679K->641K(4193792K), 0.0002320 secs]
7.274: [GC (Allocation Failure)  1395679K->641K(4193792K), 0.0002706 secs]
7.312: [GC (Allocation Failure)  1395679K->641K(4193792K), 0.0004220 secs]
7.350: [GC (Allocation Failure)  1395679K->641K(4193792K), 0.0002498 secs]
7.388: [GC (Allocation Failure)  1395679K->641K(4193792K), 0.0002716 secs]
7.426: [GC (Allocation Failure)  1395679K->641K(4193792K), 0.0003414 secs]
7.462: [GC (Allocation Failure)  1395679K->641K(4193792K), 0.0002806 secs]
7.501: [GC (Allocation Failure)  1395679K->641K(4193792K), 0.0002499 secs]
7.543: [GC (Allocation Failure)  1395679K->641K(4193792K), 0.0003766 secs]
7.585: [GC (Allocation Failure)  1395679K->641K(4193792K), 0.0002658 secs]
7.625: [GC (Allocation Failure)  1395679K->641K(4193792K), 0.0002899 secs]
7.665: [GC (Allocation Failure)  1395679K->641K(4193792K), 0.0005627 secs]
7.704: [GC (Allocation Failure)  1395679K->641K(4193792K), 0.0002906 secs]
7.743: [GC (Allocation Failure)  1395679K->641K(4193792K), 0.0003558 secs]
7.788: [GC (Allocation Failure)  1395679K->641K(4193792K), 0.0002981 secs]
7.828: [GC (Allocation Failure)  1395679K->641K(4193792K), 0.0002872 secs]
7.868: [GC (Allocation Failure)  1395679K->641K(4193792K), 0.0002804 secs]
7.907: [GC (Allocation Failure)  1395679K->641K(4193792K), 0.0002677 secs]
7.945: [GC (Allocation Failure)  1395679K->641K(4193792K), 0.0002755 secs]
7.982: [GC (Allocation Failure)  1395679K->641K(4193792K), 0.0003023 secs]
8.021: [GC (Allocation Failure)  1395679K->641K(4193792K), 0.0004654 secs]
8.060: [GC (Allocation Failure)  1395679K->641K(4193792K), 0.0003153 secs]
8.101: [GC (Allocation Failure)  1395679K->641K(4193792K), 0.0002756 secs]
8.138: [GC (Allocation Failure)  1395679K->641K(4193792K), 0.0006236 secs]
8.176: [GC (Allocation Failure)  1395679K->641K(4193792K), 0.0002777 secs]
8.215: [GC (Allocation Failure)  1395679K->641K(4193792K), 0.0003257 secs]
8.257: [GC (Allocation Failure)  1395679K->641K(4193792K), 0.0002640 secs]
8.318: [GC (Allocation Failure)  1395679K->641K(4193792K), 0.0003037 secs]
8.358: [GC (Allocation Failure)  1395679K->641K(4193792K), 0.0002956 secs]
8.399: [GC (Allocation Failure)  1395679K->641K(4193792K), 0.0023273 secs]
8.441: [GC (Allocation Failure)  1395679K->641K(4193792K), 0.0003704 secs]
8.480: [GC (Allocation Failure)  1395679K->641K(4193792K), 0.0002966 secs]
8.520: [GC (Allocation Failure)  1395679K->641K(4193792K), 0.0026679 secs]
8.562: [GC (Allocation Failure)  1395679K->641K(4193792K), 0.0003316 secs]
8.603: [GC (Allocation Failure)  1395679K->641K(4193792K), 0.0003607 secs]
8.645: [GC (Allocation Failure)  1395679K->641K(4193792K), 0.0003092 secs]
8.685: [GC (Allocation Failure)  1395679K->641K(4193792K), 0.0002816 secs]
8.723: [GC (Allocation Failure)  1395679K->641K(4193792K), 0.0006163 secs]
8.762: [GC (Allocation Failure)  1395679K->641K(4193792K), 0.0002615 secs]
8.800: [GC (Allocation Failure)  1395679K->641K(4193792K), 0.0002687 secs]
8.840: [GC (Allocation Failure)  1395679K->641K(4193792K), 0.0003023 secs]
8.881: [GC (Allocation Failure)  1395679K->641K(4193792K), 0.0002963 secs]
8.922: [GC (Allocation Failure)  1395679K->641K(4193792K), 0.0002662 secs]
8.960: [GC (Allocation Failure)  1395679K->641K(4193792K), 0.0003024 secs]
8.997: [GC (Allocation Failure)  1395679K->641K(4193792K), 0.0003539 secs]
9.039: [GC (Allocation Failure)  1395679K->641K(4193792K), 0.0002565 secs]
9.082: [GC (Allocation Failure)  1395679K->641K(4193792K), 0.0002507 secs]
9.123: [GC (Allocation Failure)  1395679K->641K(4193792K), 0.0003452 secs]
9.161: [GC (Allocation Failure)  1395679K->641K(4193792K), 0.0002968 secs]
9.203: [GC (Allocation Failure)  1395679K->641K(4193792K), 0.0003209 secs]
9.243: [GC (Allocation Failure)  1395679K->641K(4193792K), 0.0003294 secs]
9.285: [GC (Allocation Failure)  1395679K->641K(4193792K), 0.0004021 secs]
9.324: [GC (Allocation Failure)  1395679K->641K(4193792K), 0.0003395 secs]
9.361: [GC (Allocation Failure)  1395679K->641K(4193792K), 0.0003246 secs]
9.396: [GC (Allocation Failure)  1395679K->641K(4193792K), 0.0005672 secs]
9.444: [GC (Allocation Failure)  1395679K->641K(4193792K), 0.0002872 secs]
9.482: [GC (Allocation Failure)  1395679K->641K(4193792K), 0.0003103 secs]
9.520: [GC (Allocation Failure)  1395679K->641K(4193792K), 0.0002975 secs]
9.558: [GC (Allocation Failure)  1395679K->641K(4193792K), 0.0003214 secs]
9.596: [GC (Allocation Failure)  1395679K->641K(4193792K), 0.0002630 secs]
9.634: [GC (Allocation Failure)  1395679K->641K(4193792K), 0.0018296 secs]
9.675: [GC (Allocation Failure)  1395679K->641K(4193792K), 0.0002838 secs]
9.713: [GC (Allocation Failure)  1395679K->641K(4193792K), 0.0003187 secs]
9.751: [GC (Allocation Failure)  1395679K->641K(4193792K), 0.0005581 secs]
9.787: [GC (Allocation Failure)  1395679K->641K(4193792K), 0.0002784 secs]
9.824: [GC (Allocation Failure)  1395679K->641K(4193792K), 0.0003343 secs]
9.861: [GC (Allocation Failure)  1395679K->641K(4193792K), 0.0003057 secs]
9.898: [GC (Allocation Failure)  1395679K->641K(4193792K), 0.0003315 secs]
9.937: [GC (Allocation Failure)  1395679K->641K(4193792K), 0.0003765 secs]
9.978: [GC (Allocation Failure)  1395679K->641K(4193792K), 0.0003583 secs]
10.017: [GC (Allocation Failure)  1395679K->641K(4193792K), 0.0002876 secs]
10.053: [GC (Allocation Failure)  1395679K->641K(4193792K), 0.0002906 secs]
10.091: [GC (Allocation Failure)  1395679K->641K(4193792K), 0.0002845 secs]
10.131: [GC (Allocation Failure)  1395679K->641K(4193792K), 0.0002458 secs]
10.170: [GC (Allocation Failure)  1395679K->641K(4193792K), 0.0002941 secs]
10.209: [GC (Allocation Failure)  1395679K->641K(4193792K), 0.0003015 secs]
10.247: [GC (Allocation Failure)  1395679K->641K(4193792K), 0.0003183 secs]
10.283: [GC (Allocation Failure)  1395679K->641K(4193792K), 0.0003150 secs]
10.323: [GC (Allocation Failure)  1395679K->641K(4193792K), 0.0003085 secs]
10.362: [GC (Allocation Failure)  1395679K->641K(4193792K), 0.0003338 secs]
10.402: [GC (Allocation Failure)  1395679K->641K(4193792K), 0.0002636 secs]
10.439: [GC (Allocation Failure)  1395679K->641K(4193792K), 0.0003069 secs]
10.476: [GC (Allocation Failure)  1395679K->641K(4193792K), 0.0003317 secs]
10.514: [GC (Allocation Failure)  1395679K->641K(4193792K), 0.0003360 secs]
10.553: [GC (Allocation Failure)  1395679K->641K(4193792K), 0.0002511 secs]
10.591: [GC (Allocation Failure)  1395679K->641K(4193792K), 0.0002799 secs]
10.628: [GC (Allocation Failure)  1395679K->641K(4193792K), 0.0003200 secs]
10.665: [GC (Allocation Failure)  1395679K->641K(4193792K), 0.0002552 secs]
10.701: [GC (Allocation Failure)  1395679K->641K(4193792K), 0.0003602 secs]
10.737: [GC (Allocation Failure)  1395679K->641K(4193792K), 0.0003277 secs]
10.774: [GC (Allocation Failure)  1395679K->641K(4193792K), 0.0002808 secs]
10.812: [GC (Allocation Failure)  1395679K->641K(4193792K), 0.0003133 secs]
10.850: [GC (Allocation Failure)  1395679K->641K(4193792K), 0.0003085 secs]
10.888: [GC (Allocation Failure)  1395679K->641K(4193792K), 0.0002858 secs]
10.925: [GC (Allocation Failure)  1395679K->641K(4193792K), 0.0003486 secs]
10.961: [GC (Allocation Failure)  1395679K->641K(4193792K), 0.0003437 secs]
10.998: [GC (Allocation Failure)  1395679K->641K(4193792K), 0.0005172 secs]
11.037: [GC (Allocation Failure)  1395679K->641K(4193792K), 0.0002801 secs]
11.076: [GC (Allocation Failure)  1395679K->641K(4193792K), 0.0002768 secs]
11.114: [GC (Allocation Failure)  1395679K->641K(4193792K), 0.0002973 secs]
11.151: [GC (Allocation Failure)  1395679K->641K(4193792K), 0.0003313 secs]
11.188: [GC (Allocation Failure)  1395679K->641K(4193792K), 0.0003203 secs]
11.224: [GC (Allocation Failure)  1395679K->641K(4193792K), 0.0007031 secs]
11.263: [GC (Allocation Failure)  1395679K->641K(4193792K), 0.0003365 secs]
11.300: [GC (Allocation Failure)  1395679K->641K(4193792K), 0.0002804 secs]
11.339: [GC (Allocation Failure)  1395679K->641K(4193792K), 0.0002741 secs]
11.377: [GC (Allocation Failure)  1395679K->641K(4193792K), 0.0002921 secs]
11.417: [GC (Allocation Failure)  1395679K->641K(4193792K), 0.0002804 secs]
11.454: [GC (Allocation Failure)  1395679K->641K(4193792K), 0.0002656 secs]
11.490: [GC (Allocation Failure)  1395679K->641K(4193792K), 0.0003765 secs]
11.529: [GC (Allocation Failure)  1395679K->641K(4193792K), 0.0002910 secs]
11.569: [GC (Allocation Failure)  1395679K->641K(4193792K), 0.0002722 secs]
11.609: [GC (Allocation Failure)  1395679K->641K(4193792K), 0.0003087 secs]
11.646: [GC (Allocation Failure)  1395679K->641K(4193792K), 0.0003400 secs]
11.685: [GC (Allocation Failure)  1395679K->641K(4193792K), 0.0002944 secs]
11.722: [GC (Allocation Failure)  1395679K->641K(4193792K), 0.0003420 secs]
11.758: [GC (Allocation Failure)  1395679K->641K(4193792K), 0.0002833 secs]
11.796: [GC (Allocation Failure)  1395679K->641K(4193792K), 0.0002995 secs]
11.835: [GC (Allocation Failure)  1395679K->641K(4193792K), 0.0006946 secs]
11.874: [GC (Allocation Failure)  1395679K->641K(4193792K), 0.0002953 secs]
11.914: [GC (Allocation Failure)  1395679K->641K(4193792K), 0.0002677 secs]
11.951: [GC (Allocation Failure)  1395679K->641K(4193792K), 0.0003122 secs]
11.986: [GC (Allocation Failure)  1395679K->641K(4193792K), 0.0030730 secs]
12.028: [GC (Allocation Failure)  1395679K->641K(4193792K), 0.0002968 secs]
12.068: [GC (Allocation Failure)  1395679K->641K(4193792K), 0.0005381 secs]
12.108: [GC (Allocation Failure)  1395679K->641K(4193792K), 0.0006843 secs]
12.144: [GC (Allocation Failure)  1395679K->641K(4193792K), 0.0002619 secs]
12.180: [GC (Allocation Failure)  1395679K->641K(4193792K), 0.0003046 secs]
12.219: [GC (Allocation Failure)  1395679K->641K(4193792K), 0.0003075 secs]
12.256: [GC (Allocation Failure)  1395679K->641K(4193792K), 0.0003058 secs]
12.293: [GC (Allocation Failure)  1395679K->641K(4193792K), 0.0002910 secs]
12.331: [GC (Allocation Failure)  1395679K->641K(4193792K), 0.0002558 secs]
12.370: [GC (Allocation Failure)  1395679K->641K(4193792K), 0.0002633 secs]
12.408: [GC (Allocation Failure)  1395679K->641K(4193792K), 0.0002999 secs]
12.444: [GC (Allocation Failure)  1395679K->641K(4193792K), 0.0003193 secs]
12.481: [GC (Allocation Failure)  1395679K->641K(4193792K), 0.0002827 secs]
12.519: [GC (Allocation Failure)  1395679K->641K(4193792K), 0.0003158 secs]
12.557: [GC (Allocation Failure)  1395679K->641K(4193792K), 0.0003632 secs]
12.596: [GC (Allocation Failure)  1395679K->641K(4193792K), 0.0003027 secs]
12.632: [GC (Allocation Failure)  1395679K->641K(4193792K), 0.0003306 secs]
12.669: [GC (Allocation Failure)  1395679K->641K(4193792K), 0.0002743 secs]
12.706: [GC (Allocation Failure)  1395679K->641K(4193792K), 0.0002372 secs]
12.742: [GC (Allocation Failure)  1395679K->641K(4193792K), 0.0002488 secs]
12.778: [GC (Allocation Failure)  1395679K->641K(4193792K), 0.0003111 secs]
12.816: [GC (Allocation Failure)  1395679K->641K(4193792K), 0.0002645 secs]
12.854: [GC (Allocation Failure)  1395679K->641K(4193792K), 0.0002600 secs]
12.893: [GC (Allocation Failure)  1395679K->641K(4193792K), 0.0008548 secs]
12.931: [GC (Allocation Failure)  1395679K->641K(4193792K), 0.0003525 secs]
12.967: [GC (Allocation Failure)  1395679K->641K(4193792K), 0.0003406 secs]
13.005: [GC (Allocation Failure)  1395679K->641K(4193792K), 0.0008623 secs]
13.044: [GC (Allocation Failure)  1395679K->641K(4193792K), 0.0002957 secs]
13.082: [GC (Allocation Failure)  1395679K->641K(4193792K), 0.0003207 secs]
13.120: [GC (Allocation Failure)  1395679K->641K(4193792K), 0.0003240 secs]
13.157: [GC (Allocation Failure)  1395679K->641K(4193792K), 0.0003129 secs]
13.193: [GC (Allocation Failure)  1395679K->641K(4193792K), 0.0002429 secs]
13.231: [GC (Allocation Failure)  1395679K->641K(4193792K), 0.0002279 secs]
13.269: [GC (Allocation Failure)  1395679K->641K(4193792K), 0.0003161 secs]
13.309: [GC (Allocation Failure)  1395679K->641K(4193792K), 0.0003280 secs]
13.347: [GC (Allocation Failure)  1395679K->641K(4193792K), 0.0002412 secs]
13.386: [GC (Allocation Failure)  1395679K->641K(4193792K), 0.0002418 secs]
13.424: [GC (Allocation Failure)  1395679K->641K(4193792K), 0.0003333 secs]
13.459: [GC (Allocation Failure)  1395679K->641K(4193792K), 0.0002914 secs]
13.495: [GC (Allocation Failure)  1395679K->641K(4193792K), 0.0003570 secs]
13.533: [GC (Allocation Failure)  1395679K->641K(4193792K), 0.0004404 secs]
13.572: [GC (Allocation Failure)  1395679K->641K(4193792K), 0.0002648 secs]
13.609: [GC (Allocation Failure)  1395679K->641K(4193792K), 0.0003077 secs]
13.645: [GC (Allocation Failure)  1395679K->641K(4193792K), 0.0002613 secs]
13.683: [GC (Allocation Failure)  1395679K->641K(4193792K), 0.0003059 secs]
13.718: [GC (Allocation Failure)  1395679K->641K(4193792K), 0.0003231 secs]
13.753: [GC (Allocation Failure)  1395679K->641K(4193792K), 0.0003269 secs]
13.789: [GC (Allocation Failure)  1395679K->641K(4193792K), 0.0002855 secs]
13.827: [GC (Allocation Failure)  1395679K->641K(4193792K), 0.0003438 secs]
13.866: [GC (Allocation Failure)  1395679K->641K(4193792K), 0.0003529 secs]
13.904: [GC (Allocation Failure)  1395679K->641K(4193792K), 0.0002533 secs]
13.941: [GC (Allocation Failure)  1395679K->641K(4193792K), 0.0003001 secs]
13.977: [GC (Allocation Failure)  1395679K->641K(4193792K), 0.0003393 secs]
14.014: [GC (Allocation Failure)  1395679K->641K(4193792K), 0.0003117 secs]
14.053: [GC (Allocation Failure)  1395679K->641K(4193792K), 0.0002700 secs]
14.092: [GC (Allocation Failure)  1395679K->641K(4193792K), 0.0002679 secs]
14.129: [GC (Allocation Failure)  1395679K->641K(4193792K), 0.0003356 secs]
14.165: [GC (Allocation Failure)  1395679K->641K(4193792K), 0.0003262 secs]
14.202: [GC (Allocation Failure)  1395679K->641K(4193792K), 0.0002733 secs]
14.237: [GC (Allocation Failure)  1395679K->641K(4193792K), 0.0003072 secs]
14.273: [GC (Allocation Failure)  1395679K->641K(4193792K), 0.0021632 secs]
14.312: [GC (Allocation Failure)  1395679K->641K(4193792K), 0.0002426 secs]
14.350: [GC (Allocation Failure)  1395679K->641K(4193792K), 0.0002510 secs]
14.389: [GC (Allocation Failure)  1395679K->641K(4193792K), 0.0002588 secs]
14.426: [GC (Allocation Failure)  1395679K->641K(4193792K), 0.0003375 secs]
14.462: [GC (Allocation Failure)  1395679K->641K(4193792K), 0.0002496 secs]
14.499: [GC (Allocation Failure)  1395679K->641K(4193792K), 0.0002864 secs]
14.537: [GC (Allocation Failure)  1395679K->641K(4193792K), 0.0003072 secs]
14.576: [GC (Allocation Failure)  1395679K->641K(4193792K), 0.0003083 secs]
14.614: [GC (Allocation Failure)  1395679K->641K(4193792K), 0.0003113 secs]
14.651: [GC (Allocation Failure)  1395679K->641K(4193792K), 0.0002750 secs]
14.687: [GC (Allocation Failure)  1395679K->641K(4193792K), 0.0003426 secs]
14.724: [GC (Allocation Failure)  1395679K->641K(4193792K), 0.0005949 secs]
14.760: [GC (Allocation Failure)  1395679K->641K(4193792K), 0.0003082 secs]
14.797: [GC (Allocation Failure)  1395679K->641K(4193792K), 0.0002580 secs]
14.834: [GC (Allocation Failure)  1395679K->641K(4193792K), 0.0009393 secs]
14.873: [GC (Allocation Failure)  1395679K->641K(4193792K), 0.0002658 secs]
14.912: [GC (Allocation Failure)  1395679K->641K(4193792K), 0.0002841 secs]
14.947: [GC (Allocation Failure)  1395679K->641K(4193792K), 0.0002615 secs]
14.984: [GC (Allocation Failure)  1395679K->641K(4193792K), 0.0033362 secs]
15.027: [GC (Allocation Failure)  1395679K->641K(4193792K), 0.0002997 secs]
15.065: [GC (Allocation Failure)  1395679K->641K(4193792K), 0.0002927 secs]
15.105: [GC (Allocation Failure)  1395679K->641K(4193792K), 0.0002917 secs]
15.145: [GC (Allocation Failure)  1395679K->641K(4193792K), 0.0002946 secs]
15.184: [GC (Allocation Failure)  1395679K->641K(4193792K), 0.0003964 secs]
15.221: [GC (Allocation Failure)  1395679K->641K(4193792K), 0.0003758 secs]
15.257: [GC (Allocation Failure)  1395679K->641K(4193792K), 0.0003175 secs]
15.295: [GC (Allocation Failure)  1395679K->641K(4193792K), 0.0006494 secs]
15.343: [GC (Allocation Failure)  1395679K->641K(4193792K), 0.0003793 secs]
15.382: [GC (Allocation Failure)  1395679K->641K(4193792K), 0.0003642 secs]
15.423: [GC (Allocation Failure)  1395679K->641K(4193792K), 0.0007150 secs]
15.464: [GC (Allocation Failure)  1395679K->641K(4193792K), 0.0027478 secs]
15.504: [GC (Allocation Failure)  1395679K->641K(4193792K), 0.0003062 secs]
15.543: [GC (Allocation Failure)  1395679K->641K(4193792K), 0.0002960 secs]
15.583: [GC (Allocation Failure)  1395679K->641K(4193792K), 0.0003375 secs]
15.625: [GC (Allocation Failure)  1395679K->641K(4193792K), 0.0003038 secs]
15.670: [GC (Allocation Failure)  1395679K->641K(4193792K), 0.0004153 secs]
15.713: [GC (Allocation Failure)  1395679K->641K(4193792K), 0.0003664 secs]
15.754: [GC (Allocation Failure)  1395679K->641K(4193792K), 0.0015389 secs]
15.773: [GC (Allocation Failure)  1395679K->641K(4193792K), 0.0004853 secs]
15.792: [GC (Allocation Failure)  1395679K->641K(4193792K), 0.0004952 secs]
15.806: [GC (Allocation Failure)  1395679K->641K(4193792K), 0.0005125 secs]
15.821: [GC (Allocation Failure)  1395679K->641K(4193792K), 0.0002878 secs]
15.836: [GC (Allocation Failure)  1395679K->641K(4193792K), 0.0002693 secs]
15.850: [GC (Allocation Failure)  1395679K->641K(4193792K), 0.0002553 secs]
15.864: [GC (Allocation Failure)  1395679K->641K(4193792K), 0.0003042 secs]
15.879: [GC (Allocation Failure)  1395679K->641K(4193792K), 0.0002667 secs]
15.894: [GC (Allocation Failure)  1395679K->641K(4193792K), 0.0003510 secs]
15.908: [GC (Allocation Failure)  1395679K->641K(4193792K), 0.0002670 secs]
15.923: [GC (Allocation Failure)  1395679K->641K(4193792K), 0.0002585 secs]
15.937: [GC (Allocation Failure)  1395679K->641K(4193792K), 0.0002582 secs]
15.951: [GC (Allocation Failure)  1395679K->641K(4193792K), 0.0003022 secs]
15.966: [GC (Allocation Failure)  1395679K->641K(4193792K), 0.0003065 secs]
15.981: [GC (Allocation Failure)  1395679K->641K(4193792K), 0.0002641 secs]
15.996: [GC (Allocation Failure)  1395679K->641K(4193792K), 0.0004455 secs]
16.010: [GC (Allocation Failure)  1395679K->641K(4193792K), 0.0003131 secs]
16.025: [GC (Allocation Failure)  1395679K->641K(4193792K), 0.0002482 secs]
16.039: [GC (Allocation Failure)  1395679K->641K(4193792K), 0.0002451 secs]
16.054: [GC (Allocation Failure)  1395679K->641K(4193792K), 0.0003619 secs]
16.069: [GC (Allocation Failure)  1395679K->641K(4193792K), 0.0002760 secs]
16.084: [GC (Allocation Failure)  1395679K->641K(4193792K), 0.0003513 secs]
16.099: [GC (Allocation Failure)  1395679K->641K(4193792K), 0.0002905 secs]
16.115: [GC (Allocation Failure)  1395679K->641K(4193792K), 0.0003576 secs]
16.130: [GC (Allocation Failure)  1395679K->641K(4193792K), 0.0004051 secs]
16.146: [GC (Allocation Failure)  1395679K->641K(4193792K), 0.0010427 secs]
16.162: [GC (Allocation Failure)  1395679K->641K(4193792K), 0.0002595 secs]
16.178: [GC (Allocation Failure)  1395679K->641K(4193792K), 0.0007724 secs]
16.194: [GC (Allocation Failure)  1395679K->641K(4193792K), 0.0005426 secs]
16.210: [GC (Allocation Failure)  1395679K->641K(4193792K), 0.0005563 secs]
16.225: [GC (Allocation Failure)  1395679K->641K(4193792K), 0.0002979 secs]
16.240: [GC (Allocation Failure)  1395679K->641K(4193792K), 0.0003548 secs]
16.256: [GC (Allocation Failure)  1395679K->641K(4193792K), 0.0002498 secs]
16.272: [GC (Allocation Failure)  1395679K->641K(4193792K), 0.0002926 secs]
16.287: [GC (Allocation Failure)  1395679K->641K(4193792K), 0.0002606 secs]
16.302: [GC (Allocation Failure)  1395679K->641K(4193792K), 0.0002696 secs]
16.317: [GC (Allocation Failure)  1395679K->641K(4193792K), 0.0002794 secs]
16.332: [GC (Allocation Failure)  1395679K->641K(4193792K), 0.0003580 secs]
16.347: [GC (Allocation Failure)  1395679K->641K(4193792K), 0.0002309 secs]
16.364: [GC (Allocation Failure)  1395679K->641K(4193792K), 0.0002316 secs]
16.379: [GC (Allocation Failure)  1395679K->641K(4193792K), 0.0002983 secs]
16.394: [GC (Allocation Failure)  1395679K->641K(4193792K), 0.0002222 secs]
16.409: [GC (Allocation Failure)  1395679K->641K(4193792K), 0.0002655 secs]
16.423: [GC (Allocation Failure)  1395679K->641K(4193792K), 0.0002850 secs]
16.437: [GC (Allocation Failure)  1395679K->641K(4193792K), 0.0003265 secs]
16.452: [GC (Allocation Failure)  1395679K->641K(4193792K), 0.0003102 secs]
16.466: [GC (Allocation Failure)  1395679K->641K(4193792K), 0.0002840 secs]
16.480: [GC (Allocation Failure)  1395679K->641K(4193792K), 0.0002525 secs]
16.494: [GC (Allocation Failure)  1395679K->641K(4193792K), 0.0003370 secs]
16.509: [GC (Allocation Failure)  1395679K->641K(4193792K), 0.0002814 secs]
16.524: [GC (Allocation Failure)  1395679K->641K(4193792K), 0.0003159 secs]
16.539: [GC (Allocation Failure)  1395679K->641K(4193792K), 0.0002500 secs]
16.554: [GC (Allocation Failure)  1395679K->641K(4193792K), 0.0002268 secs]
16.569: [GC (Allocation Failure)  1395679K->641K(4193792K), 0.0003053 secs]
16.583: [GC (Allocation Failure)  1395679K->641K(4193792K), 0.0002615 secs]
16.598: [GC (Allocation Failure)  1395679K->641K(4193792K), 0.0003546 secs]
16.613: [GC (Allocation Failure)  1395679K->641K(4193792K), 0.0002588 secs]
16.627: [GC (Allocation Failure)  1395679K->641K(4193792K), 0.0002751 secs]
16.641: [GC (Allocation Failure)  1395679K->641K(4193792K), 0.0002234 secs]
16.656: [GC (Allocation Failure)  1395679K->641K(4193792K), 0.0002305 secs]
16.671: [GC (Allocation Failure)  1395679K->641K(4193792K), 0.0002884 secs]
16.685: [GC (Allocation Failure)  1395679K->641K(4193792K), 0.0002738 secs]
16.699: [GC (Allocation Failure)  1395679K->641K(4193792K), 0.0002487 secs]
16.714: [GC (Allocation Failure)  1395679K->641K(4193792K), 0.0002690 secs]
16.730: [GC (Allocation Failure)  1395679K->641K(4193792K), 0.0002851 secs]
16.745: [GC (Allocation Failure)  1395679K->641K(4193792K), 0.0002768 secs]
16.759: [GC (Allocation Failure)  1395679K->641K(4193792K), 0.0002869 secs]
16.774: [GC (Allocation Failure)  1395679K->641K(4193792K), 0.0002398 secs]
16.791: [GC (Allocation Failure)  1395679K->641K(4193792K), 0.0003229 secs]
16.806: [GC (Allocation Failure)  1395679K->641K(4193792K), 0.0002473 secs]
16.821: [GC (Allocation Failure)  1395679K->641K(4193792K), 0.0002031 secs]
16.835: [GC (Allocation Failure)  1395679K->641K(4193792K), 0.0002145 secs]
16.849: [GC (Allocation Failure)  1395679K->641K(4193792K), 0.0006919 secs]
16.864: [GC (Allocation Failure)  1395679K->641K(4193792K), 0.0003258 secs]
16.878: [GC (Allocation Failure)  1395679K->641K(4193792K), 0.0003235 secs]
16.893: [GC (Allocation Failure)  1395679K->641K(4193792K), 0.0002193 secs]
16.908: [GC (Allocation Failure)  1395679K->641K(4193792K), 0.0002512 secs]
16.923: [GC (Allocation Failure)  1395679K->641K(4193792K), 0.0002437 secs]
16.939: [GC (Allocation Failure)  1395679K->641K(4193792K), 0.0003419 secs]
16.954: [GC (Allocation Failure)  1395679K->641K(4193792K), 0.0002826 secs]
16.969: [GC (Allocation Failure)  1395679K->641K(4193792K), 0.0004681 secs]
16.986: [GC (Allocation Failure)  1395679K->641K(4193792K), 0.0002560 secs]
17.001: [GC (Allocation Failure)  1395679K->641K(4193792K), 0.0002642 secs]
17.017: [GC (Allocation Failure)  1395679K->641K(4193792K), 0.0003292 secs]
17.033: [GC (Allocation Failure)  1395679K->641K(4193792K), 0.0002810 secs]
17.048: [GC (Allocation Failure)  1395679K->641K(4193792K), 0.0002575 secs]
17.064: [GC (Allocation Failure)  1395679K->641K(4193792K), 0.0002841 secs]
17.080: [GC (Allocation Failure)  1395679K->641K(4193792K), 0.0003515 secs]
17.096: [GC (Allocation Failure)  1395679K->641K(4193792K), 0.0003023 secs]
17.112: [GC (Allocation Failure)  1395679K->641K(4193792K), 0.0002654 secs]
17.126: [GC (Allocation Failure)  1395679K->641K(4193792K), 0.0002331 secs]
17.143: [GC (Allocation Failure)  1395679K->641K(4193792K), 0.0002289 secs]
17.158: [GC (Allocation Failure)  1395679K->641K(4193792K), 0.0002493 secs]
17.172: [GC (Allocation Failure)  1395679K->641K(4193792K), 0.0002556 secs]
17.186: [GC (Allocation Failure)  1395679K->641K(4193792K), 0.0002499 secs]
17.201: [GC (Allocation Failure)  1395679K->641K(4193792K), 0.0002370 secs]
17.216: [GC (Allocation Failure)  1395679K->641K(4193792K), 0.0003152 secs]
17.231: [GC (Allocation Failure)  1395679K->641K(4193792K), 0.0002331 secs]
17.245: [GC (Allocation Failure)  1395679K->641K(4193792K), 0.0002590 secs]
17.260: [GC (Allocation Failure)  1395679K->641K(4193792K), 0.0002558 secs]
17.277: [GC (Allocation Failure)  1395679K->641K(4193792K), 0.0002275 secs]
17.292: [GC (Allocation Failure)  1395679K->641K(4193792K), 0.0002952 secs]
17.307: [GC (Allocation Failure)  1395679K->641K(4193792K), 0.0002438 secs]
17.322: [GC (Allocation Failure)  1395679K->641K(4193792K), 0.0002512 secs]
17.336: [GC (Allocation Failure)  1395679K->641K(4193792K), 0.0002525 secs]
17.350: [GC (Allocation Failure)  1395679K->641K(4193792K), 0.0002803 secs]
17.364: [GC (Allocation Failure)  1395679K->641K(4193792K), 0.0002325 secs]
17.378: [GC (Allocation Failure)  1395679K->641K(4193792K), 0.0003109 secs]
17.393: [GC (Allocation Failure)  1395679K->641K(4193792K), 0.0002670 secs]
17.407: [GC (Allocation Failure)  1395679K->641K(4193792K), 0.0003018 secs]
17.422: [GC (Allocation Failure)  1395679K->641K(4193792K), 0.0003126 secs]
17.437: [GC (Allocation Failure)  1395679K->641K(4193792K), 0.0002733 secs]
17.455: [GC (Allocation Failure)  1395679K->641K(4193792K), 0.0002976 secs]
17.470: [GC (Allocation Failure)  1395679K->641K(4193792K), 0.0002767 secs]
17.485: [GC (Allocation Failure)  1395679K->641K(4193792K), 0.0002921 secs]
17.499: [GC (Allocation Failure)  1395679K->641K(4193792K), 0.0002595 secs]
17.514: [GC (Allocation Failure)  1395679K->641K(4193792K), 0.0003057 secs]
17.529: [GC (Allocation Failure)  1395679K->641K(4193792K), 0.0003948 secs]
17.543: [GC (Allocation Failure)  1395679K->641K(4193792K), 0.0003014 secs]
17.557: [GC (Allocation Failure)  1395679K->641K(4193792K), 0.0003256 secs]
17.571: [GC (Allocation Failure)  1395679K->641K(4193792K), 0.0002837 secs]
17.586: [GC (Allocation Failure)  1395679K->641K(4193792K), 0.0002794 secs]
17.600: [GC (Allocation Failure)  1395679K->641K(4193792K), 0.0002627 secs]
17.614: [GC (Allocation Failure)  1395679K->641K(4193792K), 0.0002769 secs]
17.628: [GC (Allocation Failure)  1395679K->641K(4193792K), 0.0002709 secs]
17.643: [GC (Allocation Failure)  1395679K->641K(4193792K), 0.0002529 secs]
17.657: [GC (Allocation Failure)  1395679K->641K(4193792K), 0.0002766 secs]
17.671: [GC (Allocation Failure)  1395679K->641K(4193792K), 0.0002616 secs]
17.685: [GC (Allocation Failure)  1395679K->641K(4193792K), 0.0002603 secs]
17.700: [GC (Allocation Failure)  1395679K->641K(4193792K), 0.0002933 secs]
17.715: [GC (Allocation Failure)  1395679K->641K(4193792K), 0.0004183 secs]
17.730: [GC (Allocation Failure)  1395679K->641K(4193792K), 0.0002905 secs]
17.745: [GC (Allocation Failure)  1395679K->641K(4193792K), 0.0002487 secs]
17.762: [GC (Allocation Failure)  1395679K->641K(4193792K), 0.0002602 secs]
17.778: [GC (Allocation Failure)  1395679K->641K(4193792K), 0.0004224 secs]
17.795: [GC (Allocation Failure)  1395679K->641K(4193792K), 0.0002988 secs]
17.811: [GC (Allocation Failure)  1395679K->641K(4193792K), 0.0002603 secs]
17.826: [GC (Allocation Failure)  1395679K->641K(4193792K), 0.0002513 secs]
17.843: [GC (Allocation Failure)  1395679K->641K(4193792K), 0.0003443 secs]
17.858: [GC (Allocation Failure)  1395679K->641K(4193792K), 0.0002553 secs]
17.874: [GC (Allocation Failure)  1395679K->641K(4193792K), 0.0002440 secs]
17.890: [GC (Allocation Failure)  1395679K->641K(4193792K), 0.0003520 secs]
17.904: [GC (Allocation Failure)  1395679K->641K(4193792K), 0.0002720 secs]
17.920: [GC (Allocation Failure)  1395679K->641K(4193792K), 0.0002811 secs]
17.936: [GC (Allocation Failure)  1395679K->641K(4193792K), 0.0003110 secs]
17.952: [GC (Allocation Failure)  1395679K->641K(4193792K), 0.0002816 secs]
17.967: [GC (Allocation Failure)  1395679K->641K(4193792K), 0.0003113 secs]
17.983: [GC (Allocation Failure)  1395679K->641K(4193792K), 0.0003565 secs]
17.998: [GC (Allocation Failure)  1395679K->641K(4193792K), 0.0003088 secs]
18.015: [GC (Allocation Failure)  1395679K->641K(4193792K), 0.0002927 secs]
18.029: [GC (Allocation Failure)  1395679K->641K(4193792K), 0.0002676 secs]
18.043: [GC (Allocation Failure)  1395679K->641K(4193792K), 0.0002889 secs]
18.057: [GC (Allocation Failure)  1395679K->641K(4193792K), 0.0002162 secs]
18.071: [GC (Allocation Failure)  1395679K->641K(4193792K), 0.0002840 secs]
18.085: [GC (Allocation Failure)  1395679K->641K(4193792K), 0.0003103 secs]
18.100: [GC (Allocation Failure)  1395679K->641K(4193792K), 0.0003205 secs]
18.115: [GC (Allocation Failure)  1395679K->641K(4193792K), 0.0002820 secs]
18.130: [GC (Allocation Failure)  1395679K->641K(4193792K), 0.0002748 secs]
18.144: [GC (Allocation Failure)  1395679K->641K(4193792K), 0.0002753 secs]
18.159: [GC (Allocation Failure)  1395679K->641K(4193792K), 0.0003453 secs]
18.175: [GC (Allocation Failure)  1395679K->641K(4193792K), 0.0002726 secs]
18.190: [GC (Allocation Failure)  1395679K->641K(4193792K), 0.0002735 secs]
18.205: [GC (Allocation Failure)  1395679K->641K(4193792K), 0.0002521 secs]
18.221: [GC (Allocation Failure)  1395679K->641K(4193792K), 0.0003639 secs]
18.236: [GC (Allocation Failure)  1395679K->641K(4193792K), 0.0002805 secs]
18.252: [GC (Allocation Failure)  1395679K->641K(4193792K), 0.0002970 secs]
18.267: [GC (Allocation Failure)  1395679K->641K(4193792K), 0.0002385 secs]
18.283: [GC (Allocation Failure)  1395679K->641K(4193792K), 0.0003495 secs]
18.298: [GC (Allocation Failure)  1395679K->641K(4193792K), 0.0003027 secs]
18.314: [GC (Allocation Failure)  1395679K->641K(4193792K), 0.0003371 secs]
18.329: [GC (Allocation Failure)  1395679K->641K(4193792K), 0.0002730 secs]
18.345: [GC (Allocation Failure)  1395679K->641K(4193792K), 0.0002780 secs]
18.361: [GC (Allocation Failure)  1395679K->641K(4193792K), 0.0002641 secs]
18.376: [GC (Allocation Failure)  1395679K->641K(4193792K), 0.0003325 secs]
18.391: [GC (Allocation Failure)  1395679K->641K(4193792K), 0.0002918 secs]
18.407: [GC (Allocation Failure)  1395679K->641K(4193792K), 0.0002364 secs]
18.422: [GC (Allocation Failure)  1395679K->641K(4193792K), 0.0002309 secs]
18.437: [GC (Allocation Failure)  1395679K->641K(4193792K), 0.0006156 secs]
18.452: [GC (Allocation Failure)  1395679K->641K(4193792K), 0.0002506 secs]
18.466: [GC (Allocation Failure)  1395679K->641K(4193792K), 0.0003271 secs]
18.481: [GC (Allocation Failure)  1395679K->641K(4193792K), 0.0002978 secs]
18.495: [GC (Allocation Failure)  1395679K->641K(4193792K), 0.0003522 secs]
18.510: [GC (Allocation Failure)  1395679K->641K(4193792K), 0.0003830 secs]
18.525: [GC (Allocation Failure)  1395679K->641K(4193792K), 0.0003053 secs]
18.541: [GC (Allocation Failure)  1395679K->641K(4193792K), 0.0002447 secs]
18.555: [GC (Allocation Failure)  1395679K->641K(4193792K), 0.0002455 secs]
18.570: [GC (Allocation Failure)  1395679K->641K(4193792K), 0.0002757 secs]
18.585: [GC (Allocation Failure)  1395679K->641K(4193792K), 0.0002902 secs]
18.601: [GC (Allocation Failure)  1395679K->641K(4193792K), 0.0002585 secs]
18.617: [GC (Allocation Failure)  1395679K->641K(4193792K), 0.0002654 secs]
18.631: [GC (Allocation Failure)  1395679K->641K(4193792K), 0.0003074 secs]
18.646: [GC (Allocation Failure)  1395679K->641K(4193792K), 0.0003038 secs]
18.660: [GC (Allocation Failure)  1395679K->641K(4193792K), 0.0002499 secs]
18.674: [GC (Allocation Failure)  1395679K->641K(4193792K), 0.0002577 secs]
18.689: [GC (Allocation Failure)  1395679K->641K(4193792K), 0.0002553 secs]
18.703: [GC (Allocation Failure)  1395679K->641K(4193792K), 0.0002639 secs]
18.717: [GC (Allocation Failure)  1395679K->641K(4193792K), 0.0002453 secs]
18.732: [GC (Allocation Failure)  1395679K->641K(4193792K), 0.0043653 secs]
18.751: [GC (Allocation Failure)  1395679K->641K(4193792K), 0.0003435 secs]
18.765: [GC (Allocation Failure)  1395679K->641K(4193792K), 0.0003005 secs]
18.780: [GC (Allocation Failure)  1395679K->641K(4193792K), 0.0003045 secs]
18.795: [GC (Allocation Failure)  1395679K->641K(4193792K), 0.0003821 secs]
18.810: [GC (Allocation Failure)  1395679K->641K(4193792K), 0.0002523 secs]
18.825: [GC (Allocation Failure)  1395679K->641K(4193792K), 0.0002928 secs]
18.840: [GC (Allocation Failure)  1395679K->641K(4193792K), 0.0013908 secs]
18.856: [GC (Allocation Failure)  1395679K->641K(4193792K), 0.0002480 secs]
18.871: [GC (Allocation Failure)  1395679K->641K(4193792K), 0.0003339 secs]
18.887: [GC (Allocation Failure)  1395679K->641K(4193792K), 0.0002726 secs]
18.902: [GC (Allocation Failure)  1395679K->641K(4193792K), 0.0003135 secs]
18.918: [GC (Allocation Failure)  1395679K->641K(4193792K), 0.0003348 secs]
18.932: [GC (Allocation Failure)  1395679K->641K(4193792K), 0.0003574 secs]
18.947: [GC (Allocation Failure)  1395679K->641K(4193792K), 0.0003231 secs]
18.961: [GC (Allocation Failure)  1395679K->641K(4193792K), 0.0002563 secs]
18.975: [GC (Allocation Failure)  1395679K->641K(4193792K), 0.0003035 secs]
18.990: [GC (Allocation Failure)  1395679K->641K(4193792K), 0.0002565 secs]
19.004: [GC (Allocation Failure)  1395679K->641K(4193792K), 0.0002768 secs]
19.020: [GC (Allocation Failure)  1395679K->641K(4193792K), 0.0003966 secs]
19.035: [GC (Allocation Failure)  1395679K->641K(4193792K), 0.0004630 secs]
19.051: [GC (Allocation Failure)  1395679K->641K(4193792K), 0.0002674 secs]
19.065: [GC (Allocation Failure)  1395679K->641K(4193792K), 0.0003794 secs]
19.080: [GC (Allocation Failure)  1395679K->641K(4193792K), 0.0002933 secs]
19.096: [GC (Allocation Failure)  1395679K->641K(4193792K), 0.0002875 secs]
19.112: [GC (Allocation Failure)  1395679K->641K(4193792K), 0.0002911 secs]
19.127: [GC (Allocation Failure)  1395679K->641K(4193792K), 0.0002039 secs]
19.142: [GC (Allocation Failure)  1395679K->641K(4193792K), 0.0002506 secs]
19.156: [GC (Allocation Failure)  1395679K->641K(4193792K), 0.0006182 secs]
19.172: [GC (Allocation Failure)  1395679K->641K(4193792K), 0.0002814 secs]
19.187: [GC (Allocation Failure)  1395679K->641K(4193792K), 0.0002589 secs]
19.201: [GC (Allocation Failure)  1395679K->641K(4193792K), 0.0003030 secs]
19.217: [GC (Allocation Failure)  1395679K->641K(4193792K), 0.0002836 secs]
19.232: [GC (Allocation Failure)  1395679K->641K(4193792K), 0.0002662 secs]
19.248: [GC (Allocation Failure)  1395679K->641K(4193792K), 0.0002555 secs]
19.263: [GC (Allocation Failure)  1395679K->641K(4193792K), 0.0002517 secs]
19.278: [GC (Allocation Failure)  1395679K->641K(4193792K), 0.0002803 secs]
19.293: [GC (Allocation Failure)  1395679K->641K(4193792K), 0.0004093 secs]
19.310: [GC (Allocation Failure)  1395679K->641K(4193792K), 0.0019365 secs]
19.327: [GC (Allocation Failure)  1395679K->641K(4193792K), 0.0002550 secs]
19.342: [GC (Allocation Failure)  1395679K->641K(4193792K), 0.0002598 secs]
19.356: [GC (Allocation Failure)  1395679K->641K(4193792K), 0.0002245 secs]
19.372: [GC (Allocation Failure)  1395679K->641K(4193792K), 0.0002760 secs]
19.388: [GC (Allocation Failure)  1395679K->641K(4193792K), 0.0002136 secs]
19.403: [GC (Allocation Failure)  1395679K->641K(4193792K), 0.0003090 secs]
19.417: [GC (Allocation Failure)  1395679K->641K(4193792K), 0.0008008 secs]
19.433: [GC (Allocation Failure)  1395679K->641K(4193792K), 0.0002672 secs]
19.448: [GC (Allocation Failure)  1395679K->641K(4193792K), 0.0002380 secs]
19.463: [GC (Allocation Failure)  1395679K->641K(4193792K), 0.0002878 secs]
19.479: [GC (Allocation Failure)  1395679K->641K(4193792K), 0.0002580 secs]
19.495: [GC (Allocation Failure)  1395679K->641K(4193792K), 0.0002751 secs]
19.510: [GC (Allocation Failure)  1395679K->641K(4193792K), 0.0002735 secs]
19.525: [GC (Allocation Failure)  1395679K->641K(4193792K), 0.0002415 secs]
19.540: [GC (Allocation Failure)  1395679K->641K(4193792K), 0.0002583 secs]
19.554: [GC (Allocation Failure)  1395679K->641K(4193792K), 0.0002832 secs]
19.569: [GC (Allocation Failure)  1395679K->641K(4193792K), 0.0003841 secs]
19.583: [GC (Allocation Failure)  1395679K->641K(4193792K), 0.0002461 secs]
19.597: [GC (Allocation Failure)  1395679K->641K(4193792K), 0.0002589 secs]
19.612: [GC (Allocation Failure)  1395679K->641K(4193792K), 0.0002857 secs]
19.626: [GC (Allocation Failure)  1395679K->641K(4193792K), 0.0002595 secs]
19.640: [GC (Allocation Failure)  1395679K->641K(4193792K), 0.0007792 secs]
19.655: [GC (Allocation Failure)  1395679K->641K(4193792K), 0.0002335 secs]
19.669: [GC (Allocation Failure)  1395679K->641K(4193792K), 0.0002586 secs]
19.684: [GC (Allocation Failure)  1395679K->641K(4193792K), 0.0006318 secs]
19.699: [GC (Allocation Failure)  1395679K->641K(4193792K), 0.0003330 secs]
19.714: [GC (Allocation Failure)  1395679K->641K(4193792K), 0.0002800 secs]
19.728: [GC (Allocation Failure)  1395679K->641K(4193792K), 0.0003846 secs]
19.743: [GC (Allocation Failure)  1395679K->641K(4193792K), 0.0003808 secs]
19.758: [GC (Allocation Failure)  1395679K->641K(4193792K), 0.0002660 secs]
19.773: [GC (Allocation Failure)  1395679K->641K(4193792K), 0.0004790 secs]
19.788: [GC (Allocation Failure)  1395679K->641K(4193792K), 0.0002970 secs]
19.803: [GC (Allocation Failure)  1395679K->641K(4193792K), 0.0002425 secs]
19.818: [GC (Allocation Failure)  1395679K->641K(4193792K), 0.0002413 secs]
19.832: [GC (Allocation Failure)  1395679K->641K(4193792K), 0.0005200 secs]
19.847: [GC (Allocation Failure)  1395679K->641K(4193792K), 0.0009816 secs]
19.862: [GC (Allocation Failure)  1395679K->641K(4193792K), 0.0002443 secs]
19.877: [GC (Allocation Failure)  1395679K->641K(4193792K), 0.0002969 secs]
19.891: [GC (Allocation Failure)  1395679K->641K(4193792K), 0.0002515 secs]
19.907: [GC (Allocation Failure)  1395679K->641K(4193792K), 0.0002960 secs]
19.922: [GC (Allocation Failure)  1395679K->641K(4193792K), 0.0002851 secs]
19.936: [GC (Allocation Failure)  1395679K->641K(4193792K), 0.0002870 secs]
19.951: [GC (Allocation Failure)  1395679K->641K(4193792K), 0.0002725 secs]
19.966: [GC (Allocation Failure)  1395679K->641K(4193792K), 0.0032273 secs]
19.985: [GC (Allocation Failure)  1395679K->641K(4193792K), 0.0012665 secs]
20.001: [GC (Allocation Failure)  1395679K->641K(4193792K), 0.0002530 secs]
20.016: [GC (Allocation Failure)  1395679K->641K(4193792K), 0.0002515 secs]
20.031: [GC (Allocation Failure)  1395679K->641K(4193792K), 0.0002253 secs]
20.045: [GC (Allocation Failure)  1395679K->641K(4193792K), 0.0002355 secs]
20.060: [GC (Allocation Failure)  1395679K->641K(4193792K), 0.0003067 secs]
20.074: [GC (Allocation Failure)  1395679K->641K(4193792K), 0.0003205 secs]
20.088: [GC (Allocation Failure)  1395679K->641K(4193792K), 0.0002462 secs]
20.104: [GC (Allocation Failure)  1395679K->641K(4193792K), 0.0094854 secs]
20.128: [GC (Allocation Failure)  1395679K->641K(4193792K), 0.0002968 secs]
20.145: [GC (Allocation Failure)  1395679K->641K(4193792K), 0.0002965 secs]
20.160: [GC (Allocation Failure)  1395679K->641K(4193792K), 0.0004135 secs]
20.176: [GC (Allocation Failure)  1395679K->641K(4193792K), 0.0002808 secs]
20.191: [GC (Allocation Failure)  1395679K->641K(4193792K), 0.0003184 secs]
20.206: [GC (Allocation Failure)  1395679K->641K(4193792K), 0.0002330 secs]
20.221: [GC (Allocation Failure)  1395679K->641K(4193792K), 0.0003207 secs]
20.236: [GC (Allocation Failure)  1395679K->641K(4193792K), 0.0008243 secs]
20.251: [GC (Allocation Failure)  1395679K->641K(4193792K), 0.0003151 secs]
20.266: [GC (Allocation Failure)  1395679K->641K(4193792K), 0.0003473 secs]
20.280: [GC (Allocation Failure)  1395679K->641K(4193792K), 0.0002822 secs]
20.295: [GC (Allocation Failure)  1395679K->641K(4193792K), 0.0003663 secs]
20.312: [GC (Allocation Failure)  1395679K->641K(4193792K), 0.0003580 secs]
20.327: [GC (Allocation Failure)  1395679K->641K(4193792K), 0.0002981 secs]
20.342: [GC (Allocation Failure)  1395679K->641K(4193792K), 0.0002689 secs]
20.357: [GC (Allocation Failure)  1395679K->641K(4193792K), 0.0003099 secs]
20.372: [GC (Allocation Failure)  1395679K->641K(4193792K), 0.0003308 secs]
20.386: [GC (Allocation Failure)  1395679K->641K(4193792K), 0.0003152 secs]
20.401: [GC (Allocation Failure)  1395679K->641K(4193792K), 0.0002925 secs]
20.417: [GC (Allocation Failure)  1395679K->641K(4193792K), 0.0003027 secs]
20.431: [GC (Allocation Failure)  1395679K->641K(4193792K), 0.0003853 secs]
20.446: [GC (Allocation Failure)  1395679K->641K(4193792K), 0.0003088 secs]
20.462: [GC (Allocation Failure)  1395679K->641K(4193792K), 0.0003120 secs]
20.477: [GC (Allocation Failure)  1395679K->641K(4193792K), 0.0002691 secs]
20.492: [GC (Allocation Failure)  1395679K->641K(4193792K), 0.0003040 secs]
20.506: [GC (Allocation Failure)  1395679K->641K(4193792K), 0.0002804 secs]
20.520: [GC (Allocation Failure)  1395679K->641K(4193792K), 0.0002410 secs]
20.535: [GC (Allocation Failure)  1395679K->641K(4193792K), 0.0002815 secs]
20.550: [GC (Allocation Failure)  1395679K->641K(4193792K), 0.0002865 secs]
20.564: [GC (Allocation Failure)  1395679K->641K(4193792K), 0.0003393 secs]
20.578: [GC (Allocation Failure)  1395679K->641K(4193792K), 0.0003091 secs]
20.592: [GC (Allocation Failure)  1395679K->641K(4193792K), 0.0002590 secs]
20.607: [GC (Allocation Failure)  1395679K->641K(4193792K), 0.0003335 secs]
20.622: [GC (Allocation Failure)  1395679K->641K(4193792K), 0.0003562 secs]
20.638: [GC (Allocation Failure)  1395679K->641K(4193792K), 0.0003619 secs]
20.654: [GC (Allocation Failure)  1395679K->641K(4193792K), 0.0005112 secs]
20.670: [GC (Allocation Failure)  1395679K->641K(4193792K), 0.0003318 secs]
20.687: [GC (Allocation Failure)  1395679K->641K(4193792K), 0.0003718 secs]
20.703: [GC (Allocation Failure)  1395679K->641K(4193792K), 0.0002993 secs]
20.720: [GC (Allocation Failure)  1395679K->641K(4193792K), 0.0087682 secs]
20.744: [GC (Allocation Failure)  1395679K->641K(4193792K), 0.0015399 secs]
20.760: [GC (Allocation Failure)  1395679K->641K(4193792K), 0.0005313 secs]
20.777: [GC (Allocation Failure)  1395679K->641K(4193792K), 0.0005005 secs]
20.795: [GC (Allocation Failure)  1395679K->641K(4193792K), 0.0007880 secs]
20.811: [GC (Allocation Failure)  1395679K->641K(4193792K), 0.0003380 secs]
20.826: [GC (Allocation Failure)  1395679K->641K(4193792K), 0.0003373 secs]
20.842: [GC (Allocation Failure)  1395679K->641K(4193792K), 0.0004353 secs]
20.858: [GC (Allocation Failure)  1395679K->641K(4193792K), 0.0004132 secs]
20.873: [GC (Allocation Failure)  1395679K->641K(4193792K), 0.0003051 secs]
20.888: [GC (Allocation Failure)  1395679K->641K(4193792K), 0.0002992 secs]
20.903: [GC (Allocation Failure)  1395679K->641K(4193792K), 0.0003421 secs]
20.918: [GC (Allocation Failure)  1395679K->641K(4193792K), 0.0002773 secs]
20.932: [GC (Allocation Failure)  1395679K->641K(4193792K), 0.0002600 secs]
20.946: [GC (Allocation Failure)  1395679K->641K(4193792K), 0.0002470 secs]
20.960: [GC (Allocation Failure)  1395679K->641K(4193792K), 0.0002570 secs]
20.975: [GC (Allocation Failure)  1395679K->641K(4193792K), 0.0003045 secs]
20.991: [GC (Allocation Failure)  1395679K->641K(4193792K), 0.0002533 secs]
21.006: [GC (Allocation Failure)  1395679K->641K(4193792K), 0.0002922 secs]
21.022: [GC (Allocation Failure)  1395679K->641K(4193792K), 0.0003532 secs]
21.037: [GC (Allocation Failure)  1395679K->641K(4193792K), 0.0023872 secs]
21.054: [GC (Allocation Failure)  1395679K->641K(4193792K), 0.0003038 secs]
21.070: [GC (Allocation Failure)  1395679K->641K(4193792K), 0.0003383 secs]
21.085: [GC (Allocation Failure)  1395679K->641K(4193792K), 0.0003114 secs]
21.100: [GC (Allocation Failure)  1395679K->641K(4193792K), 0.0003460 secs]
21.115: [GC (Allocation Failure)  1395679K->641K(4193792K), 0.0003010 secs]
21.130: [GC (Allocation Failure)  1395679K->641K(4193792K), 0.0003728 secs]
21.146: [GC (Allocation Failure)  1395679K->641K(4193792K), 0.0003540 secs]
21.161: [GC (Allocation Failure)  1395679K->641K(4193792K), 0.0002711 secs]
21.176: [GC (Allocation Failure)  1395679K->641K(4193792K), 0.0003174 secs]
21.191: [GC (Allocation Failure)  1395679K->641K(4193792K), 0.0003052 secs]
21.205: [GC (Allocation Failure)  1395679K->641K(4193792K), 0.0003514 secs]
21.220: [GC (Allocation Failure)  1395679K->641K(4193792K), 0.0002479 secs]
21.234: [GC (Allocation Failure)  1395679K->641K(4193792K), 0.0003103 secs]
21.249: [GC (Allocation Failure)  1395679K->641K(4193792K), 0.0002571 secs]
21.263: [GC (Allocation Failure)  1395679K->641K(4193792K), 0.0002116 secs]
21.277: [GC (Allocation Failure)  1395679K->641K(4193792K), 0.0002129 secs]
21.292: [GC (Allocation Failure)  1395679K->641K(4193792K), 0.0002340 secs]
21.306: [GC (Allocation Failure)  1395679K->641K(4193792K), 0.0003056 secs]
21.321: [GC (Allocation Failure)  1395679K->641K(4193792K), 0.0002545 secs]
21.336: [GC (Allocation Failure)  1395679K->641K(4193792K), 0.0002782 secs]
21.351: [GC (Allocation Failure)  1395679K->641K(4193792K), 0.0003152 secs]
21.366: [GC (Allocation Failure)  1395679K->641K(4193792K), 0.0003526 secs]
21.381: [GC (Allocation Failure)  1395679K->641K(4193792K), 0.0002674 secs]
21.396: [GC (Allocation Failure)  1395679K->641K(4193792K), 0.0003233 secs]
21.411: [GC (Allocation Failure)  1395679K->641K(4193792K), 0.0002888 secs]
21.428: [GC (Allocation Failure)  1395679K->641K(4193792K), 0.0003142 secs]
21.443: [GC (Allocation Failure)  1395679K->641K(4193792K), 0.0002589 secs]
21.457: [GC (Allocation Failure)  1395679K->641K(4193792K), 0.0002350 secs]
21.472: [GC (Allocation Failure)  1395679K->641K(4193792K), 0.0002484 secs]
21.486: [GC (Allocation Failure)  1395679K->641K(4193792K), 0.0017798 secs]
21.502: [GC (Allocation Failure)  1395679K->641K(4193792K), 0.0002585 secs]
21.516: [GC (Allocation Failure)  1395679K->641K(4193792K), 0.0002478 secs]
21.531: [GC (Allocation Failure)  1395679K->641K(4193792K), 0.0002415 secs]
21.545: [GC (Allocation Failure)  1395679K->641K(4193792K), 0.0002903 secs]
21.560: [GC (Allocation Failure)  1395679K->641K(4193792K), 0.0002679 secs]
21.574: [GC (Allocation Failure)  1395679K->641K(4193792K), 0.0002034 secs]
21.589: [GC (Allocation Failure)  1395679K->641K(4193792K), 0.0002735 secs]
21.603: [GC (Allocation Failure)  1395679K->641K(4193792K), 0.0002718 secs]
21.620: [GC (Allocation Failure)  1395679K->641K(4193792K), 0.0002748 secs]
21.635: [GC (Allocation Failure)  1395679K->641K(4193792K), 0.0002966 secs]
21.650: [GC (Allocation Failure)  1395679K->641K(4193792K), 0.0002641 secs]
21.665: [GC (Allocation Failure)  1395679K->641K(4193792K), 0.0002675 secs]
21.680: [GC (Allocation Failure)  1395679K->641K(4193792K), 0.0002425 secs]
21.695: [GC (Allocation Failure)  1395679K->641K(4193792K), 0.0002713 secs]
21.711: [GC (Allocation Failure)  1395679K->641K(4193792K), 0.0002821 secs]
21.725: [GC (Allocation Failure)  1395679K->641K(4193792K), 0.0002340 secs]
21.740: [GC (Allocation Failure)  1395679K->641K(4193792K), 0.0002842 secs]
21.754: [GC (Allocation Failure)  1395679K->641K(4193792K), 0.0002865 secs]
21.770: [GC (Allocation Failure)  1395679K->641K(4193792K), 0.0033764 secs]
21.787: [GC (Allocation Failure)  1395679K->641K(4193792K), 0.0003005 secs]
21.803: [GC (Allocation Failure)  1395679K->641K(4193792K), 0.0002353 secs]
21.819: [GC (Allocation Failure)  1395679K->641K(4193792K), 0.0027858 secs]
21.837: [GC (Allocation Failure)  1395679K->641K(4193792K), 0.0002783 secs]
21.852: [GC (Allocation Failure)  1395679K->641K(4193792K), 0.0002851 secs]
21.867: [GC (Allocation Failure)  1395679K->641K(4193792K), 0.0002623 secs]
21.882: [GC (Allocation Failure)  1395679K->641K(4193792K), 0.0003801 secs]
21.898: [GC (Allocation Failure)  1395679K->641K(4193792K), 0.0003828 secs]
21.913: [GC (Allocation Failure)  1395679K->641K(4193792K), 0.0002472 secs]
21.928: [GC (Allocation Failure)  1395679K->641K(4193792K), 0.0002979 secs]
21.942: [GC (Allocation Failure)  1395679K->641K(4193792K), 0.0002447 secs]
21.957: [GC (Allocation Failure)  1395679K->641K(4193792K), 0.0002187 secs]
21.971: [GC (Allocation Failure)  1395679K->641K(4193792K), 0.0002208 secs]
21.986: [GC (Allocation Failure)  1395679K->641K(4193792K), 0.0006675 secs]
22.001: [GC (Allocation Failure)  1395679K->641K(4193792K), 0.0002478 secs]
22.015: [GC (Allocation Failure)  1395679K->641K(4193792K), 0.0002293 secs]
22.030: [GC (Allocation Failure)  1395679K->641K(4193792K), 0.0002697 secs]
22.045: [GC (Allocation Failure)  1395679K->641K(4193792K), 0.0003070 secs]
22.062: [GC (Allocation Failure)  1395679K->641K(4193792K), 0.0002906 secs]
22.077: [GC (Allocation Failure)  1395679K->641K(4193792K), 0.0002078 secs]
22.091: [GC (Allocation Failure)  1395679K->641K(4193792K), 0.0003845 secs]
22.105: [GC (Allocation Failure)  1395679K->641K(4193792K), 0.0002935 secs]
22.120: [GC (Allocation Failure)  1395679K->641K(4193792K), 0.0002933 secs]
22.135: [GC (Allocation Failure)  1395679K->641K(4193792K), 0.0002810 secs]
22.150: [GC (Allocation Failure)  1395679K->641K(4193792K), 0.0002588 secs]
22.165: [GC (Allocation Failure)  1395679K->641K(4193792K), 0.0002809 secs]
22.180: [GC (Allocation Failure)  1395679K->641K(4193792K), 0.0003753 secs]
22.195: [GC (Allocation Failure)  1395679K->641K(4193792K), 0.0002388 secs]
22.209: [GC (Allocation Failure)  1395679K->641K(4193792K), 0.0002908 secs]
22.224: [GC (Allocation Failure)  1395679K->641K(4193792K), 0.0002205 secs]
22.238: [GC (Allocation Failure)  1395679K->641K(4193792K), 0.0002454 secs]
22.252: [GC (Allocation Failure)  1395679K->641K(4193792K), 0.0002591 secs]
22.266: [GC (Allocation Failure)  1395679K->641K(4193792K), 0.0002274 secs]
22.281: [GC (Allocation Failure)  1395679K->641K(4193792K), 0.0002988 secs]
22.295: [GC (Allocation Failure)  1395679K->641K(4193792K), 0.0002623 secs]
22.309: [GC (Allocation Failure)  1395679K->641K(4193792K), 0.0003349 secs]
22.325: [GC (Allocation Failure)  1395679K->641K(4193792K), 0.0011861 secs]
22.340: [GC (Allocation Failure)  1395679K->641K(4193792K), 0.0002325 secs]
22.355: [GC (Allocation Failure)  1395679K->641K(4193792K), 0.0010548 secs]
22.371: [GC (Allocation Failure)  1395679K->641K(4193792K), 0.0006068 secs]
22.386: [GC (Allocation Failure)  1395679K->641K(4193792K), 0.0002998 secs]
22.400: [GC (Allocation Failure)  1395679K->641K(4193792K), 0.0002832 secs]
22.415: [GC (Allocation Failure)  1395679K->641K(4193792K), 0.0003155 secs]
22.430: [GC (Allocation Failure)  1395679K->641K(4193792K), 0.0002913 secs]
22.444: [GC (Allocation Failure)  1395679K->641K(4193792K), 0.0013317 secs]
22.459: [GC (Allocation Failure)  1395679K->641K(4193792K), 0.0002907 secs]
22.473: [GC (Allocation Failure)  1395679K->641K(4193792K), 0.0002906 secs]
22.487: [GC (Allocation Failure)  1395679K->641K(4193792K), 0.0002995 secs]
22.502: [GC (Allocation Failure)  1395679K->641K(4193792K), 0.0002768 secs]
22.516: [GC (Allocation Failure)  1395679K->641K(4193792K), 0.0024307 secs]
22.533: [GC (Allocation Failure)  1395679K->641K(4193792K), 0.0003105 secs]
22.548: [GC (Allocation Failure)  1395679K->641K(4193792K), 0.0002627 secs]
22.564: [GC (Allocation Failure)  1395679K->641K(4193792K), 0.0016645 secs]
22.581: [GC (Allocation Failure)  1395679K->641K(4193792K), 0.0006611 secs]
22.596: [GC (Allocation Failure)  1395679K->641K(4193792K), 0.0048701 secs]
22.615: [GC (Allocation Failure)  1395679K->641K(4193792K), 0.0002377 secs]
22.629: [GC (Allocation Failure)  1395679K->641K(4193792K), 0.0002846 secs]
22.643: [GC (Allocation Failure)  1395679K->641K(4193792K), 0.0002895 secs]
22.657: [GC (Allocation Failure)  1395679K->641K(4193792K), 0.0002008 secs]
22.671: [GC (Allocation Failure)  1395679K->641K(4193792K), 0.0002564 secs]
22.685: [GC (Allocation Failure)  1395679K->641K(4193792K), 0.0021126 secs]
22.702: [GC (Allocation Failure)  1395679K->641K(4193792K), 0.0002643 secs]
22.717: [GC (Allocation Failure)  1395679K->641K(4193792K), 0.0002991 secs]
22.732: [GC (Allocation Failure)  1395679K->641K(4193792K), 0.0002374 secs]
22.749: [GC (Allocation Failure)  1395679K->641K(4193792K), 0.0002851 secs]
22.764: [GC (Allocation Failure)  1395679K->641K(4193792K), 0.0002551 secs]
22.778: [GC (Allocation Failure)  1395679K->641K(4193792K), 0.0008869 secs]
22.793: [GC (Allocation Failure)  1395679K->641K(4193792K), 0.0003243 secs]
22.808: [GC (Allocation Failure)  1395679K->641K(4193792K), 0.0003227 secs]
22.825: [GC (Allocation Failure)  1395679K->641K(4193792K), 0.0002814 secs]
22.839: [GC (Allocation Failure)  1395679K->641K(4193792K), 0.0002131 secs]
22.854: [GC (Allocation Failure)  1395679K->641K(4193792K), 0.0003635 secs]
22.868: [GC (Allocation Failure)  1395679K->641K(4193792K), 0.0002752 secs]
22.882: [GC (Allocation Failure)  1395679K->641K(4193792K), 0.0003042 secs]
22.897: [GC (Allocation Failure)  1395679K->641K(4193792K), 0.0002723 secs]
22.912: [GC (Allocation Failure)  1395679K->641K(4193792K), 0.0002881 secs]
22.926: [GC (Allocation Failure)  1395679K->641K(4193792K), 0.0002648 secs]
22.942: [GC (Allocation Failure)  1395679K->641K(4193792K), 0.0002802 secs]
22.957: [GC (Allocation Failure)  1395679K->641K(4193792K), 0.0005839 secs]
22.972: [GC (Allocation Failure)  1395679K->641K(4193792K), 0.0002625 secs]
22.987: [GC (Allocation Failure)  1395679K->641K(4193792K), 0.0002278 secs]
23.002: [GC (Allocation Failure)  1395679K->641K(4193792K), 0.0003250 secs]
23.017: [GC (Allocation Failure)  1395679K->641K(4193792K), 0.0002318 secs]
23.031: [GC (Allocation Failure)  1395679K->641K(4193792K), 0.0002680 secs]
23.045: [GC (Allocation Failure)  1395679K->641K(4193792K), 0.0002298 secs]
23.059: [GC (Allocation Failure)  1395679K->641K(4193792K), 0.0002728 secs]
23.074: [GC (Allocation Failure)  1395679K->641K(4193792K), 0.0002867 secs]
23.088: [GC (Allocation Failure)  1395679K->641K(4193792K), 0.0002612 secs]
23.102: [GC (Allocation Failure)  1395679K->641K(4193792K), 0.0003100 secs]
23.117: [GC (Allocation Failure)  1395679K->641K(4193792K), 0.0002947 secs]
23.131: [GC (Allocation Failure)  1395679K->641K(4193792K), 0.0002259 secs]
23.146: [GC (Allocation Failure)  1395679K->641K(4193792K), 0.0007013 secs]
23.161: [GC (Allocation Failure)  1395679K->641K(4193792K), 0.0004899 secs]
23.176: [GC (Allocation Failure)  1395679K->641K(4193792K), 0.0002703 secs]
23.191: [GC (Allocation Failure)  1395679K->641K(4193792K), 0.0002187 secs]
23.205: [GC (Allocation Failure)  1395679K->641K(4193792K), 0.0002500 secs]
23.220: [GC (Allocation Failure)  1395679K->641K(4193792K), 0.0002327 secs]
23.234: [GC (Allocation Failure)  1395679K->641K(4193792K), 0.0003146 secs]
23.248: [GC (Allocation Failure)  1395679K->641K(4193792K), 0.0002424 secs]
23.262: [GC (Allocation Failure)  1395679K->641K(4193792K), 0.0002720 secs]
23.276: [GC (Allocation Failure)  1395679K->641K(4193792K), 0.0002467 secs]
23.291: [GC (Allocation Failure)  1395679K->641K(4193792K), 0.0002676 secs]
23.305: [GC (Allocation Failure)  1395679K->641K(4193792K), 0.0002684 secs]
23.319: [GC (Allocation Failure)  1395679K->641K(4193792K), 0.0002927 secs]
23.333: [GC (Allocation Failure)  1395679K->641K(4193792K), 0.0002696 secs]
23.347: [GC (Allocation Failure)  1395679K->641K(4193792K), 0.0002901 secs]
23.361: [GC (Allocation Failure)  1395679K->641K(4193792K), 0.0002718 secs]
23.375: [GC (Allocation Failure)  1395679K->641K(4193792K), 0.0002557 secs]
23.390: [GC (Allocation Failure)  1395679K->641K(4193792K), 0.0006926 secs]
23.404: [GC (Allocation Failure)  1395679K->641K(4193792K), 0.0002527 secs]
23.419: [GC (Allocation Failure)  1395679K->641K(4193792K), 0.0002630 secs]
23.433: [GC (Allocation Failure)  1395679K->641K(4193792K), 0.0002506 secs]
23.448: [GC (Allocation Failure)  1395679K->641K(4193792K), 0.0005443 secs]
23.463: [GC (Allocation Failure)  1395679K->641K(4193792K), 0.0002321 secs]
23.478: [GC (Allocation Failure)  1395679K->641K(4193792K), 0.0002398 secs]
23.493: [GC (Allocation Failure)  1395679K->641K(4193792K), 0.0003093 secs]
23.507: [GC (Allocation Failure)  1395679K->641K(4193792K), 0.0014423 secs]
23.523: [GC (Allocation Failure)  1395679K->641K(4193792K), 0.0002465 secs]
23.537: [GC (Allocation Failure)  1395679K->641K(4193792K), 0.0002769 secs]
23.552: [GC (Allocation Failure)  1395679K->641K(4193792K), 0.0002365 secs]
23.566: [GC (Allocation Failure)  1395679K->641K(4193792K), 0.0002740 secs]
23.580: [GC (Allocation Failure)  1395679K->641K(4193792K), 0.0002757 secs]
23.594: [GC (Allocation Failure)  1395679K->641K(4193792K), 0.0002689 secs]
23.608: [GC (Allocation Failure)  1395679K->641K(4193792K), 0.0002570 secs]
23.623: [GC (Allocation Failure)  1395679K->641K(4193792K), 0.0003158 secs]
23.639: [GC (Allocation Failure)  1395679K->641K(4193792K), 0.0002761 secs]
23.655: [GC (Allocation Failure)  1395679K->641K(4193792K), 0.0003054 secs]
23.670: [GC (Allocation Failure)  1395679K->641K(4193792K), 0.0002914 secs]
23.684: [GC (Allocation Failure)  1395679K->641K(4193792K), 0.0003774 secs]
23.699: [GC (Allocation Failure)  1395679K->641K(4193792K), 0.0002627 secs]
23.714: [GC (Allocation Failure)  1395679K->641K(4193792K), 0.0002481 secs]
23.730: [GC (Allocation Failure)  1395679K->641K(4193792K), 0.0003197 secs]
23.744: [GC (Allocation Failure)  1395679K->641K(4193792K), 0.0002772 secs]
23.759: [GC (Allocation Failure)  1395679K->641K(4193792K), 0.0002817 secs]
23.773: [GC (Allocation Failure)  1395679K->641K(4193792K), 0.0002913 secs]
23.787: [GC (Allocation Failure)  1395679K->641K(4193792K), 0.0002407 secs]
23.802: [GC (Allocation Failure)  1395679K->641K(4193792K), 0.0003315 secs]
23.816: [GC (Allocation Failure)  1395679K->641K(4193792K), 0.0010712 secs]
23.833: [GC (Allocation Failure)  1395679K->641K(4193792K), 0.0009595 secs]
23.848: [GC (Allocation Failure)  1395679K->641K(4193792K), 0.0003861 secs]
23.863: [GC (Allocation Failure)  1395679K->641K(4193792K), 0.0002440 secs]
23.878: [GC (Allocation Failure)  1395679K->641K(4193792K), 0.0002473 secs]
23.892: [GC (Allocation Failure)  1395679K->641K(4193792K), 0.0002471 secs]
23.907: [GC (Allocation Failure)  1395679K->641K(4193792K), 0.0002693 secs]
23.921: [GC (Allocation Failure)  1395679K->641K(4193792K), 0.0002588 secs]
23.936: [GC (Allocation Failure)  1395679K->641K(4193792K), 0.0002393 secs]
23.949: [GC (Allocation Failure)  1395679K->641K(4193792K), 0.0003192 secs]
23.964: [GC (Allocation Failure)  1395679K->641K(4193792K), 0.0002610 secs]
23.978: [GC (Allocation Failure)  1395679K->641K(4193792K), 0.0002722 secs]
23.992: [GC (Allocation Failure)  1395679K->641K(4193792K), 0.0002748 secs]
24.007: [GC (Allocation Failure)  1395679K->641K(4193792K), 0.0002637 secs]
24.021: [GC (Allocation Failure)  1395679K->641K(4193792K), 0.0003203 secs]
24.039: [GC (Allocation Failure)  1395679K->641K(4193792K), 0.0002818 secs]
24.053: [GC (Allocation Failure)  1395679K->641K(4193792K), 0.0003253 secs]
24.068: [GC (Allocation Failure)  1395679K->641K(4193792K), 0.0002584 secs]
24.083: [GC (Allocation Failure)  1395679K->641K(4193792K), 0.0002521 secs]
24.098: [GC (Allocation Failure)  1395679K->641K(4193792K), 0.0003113 secs]
24.112: [GC (Allocation Failure)  1395679K->641K(4193792K), 0.0002824 secs]
24.127: [GC (Allocation Failure)  1395679K->641K(4193792K), 0.0002800 secs]
24.141: [GC (Allocation Failure)  1395679K->641K(4193792K), 0.0002884 secs]
24.155: [GC (Allocation Failure)  1395679K->641K(4193792K), 0.0003007 secs]
24.169: [GC (Allocation Failure)  1395679K->641K(4193792K), 0.0002077 secs]
24.183: [GC (Allocation Failure)  1395679K->641K(4193792K), 0.0002400 secs]
24.198: [GC (Allocation Failure)  1395679K->641K(4193792K), 0.0002534 secs]
24.212: [GC (Allocation Failure)  1395679K->641K(4193792K), 0.0002733 secs]
24.227: [GC (Allocation Failure)  1395679K->641K(4193792K), 0.0002943 secs]
24.242: [GC (Allocation Failure)  1395679K->641K(4193792K), 0.0002560 secs]
24.256: [GC (Allocation Failure)  1395679K->641K(4193792K), 0.0003418 secs]
24.271: [GC (Allocation Failure)  1395679K->641K(4193792K), 0.0002738 secs]
24.286: [GC (Allocation Failure)  1395679K->641K(4193792K), 0.0003144 secs]
24.301: [GC (Allocation Failure)  1395679K->641K(4193792K), 0.0003417 secs]
24.316: [GC (Allocation Failure)  1395679K->641K(4193792K), 0.0002245 secs]
24.330: [GC (Allocation Failure)  1395679K->641K(4193792K), 0.0002735 secs]
24.343: [GC (Allocation Failure)  1395679K->641K(4193792K), 0.0002716 secs]
24.358: [GC (Allocation Failure)  1395679K->641K(4193792K), 0.0003122 secs]
24.372: [GC (Allocation Failure)  1395679K->641K(4193792K), 0.0002292 secs]
24.386: [GC (Allocation Failure)  1395679K->641K(4193792K), 0.0002853 secs]
24.400: [GC (Allocation Failure)  1395679K->641K(4193792K), 0.0002515 secs]
24.414: [GC (Allocation Failure)  1395679K->641K(4193792K), 0.0002853 secs]
24.429: [GC (Allocation Failure)  1395679K->641K(4193792K), 0.0002643 secs]
24.444: [GC (Allocation Failure)  1395679K->641K(4193792K), 0.0002812 secs]
24.458: [GC (Allocation Failure)  1395679K->641K(4193792K), 0.0002785 secs]
24.473: [GC (Allocation Failure)  1395679K->641K(4193792K), 0.0003009 secs]
24.488: [GC (Allocation Failure)  1395679K->641K(4193792K), 0.0002713 secs]
24.503: [GC (Allocation Failure)  1395679K->641K(4193792K), 0.0002468 secs]
24.517: [GC (Allocation Failure)  1395679K->641K(4193792K), 0.0002535 secs]
24.531: [GC (Allocation Failure)  1395679K->641K(4193792K), 0.0002568 secs]
24.545: [GC (Allocation Failure)  1395679K->641K(4193792K), 0.0002895 secs]
24.559: [GC (Allocation Failure)  1395679K->641K(4193792K), 0.0003117 secs]
24.574: [GC (Allocation Failure)  1395679K->641K(4193792K), 0.0002820 secs]
24.588: [GC (Allocation Failure)  1395679K->641K(4193792K), 0.0002741 secs]
24.602: [GC (Allocation Failure)  1395679K->641K(4193792K), 0.0002278 secs]
24.616: [GC (Allocation Failure)  1395679K->641K(4193792K), 0.0002140 secs]
24.630: [GC (Allocation Failure)  1395679K->641K(4193792K), 0.0002543 secs]
24.644: [GC (Allocation Failure)  1395679K->641K(4193792K), 0.0002918 secs]
24.658: [GC (Allocation Failure)  1395679K->641K(4193792K), 0.0002459 secs]
24.672: [GC (Allocation Failure)  1395679K->641K(4193792K), 0.0002615 secs]
24.686: [GC (Allocation Failure)  1395679K->641K(4193792K), 0.0002910 secs]
24.704: [GC (Allocation Failure)  1395679K->641K(4193792K), 0.0005585 secs]
24.718: [GC (Allocation Failure)  1395679K->641K(4193792K), 0.0003526 secs]
24.733: [GC (Allocation Failure)  1395679K->641K(4193792K), 0.0002816 secs]
24.748: [GC (Allocation Failure)  1395679K->641K(4193792K), 0.0002895 secs]
24.763: [GC (Allocation Failure)  1395679K->641K(4193792K), 0.0003133 secs]
24.778: [GC (Allocation Failure)  1395679K->641K(4193792K), 0.0002958 secs]
24.793: [GC (Allocation Failure)  1395679K->641K(4193792K), 0.0002546 secs]
24.807: [GC (Allocation Failure)  1395679K->641K(4193792K), 0.0002723 secs]
24.822: [GC (Allocation Failure)  1395679K->641K(4193792K), 0.0003197 secs]
24.837: [GC (Allocation Failure)  1395679K->641K(4193792K), 0.0003166 secs]
24.852: [GC (Allocation Failure)  1395679K->641K(4193792K), 0.0003184 secs]
24.866: [GC (Allocation Failure)  1395679K->641K(4193792K), 0.0003078 secs]
24.880: [GC (Allocation Failure)  1395679K->641K(4193792K), 0.0003288 secs]
24.895: [GC (Allocation Failure)  1395679K->641K(4193792K), 0.0003095 secs]
24.909: [GC (Allocation Failure)  1395679K->641K(4193792K), 0.0003118 secs]
24.923: [GC (Allocation Failure)  1395679K->641K(4193792K), 0.0002587 secs]
24.938: [GC (Allocation Failure)  1395679K->641K(4193792K), 0.0003140 secs]
24.953: [GC (Allocation Failure)  1395679K->641K(4193792K), 0.0003072 secs]
24.968: [GC (Allocation Failure)  1395679K->641K(4193792K), 0.0003159 secs]
24.982: [GC (Allocation Failure)  1395679K->641K(4193792K), 0.0004151 secs]
24.998: [GC (Allocation Failure)  1395679K->641K(4193792K), 0.0003106 secs]
25.012: [GC (Allocation Failure)  1395679K->641K(4193792K), 0.0002838 secs]
25.027: [GC (Allocation Failure)  1395679K->641K(4193792K), 0.0002911 secs]
25.041: [GC (Allocation Failure)  1395679K->641K(4193792K), 0.0002935 secs]
25.055: [GC (Allocation Failure)  1395679K->641K(4193792K), 0.0003267 secs]
25.069: [GC (Allocation Failure)  1395679K->641K(4193792K), 0.0002473 secs]
25.083: [GC (Allocation Failure)  1395679K->641K(4193792K), 0.0002293 secs]
25.097: [GC (Allocation Failure)  1395679K->641K(4193792K), 0.0003417 secs]
25.113: [GC (Allocation Failure)  1395679K->641K(4193792K), 0.0002669 secs]
25.127: [GC (Allocation Failure)  1395679K->641K(4193792K), 0.0022956 secs]
25.144: [GC (Allocation Failure)  1395679K->641K(4193792K), 0.0008593 secs]
25.168: [GC (Allocation Failure)  1395679K->641K(4193792K), 0.0011032 secs]
25.191: [GC (Allocation Failure)  1395679K->641K(4193792K), 0.0002297 secs]
25.205: [GC (Allocation Failure)  1395679K->641K(4193792K), 0.0003578 secs]
25.220: [GC (Allocation Failure)  1395679K->641K(4193792K), 0.0003126 secs]
25.234: [GC (Allocation Failure)  1395679K->641K(4193792K), 0.0002723 secs]
25.249: [GC (Allocation Failure)  1395679K->641K(4193792K), 0.0010038 secs]
25.265: [GC (Allocation Failure)  1395679K->641K(4193792K), 0.0003003 secs]
25.280: [GC (Allocation Failure)  1395679K->641K(4193792K), 0.0002919 secs]
25.295: [GC (Allocation Failure)  1395679K->641K(4193792K), 0.0020834 secs]
25.312: [GC (Allocation Failure)  1395679K->641K(4193792K), 0.0003568 secs]
25.326: [GC (Allocation Failure)  1395679K->641K(4193792K), 0.0003113 secs]
25.341: [GC (Allocation Failure)  1395679K->641K(4193792K), 0.0003498 secs]
25.356: [GC (Allocation Failure)  1395679K->641K(4193792K), 0.0002731 secs]
25.370: [GC (Allocation Failure)  1395679K->641K(4193792K), 0.0003198 secs]
25.384: [GC (Allocation Failure)  1395679K->641K(4193792K), 0.0002811 secs]
25.399: [GC (Allocation Failure)  1395679K->641K(4193792K), 0.0003135 secs]
25.414: [GC (Allocation Failure)  1395679K->641K(4193792K), 0.0002779 secs]
25.428: [GC (Allocation Failure)  1395679K->641K(4193792K), 0.0002935 secs]
25.443: [GC (Allocation Failure)  1395679K->641K(4193792K), 0.0006197 secs]
25.459: [GC (Allocation Failure)  1395679K->641K(4193792K), 0.0003150 secs]
25.473: [GC (Allocation Failure)  1395679K->641K(4193792K), 0.0002765 secs]
25.488: [GC (Allocation Failure)  1395679K->641K(4193792K), 0.0002843 secs]
25.503: [GC (Allocation Failure)  1395679K->641K(4193792K), 0.0003233 secs]
25.517: [GC (Allocation Failure)  1395679K->641K(4193792K), 0.0003050 secs]
25.532: [GC (Allocation Failure)  1395679K->641K(4193792K), 0.0002357 secs]
25.546: [GC (Allocation Failure)  1395679K->641K(4193792K), 0.0004512 secs]
25.560: [GC (Allocation Failure)  1395679K->641K(4193792K), 0.0003169 secs]
25.575: [GC (Allocation Failure)  1395679K->641K(4193792K), 0.0003284 secs]
25.589: [GC (Allocation Failure)  1395679K->641K(4193792K), 0.0002603 secs]
25.604: [GC (Allocation Failure)  1395679K->641K(4193792K), 0.0002873 secs]
25.619: [GC (Allocation Failure)  1395679K->641K(4193792K), 0.0003042 secs]
25.634: [GC (Allocation Failure)  1395679K->641K(4193792K), 0.0002818 secs]
25.649: [GC (Allocation Failure)  1395679K->641K(4193792K), 0.0002679 secs]
25.664: [GC (Allocation Failure)  1395679K->641K(4193792K), 0.0002892 secs]
25.680: [GC (Allocation Failure)  1395679K->641K(4193792K), 0.0002353 secs]
25.695: [GC (Allocation Failure)  1395679K->641K(4193792K), 0.0002827 secs]
25.710: [GC (Allocation Failure)  1395679K->641K(4193792K), 0.0002524 secs]
25.727: [GC (Allocation Failure)  1395679K->641K(4193792K), 0.0002778 secs]
25.741: [GC (Allocation Failure)  1395679K->641K(4193792K), 0.0002417 secs]
25.755: [GC (Allocation Failure)  1395679K->641K(4193792K), 0.0002926 secs]
25.770: [GC (Allocation Failure)  1395679K->641K(4193792K), 0.0002760 secs]
25.784: [GC (Allocation Failure)  1395679K->641K(4193792K), 0.0002833 secs]
25.799: [GC (Allocation Failure)  1395679K->641K(4193792K), 0.0002659 secs]
25.814: [GC (Allocation Failure)  1395679K->641K(4193792K), 0.0002765 secs]
25.829: [GC (Allocation Failure)  1395679K->641K(4193792K), 0.0002579 secs]
25.844: [GC (Allocation Failure)  1395679K->641K(4193792K), 0.0002266 secs]
25.860: [GC (Allocation Failure)  1395679K->641K(4193792K), 0.0003048 secs]
25.875: [GC (Allocation Failure)  1395679K->641K(4193792K), 0.0002592 secs]
25.890: [GC (Allocation Failure)  1395679K->641K(4193792K), 0.0002857 secs]
25.904: [GC (Allocation Failure)  1395679K->641K(4193792K), 0.0002545 secs]
25.919: [GC (Allocation Failure)  1395679K->641K(4193792K), 0.0002684 secs]
25.934: [GC (Allocation Failure)  1395679K->641K(4193792K), 0.0002849 secs]
25.948: [GC (Allocation Failure)  1395679K->641K(4193792K), 0.0002988 secs]
25.963: [GC (Allocation Failure)  1395679K->641K(4193792K), 0.0002845 secs]
25.977: [GC (Allocation Failure)  1395679K->641K(4193792K), 0.0002873 secs]
25.991: [GC (Allocation Failure)  1395679K->641K(4193792K), 0.0002895 secs]
26.006: [GC (Allocation Failure)  1395679K->641K(4193792K), 0.0002481 secs]
26.021: [GC (Allocation Failure)  1395679K->641K(4193792K), 0.0002550 secs]
26.035: [GC (Allocation Failure)  1395679K->641K(4193792K), 0.0002378 secs]
26.050: [GC (Allocation Failure)  1395679K->641K(4193792K), 0.0002910 secs]
26.065: [GC (Allocation Failure)  1395679K->641K(4193792K), 0.0002806 secs]
26.082: [GC (Allocation Failure)  1395679K->641K(4193792K), 0.0005872 secs]
26.097: [GC (Allocation Failure)  1395679K->641K(4193792K), 0.0003676 secs]
26.112: [GC (Allocation Failure)  1395679K->641K(4193792K), 0.0006488 secs]
26.126: [GC (Allocation Failure)  1395679K->641K(4193792K), 0.0002339 secs]
26.141: [GC (Allocation Failure)  1395679K->641K(4193792K), 0.0002610 secs]
26.155: [GC (Allocation Failure)  1395679K->641K(4193792K), 0.0002611 secs]
26.169: [GC (Allocation Failure)  1395679K->641K(4193792K), 0.0002974 secs]
26.184: [GC (Allocation Failure)  1395679K->641K(4193792K), 0.0002702 secs]
26.198: [GC (Allocation Failure)  1395679K->641K(4193792K), 0.0002653 secs]
26.213: [GC (Allocation Failure)  1395679K->641K(4193792K), 0.0003323 secs]
26.228: [GC (Allocation Failure)  1395679K->641K(4193792K), 0.0004540 secs]
26.243: [GC (Allocation Failure)  1395679K->641K(4193792K), 0.0006058 secs]
26.258: [GC (Allocation Failure)  1395679K->641K(4193792K), 0.0003403 secs]
26.273: [GC (Allocation Failure)  1395679K->641K(4193792K), 0.0013502 secs]
26.289: [GC (Allocation Failure)  1395679K->641K(4193792K), 0.0002468 secs]
26.304: [GC (Allocation Failure)  1395679K->641K(4193792K), 0.0002713 secs]
26.319: [GC (Allocation Failure)  1395679K->641K(4193792K), 0.0002280 secs]
26.333: [GC (Allocation Failure)  1395679K->641K(4193792K), 0.0002508 secs]
26.348: [GC (Allocation Failure)  1395679K->641K(4193792K), 0.0003243 secs]
26.362: [GC (Allocation Failure)  1395679K->641K(4193792K), 0.0002892 secs]
26.376: [GC (Allocation Failure)  1395679K->641K(4193792K), 0.0002264 secs]
26.390: [GC (Allocation Failure)  1395679K->641K(4193792K), 0.0002964 secs]
26.404: [GC (Allocation Failure)  1395679K->641K(4193792K), 0.0002932 secs]
26.419: [GC (Allocation Failure)  1395679K->641K(4193792K), 0.0002565 secs]
26.433: [GC (Allocation Failure)  1395679K->641K(4193792K), 0.0002610 secs]
26.448: [GC (Allocation Failure)  1395679K->641K(4193792K), 0.0002674 secs]
26.462: [GC (Allocation Failure)  1395679K->641K(4193792K), 0.0003503 secs]
26.477: [GC (Allocation Failure)  1395679K->641K(4193792K), 0.0002127 secs]
26.491: [GC (Allocation Failure)  1395679K->641K(4193792K), 0.0002518 secs]
26.506: [GC (Allocation Failure)  1395679K->641K(4193792K), 0.0002748 secs]
26.521: [GC (Allocation Failure)  1395679K->641K(4193792K), 0.0002860 secs]
26.537: [GC (Allocation Failure)  1395679K->641K(4193792K), 0.0002755 secs]
26.552: [GC (Allocation Failure)  1395679K->641K(4193792K), 0.0002429 secs]
26.567: [GC (Allocation Failure)  1395679K->641K(4193792K), 0.0003348 secs]
26.582: [GC (Allocation Failure)  1395679K->641K(4193792K), 0.0002934 secs]
26.598: [GC (Allocation Failure)  1395679K->641K(4193792K), 0.0002576 secs]
26.613: [GC (Allocation Failure)  1395679K->641K(4193792K), 0.0002425 secs]
26.627: [GC (Allocation Failure)  1395679K->641K(4193792K), 0.0002274 secs]
26.642: [GC (Allocation Failure)  1395679K->641K(4193792K), 0.0035775 secs]
26.660: [GC (Allocation Failure)  1395679K->641K(4193792K), 0.0003380 secs]
26.674: [GC (Allocation Failure)  1395679K->641K(4193792K), 0.0002399 secs]
26.688: [GC (Allocation Failure)  1395679K->641K(4193792K), 0.0002758 secs]
26.703: [GC (Allocation Failure)  1395679K->641K(4193792K), 0.0005041 secs]
26.719: [GC (Allocation Failure)  1395679K->641K(4193792K), 0.0002701 secs]
26.733: [GC (Allocation Failure)  1395679K->641K(4193792K), 0.0003848 secs]
26.749: [GC (Allocation Failure)  1395679K->641K(4193792K), 0.0002523 secs]
26.764: [GC (Allocation Failure)  1395679K->641K(4193792K), 0.0002354 secs]
26.779: [GC (Allocation Failure)  1395679K->641K(4193792K), 0.0002952 secs]
26.794: [GC (Allocation Failure)  1395679K->641K(4193792K), 0.0003840 secs]
26.809: [GC (Allocation Failure)  1395679K->641K(4193792K), 0.0002430 secs]
26.824: [GC (Allocation Failure)  1395679K->641K(4193792K), 0.0002653 secs]
26.841: [GC (Allocation Failure)  1395679K->641K(4193792K), 0.0002908 secs]
26.856: [GC (Allocation Failure)  1395679K->641K(4193792K), 0.0002400 secs]
26.870: [GC (Allocation Failure)  1395679K->641K(4193792K), 0.0003122 secs]
26.884: [GC (Allocation Failure)  1395679K->641K(4193792K), 0.0010879 secs]
26.899: [GC (Allocation Failure)  1395679K->641K(4193792K), 0.0003554 secs]
26.914: [GC (Allocation Failure)  1395679K->641K(4193792K), 0.0002507 secs]
26.929: [GC (Allocation Failure)  1395679K->641K(4193792K), 0.0024292 secs]
26.946: [GC (Allocation Failure)  1395679K->641K(4193792K), 0.0003330 secs]
26.961: [GC (Allocation Failure)  1395679K->641K(4193792K), 0.0002584 secs]
26.976: [GC (Allocation Failure)  1395679K->641K(4193792K), 0.0004073 secs]
26.991: [GC (Allocation Failure)  1395679K->641K(4193792K), 0.0002591 secs]
27.006: [GC (Allocation Failure)  1395679K->641K(4193792K), 0.0003021 secs]
27.021: [GC (Allocation Failure)  1395679K->641K(4193792K), 0.0002321 secs]
27.035: [GC (Allocation Failure)  1395679K->641K(4193792K), 0.0003143 secs]
27.049: [GC (Allocation Failure)  1395679K->641K(4193792K), 0.0003021 secs]
27.063: [GC (Allocation Failure)  1395679K->641K(4193792K), 0.0002706 secs]
27.078: [GC (Allocation Failure)  1395679K->641K(4193792K), 0.0002367 secs]
27.092: [GC (Allocation Failure)  1395679K->641K(4193792K), 0.0003479 secs]
27.107: [GC (Allocation Failure)  1395679K->641K(4193792K), 0.0002759 secs]
27.121: [GC (Allocation Failure)  1395679K->641K(4193792K), 0.0002260 secs]
27.135: [GC (Allocation Failure)  1395679K->641K(4193792K), 0.0003179 secs]
27.150: [GC (Allocation Failure)  1395679K->641K(4193792K), 0.0002816 secs]
27.164: [GC (Allocation Failure)  1395679K->641K(4193792K), 0.0003090 secs]
27.178: [GC (Allocation Failure)  1395679K->641K(4193792K), 0.0016635 secs]
27.194: [GC (Allocation Failure)  1395679K->641K(4193792K), 0.0003038 secs]
27.208: [GC (Allocation Failure)  1395679K->641K(4193792K), 0.0002325 secs]
27.223: [GC (Allocation Failure)  1395679K->641K(4193792K), 0.0002715 secs]
27.237: [GC (Allocation Failure)  1395679K->641K(4193792K), 0.0002757 secs]
27.252: [GC (Allocation Failure)  1395679K->641K(4193792K), 0.0002924 secs]
27.267: [GC (Allocation Failure)  1395679K->641K(4193792K), 0.0003965 secs]
27.283: [GC (Allocation Failure)  1395679K->641K(4193792K), 0.0002724 secs]
27.297: [GC (Allocation Failure)  1395679K->641K(4193792K), 0.0003910 secs]
27.312: [GC (Allocation Failure)  1395679K->641K(4193792K), 0.0003110 secs]
27.327: [GC (Allocation Failure)  1395679K->641K(4193792K), 0.0002482 secs]
27.341: [GC (Allocation Failure)  1395679K->641K(4193792K), 0.0002566 secs]
27.355: [GC (Allocation Failure)  1395679K->641K(4193792K), 0.0002860 secs]
27.369: [GC (Allocation Failure)  1395679K->641K(4193792K), 0.0002735 secs]
27.384: [GC (Allocation Failure)  1395679K->641K(4193792K), 0.0002425 secs]
27.398: [GC (Allocation Failure)  1395679K->641K(4193792K), 0.0002471 secs]
27.412: [GC (Allocation Failure)  1395679K->641K(4193792K), 0.0002674 secs]
27.427: [GC (Allocation Failure)  1395679K->641K(4193792K), 0.0002637 secs]
27.442: [GC (Allocation Failure)  1395679K->641K(4193792K), 0.0003089 secs]
27.457: [GC (Allocation Failure)  1395679K->641K(4193792K), 0.0005712 secs]
27.472: [GC (Allocation Failure)  1395679K->641K(4193792K), 0.0003415 secs]
27.487: [GC (Allocation Failure)  1395679K->641K(4193792K), 0.0002702 secs]
27.502: [GC (Allocation Failure)  1395679K->641K(4193792K), 0.0003023 secs]
27.517: [GC (Allocation Failure)  1395679K->641K(4193792K), 0.0002371 secs]
27.532: [GC (Allocation Failure)  1395679K->641K(4193792K), 0.0002602 secs]
27.547: [GC (Allocation Failure)  1395679K->641K(4193792K), 0.0002447 secs]
27.562: [GC (Allocation Failure)  1395679K->641K(4193792K), 0.0002828 secs]
27.577: [GC (Allocation Failure)  1395679K->641K(4193792K), 0.0003263 secs]
27.593: [GC (Allocation Failure)  1395679K->641K(4193792K), 0.0003323 secs]
27.608: [GC (Allocation Failure)  1395679K->641K(4193792K), 0.0003240 secs]
27.623: [GC (Allocation Failure)  1395679K->641K(4193792K), 0.0002615 secs]
27.638: [GC (Allocation Failure)  1395679K->641K(4193792K), 0.0003685 secs]
27.653: [GC (Allocation Failure)  1395679K->641K(4193792K), 0.0002322 secs]
27.668: [GC (Allocation Failure)  1395679K->641K(4193792K), 0.0010778 secs]
27.683: [GC (Allocation Failure)  1395679K->641K(4193792K), 0.0002436 secs]
27.698: [GC (Allocation Failure)  1395679K->641K(4193792K), 0.0007540 secs]
27.713: [GC (Allocation Failure)  1395679K->641K(4193792K), 0.0004262 secs]
27.728: [GC (Allocation Failure)  1395679K->641K(4193792K), 0.0002201 secs]
27.742: [GC (Allocation Failure)  1395679K->641K(4193792K), 0.0002892 secs]
27.756: [GC (Allocation Failure)  1395679K->641K(4193792K), 0.0002845 secs]
27.771: [GC (Allocation Failure)  1395679K->641K(4193792K), 0.0002383 secs]
27.785: [GC (Allocation Failure)  1395679K->641K(4193792K), 0.0002876 secs]
27.799: [GC (Allocation Failure)  1395679K->641K(4193792K), 0.0002620 secs]
27.813: [GC (Allocation Failure)  1395679K->641K(4193792K), 0.0003068 secs]
27.828: [GC (Allocation Failure)  1395679K->641K(4193792K), 0.0002501 secs]
27.842: [GC (Allocation Failure)  1395679K->641K(4193792K), 0.0003030 secs]
27.856: [GC (Allocation Failure)  1395679K->641K(4193792K), 0.0002645 secs]
27.870: [GC (Allocation Failure)  1395679K->641K(4193792K), 0.0002620 secs]
27.884: [GC (Allocation Failure)  1395679K->641K(4193792K), 0.0003025 secs]
27.898: [GC (Allocation Failure)  1395679K->641K(4193792K), 0.0004772 secs]
27.913: [GC (Allocation Failure)  1395679K->641K(4193792K), 0.0002913 secs]
27.928: [GC (Allocation Failure)  1395679K->641K(4193792K), 0.0002940 secs]
27.944: [GC (Allocation Failure)  1395679K->641K(4193792K), 0.0002753 secs]
27.958: [GC (Allocation Failure)  1395679K->641K(4193792K), 0.0002896 secs]
27.973: [GC (Allocation Failure)  1395679K->641K(4193792K), 0.0002952 secs]
27.988: [GC (Allocation Failure)  1395679K->641K(4193792K), 0.0002441 secs]
28.003: [GC (Allocation Failure)  1395679K->641K(4193792K), 0.0003600 secs]
28.018: [GC (Allocation Failure)  1395679K->641K(4193792K), 0.0002555 secs]
28.033: [GC (Allocation Failure)  1395679K->641K(4193792K), 0.0002205 secs]
28.048: [GC (Allocation Failure)  1395679K->641K(4193792K), 0.0002735 secs]
28.062: [GC (Allocation Failure)  1395679K->641K(4193792K), 0.0002620 secs]
28.077: [GC (Allocation Failure)  1395679K->641K(4193792K), 0.0002460 secs]
28.090: [GC (Allocation Failure)  1395679K->641K(4193792K), 0.0002688 secs]
28.107: [GC (Allocation Failure)  1395679K->641K(4193792K), 0.0002984 secs]
28.122: [GC (Allocation Failure)  1395679K->641K(4193792K), 0.0003152 secs]
28.137: [GC (Allocation Failure)  1395679K->641K(4193792K), 0.0002410 secs]
28.152: [GC (Allocation Failure)  1395679K->641K(4193792K), 0.0003204 secs]
28.167: [GC (Allocation Failure)  1395679K->641K(4193792K), 0.0002465 secs]
28.182: [GC (Allocation Failure)  1395679K->641K(4193792K), 0.0003794 secs]
28.198: [GC (Allocation Failure)  1395679K->641K(4193792K), 0.0003235 secs]
28.213: [GC (Allocation Failure)  1395679K->641K(4193792K), 0.0002570 secs]
28.227: [GC (Allocation Failure)  1395679K->641K(4193792K), 0.0002460 secs]
28.242: [GC (Allocation Failure)  1395679K->641K(4193792K), 0.0002642 secs]
28.256: [GC (Allocation Failure)  1395679K->641K(4193792K), 0.0002862 secs]
28.271: [GC (Allocation Failure)  1395679K->641K(4193792K), 0.0003046 secs]
28.285: [GC (Allocation Failure)  1395679K->641K(4193792K), 0.0002343 secs]
28.300: [GC (Allocation Failure)  1395679K->641K(4193792K), 0.0003143 secs]
28.315: [GC (Allocation Failure)  1395679K->641K(4193792K), 0.0003667 secs]
28.329: [GC (Allocation Failure)  1395679K->641K(4193792K), 0.0002348 secs]
28.345: [GC (Allocation Failure)  1395679K->641K(4193792K), 0.0002525 secs]
28.360: [GC (Allocation Failure)  1395679K->641K(4193792K), 0.0004659 secs]
28.375: [GC (Allocation Failure)  1395679K->641K(4193792K), 0.0002787 secs]
28.390: [GC (Allocation Failure)  1395679K->641K(4193792K), 0.0003166 secs]
28.405: [GC (Allocation Failure)  1395679K->641K(4193792K), 0.0002895 secs]
28.420: [GC (Allocation Failure)  1395679K->641K(4193792K), 0.0002841 secs]
28.434: [GC (Allocation Failure)  1395679K->641K(4193792K), 0.0002182 secs]
28.449: [GC (Allocation Failure)  1395679K->641K(4193792K), 0.0003634 secs]
28.464: [GC (Allocation Failure)  1395679K->641K(4193792K), 0.0001919 secs]
28.478: [GC (Allocation Failure)  1395679K->641K(4193792K), 0.0002524 secs]
28.493: [GC (Allocation Failure)  1395679K->641K(4193792K), 0.0002963 secs]
28.507: [GC (Allocation Failure)  1395679K->641K(4193792K), 0.0005416 secs]
28.523: [GC (Allocation Failure)  1395679K->641K(4193792K), 0.0003791 secs]
28.537: [GC (Allocation Failure)  1395679K->641K(4193792K), 0.0002787 secs]
28.553: [GC (Allocation Failure)  1395679K->641K(4193792K), 0.0002494 secs]
28.568: [GC (Allocation Failure)  1395679K->641K(4193792K), 0.0002384 secs]
28.583: [GC (Allocation Failure)  1395679K->641K(4193792K), 0.0002771 secs]
28.598: [GC (Allocation Failure)  1395679K->641K(4193792K), 0.0002859 secs]
28.614: [GC (Allocation Failure)  1395679K->641K(4193792K), 0.0002429 secs]
28.628: [GC (Allocation Failure)  1395679K->641K(4193792K), 0.0002842 secs]
28.643: [GC (Allocation Failure)  1395679K->641K(4193792K), 0.0002987 secs]
28.657: [GC (Allocation Failure)  1395679K->641K(4193792K), 0.0002514 secs]
28.671: [GC (Allocation Failure)  1395679K->641K(4193792K), 0.0002870 secs]
28.686: [GC (Allocation Failure)  1395679K->641K(4193792K), 0.0002058 secs]
28.700: [GC (Allocation Failure)  1395679K->641K(4193792K), 0.0002660 secs]
28.716: [GC (Allocation Failure)  1395679K->641K(4193792K), 0.0002968 secs]
28.731: [GC (Allocation Failure)  1395679K->641K(4193792K), 0.0002659 secs]
28.746: [GC (Allocation Failure)  1395679K->641K(4193792K), 0.0002932 secs]
28.760: [GC (Allocation Failure)  1395679K->641K(4193792K), 0.0002656 secs]
28.775: [GC (Allocation Failure)  1395679K->641K(4193792K), 0.0002633 secs]
28.790: [GC (Allocation Failure)  1395679K->641K(4193792K), 0.0002536 secs]
28.805: [GC (Allocation Failure)  1395679K->641K(4193792K), 0.0002703 secs]
28.820: [GC (Allocation Failure)  1395679K->641K(4193792K), 0.0002800 secs]
28.835: [GC (Allocation Failure)  1395679K->641K(4193792K), 0.0002603 secs]
28.849: [GC (Allocation Failure)  1395679K->641K(4193792K), 0.0008424 secs]
28.864: [GC (Allocation Failure)  1395679K->641K(4193792K), 0.0002334 secs]
28.879: [GC (Allocation Failure)  1395679K->641K(4193792K), 0.0003502 secs]
28.893: [GC (Allocation Failure)  1395679K->641K(4193792K), 0.0003580 secs]
28.908: [GC (Allocation Failure)  1395679K->641K(4193792K), 0.0003030 secs]
28.923: [GC (Allocation Failure)  1395679K->641K(4193792K), 0.0003185 secs]
28.937: [GC (Allocation Failure)  1395679K->641K(4193792K), 0.0004364 secs]
28.952: [GC (Allocation Failure)  1395679K->641K(4193792K), 0.0002491 secs]
28.966: [GC (Allocation Failure)  1395679K->641K(4193792K), 0.0002835 secs]
28.982: [GC (Allocation Failure)  1395679K->641K(4193792K), 0.0002932 secs]
28.997: [GC (Allocation Failure)  1395679K->641K(4193792K), 0.0002520 secs]
29.011: [GC (Allocation Failure)  1395679K->641K(4193792K), 0.0002895 secs]
29.026: [GC (Allocation Failure)  1395679K->641K(4193792K), 0.0002948 secs]
29.041: [GC (Allocation Failure)  1395679K->641K(4193792K), 0.0002538 secs]
29.056: [GC (Allocation Failure)  1395679K->641K(4193792K), 0.0003555 secs]
29.071: [GC (Allocation Failure)  1395679K->641K(4193792K), 0.0003516 secs]
29.086: [GC (Allocation Failure)  1395679K->641K(4193792K), 0.0003228 secs]
29.100: [GC (Allocation Failure)  1395679K->641K(4193792K), 0.0003295 secs]
29.116: [GC (Allocation Failure)  1395679K->641K(4193792K), 0.0002776 secs]
29.130: [GC (Allocation Failure)  1395679K->641K(4193792K), 0.0002581 secs]
29.145: [GC (Allocation Failure)  1395679K->641K(4193792K), 0.0004728 secs]
29.159: [GC (Allocation Failure)  1395679K->641K(4193792K), 0.0002702 secs]
29.173: [GC (Allocation Failure)  1395679K->641K(4193792K), 0.0002558 secs]
29.188: [GC (Allocation Failure)  1395679K->641K(4193792K), 0.0002927 secs]
29.202: [GC (Allocation Failure)  1395679K->641K(4193792K), 0.0002831 secs]
29.217: [GC (Allocation Failure)  1395679K->641K(4193792K), 0.0003013 secs]
29.232: [GC (Allocation Failure)  1395679K->641K(4193792K), 0.0004428 secs]
29.247: [GC (Allocation Failure)  1395679K->641K(4193792K), 0.0002154 secs]
29.261: [GC (Allocation Failure)  1395679K->641K(4193792K), 0.0002471 secs]
29.275: [GC (Allocation Failure)  1395679K->641K(4193792K), 0.0006991 secs]
29.290: [GC (Allocation Failure)  1395679K->641K(4193792K), 0.0008617 secs]
29.305: [GC (Allocation Failure)  1395679K->641K(4193792K), 0.0002881 secs]
29.320: [GC (Allocation Failure)  1395679K->641K(4193792K), 0.0003260 secs]
29.337: [GC (Allocation Failure)  1395679K->641K(4193792K), 0.0002997 secs]
29.351: [GC (Allocation Failure)  1395679K->641K(4193792K), 0.0002688 secs]
29.365: [GC (Allocation Failure)  1395679K->641K(4193792K), 0.0002015 secs]
29.380: [GC (Allocation Failure)  1395679K->641K(4193792K), 0.0004686 secs]
29.394: [GC (Allocation Failure)  1395679K->641K(4193792K), 0.0002666 secs]
29.409: [GC (Allocation Failure)  1395679K->641K(4193792K), 0.0003381 secs]
29.424: [GC (Allocation Failure)  1395679K->641K(4193792K), 0.0002760 secs]
29.439: [GC (Allocation Failure)  1395679K->641K(4193792K), 0.0002965 secs]
29.454: [GC (Allocation Failure)  1395679K->641K(4193792K), 0.0002469 secs]
29.470: [GC (Allocation Failure)  1395679K->641K(4193792K), 0.0002309 secs]
29.484: [GC (Allocation Failure)  1395679K->641K(4193792K), 0.0002535 secs]
29.499: [GC (Allocation Failure)  1395679K->641K(4193792K), 0.0003229 secs]
29.514: [GC (Allocation Failure)  1395679K->641K(4193792K), 0.0002968 secs]
29.529: [GC (Allocation Failure)  1395679K->641K(4193792K), 0.0002337 secs]
29.544: [GC (Allocation Failure)  1395679K->641K(4193792K), 0.0002726 secs]
29.558: [GC (Allocation Failure)  1395679K->641K(4193792K), 0.0002615 secs]
29.572: [GC (Allocation Failure)  1395679K->641K(4193792K), 0.0003114 secs]
29.587: [GC (Allocation Failure)  1395679K->641K(4193792K), 0.0002968 secs]
29.601: [GC (Allocation Failure)  1395679K->641K(4193792K), 0.0002400 secs]
29.616: [GC (Allocation Failure)  1395679K->641K(4193792K), 0.0002507 secs]
29.631: [GC (Allocation Failure)  1395679K->641K(4193792K), 0.0003528 secs]
29.646: [GC (Allocation Failure)  1395679K->641K(4193792K), 0.0002458 secs]
29.661: [GC (Allocation Failure)  1395679K->641K(4193792K), 0.0002795 secs]
29.676: [GC (Allocation Failure)  1395679K->641K(4193792K), 0.0002151 secs]
29.691: [GC (Allocation Failure)  1395679K->641K(4193792K), 0.0020589 secs]
29.708: [GC (Allocation Failure)  1395679K->641K(4193792K), 0.0004132 secs]
29.723: [GC (Allocation Failure)  1395679K->641K(4193792K), 0.0002821 secs]
29.738: [GC (Allocation Failure)  1395679K->641K(4193792K), 0.0002697 secs]
29.752: [GC (Allocation Failure)  1395679K->641K(4193792K), 0.0002609 secs]
29.767: [GC (Allocation Failure)  1395679K->641K(4193792K), 0.0002289 secs]
29.781: [GC (Allocation Failure)  1395679K->641K(4193792K), 0.0002762 secs]
29.796: [GC (Allocation Failure)  1395679K->641K(4193792K), 0.0002822 secs]
29.811: [GC (Allocation Failure)  1395679K->641K(4193792K), 0.0002740 secs]
29.826: [GC (Allocation Failure)  1395679K->641K(4193792K), 0.0010387 secs]
29.842: [GC (Allocation Failure)  1395679K->641K(4193792K), 0.0002498 secs]
29.857: [GC (Allocation Failure)  1395679K->641K(4193792K), 0.0003040 secs]
29.873: [GC (Allocation Failure)  1395679K->641K(4193792K), 0.0008636 secs]
29.888: [GC (Allocation Failure)  1395679K->641K(4193792K), 0.0002752 secs]
29.903: [GC (Allocation Failure)  1395679K->641K(4193792K), 0.0003662 secs]
29.919: [GC (Allocation Failure)  1395679K->641K(4193792K), 0.0002623 secs]
29.933: [GC (Allocation Failure)  1395679K->641K(4193792K), 0.0002157 secs]
29.948: [GC (Allocation Failure)  1395679K->641K(4193792K), 0.0002538 secs]
29.962: [GC (Allocation Failure)  1395679K->641K(4193792K), 0.0003115 secs]
29.977: [GC (Allocation Failure)  1395679K->641K(4193792K), 0.0002328 secs]
29.991: [GC (Allocation Failure)  1395679K->641K(4193792K), 0.0008098 secs]
30.006: [GC (Allocation Failure)  1395679K->641K(4193792K), 0.0002647 secs]
30.021: [GC (Allocation Failure)  1395679K->641K(4193792K), 0.0002215 secs]
30.035: [GC (Allocation Failure)  1395679K->641K(4193792K), 0.0002987 secs]
30.050: [GC (Allocation Failure)  1395679K->641K(4193792K), 0.0002482 secs]
30.064: [GC (Allocation Failure)  1395679K->641K(4193792K), 0.0002450 secs]
30.079: [GC (Allocation Failure)  1395679K->641K(4193792K), 0.0002258 secs]
30.093: [GC (Allocation Failure)  1395679K->641K(4193792K), 0.0003994 secs]
30.118: [GC (Allocation Failure)  1395679K->641K(4193792K), 0.0002717 secs]
30.133: [GC (Allocation Failure)  1395679K->641K(4193792K), 0.0002318 secs]
30.148: [GC (Allocation Failure)  1395679K->641K(4193792K), 0.0009485 secs]
30.164: [GC (Allocation Failure)  1395679K->641K(4193792K), 0.0002968 secs]
30.178: [GC (Allocation Failure)  1395679K->641K(4193792K), 0.0002670 secs]
30.193: [GC (Allocation Failure)  1395679K->641K(4193792K), 0.0002830 secs]
30.209: [GC (Allocation Failure)  1395679K->641K(4193792K), 0.0003188 secs]
30.224: [GC (Allocation Failure)  1395679K->641K(4193792K), 0.0003265 secs]
30.239: [GC (Allocation Failure)  1395679K->641K(4193792K), 0.0002169 secs]
30.254: [GC (Allocation Failure)  1395679K->641K(4193792K), 0.0003161 secs]
30.268: [GC (Allocation Failure)  1395679K->641K(4193792K), 0.0002598 secs]
30.284: [GC (Allocation Failure)  1395679K->641K(4193792K), 0.0002848 secs]
30.298: [GC (Allocation Failure)  1395679K->641K(4193792K), 0.0002375 secs]
30.312: [GC (Allocation Failure)  1395679K->641K(4193792K), 0.0002950 secs]
30.326: [GC (Allocation Failure)  1395679K->641K(4193792K), 0.0002969 secs]
30.340: [GC (Allocation Failure)  1395679K->641K(4193792K), 0.0002041 secs]
30.356: [GC (Allocation Failure)  1395679K->641K(4193792K), 0.0003119 secs]
30.370: [GC (Allocation Failure)  1395679K->641K(4193792K), 0.0003306 secs]
30.385: [GC (Allocation Failure)  1395679K->641K(4193792K), 0.0002611 secs]
30.400: [GC (Allocation Failure)  1395679K->641K(4193792K), 0.0005005 secs]
30.419: [GC (Allocation Failure)  1395679K->641K(4193792K), 0.0003303 secs]
30.434: [GC (Allocation Failure)  1395679K->641K(4193792K), 0.0002845 secs]
30.448: [GC (Allocation Failure)  1395679K->641K(4193792K), 0.0002434 secs]
30.461: [GC (Allocation Failure)  1395679K->641K(4193792K), 0.0002319 secs]
30.474: [GC (Allocation Failure)  1395679K->641K(4193792K), 0.0002783 secs]
30.488: [GC (Allocation Failure)  1395679K->641K(4193792K), 0.0002595 secs]
30.502: [GC (Allocation Failure)  1395679K->641K(4193792K), 0.0004327 secs]
30.516: [GC (Allocation Failure)  1395679K->641K(4193792K), 0.0002473 secs]
30.533: [GC (Allocation Failure)  1395679K->641K(4193792K), 0.0003791 secs]
30.548: [GC (Allocation Failure)  1395679K->641K(4193792K), 0.0002458 secs]
30.563: [GC (Allocation Failure)  1395679K->641K(4193792K), 0.0003126 secs]
30.577: [GC (Allocation Failure)  1395679K->641K(4193792K), 0.0002571 secs]
30.592: [GC (Allocation Failure)  1395679K->641K(4193792K), 0.0003508 secs]
30.607: [GC (Allocation Failure)  1395679K->641K(4193792K), 0.0015705 secs]
30.625: [GC (Allocation Failure)  1395679K->641K(4193792K), 0.0003771 secs]
30.641: [GC (Allocation Failure)  1395679K->641K(4193792K), 0.0002526 secs]
30.655: [GC (Allocation Failure)  1395679K->641K(4193792K), 0.0003289 secs]
30.670: [GC (Allocation Failure)  1395679K->641K(4193792K), 0.0004279 secs]
30.685: [GC (Allocation Failure)  1395679K->641K(4193792K), 0.0004774 secs]
30.701: [GC (Allocation Failure)  1395679K->641K(4193792K), 0.0002815 secs]
30.715: [GC (Allocation Failure)  1395679K->641K(4193792K), 0.0003168 secs]
30.730: [GC (Allocation Failure)  1395679K->641K(4193792K), 0.0002761 secs]
30.745: [GC (Allocation Failure)  1395679K->641K(4193792K), 0.0002635 secs]
30.759: [GC (Allocation Failure)  1395679K->641K(4193792K), 0.0003039 secs]
30.773: [GC (Allocation Failure)  1395679K->641K(4193792K), 0.0002840 secs]
30.787: [GC (Allocation Failure)  1395679K->641K(4193792K), 0.0002867 secs]
30.802: [GC (Allocation Failure)  1395679K->641K(4193792K), 0.0003463 secs]
30.817: [GC (Allocation Failure)  1395679K->641K(4193792K), 0.0003392 secs]
30.831: [GC (Allocation Failure)  1395679K->641K(4193792K), 0.0003567 secs]
30.845: [GC (Allocation Failure)  1395679K->641K(4193792K), 0.0003326 secs]
30.860: [GC (Allocation Failure)  1395679K->641K(4193792K), 0.0003111 secs]
30.874: [GC (Allocation Failure)  1395679K->641K(4193792K), 0.0003065 secs]
30.890: [GC (Allocation Failure)  1395679K->641K(4193792K), 0.0003016 secs]
30.905: [GC (Allocation Failure)  1395679K->641K(4193792K), 0.0003589 secs]
30.920: [GC (Allocation Failure)  1395679K->641K(4193792K), 0.0004213 secs]
30.935: [GC (Allocation Failure)  1395679K->641K(4193792K), 0.0003798 secs]
30.951: [GC (Allocation Failure)  1395679K->641K(4193792K), 0.0003693 secs]
30.966: [GC (Allocation Failure)  1395679K->641K(4193792K), 0.0003268 secs]
30.982: [GC (Allocation Failure)  1395679K->641K(4193792K), 0.0004296 secs]
30.997: [GC (Allocation Failure)  1395679K->641K(4193792K), 0.0003813 secs]
31.012: [GC (Allocation Failure)  1395679K->641K(4193792K), 0.0003597 secs]
31.027: [GC (Allocation Failure)  1395679K->641K(4193792K), 0.0006515 secs]
31.041: [GC (Allocation Failure)  1395679K->641K(4193792K), 0.0005033 secs]
31.058: [GC (Allocation Failure)  1395679K->641K(4193792K), 0.0012146 secs]
31.078: [GC (Allocation Failure)  1395679K->641K(4193792K), 0.0012284 secs]
31.100: [GC (Allocation Failure)  1395679K->641K(4193792K), 0.0005392 secs]
31.114: [GC (Allocation Failure)  1395679K->641K(4193792K), 0.0003233 secs]
31.129: [GC (Allocation Failure)  1395679K->641K(4193792K), 0.0003493 secs]
31.144: [GC (Allocation Failure)  1395679K->641K(4193792K), 0.0003206 secs]
31.160: [GC (Allocation Failure)  1395679K->641K(4193792K), 0.0003098 secs]
31.175: [GC (Allocation Failure)  1395679K->641K(4193792K), 0.0002796 secs]
31.190: [GC (Allocation Failure)  1395679K->641K(4193792K), 0.0009328 secs]
31.206: [GC (Allocation Failure)  1395679K->641K(4193792K), 0.0003120 secs]
31.221: [GC (Allocation Failure)  1395679K->641K(4193792K), 0.0003442 secs]
31.239: [GC (Allocation Failure)  1395679K->641K(4193792K), 0.0004359 secs]
31.254: [GC (Allocation Failure)  1395679K->641K(4193792K), 0.0002526 secs]
31.269: [GC (Allocation Failure)  1395679K->641K(4193792K), 0.0003003 secs]
31.284: [GC (Allocation Failure)  1395679K->641K(4193792K), 0.0003161 secs]
31.298: [GC (Allocation Failure)  1395679K->641K(4193792K), 0.0003062 secs]
31.313: [GC (Allocation Failure)  1395679K->641K(4193792K), 0.0004559 secs]
31.328: [GC (Allocation Failure)  1395679K->641K(4193792K), 0.0006148 secs]
31.344: [GC (Allocation Failure)  1395679K->641K(4193792K), 0.0002403 secs]
31.359: [GC (Allocation Failure)  1395679K->641K(4193792K), 0.0002910 secs]
31.374: [GC (Allocation Failure)  1395679K->641K(4193792K), 0.0003232 secs]
31.389: [GC (Allocation Failure)  1395679K->641K(4193792K), 0.0029925 secs]
31.409: [GC (Allocation Failure)  1395679K->641K(4193792K), 0.0007121 secs]
31.424: [GC (Allocation Failure)  1395679K->641K(4193792K), 0.0002940 secs]
31.439: [GC (Allocation Failure)  1395679K->641K(4193792K), 0.0006053 secs]
31.458: [GC (Allocation Failure)  1395679K->641K(4193792K), 0.0006703 secs]
31.473: [GC (Allocation Failure)  1395679K->641K(4193792K), 0.0002824 secs]
31.488: [GC (Allocation Failure)  1395679K->641K(4193792K), 0.0003804 secs]
31.503: [GC (Allocation Failure)  1395679K->641K(4193792K), 0.0002742 secs]
31.517: [GC (Allocation Failure)  1395679K->641K(4193792K), 0.0003222 secs]
31.531: [GC (Allocation Failure)  1395679K->641K(4193792K), 0.0004244 secs]
31.546: [GC (Allocation Failure)  1395679K->641K(4193792K), 0.0003068 secs]
31.560: [GC (Allocation Failure)  1395679K->641K(4193792K), 0.0002810 secs]
31.575: [GC (Allocation Failure)  1395679K->641K(4193792K), 0.0002677 secs]
31.589: [GC (Allocation Failure)  1395679K->641K(4193792K), 0.0002568 secs]
31.604: [GC (Allocation Failure)  1395679K->641K(4193792K), 0.0002595 secs]
31.619: [GC (Allocation Failure)  1395679K->641K(4193792K), 0.0002507 secs]
31.634: [GC (Allocation Failure)  1395679K->641K(4193792K), 0.0003670 secs]
31.650: [GC (Allocation Failure)  1395679K->641K(4193792K), 0.0003495 secs]
31.665: [GC (Allocation Failure)  1395679K->641K(4193792K), 0.0002706 secs]
31.680: [GC (Allocation Failure)  1395679K->641K(4193792K), 0.0002507 secs]
31.694: [GC (Allocation Failure)  1395679K->641K(4193792K), 0.0002635 secs]
31.709: [GC (Allocation Failure)  1395679K->641K(4193792K), 0.0006868 secs]
31.724: [GC (Allocation Failure)  1395679K->641K(4193792K), 0.0002543 secs]
31.739: [GC (Allocation Failure)  1395679K->641K(4193792K), 0.0001986 secs]
31.753: [GC (Allocation Failure)  1395679K->641K(4193792K), 0.0002746 secs]
31.767: [GC (Allocation Failure)  1395679K->641K(4193792K), 0.0002832 secs]
31.782: [GC (Allocation Failure)  1395679K->641K(4193792K), 0.0002961 secs]
31.797: [GC (Allocation Failure)  1395679K->641K(4193792K), 0.0002584 secs]
31.812: [GC (Allocation Failure)  1395679K->641K(4193792K), 0.0002226 secs]
31.827: [GC (Allocation Failure)  1395679K->641K(4193792K), 0.0002969 secs]
31.842: [GC (Allocation Failure)  1395679K->641K(4193792K), 0.0002777 secs]
31.856: [GC (Allocation Failure)  1395679K->641K(4193792K), 0.0002935 secs]
31.871: [GC (Allocation Failure)  1395679K->641K(4193792K), 0.0002311 secs]
31.886: [GC (Allocation Failure)  1395679K->641K(4193792K), 0.0002537 secs]
31.901: [GC (Allocation Failure)  1395679K->641K(4193792K), 0.0002603 secs]
31.916: [GC (Allocation Failure)  1395679K->641K(4193792K), 0.0002619 secs]
31.933: [GC (Allocation Failure)  1395679K->641K(4193792K), 0.0003217 secs]
31.947: [GC (Allocation Failure)  1395679K->641K(4193792K), 0.0002887 secs]
31.961: [GC (Allocation Failure)  1395679K->641K(4193792K), 0.0002738 secs]
31.975: [GC (Allocation Failure)  1395679K->641K(4193792K), 0.0004156 secs]
31.989: [GC (Allocation Failure)  1395679K->641K(4193792K), 0.0002288 secs]
32.003: [GC (Allocation Failure)  1395679K->641K(4193792K), 0.0002681 secs]
32.017: [GC (Allocation Failure)  1395679K->641K(4193792K), 0.0002219 secs]
32.031: [GC (Allocation Failure)  1395679K->641K(4193792K), 0.0002667 secs]
32.046: [GC (Allocation Failure)  1395679K->641K(4193792K), 0.0002434 secs]
32.060: [GC (Allocation Failure)  1395679K->641K(4193792K), 0.0002502 secs]
32.074: [GC (Allocation Failure)  1395679K->641K(4193792K), 0.0002438 secs]
32.088: [GC (Allocation Failure)  1395679K->641K(4193792K), 0.0002384 secs]
32.103: [GC (Allocation Failure)  1395679K->641K(4193792K), 0.0002485 secs]
32.118: [GC (Allocation Failure)  1395679K->641K(4193792K), 0.0002886 secs]
32.133: [GC (Allocation Failure)  1395679K->641K(4193792K), 0.0002442 secs]
32.148: [GC (Allocation Failure)  1395679K->641K(4193792K), 0.0002812 secs]
32.162: [GC (Allocation Failure)  1395679K->641K(4193792K), 0.0002915 secs]
32.177: [GC (Allocation Failure)  1395679K->641K(4193792K), 0.0002442 secs]
32.192: [GC (Allocation Failure)  1395679K->641K(4193792K), 0.0003612 secs]
32.207: [GC (Allocation Failure)  1395679K->641K(4193792K), 0.0003032 secs]
32.221: [GC (Allocation Failure)  1395679K->641K(4193792K), 0.0002345 secs]
32.236: [GC (Allocation Failure)  1395679K->641K(4193792K), 0.0002639 secs]
32.250: [GC (Allocation Failure)  1395679K->641K(4193792K), 0.0003401 secs]
32.264: [GC (Allocation Failure)  1395679K->641K(4193792K), 0.0003255 secs]
32.278: [GC (Allocation Failure)  1395679K->641K(4193792K), 0.0002325 secs]
32.292: [GC (Allocation Failure)  1395679K->641K(4193792K), 0.0002798 secs]
32.306: [GC (Allocation Failure)  1395679K->641K(4193792K), 0.0004954 secs]
32.322: [GC (Allocation Failure)  1395679K->641K(4193792K), 0.0002413 secs]
32.337: [GC (Allocation Failure)  1395679K->641K(4193792K), 0.0003238 secs]
32.352: [GC (Allocation Failure)  1395679K->641K(4193792K), 0.0003103 secs]
32.367: [GC (Allocation Failure)  1395679K->641K(4193792K), 0.0002135 secs]
32.381: [GC (Allocation Failure)  1395679K->641K(4193792K), 0.0002871 secs]
32.396: [GC (Allocation Failure)  1395679K->641K(4193792K), 0.0003131 secs]
32.410: [GC (Allocation Failure)  1395679K->641K(4193792K), 0.0003497 secs]
32.425: [GC (Allocation Failure)  1395679K->641K(4193792K), 0.0002807 secs]
32.439: [GC (Allocation Failure)  1395679K->641K(4193792K), 0.0002417 secs]
32.454: [GC (Allocation Failure)  1395679K->641K(4193792K), 0.0002484 secs]
32.468: [GC (Allocation Failure)  1395679K->641K(4193792K), 0.0002412 secs]
32.482: [GC (Allocation Failure)  1395679K->641K(4193792K), 0.0002473 secs]
32.497: [GC (Allocation Failure)  1395679K->641K(4193792K), 0.0002692 secs]
32.512: [GC (Allocation Failure)  1395679K->641K(4193792K), 0.0002878 secs]
32.527: [GC (Allocation Failure)  1395679K->641K(4193792K), 0.0002563 secs]
32.542: [GC (Allocation Failure)  1395679K->641K(4193792K), 0.0002967 secs]
32.557: [GC (Allocation Failure)  1395679K->641K(4193792K), 0.0008734 secs]
32.571: [GC (Allocation Failure)  1395679K->641K(4193792K), 0.0002678 secs]
32.587: [GC (Allocation Failure)  1395679K->641K(4193792K), 0.0002324 secs]
32.602: [GC (Allocation Failure)  1395679K->641K(4193792K), 0.0002922 secs]
32.618: [GC (Allocation Failure)  1395679K->641K(4193792K), 0.0002552 secs]
32.632: [GC (Allocation Failure)  1395679K->641K(4193792K), 0.0002638 secs]
32.646: [GC (Allocation Failure)  1395679K->641K(4193792K), 0.0002430 secs]
32.660: [GC (Allocation Failure)  1395679K->641K(4193792K), 0.0002780 secs]
32.674: [GC (Allocation Failure)  1395679K->641K(4193792K), 0.0002706 secs]
32.688: [GC (Allocation Failure)  1395679K->641K(4193792K), 0.0002490 secs]
32.702: [GC (Allocation Failure)  1395679K->641K(4193792K), 0.0002416 secs]
32.717: [GC (Allocation Failure)  1395679K->641K(4193792K), 0.0002549 secs]
32.731: [GC (Allocation Failure)  1395679K->641K(4193792K), 0.0002445 secs]
32.746: [GC (Allocation Failure)  1395679K->641K(4193792K), 0.0002260 secs]
32.760: [GC (Allocation Failure)  1395679K->641K(4193792K), 0.0002583 secs]
32.774: [GC (Allocation Failure)  1395679K->641K(4193792K), 0.0002355 secs]
32.788: [GC (Allocation Failure)  1395679K->641K(4193792K), 0.0003587 secs]
32.803: [GC (Allocation Failure)  1395679K->641K(4193792K), 0.0002855 secs]
32.818: [GC (Allocation Failure)  1395679K->641K(4193792K), 0.0002530 secs]
32.833: [GC (Allocation Failure)  1395679K->641K(4193792K), 0.0003208 secs]
32.848: [GC (Allocation Failure)  1395679K->641K(4193792K), 0.0003100 secs]
32.862: [GC (Allocation Failure)  1395679K->641K(4193792K), 0.0002383 secs]
32.877: [GC (Allocation Failure)  1395679K->641K(4193792K), 0.0002526 secs]
32.892: [GC (Allocation Failure)  1395679K->641K(4193792K), 0.0002506 secs]
32.907: [GC (Allocation Failure)  1395679K->641K(4193792K), 0.0003898 secs]
32.921: [GC (Allocation Failure)  1395679K->641K(4193792K), 0.0002688 secs]
32.938: [GC (Allocation Failure)  1395679K->641K(4193792K), 0.0003312 secs]
32.952: [GC (Allocation Failure)  1395679K->641K(4193792K), 0.0002415 secs]
32.966: [GC (Allocation Failure)  1395679K->641K(4193792K), 0.0002370 secs]
32.981: [GC (Allocation Failure)  1395679K->641K(4193792K), 0.0002576 secs]
32.996: [GC (Allocation Failure)  1395679K->641K(4193792K), 0.0002370 secs]
33.010: [GC (Allocation Failure)  1395679K->641K(4193792K), 0.0002861 secs]
33.025: [GC (Allocation Failure)  1395679K->641K(4193792K), 0.0015226 secs]
33.041: [GC (Allocation Failure)  1395679K->641K(4193792K), 0.0002700 secs]
33.055: [GC (Allocation Failure)  1395679K->641K(4193792K), 0.0002850 secs]
33.070: [GC (Allocation Failure)  1395679K->641K(4193792K), 0.0004303 secs]
33.085: [GC (Allocation Failure)  1395679K->641K(4193792K), 0.0002517 secs]
33.100: [GC (Allocation Failure)  1395679K->641K(4193792K), 0.0002576 secs]
33.115: [GC (Allocation Failure)  1395679K->641K(4193792K), 0.0002913 secs]
33.129: [GC (Allocation Failure)  1395679K->641K(4193792K), 0.0002898 secs]
33.144: [GC (Allocation Failure)  1395679K->641K(4193792K), 0.0002653 secs]
33.158: [GC (Allocation Failure)  1395679K->641K(4193792K), 0.0002802 secs]
33.172: [GC (Allocation Failure)  1395679K->641K(4193792K), 0.0003591 secs]
33.186: [GC (Allocation Failure)  1395679K->641K(4193792K), 0.0002664 secs]
33.201: [GC (Allocation Failure)  1395679K->641K(4193792K), 0.0003112 secs]
33.216: [GC (Allocation Failure)  1395679K->641K(4193792K), 0.0002367 secs]
33.231: [GC (Allocation Failure)  1395679K->641K(4193792K), 0.0002907 secs]
33.246: [GC (Allocation Failure)  1395679K->641K(4193792K), 0.0003346 secs]
33.261: [GC (Allocation Failure)  1395679K->641K(4193792K), 0.0002500 secs]
33.275: [GC (Allocation Failure)  1395679K->641K(4193792K), 0.0002998 secs]
33.290: [GC (Allocation Failure)  1395679K->641K(4193792K), 0.0002913 secs]
33.305: [GC (Allocation Failure)  1395679K->641K(4193792K), 0.0002856 secs]
33.320: [GC (Allocation Failure)  1395679K->641K(4193792K), 0.0002579 secs]
33.334: [GC (Allocation Failure)  1395679K->641K(4193792K), 0.0002524 secs]
33.348: [GC (Allocation Failure)  1395679K->641K(4193792K), 0.0002138 secs]
33.362: [GC (Allocation Failure)  1395679K->641K(4193792K), 0.0002663 secs]
33.376: [GC (Allocation Failure)  1395679K->641K(4193792K), 0.0003426 secs]
33.390: [GC (Allocation Failure)  1395679K->641K(4193792K), 0.0008935 secs]
33.405: [GC (Allocation Failure)  1395679K->641K(4193792K), 0.0002411 secs]
33.420: [GC (Allocation Failure)  1395679K->641K(4193792K), 0.0002527 secs]
33.433: [GC (Allocation Failure)  1395679K->641K(4193792K), 0.0002632 secs]
33.448: [GC (Allocation Failure)  1395679K->641K(4193792K), 0.0002443 secs]
33.462: [GC (Allocation Failure)  1395679K->641K(4193792K), 0.0002630 secs]
33.476: [GC (Allocation Failure)  1395679K->641K(4193792K), 0.0003587 secs]
33.490: [GC (Allocation Failure)  1395679K->641K(4193792K), 0.0002633 secs]
33.505: [GC (Allocation Failure)  1395679K->641K(4193792K), 0.0002606 secs]
33.520: [GC (Allocation Failure)  1395679K->641K(4193792K), 0.0002740 secs]
33.534: [GC (Allocation Failure)  1395679K->641K(4193792K), 0.0003015 secs]
33.549: [GC (Allocation Failure)  1395679K->641K(4193792K), 0.0003535 secs]
33.565: [GC (Allocation Failure)  1395679K->641K(4193792K), 0.0002417 secs]
33.580: [GC (Allocation Failure)  1395679K->641K(4193792K), 0.0002570 secs]
33.595: [GC (Allocation Failure)  1395679K->641K(4193792K), 0.0003118 secs]
33.610: [GC (Allocation Failure)  1395679K->641K(4193792K), 0.0002461 secs]
33.624: [GC (Allocation Failure)  1395679K->641K(4193792K), 0.0002821 secs]
33.638: [GC (Allocation Failure)  1395679K->641K(4193792K), 0.0002346 secs]
33.653: [GC (Allocation Failure)  1395679K->641K(4193792K), 0.0002525 secs]
33.667: [GC (Allocation Failure)  1395679K->641K(4193792K), 0.0002808 secs]
33.681: [GC (Allocation Failure)  1395679K->641K(4193792K), 0.0002448 secs]
33.695: [GC (Allocation Failure)  1395679K->641K(4193792K), 0.0002670 secs]
33.710: [GC (Allocation Failure)  1395679K->641K(4193792K), 0.0002954 secs]
33.725: [GC (Allocation Failure)  1395679K->641K(4193792K), 0.0003260 secs]
33.740: [GC (Allocation Failure)  1395679K->641K(4193792K), 0.0002383 secs]
33.755: [GC (Allocation Failure)  1395679K->641K(4193792K), 0.0002458 secs]
33.770: [GC (Allocation Failure)  1395679K->641K(4193792K), 0.0002325 secs]
33.785: [GC (Allocation Failure)  1395679K->641K(4193792K), 0.0003282 secs]
33.800: [GC (Allocation Failure)  1395679K->641K(4193792K), 0.0003555 secs]
33.814: [GC (Allocation Failure)  1395679K->641K(4193792K), 0.0002425 secs]
33.829: [GC (Allocation Failure)  1395679K->641K(4193792K), 0.0002782 secs]
33.843: [GC (Allocation Failure)  1395679K->641K(4193792K), 0.0002451 secs]
33.857: [GC (Allocation Failure)  1395679K->641K(4193792K), 0.0002566 secs]
33.871: [GC (Allocation Failure)  1395679K->641K(4193792K), 0.0002140 secs]
33.885: [GC (Allocation Failure)  1395679K->641K(4193792K), 0.0002803 secs]
33.900: [GC (Allocation Failure)  1395679K->641K(4193792K), 0.0003113 secs]
33.914: [GC (Allocation Failure)  1395679K->641K(4193792K), 0.0002482 secs]
33.930: [GC (Allocation Failure)  1395679K->641K(4193792K), 0.0002892 secs]
33.944: [GC (Allocation Failure)  1395679K->641K(4193792K), 0.0003575 secs]
33.959: [GC (Allocation Failure)  1395679K->641K(4193792K), 0.0003020 secs]
33.974: [GC (Allocation Failure)  1395679K->641K(4193792K), 0.0002390 secs]
33.989: [GC (Allocation Failure)  1395679K->641K(4193792K), 0.0002931 secs]
34.004: [GC (Allocation Failure)  1395679K->641K(4193792K), 0.0002711 secs]
34.018: [GC (Allocation Failure)  1395679K->641K(4193792K), 0.0002520 secs]
34.032: [GC (Allocation Failure)  1395679K->641K(4193792K), 0.0002220 secs]
34.046: [GC (Allocation Failure)  1395679K->641K(4193792K), 0.0002202 secs]
34.061: [GC (Allocation Failure)  1395679K->641K(4193792K), 0.0002340 secs]
34.075: [GC (Allocation Failure)  1395679K->641K(4193792K), 0.0002891 secs]
34.088: [GC (Allocation Failure)  1395679K->641K(4193792K), 0.0002594 secs]
34.103: [GC (Allocation Failure)  1395679K->641K(4193792K), 0.0003349 secs]
34.118: [GC (Allocation Failure)  1395679K->641K(4193792K), 0.0004603 secs]
34.132: [GC (Allocation Failure)  1395679K->641K(4193792K), 0.0003040 secs]
34.147: [GC (Allocation Failure)  1395679K->641K(4193792K), 0.0002610 secs]
34.162: [GC (Allocation Failure)  1395679K->641K(4193792K), 0.0002580 secs]
34.177: [GC (Allocation Failure)  1395679K->641K(4193792K), 0.0002679 secs]
34.192: [GC (Allocation Failure)  1395679K->641K(4193792K), 0.0003460 secs]
34.207: [GC (Allocation Failure)  1395679K->641K(4193792K), 0.0002488 secs]
34.221: [GC (Allocation Failure)  1395679K->641K(4193792K), 0.0002630 secs]
34.235: [GC (Allocation Failure)  1395679K->641K(4193792K), 0.0002570 secs]
34.249: [GC (Allocation Failure)  1395679K->641K(4193792K), 0.0002980 secs]
34.263: [GC (Allocation Failure)  1395679K->641K(4193792K), 0.0002812 secs]
34.277: [GC (Allocation Failure)  1395679K->641K(4193792K), 0.0002836 secs]
34.291: [GC (Allocation Failure)  1395679K->641K(4193792K), 0.0002824 secs]
34.306: [GC (Allocation Failure)  1395679K->641K(4193792K), 0.0003203 secs]
34.320: [GC (Allocation Failure)  1395679K->641K(4193792K), 0.0003383 secs]
34.334: [GC (Allocation Failure)  1395679K->641K(4193792K), 0.0002809 secs]
34.349: [GC (Allocation Failure)  1395679K->641K(4193792K), 0.0002252 secs]
34.362: [GC (Allocation Failure)  1395679K->641K(4193792K), 0.0002700 secs]
34.376: [GC (Allocation Failure)  1395679K->641K(4193792K), 0.0002096 secs]
34.390: [GC (Allocation Failure)  1395679K->641K(4193792K), 0.0002425 secs]
34.405: [GC (Allocation Failure)  1395679K->641K(4193792K), 0.0003231 secs]
34.420: [GC (Allocation Failure)  1395679K->641K(4193792K), 0.0008675 secs]
34.435: [GC (Allocation Failure)  1395679K->641K(4193792K), 0.0005335 secs]
34.451: [GC (Allocation Failure)  1395679K->641K(4193792K), 0.0002732 secs]
34.466: [GC (Allocation Failure)  1395679K->641K(4193792K), 0.0003090 secs]
34.481: [GC (Allocation Failure)  1395679K->641K(4193792K), 0.0002638 secs]
34.495: [GC (Allocation Failure)  1395679K->641K(4193792K), 0.0002975 secs]
34.510: [GC (Allocation Failure)  1395679K->641K(4193792K), 0.0018571 secs]
34.526: [GC (Allocation Failure)  1395679K->641K(4193792K), 0.0002695 secs]
34.540: [GC (Allocation Failure)  1395679K->641K(4193792K), 0.0002444 secs]
34.554: [GC (Allocation Failure)  1395679K->641K(4193792K), 0.0002677 secs]
34.568: [GC (Allocation Failure)  1395679K->641K(4193792K), 0.0002255 secs]
34.583: [GC (Allocation Failure)  1395679K->641K(4193792K), 0.0002775 secs]
34.597: [GC (Allocation Failure)  1395679K->641K(4193792K), 0.0002720 secs]
34.612: [GC (Allocation Failure)  1395679K->641K(4193792K), 0.0002622 secs]
34.626: [GC (Allocation Failure)  1395679K->641K(4193792K), 0.0002855 secs]
34.641: [GC (Allocation Failure)  1395679K->641K(4193792K), 0.0002454 secs]
34.656: [GC (Allocation Failure)  1395679K->641K(4193792K), 0.0003060 secs]
34.671: [GC (Allocation Failure)  1395679K->641K(4193792K), 0.0002423 secs]
34.686: [GC (Allocation Failure)  1395679K->641K(4193792K), 0.0002493 secs]
34.700: [GC (Allocation Failure)  1395679K->641K(4193792K), 0.0002414 secs]
34.715: [GC (Allocation Failure)  1395679K->641K(4193792K), 0.0002553 secs]
34.730: [GC (Allocation Failure)  1395679K->641K(4193792K), 0.0002183 secs]
34.744: [GC (Allocation Failure)  1395679K->641K(4193792K), 0.0002909 secs]
34.758: [GC (Allocation Failure)  1395679K->641K(4193792K), 0.0002722 secs]
34.773: [GC (Allocation Failure)  1395679K->641K(4193792K), 0.0003259 secs]
34.787: [GC (Allocation Failure)  1395679K->641K(4193792K), 0.0002549 secs]
34.801: [GC (Allocation Failure)  1395679K->641K(4193792K), 0.0003131 secs]
34.816: [GC (Allocation Failure)  1395679K->641K(4193792K), 0.0002513 secs]
34.831: [GC (Allocation Failure)  1395679K->641K(4193792K), 0.0002793 secs]
34.846: [GC (Allocation Failure)  1395679K->641K(4193792K), 0.0003390 secs]
34.861: [GC (Allocation Failure)  1395679K->641K(4193792K), 0.0002635 secs]
34.876: [GC (Allocation Failure)  1395679K->641K(4193792K), 0.0002510 secs]
34.890: [GC (Allocation Failure)  1395679K->641K(4193792K), 0.0005103 secs]
34.905: [GC (Allocation Failure)  1395679K->641K(4193792K), 0.0002928 secs]
34.922: [GC (Allocation Failure)  1395679K->641K(4193792K), 0.0002862 secs]
34.936: [GC (Allocation Failure)  1395679K->641K(4193792K), 0.0002555 secs]
34.950: [GC (Allocation Failure)  1395679K->641K(4193792K), 0.0002362 secs]
34.964: [GC (Allocation Failure)  1395679K->641K(4193792K), 0.0002677 secs]
34.979: [GC (Allocation Failure)  1395679K->641K(4193792K), 0.0002463 secs]
34.993: [GC (Allocation Failure)  1395679K->641K(4193792K), 0.0003316 secs]
35.008: [GC (Allocation Failure)  1395679K->641K(4193792K), 0.0003658 secs]
35.030: [GC (Allocation Failure)  1395679K->641K(4193792K), 0.0002392 secs]
35.046: [GC (Allocation Failure)  1395679K->641K(4193792K), 0.0002885 secs]
35.060: [GC (Allocation Failure)  1395679K->641K(4193792K), 0.0002778 secs]
35.075: [GC (Allocation Failure)  1395679K->641K(4193792K), 0.0002800 secs]
35.090: [GC (Allocation Failure)  1395679K->641K(4193792K), 0.0002494 secs]
35.105: [GC (Allocation Failure)  1395679K->641K(4193792K), 0.0002805 secs]
35.119: [GC (Allocation Failure)  1395679K->641K(4193792K), 0.0002691 secs]
35.136: [GC (Allocation Failure)  1395679K->641K(4193792K), 0.0002884 secs]
35.151: [GC (Allocation Failure)  1395679K->641K(4193792K), 0.0002645 secs]
35.165: [GC (Allocation Failure)  1395679K->641K(4193792K), 0.0009724 secs]
35.180: [GC (Allocation Failure)  1395679K->641K(4193792K), 0.0002362 secs]
35.194: [GC (Allocation Failure)  1395679K->641K(4193792K), 0.0003063 secs]
35.208: [GC (Allocation Failure)  1395679K->641K(4193792K), 0.0002752 secs]
35.223: [GC (Allocation Failure)  1395679K->641K(4193792K), 0.0002855 secs]
35.238: [GC (Allocation Failure)  1395679K->641K(4193792K), 0.0003317 secs]
35.252: [GC (Allocation Failure)  1395679K->641K(4193792K), 0.0002792 secs]
35.267: [GC (Allocation Failure)  1395679K->641K(4193792K), 0.0002897 secs]
35.282: [GC (Allocation Failure)  1395679K->641K(4193792K), 0.0007749 secs]
35.297: [GC (Allocation Failure)  1395679K->641K(4193792K), 0.0003398 secs]
35.312: [GC (Allocation Failure)  1395679K->641K(4193792K), 0.0015196 secs]
35.327: [GC (Allocation Failure)  1395679K->641K(4193792K), 0.0002233 secs]
35.341: [GC (Allocation Failure)  1395679K->641K(4193792K), 0.0002952 secs]
35.356: [GC (Allocation Failure)  1395679K->641K(4193792K), 0.0002882 secs]
35.369: [GC (Allocation Failure)  1395679K->641K(4193792K), 0.0002768 secs]
35.384: [GC (Allocation Failure)  1395679K->641K(4193792K), 0.0002278 secs]
35.398: [GC (Allocation Failure)  1395679K->641K(4193792K), 0.0002218 secs]
35.412: [GC (Allocation Failure)  1395679K->641K(4193792K), 0.0003127 secs]
35.428: [GC (Allocation Failure)  1395679K->641K(4193792K), 0.0002494 secs]
35.442: [GC (Allocation Failure)  1395679K->641K(4193792K), 0.0002503 secs]
35.457: [GC (Allocation Failure)  1395679K->641K(4193792K), 0.0006783 secs]
35.472: [GC (Allocation Failure)  1395679K->641K(4193792K), 0.0002650 secs]
35.487: [GC (Allocation Failure)  1395679K->641K(4193792K), 0.0002553 secs]
35.502: [GC (Allocation Failure)  1395679K->641K(4193792K), 0.0002568 secs]
35.517: [GC (Allocation Failure)  1395679K->641K(4193792K), 0.0002438 secs]
35.531: [GC (Allocation Failure)  1395679K->641K(4193792K), 0.0002788 secs]
35.545: [GC (Allocation Failure)  1395679K->641K(4193792K), 0.0002395 secs]
35.559: [GC (Allocation Failure)  1395679K->641K(4193792K), 0.0002470 secs]
35.574: [GC (Allocation Failure)  1395679K->641K(4193792K), 0.0002419 secs]
35.588: [GC (Allocation Failure)  1395679K->641K(4193792K), 0.0002724 secs]
35.602: [GC (Allocation Failure)  1395679K->641K(4193792K), 0.0002748 secs]
35.616: [GC (Allocation Failure)  1395679K->641K(4193792K), 0.0002843 secs]
35.630: [GC (Allocation Failure)  1395679K->641K(4193792K), 0.0002637 secs]
35.644: [GC (Allocation Failure)  1395679K->641K(4193792K), 0.0002604 secs]
35.658: [GC (Allocation Failure)  1395679K->641K(4193792K), 0.0002383 secs]
35.673: [GC (Allocation Failure)  1395679K->641K(4193792K), 0.0002819 secs]
35.687: [GC (Allocation Failure)  1395679K->641K(4193792K), 0.0002879 secs]
35.701: [GC (Allocation Failure)  1395679K->641K(4193792K), 0.0002757 secs]
35.716: [GC (Allocation Failure)  1395679K->641K(4193792K), 0.0008434 secs]
35.732: [GC (Allocation Failure)  1395679K->641K(4193792K), 0.0003996 secs]
35.749: [GC (Allocation Failure)  1395679K->641K(4193792K), 0.0002505 secs]
35.764: [GC (Allocation Failure)  1395679K->641K(4193792K), 0.0002108 secs]
35.779: [GC (Allocation Failure)  1395679K->641K(4193792K), 0.0003141 secs]
35.793: [GC (Allocation Failure)  1395679K->641K(4193792K), 0.0003120 secs]
35.808: [GC (Allocation Failure)  1395679K->641K(4193792K), 0.0002414 secs]
35.822: [GC (Allocation Failure)  1395679K->641K(4193792K), 0.0003241 secs]
35.839: [GC (Allocation Failure)  1395679K->641K(4193792K), 0.0002671 secs]
35.854: [GC (Allocation Failure)  1395679K->641K(4193792K), 0.0002685 secs]
35.868: [GC (Allocation Failure)  1395679K->641K(4193792K), 0.0002678 secs]
35.882: [GC (Allocation Failure)  1395679K->641K(4193792K), 0.0002778 secs]
35.896: [GC (Allocation Failure)  1395679K->641K(4193792K), 0.0002615 secs]
35.911: [GC (Allocation Failure)  1395679K->641K(4193792K), 0.0002446 secs]
35.925: [GC (Allocation Failure)  1395679K->641K(4193792K), 0.0003608 secs]
35.940: [GC (Allocation Failure)  1395679K->641K(4193792K), 0.0003062 secs]
35.955: [GC (Allocation Failure)  1395679K->641K(4193792K), 0.0003033 secs]
35.970: [GC (Allocation Failure)  1395679K->641K(4193792K), 0.0003138 secs]
35.984: [GC (Allocation Failure)  1395679K->641K(4193792K), 0.0002626 secs]
35.999: [GC (Allocation Failure)  1395679K->641K(4193792K), 0.0002633 secs]
36.014: [GC (Allocation Failure)  1395679K->641K(4193792K), 0.0002509 secs]
36.029: [GC (Allocation Failure)  1395679K->641K(4193792K), 0.0002933 secs]
36.044: [GC (Allocation Failure)  1395679K->641K(4193792K), 0.0002797 secs]
36.058: [GC (Allocation Failure)  1395679K->641K(4193792K), 0.0003429 secs]
36.073: [GC (Allocation Failure)  1395679K->641K(4193792K), 0.0002854 secs]
36.087: [GC (Allocation Failure)  1395679K->641K(4193792K), 0.0002339 secs]
36.101: [GC (Allocation Failure)  1395679K->641K(4193792K), 0.0003415 secs]
36.115: [GC (Allocation Failure)  1395679K->641K(4193792K), 0.0002978 secs]
36.130: [GC (Allocation Failure)  1395679K->641K(4193792K), 0.0003744 secs]
36.144: [GC (Allocation Failure)  1395679K->641K(4193792K), 0.0003041 secs]
36.159: [GC (Allocation Failure)  1395679K->641K(4193792K), 0.0003395 secs]
36.174: [GC (Allocation Failure)  1395679K->641K(4193792K), 0.0008648 secs]
36.189: [GC (Allocation Failure)  1395679K->641K(4193792K), 0.0002818 secs]
36.204: [GC (Allocation Failure)  1395679K->641K(4193792K), 0.0003265 secs]
36.219: [GC (Allocation Failure)  1395679K->641K(4193792K), 0.0003206 secs]
36.233: [GC (Allocation Failure)  1395679K->641K(4193792K), 0.0003611 secs]
36.247: [GC (Allocation Failure)  1395679K->641K(4193792K), 0.0002992 secs]
36.261: [GC (Allocation Failure)  1395679K->641K(4193792K), 0.0002473 secs]
36.275: [GC (Allocation Failure)  1395679K->641K(4193792K), 0.0002660 secs]
36.290: [GC (Allocation Failure)  1395679K->641K(4193792K), 0.0002751 secs]
36.304: [GC (Allocation Failure)  1395679K->641K(4193792K), 0.0003101 secs]
36.318: [GC (Allocation Failure)  1395679K->641K(4193792K), 0.0003152 secs]
36.334: [GC (Allocation Failure)  1395679K->641K(4193792K), 0.0009027 secs]
36.350: [GC (Allocation Failure)  1395679K->641K(4193792K), 0.0004627 secs]
36.364: [GC (Allocation Failure)  1395679K->641K(4193792K), 0.0034967 secs]
36.386: [GC (Allocation Failure)  1395679K->641K(4193792K), 0.0005968 secs]
36.402: [GC (Allocation Failure)  1395679K->641K(4193792K), 0.0003044 secs]
36.416: [GC (Allocation Failure)  1395679K->641K(4193792K), 0.0002252 secs]
36.431: [GC (Allocation Failure)  1395679K->641K(4193792K), 0.0002806 secs]
36.445: [GC (Allocation Failure)  1395679K->641K(4193792K), 0.0002137 secs]
36.459: [GC (Allocation Failure)  1395679K->641K(4193792K), 0.0002655 secs]
36.474: [GC (Allocation Failure)  1395679K->641K(4193792K), 0.0002463 secs]
36.489: [GC (Allocation Failure)  1395679K->641K(4193792K), 0.0002769 secs]
36.503: [GC (Allocation Failure)  1395679K->641K(4193792K), 0.0003187 secs]
36.517: [GC (Allocation Failure)  1395679K->641K(4193792K), 0.0005583 secs]
36.532: [GC (Allocation Failure)  1395679K->641K(4193792K), 0.0002785 secs]
36.547: [GC (Allocation Failure)  1395679K->641K(4193792K), 0.0003050 secs]
36.562: [GC (Allocation Failure)  1395679K->641K(4193792K), 0.0003063 secs]
36.576: [GC (Allocation Failure)  1395679K->641K(4193792K), 0.0003136 secs]
36.591: [GC (Allocation Failure)  1395679K->641K(4193792K), 0.0004558 secs]
36.606: [GC (Allocation Failure)  1395679K->641K(4193792K), 0.0003365 secs]
36.621: [GC (Allocation Failure)  1395679K->641K(4193792K), 0.0002984 secs]
36.635: [GC (Allocation Failure)  1395679K->641K(4193792K), 0.0002842 secs]
36.649: [GC (Allocation Failure)  1395679K->641K(4193792K), 0.0002201 secs]
36.664: [GC (Allocation Failure)  1395679K->641K(4193792K), 0.0002667 secs]
36.678: [GC (Allocation Failure)  1395679K->641K(4193792K), 0.0002826 secs]
36.691: [GC (Allocation Failure)  1395679K->641K(4193792K), 0.0002404 secs]
36.705: [GC (Allocation Failure)  1395679K->641K(4193792K), 0.0002700 secs]
36.719: [GC (Allocation Failure)  1395679K->641K(4193792K), 0.0002628 secs]
36.734: [GC (Allocation Failure)  1395679K->641K(4193792K), 0.0002486 secs]
36.748: [GC (Allocation Failure)  1395679K->641K(4193792K), 0.0002491 secs]
36.762: [GC (Allocation Failure)  1395679K->641K(4193792K), 0.0002768 secs]
36.775: [GC (Allocation Failure)  1395679K->641K(4193792K), 0.0003193 secs]
36.789: [GC (Allocation Failure)  1395679K->641K(4193792K), 0.0003011 secs]
36.804: [GC (Allocation Failure)  1395679K->641K(4193792K), 0.0002957 secs]
36.819: [GC (Allocation Failure)  1395679K->641K(4193792K), 0.0002289 secs]
36.833: [GC (Allocation Failure)  1395679K->641K(4193792K), 0.0002458 secs]
36.848: [GC (Allocation Failure)  1395679K->641K(4193792K), 0.0003237 secs]
36.863: [GC (Allocation Failure)  1395679K->641K(4193792K), 0.0002764 secs]
36.878: [GC (Allocation Failure)  1395679K->641K(4193792K), 0.0002696 secs]
36.893: [GC (Allocation Failure)  1395679K->641K(4193792K), 0.0002718 secs]
36.907: [GC (Allocation Failure)  1395679K->641K(4193792K), 0.0002793 secs]
36.922: [GC (Allocation Failure)  1395679K->641K(4193792K), 0.0002668 secs]
36.936: [GC (Allocation Failure)  1395679K->641K(4193792K), 0.0002731 secs]
36.950: [GC (Allocation Failure)  1395679K->641K(4193792K), 0.0002310 secs]
36.965: [GC (Allocation Failure)  1395679K->641K(4193792K), 0.0002847 secs]
36.979: [GC (Allocation Failure)  1395679K->641K(4193792K), 0.0002536 secs]
36.993: [GC (Allocation Failure)  1395679K->641K(4193792K), 0.0003344 secs]
37.008: [GC (Allocation Failure)  1395679K->641K(4193792K), 0.0002613 secs]
37.022: [GC (Allocation Failure)  1395679K->641K(4193792K), 0.0002250 secs]
37.037: [GC (Allocation Failure)  1395679K->641K(4193792K), 0.0002757 secs]
37.052: [GC (Allocation Failure)  1395679K->641K(4193792K), 0.0003106 secs]
37.067: [GC (Allocation Failure)  1395679K->641K(4193792K), 0.0002746 secs]
37.081: [GC (Allocation Failure)  1395679K->641K(4193792K), 0.0002996 secs]
37.096: [GC (Allocation Failure)  1395679K->641K(4193792K), 0.0003288 secs]
37.111: [GC (Allocation Failure)  1395679K->641K(4193792K), 0.0002745 secs]
37.126: [GC (Allocation Failure)  1395679K->641K(4193792K), 0.0002565 secs]
37.140: [GC (Allocation Failure)  1395679K->641K(4193792K), 0.0002799 secs]
37.154: [GC (Allocation Failure)  1395679K->641K(4193792K), 0.0003060 secs]
37.168: [GC (Allocation Failure)  1395679K->641K(4193792K), 0.0002321 secs]
37.183: [GC (Allocation Failure)  1395679K->641K(4193792K), 0.0002080 secs]
37.197: [GC (Allocation Failure)  1395679K->641K(4193792K), 0.0002686 secs]
37.211: [GC (Allocation Failure)  1395679K->641K(4193792K), 0.0002672 secs]
37.226: [GC (Allocation Failure)  1395679K->641K(4193792K), 0.0003739 secs]
37.241: [GC (Allocation Failure)  1395679K->641K(4193792K), 0.0002625 secs]
37.256: [GC (Allocation Failure)  1395679K->641K(4193792K), 0.0002770 secs]
37.271: [GC (Allocation Failure)  1395679K->641K(4193792K), 0.0003000 secs]
37.286: [GC (Allocation Failure)  1395679K->641K(4193792K), 0.0002751 secs]
37.300: [GC (Allocation Failure)  1395679K->641K(4193792K), 0.0003257 secs]
37.315: [GC (Allocation Failure)  1395679K->641K(4193792K), 0.0002741 secs]
37.329: [GC (Allocation Failure)  1395679K->641K(4193792K), 0.0002213 secs]
37.343: [GC (Allocation Failure)  1395679K->641K(4193792K), 0.0001979 secs]
37.357: [GC (Allocation Failure)  1395679K->641K(4193792K), 0.0003103 secs]
37.371: [GC (Allocation Failure)  1395679K->641K(4193792K), 0.0002568 secs]
37.385: [GC (Allocation Failure)  1395679K->641K(4193792K), 0.0002683 secs]
37.400: [GC (Allocation Failure)  1395679K->641K(4193792K), 0.0002585 secs]
37.415: [GC (Allocation Failure)  1395679K->641K(4193792K), 0.0002675 secs]
37.429: [GC (Allocation Failure)  1395679K->641K(4193792K), 0.0002266 secs]
37.444: [GC (Allocation Failure)  1395679K->641K(4193792K), 0.0005051 secs]
37.459: [GC (Allocation Failure)  1395679K->641K(4193792K), 0.0002360 secs]
37.474: [GC (Allocation Failure)  1395679K->641K(4193792K), 0.0002735 secs]
37.489: [GC (Allocation Failure)  1395679K->641K(4193792K), 0.0002488 secs]
37.503: [GC (Allocation Failure)  1395679K->641K(4193792K), 0.0004390 secs]
37.519: [GC (Allocation Failure)  1395679K->641K(4193792K), 0.0002893 secs]
37.533: [GC (Allocation Failure)  1395679K->641K(4193792K), 0.0002617 secs]
37.547: [GC (Allocation Failure)  1395679K->641K(4193792K), 0.0047148 secs]
37.566: [GC (Allocation Failure)  1395679K->641K(4193792K), 0.0007352 secs]
37.580: [GC (Allocation Failure)  1395679K->641K(4193792K), 0.0002766 secs]
37.594: [GC (Allocation Failure)  1395679K->641K(4193792K), 0.0002749 secs]
37.609: [GC (Allocation Failure)  1395679K->641K(4193792K), 0.0003037 secs]
37.623: [GC (Allocation Failure)  1395679K->641K(4193792K), 0.0002778 secs]
37.638: [GC (Allocation Failure)  1395679K->641K(4193792K), 0.0003333 secs]
37.653: [GC (Allocation Failure)  1395679K->641K(4193792K), 0.0003393 secs]
37.668: [GC (Allocation Failure)  1395679K->641K(4193792K), 0.0005028 secs]
37.683: [GC (Allocation Failure)  1395679K->641K(4193792K), 0.0002955 secs]
37.698: [GC (Allocation Failure)  1395679K->641K(4193792K), 0.0002699 secs]
37.713: [GC (Allocation Failure)  1395679K->641K(4193792K), 0.0002378 secs]
37.727: [GC (Allocation Failure)  1395679K->641K(4193792K), 0.0002630 secs]
37.741: [GC (Allocation Failure)  1395679K->641K(4193792K), 0.0002220 secs]
37.756: [GC (Allocation Failure)  1395679K->641K(4193792K), 0.0002653 secs]
37.769: [GC (Allocation Failure)  1395679K->641K(4193792K), 0.0002719 secs]
37.784: [GC (Allocation Failure)  1395679K->641K(4193792K), 0.0002494 secs]
37.798: [GC (Allocation Failure)  1395679K->641K(4193792K), 0.0003175 secs]
37.812: [GC (Allocation Failure)  1395679K->641K(4193792K), 0.0004053 secs]
37.827: [GC (Allocation Failure)  1395679K->641K(4193792K), 0.0002311 secs]
37.841: [GC (Allocation Failure)  1395679K->641K(4193792K), 0.0002969 secs]
37.855: [GC (Allocation Failure)  1395679K->641K(4193792K), 0.0002836 secs]
37.869: [GC (Allocation Failure)  1395679K->641K(4193792K), 0.0002757 secs]
37.883: [GC (Allocation Failure)  1395679K->641K(4193792K), 0.0002789 secs]
37.898: [GC (Allocation Failure)  1395679K->641K(4193792K), 0.0002415 secs]
37.912: [GC (Allocation Failure)  1395679K->641K(4193792K), 0.0003238 secs]
37.927: [GC (Allocation Failure)  1395679K->641K(4193792K), 0.0002443 secs]
37.942: [GC (Allocation Failure)  1395679K->641K(4193792K), 0.0002134 secs]
37.957: [GC (Allocation Failure)  1395679K->641K(4193792K), 0.0038347 secs]
37.975: [GC (Allocation Failure)  1395679K->641K(4193792K), 0.0002803 secs]
37.990: [GC (Allocation Failure)  1395679K->641K(4193792K), 0.0002750 secs]
38.004: [GC (Allocation Failure)  1395679K->641K(4193792K), 0.0002871 secs]
38.019: [GC (Allocation Failure)  1395679K->641K(4193792K), 0.0002255 secs]
38.033: [GC (Allocation Failure)  1395679K->641K(4193792K), 0.0002696 secs]
38.047: [GC (Allocation Failure)  1395679K->641K(4193792K), 0.0002718 secs]
38.061: [GC (Allocation Failure)  1395679K->641K(4193792K), 0.0003087 secs]
38.075: [GC (Allocation Failure)  1395679K->641K(4193792K), 0.0002963 secs]
38.090: [GC (Allocation Failure)  1395679K->641K(4193792K), 0.0002464 secs]
38.104: [GC (Allocation Failure)  1395679K->641K(4193792K), 0.0002770 secs]
38.119: [GC (Allocation Failure)  1395679K->641K(4193792K), 0.0004073 secs]
38.134: [GC (Allocation Failure)  1395679K->641K(4193792K), 0.0025121 secs]
38.151: [GC (Allocation Failure)  1395679K->641K(4193792K), 0.0002655 secs]
38.166: [GC (Allocation Failure)  1395679K->641K(4193792K), 0.0002526 secs]
38.181: [GC (Allocation Failure)  1395679K->641K(4193792K), 0.0003905 secs]
38.196: [GC (Allocation Failure)  1395679K->641K(4193792K), 0.0005571 secs]
38.211: [GC (Allocation Failure)  1395679K->641K(4193792K), 0.0002869 secs]
38.226: [GC (Allocation Failure)  1395679K->641K(4193792K), 0.0002078 secs]
38.240: [GC (Allocation Failure)  1395679K->641K(4193792K), 0.0002503 secs]
38.254: [GC (Allocation Failure)  1395679K->641K(4193792K), 0.0002515 secs]
38.268: [GC (Allocation Failure)  1395679K->641K(4193792K), 0.0003074 secs]
38.282: [GC (Allocation Failure)  1395679K->641K(4193792K), 0.0002140 secs]
38.296: [GC (Allocation Failure)  1395679K->641K(4193792K), 0.0002547 secs]
38.311: [GC (Allocation Failure)  1395679K->641K(4193792K), 0.0002836 secs]
38.326: [GC (Allocation Failure)  1395679K->641K(4193792K), 0.0002598 secs]
38.341: [GC (Allocation Failure)  1395679K->641K(4193792K), 0.0002886 secs]
38.356: [GC (Allocation Failure)  1395679K->641K(4193792K), 0.0002372 secs]
38.370: [GC (Allocation Failure)  1395679K->641K(4193792K), 0.0002564 secs]
38.385: [GC (Allocation Failure)  1395679K->641K(4193792K), 0.0005428 secs]
38.400: [GC (Allocation Failure)  1395679K->641K(4193792K), 0.0003644 secs]
38.415: [GC (Allocation Failure)  1395679K->641K(4193792K), 0.0002449 secs]
38.429: [GC (Allocation Failure)  1395679K->641K(4193792K), 0.0002124 secs]
38.443: [GC (Allocation Failure)  1395679K->641K(4193792K), 0.0002569 secs]
38.458: [GC (Allocation Failure)  1395679K->641K(4193792K), 0.0002460 secs]
38.472: [GC (Allocation Failure)  1395679K->641K(4193792K), 0.0002630 secs]
38.486: [GC (Allocation Failure)  1395679K->641K(4193792K), 0.0002740 secs]
38.500: [GC (Allocation Failure)  1395679K->641K(4193792K), 0.0002584 secs]
38.515: [GC (Allocation Failure)  1395679K->641K(4193792K), 0.0002338 secs]
38.530: [GC (Allocation Failure)  1395679K->641K(4193792K), 0.0002470 secs]
38.544: [GC (Allocation Failure)  1395679K->641K(4193792K), 0.0002476 secs]
38.559: [GC (Allocation Failure)  1395679K->641K(4193792K), 0.0002459 secs]
38.574: [GC (Allocation Failure)  1395679K->641K(4193792K), 0.0003476 secs]
38.589: [GC (Allocation Failure)  1395679K->641K(4193792K), 0.0002686 secs]
38.604: [GC (Allocation Failure)  1395679K->641K(4193792K), 0.0002821 secs]
38.619: [GC (Allocation Failure)  1395679K->641K(4193792K), 0.0002467 secs]
38.633: [GC (Allocation Failure)  1395679K->641K(4193792K), 0.0002312 secs]
38.647: [GC (Allocation Failure)  1395679K->641K(4193792K), 0.0002557 secs]
38.661: [GC (Allocation Failure)  1395679K->641K(4193792K), 0.0002135 secs]
38.675: [GC (Allocation Failure)  1395679K->641K(4193792K), 0.0002683 secs]
38.690: [GC (Allocation Failure)  1395679K->641K(4193792K), 0.0003118 secs]
38.704: [GC (Allocation Failure)  1395679K->641K(4193792K), 0.0002987 secs]
38.720: [GC (Allocation Failure)  1395679K->641K(4193792K), 0.0016448 secs]
38.736: [GC (Allocation Failure)  1395679K->641K(4193792K), 0.0005950 secs]
38.751: [GC (Allocation Failure)  1395679K->641K(4193792K), 0.0003171 secs]
38.766: [GC (Allocation Failure)  1395679K->641K(4193792K), 0.0002805 secs]
38.781: [GC (Allocation Failure)  1395679K->641K(4193792K), 0.0002988 secs]
38.795: [GC (Allocation Failure)  1395679K->641K(4193792K), 0.0003259 secs]
38.810: [GC (Allocation Failure)  1395679K->641K(4193792K), 0.0002832 secs]
38.825: [GC (Allocation Failure)  1395679K->641K(4193792K), 0.0002290 secs]
38.839: [GC (Allocation Failure)  1395679K->641K(4193792K), 0.0002434 secs]
38.853: [GC (Allocation Failure)  1395679K->641K(4193792K), 0.0006209 secs]
38.868: [GC (Allocation Failure)  1395679K->641K(4193792K), 0.0002843 secs]
38.882: [GC (Allocation Failure)  1395679K->641K(4193792K), 0.0002777 secs]
38.896: [GC (Allocation Failure)  1395679K->641K(4193792K), 0.0002738 secs]
38.911: [GC (Allocation Failure)  1395679K->641K(4193792K), 0.0002513 secs]
38.925: [GC (Allocation Failure)  1395679K->641K(4193792K), 0.0002750 secs]
38.939: [GC (Allocation Failure)  1395679K->641K(4193792K), 0.0002479 secs]
38.953: [GC (Allocation Failure)  1395679K->641K(4193792K), 0.0002286 secs]
38.967: [GC (Allocation Failure)  1395679K->641K(4193792K), 0.0002878 secs]
38.981: [GC (Allocation Failure)  1395679K->641K(4193792K), 0.0002051 secs]
38.995: [GC (Allocation Failure)  1395679K->641K(4193792K), 0.0002353 secs]
39.010: [GC (Allocation Failure)  1395679K->641K(4193792K), 0.0002817 secs]
39.024: [GC (Allocation Failure)  1395679K->641K(4193792K), 0.0002328 secs]
39.039: [GC (Allocation Failure)  1395679K->641K(4193792K), 0.0002633 secs]
39.054: [GC (Allocation Failure)  1395679K->641K(4193792K), 0.0009846 secs]
39.069: [GC (Allocation Failure)  1395679K->641K(4193792K), 0.0002594 secs]
39.084: [GC (Allocation Failure)  1395679K->641K(4193792K), 0.0002721 secs]
39.098: [GC (Allocation Failure)  1395679K->641K(4193792K), 0.0002433 secs]
39.113: [GC (Allocation Failure)  1395679K->641K(4193792K), 0.0002413 secs]
39.128: [GC (Allocation Failure)  1395679K->641K(4193792K), 0.0002970 secs]
39.142: [GC (Allocation Failure)  1395679K->641K(4193792K), 0.0002979 secs]
39.156: [GC (Allocation Failure)  1395679K->641K(4193792K), 0.0003425 secs]
39.170: [GC (Allocation Failure)  1395679K->641K(4193792K), 0.0002915 secs]
39.185: [GC (Allocation Failure)  1395679K->641K(4193792K), 0.0002974 secs]
39.199: [GC (Allocation Failure)  1395679K->641K(4193792K), 0.0002594 secs]
39.213: [GC (Allocation Failure)  1395679K->641K(4193792K), 0.0002710 secs]
39.228: [GC (Allocation Failure)  1395679K->641K(4193792K), 0.0002579 secs]
39.243: [GC (Allocation Failure)  1395679K->641K(4193792K), 0.0002806 secs]
39.258: [GC (Allocation Failure)  1395679K->641K(4193792K), 0.0003538 secs]
39.274: [GC (Allocation Failure)  1395679K->641K(4193792K), 0.0006681 secs]
39.289: [GC (Allocation Failure)  1395679K->641K(4193792K), 0.0002889 secs]
39.304: [GC (Allocation Failure)  1395679K->641K(4193792K), 0.0002732 secs]
39.318: [GC (Allocation Failure)  1395679K->641K(4193792K), 0.0002405 secs]
39.332: [GC (Allocation Failure)  1395679K->641K(4193792K), 0.0002784 secs]
39.346: [GC (Allocation Failure)  1395679K->641K(4193792K), 0.0002570 secs]
39.361: [GC (Allocation Failure)  1395679K->641K(4193792K), 0.0002748 secs]
39.375: [GC (Allocation Failure)  1395679K->641K(4193792K), 0.0002255 secs]
39.389: [GC (Allocation Failure)  1395679K->641K(4193792K), 0.0002826 secs]
39.404: [GC (Allocation Failure)  1395679K->641K(4193792K), 0.0003405 secs]
39.418: [GC (Allocation Failure)  1395679K->641K(4193792K), 0.0003232 secs]
39.433: [GC (Allocation Failure)  1395679K->641K(4193792K), 0.0002821 secs]
39.448: [GC (Allocation Failure)  1395679K->641K(4193792K), 0.0002985 secs]
39.463: [GC (Allocation Failure)  1395679K->641K(4193792K), 0.0002616 secs]
39.477: [GC (Allocation Failure)  1395679K->641K(4193792K), 0.0004923 secs]
39.492: [GC (Allocation Failure)  1395679K->641K(4193792K), 0.0002574 secs]
39.507: [GC (Allocation Failure)  1395679K->641K(4193792K), 0.0002735 secs]
39.522: [GC (Allocation Failure)  1395679K->641K(4193792K), 0.0003217 secs]
39.536: [GC (Allocation Failure)  1395679K->641K(4193792K), 0.0002697 secs]
39.550: [GC (Allocation Failure)  1395679K->641K(4193792K), 0.0003189 secs]
39.564: [GC (Allocation Failure)  1395679K->641K(4193792K), 0.0002765 secs]
39.578: [GC (Allocation Failure)  1395679K->641K(4193792K), 0.0002239 secs]
39.593: [GC (Allocation Failure)  1395679K->641K(4193792K), 0.0002766 secs]
39.607: [GC (Allocation Failure)  1395679K->641K(4193792K), 0.0002930 secs]
39.621: [GC (Allocation Failure)  1395679K->641K(4193792K), 0.0002342 secs]
39.636: [GC (Allocation Failure)  1395679K->641K(4193792K), 0.0003280 secs]
39.651: [GC (Allocation Failure)  1395679K->641K(4193792K), 0.0007638 secs]
39.667: [GC (Allocation Failure)  1395679K->641K(4193792K), 0.0002288 secs]
39.681: [GC (Allocation Failure)  1395679K->641K(4193792K), 0.0002666 secs]
39.697: [GC (Allocation Failure)  1395679K->641K(4193792K), 0.0002789 secs]
39.712: [GC (Allocation Failure)  1395679K->641K(4193792K), 0.0003532 secs]
39.727: [GC (Allocation Failure)  1395679K->641K(4193792K), 0.0002635 secs]
39.741: [GC (Allocation Failure)  1395679K->641K(4193792K), 0.0002872 secs]
39.755: [GC (Allocation Failure)  1395679K->641K(4193792K), 0.0002510 secs]
39.769: [GC (Allocation Failure)  1395679K->641K(4193792K), 0.0003211 secs]
39.784: [GC (Allocation Failure)  1395679K->641K(4193792K), 0.0002416 secs]
39.798: [GC (Allocation Failure)  1395679K->641K(4193792K), 0.0002373 secs]
39.813: [GC (Allocation Failure)  1395679K->641K(4193792K), 0.0003000 secs]
39.827: [GC (Allocation Failure)  1395679K->641K(4193792K), 0.0002943 secs]
39.844: [GC (Allocation Failure)  1395679K->641K(4193792K), 0.0002593 secs]
39.859: [GC (Allocation Failure)  1395679K->641K(4193792K), 0.0002293 secs]
39.874: [GC (Allocation Failure)  1395679K->641K(4193792K), 0.0002893 secs]
39.889: [GC (Allocation Failure)  1395679K->641K(4193792K), 0.0002512 secs]
39.903: [GC (Allocation Failure)  1395679K->641K(4193792K), 0.0002782 secs]
39.918: [GC (Allocation Failure)  1395679K->641K(4193792K), 0.0003199 secs]
39.933: [GC (Allocation Failure)  1395679K->641K(4193792K), 0.0005521 secs]
39.947: [GC (Allocation Failure)  1395679K->641K(4193792K), 0.0002859 secs]
39.961: [GC (Allocation Failure)  1395679K->641K(4193792K), 0.0002448 secs]
39.976: [GC (Allocation Failure)  1395679K->641K(4193792K), 0.0003826 secs]
39.990: [GC (Allocation Failure)  1395679K->641K(4193792K), 0.0002898 secs]
40.004: [GC (Allocation Failure)  1395679K->641K(4193792K), 0.0002576 secs]
40.019: [GC (Allocation Failure)  1395679K->641K(4193792K), 0.0003120 secs]
40.034: [GC (Allocation Failure)  1395679K->641K(4193792K), 0.0002412 secs]
40.049: [GC (Allocation Failure)  1395679K->641K(4193792K), 0.0002654 secs]
40.064: [GC (Allocation Failure)  1395679K->641K(4193792K), 0.0003318 secs]
40.078: [GC (Allocation Failure)  1395679K->641K(4193792K), 0.0002821 secs]
40.093: [GC (Allocation Failure)  1395679K->641K(4193792K), 0.0003453 secs]
40.108: [GC (Allocation Failure)  1395679K->641K(4193792K), 0.0002791 secs]
40.123: [GC (Allocation Failure)  1395679K->641K(4193792K), 0.0005232 secs]
40.137: [GC (Allocation Failure)  1395679K->641K(4193792K), 0.0002278 secs]
40.151: [GC (Allocation Failure)  1395679K->641K(4193792K), 0.0003711 secs]
40.165: [GC (Allocation Failure)  1395679K->641K(4193792K), 0.0002690 secs]
40.180: [GC (Allocation Failure)  1395679K->641K(4193792K), 0.0002783 secs]
40.194: [GC (Allocation Failure)  1395679K->641K(4193792K), 0.0002949 secs]
40.208: [GC (Allocation Failure)  1395679K->641K(4193792K), 0.0003717 secs]
40.223: [GC (Allocation Failure)  1395679K->641K(4193792K), 0.0002506 secs]
40.238: [GC (Allocation Failure)  1395679K->641K(4193792K), 0.0003489 secs]
40.253: [GC (Allocation Failure)  1395679K->641K(4193792K), 0.0003535 secs]
40.268: [GC (Allocation Failure)  1395679K->641K(4193792K), 0.0002636 secs]
40.282: [GC (Allocation Failure)  1395679K->641K(4193792K), 0.0002783 secs]
40.297: [GC (Allocation Failure)  1395679K->641K(4193792K), 0.0002967 secs]
40.312: [GC (Allocation Failure)  1395679K->641K(4193792K), 0.0003109 secs]
40.327: [GC (Allocation Failure)  1395679K->641K(4193792K), 0.0002500 secs]
40.341: [GC (Allocation Failure)  1395679K->641K(4193792K), 0.0002865 secs]
40.355: [GC (Allocation Failure)  1395679K->641K(4193792K), 0.0002422 secs]
40.369: [GC (Allocation Failure)  1395679K->641K(4193792K), 0.0002846 secs]
40.384: [GC (Allocation Failure)  1395679K->641K(4193792K), 0.0002908 secs]
40.398: [GC (Allocation Failure)  1395679K->641K(4193792K), 0.0002628 secs]
40.412: [GC (Allocation Failure)  1395679K->641K(4193792K), 0.0002289 secs]
40.426: [GC (Allocation Failure)  1395679K->641K(4193792K), 0.0002308 secs]
40.441: [GC (Allocation Failure)  1395679K->641K(4193792K), 0.0002653 secs]
40.455: [GC (Allocation Failure)  1395679K->641K(4193792K), 0.0003202 secs]
40.469: [GC (Allocation Failure)  1395679K->641K(4193792K), 0.0002656 secs]
40.483: [GC (Allocation Failure)  1395679K->641K(4193792K), 0.0003215 secs]
40.497: [GC (Allocation Failure)  1395679K->641K(4193792K), 0.0002582 secs]
40.512: [GC (Allocation Failure)  1395679K->641K(4193792K), 0.0002912 secs]
40.526: [GC (Allocation Failure)  1395679K->641K(4193792K), 0.0003155 secs]
40.541: [GC (Allocation Failure)  1395679K->641K(4193792K), 0.0002845 secs]
40.556: [GC (Allocation Failure)  1395679K->641K(4193792K), 0.0002557 secs]
40.570: [GC (Allocation Failure)  1395679K->641K(4193792K), 0.0002767 secs]
40.585: [GC (Allocation Failure)  1395679K->641K(4193792K), 0.0002828 secs]
40.601: [GC (Allocation Failure)  1395679K->641K(4193792K), 0.0002644 secs]
40.616: [GC (Allocation Failure)  1395679K->641K(4193792K), 0.0002295 secs]
40.629: [GC (Allocation Failure)  1395679K->641K(4193792K), 0.0002178 secs]
40.644: [GC (Allocation Failure)  1395679K->641K(4193792K), 0.0003082 secs]
40.658: [GC (Allocation Failure)  1395679K->641K(4193792K), 0.0002373 secs]
40.672: [GC (Allocation Failure)  1395679K->641K(4193792K), 0.0002141 secs]
40.686: [GC (Allocation Failure)  1395679K->641K(4193792K), 0.0002907 secs]
40.701: [GC (Allocation Failure)  1395679K->641K(4193792K), 0.0002888 secs]
40.716: [GC (Allocation Failure)  1395679K->641K(4193792K), 0.0002958 secs]
40.730: [GC (Allocation Failure)  1395679K->641K(4193792K), 0.0002885 secs]
40.746: [GC (Allocation Failure)  1395679K->641K(4193792K), 0.0002813 secs]
40.761: [GC (Allocation Failure)  1395679K->641K(4193792K), 0.0003040 secs]
40.776: [GC (Allocation Failure)  1395679K->641K(4193792K), 0.0027098 secs]
40.793: [GC (Allocation Failure)  1395679K->641K(4193792K), 0.0003166 secs]
40.808: [GC (Allocation Failure)  1395679K->641K(4193792K), 0.0002875 secs]
40.823: [GC (Allocation Failure)  1395679K->641K(4193792K), 0.0006299 secs]
40.838: [GC (Allocation Failure)  1395679K->641K(4193792K), 0.0010322 secs]
40.853: [GC (Allocation Failure)  1395679K->641K(4193792K), 0.0002221 secs]
40.867: [GC (Allocation Failure)  1395679K->641K(4193792K), 0.0002854 secs]
40.881: [GC (Allocation Failure)  1395679K->641K(4193792K), 0.0002641 secs]
40.895: [GC (Allocation Failure)  1395679K->641K(4193792K), 0.0002760 secs]
40.909: [GC (Allocation Failure)  1395679K->641K(4193792K), 0.0003458 secs]
40.924: [GC (Allocation Failure)  1395679K->641K(4193792K), 0.0008346 secs]
40.939: [GC (Allocation Failure)  1395679K->641K(4193792K), 0.0002922 secs]
40.954: [GC (Allocation Failure)  1395679K->641K(4193792K), 0.0002611 secs]
40.969: [GC (Allocation Failure)  1395679K->641K(4193792K), 0.0007552 secs]
40.985: [GC (Allocation Failure)  1395679K->641K(4193792K), 0.0002721 secs]
40.999: [GC (Allocation Failure)  1395679K->641K(4193792K), 0.0002850 secs]
41.020: [GC (Allocation Failure)  1395679K->641K(4193792K), 0.0007852 secs]
41.034: [GC (Allocation Failure)  1395679K->641K(4193792K), 0.0002684 secs]
41.051: [GC (Allocation Failure)  1395679K->641K(4193792K), 0.0002215 secs]
41.065: [GC (Allocation Failure)  1395679K->641K(4193792K), 0.0002270 secs]
41.079: [GC (Allocation Failure)  1395679K->641K(4193792K), 0.0002657 secs]
41.093: [GC (Allocation Failure)  1395679K->641K(4193792K), 0.0003115 secs]
41.108: [GC (Allocation Failure)  1395679K->641K(4193792K), 0.0003039 secs]
41.122: [GC (Allocation Failure)  1395679K->641K(4193792K), 0.0002923 secs]
41.137: [GC (Allocation Failure)  1395679K->641K(4193792K), 0.0002490 secs]
41.151: [GC (Allocation Failure)  1395679K->641K(4193792K), 0.0002965 secs]
41.165: [GC (Allocation Failure)  1395679K->641K(4193792K), 0.0002884 secs]
41.179: [GC (Allocation Failure)  1395679K->641K(4193792K), 0.0002487 secs]
41.193: [GC (Allocation Failure)  1395679K->641K(4193792K), 0.0002645 secs]
41.208: [GC (Allocation Failure)  1395679K->641K(4193792K), 0.0003001 secs]
41.222: [GC (Allocation Failure)  1395679K->641K(4193792K), 0.0002659 secs]
41.237: [GC (Allocation Failure)  1395679K->641K(4193792K), 0.0003709 secs]
41.252: [GC (Allocation Failure)  1395679K->641K(4193792K), 0.0002491 secs]
41.267: [GC (Allocation Failure)  1395679K->641K(4193792K), 0.0002808 secs]
41.282: [GC (Allocation Failure)  1395679K->641K(4193792K), 0.0002746 secs]
41.297: [GC (Allocation Failure)  1395679K->641K(4193792K), 0.0002527 secs]
41.312: [GC (Allocation Failure)  1395679K->641K(4193792K), 0.0002490 secs]
41.326: [GC (Allocation Failure)  1395679K->641K(4193792K), 0.0002581 secs]
41.340: [GC (Allocation Failure)  1395679K->641K(4193792K), 0.0002646 secs]
41.354: [GC (Allocation Failure)  1395679K->641K(4193792K), 0.0002705 secs]
41.368: [GC (Allocation Failure)  1395679K->641K(4193792K), 0.0003381 secs]
41.383: [GC (Allocation Failure)  1395679K->641K(4193792K), 0.0002688 secs]
41.397: [GC (Allocation Failure)  1395679K->641K(4193792K), 0.0002857 secs]
41.412: [GC (Allocation Failure)  1395679K->641K(4193792K), 0.0002880 secs]
41.426: [GC (Allocation Failure)  1395679K->641K(4193792K), 0.0002644 secs]
41.441: [GC (Allocation Failure)  1395679K->641K(4193792K), 0.0002501 secs]
41.456: [GC (Allocation Failure)  1395679K->641K(4193792K), 0.0002925 secs]
41.470: [GC (Allocation Failure)  1395679K->641K(4193792K), 0.0002403 secs]
41.485: [GC (Allocation Failure)  1395679K->641K(4193792K), 0.0002650 secs]
41.500: [GC (Allocation Failure)  1395679K->641K(4193792K), 0.0002698 secs]
41.515: [GC (Allocation Failure)  1395679K->641K(4193792K), 0.0002446 secs]
41.529: [GC (Allocation Failure)  1395679K->641K(4193792K), 0.0002348 secs]
41.543: [GC (Allocation Failure)  1395679K->641K(4193792K), 0.0002882 secs]
41.558: [GC (Allocation Failure)  1395679K->641K(4193792K), 0.0002600 secs]
41.572: [GC (Allocation Failure)  1395679K->641K(4193792K), 0.0002301 secs]
41.586: [GC (Allocation Failure)  1395679K->641K(4193792K), 0.0002727 secs]
41.600: [GC (Allocation Failure)  1395679K->641K(4193792K), 0.0002725 secs]
41.615: [GC (Allocation Failure)  1395679K->641K(4193792K), 0.0003009 secs]
41.630: [GC (Allocation Failure)  1395679K->641K(4193792K), 0.0002713 secs]
41.644: [GC (Allocation Failure)  1395679K->641K(4193792K), 0.0002861 secs]
41.660: [GC (Allocation Failure)  1395679K->641K(4193792K), 0.0003462 secs]
41.675: [GC (Allocation Failure)  1395679K->641K(4193792K), 0.0002486 secs]
41.689: [GC (Allocation Failure)  1395679K->641K(4193792K), 0.0002615 secs]
41.704: [GC (Allocation Failure)  1395679K->641K(4193792K), 0.0002644 secs]
41.719: [GC (Allocation Failure)  1395679K->641K(4193792K), 0.0003386 secs]
41.733: [GC (Allocation Failure)  1395679K->641K(4193792K), 0.0003353 secs]
41.748: [GC (Allocation Failure)  1395679K->641K(4193792K), 0.0002593 secs]
41.762: [GC (Allocation Failure)  1395679K->641K(4193792K), 0.0002844 secs]
41.776: [GC (Allocation Failure)  1395679K->641K(4193792K), 0.0003028 secs]
41.791: [GC (Allocation Failure)  1395679K->641K(4193792K), 0.0002576 secs]
41.805: [GC (Allocation Failure)  1395679K->641K(4193792K), 0.0002757 secs]
41.820: [GC (Allocation Failure)  1395679K->641K(4193792K), 0.0009034 secs]
41.835: [GC (Allocation Failure)  1395679K->641K(4193792K), 0.0002425 secs]
41.850: [GC (Allocation Failure)  1395679K->641K(4193792K), 0.0002496 secs]
41.865: [GC (Allocation Failure)  1395679K->641K(4193792K), 0.0006970 secs]
41.880: [GC (Allocation Failure)  1395679K->641K(4193792K), 0.0002823 secs]
41.895: [GC (Allocation Failure)  1395679K->641K(4193792K), 0.0004599 secs]
41.915: [GC (Allocation Failure)  1395679K->641K(4193792K), 0.0002961 secs]
41.932: [GC (Allocation Failure)  1395679K->641K(4193792K), 0.0003114 secs]
41.946: [GC (Allocation Failure)  1395679K->641K(4193792K), 0.0002661 secs]
41.960: [GC (Allocation Failure)  1395679K->641K(4193792K), 0.0002628 secs]
41.974: [GC (Allocation Failure)  1395679K->641K(4193792K), 0.0002394 secs]
41.989: [GC (Allocation Failure)  1395679K->641K(4193792K), 0.0003028 secs]
42.009: [GC (Allocation Failure)  1395679K->641K(4193792K), 0.0002268 secs]
42.023: [GC (Allocation Failure)  1395679K->641K(4193792K), 0.0003304 secs]
42.037: [GC (Allocation Failure)  1395679K->641K(4193792K), 0.0003435 secs]
42.052: [GC (Allocation Failure)  1395679K->641K(4193792K), 0.0003563 secs]
42.067: [GC (Allocation Failure)  1395679K->641K(4193792K), 0.0006557 secs]
42.082: [GC (Allocation Failure)  1395679K->641K(4193792K), 0.0003694 secs]
42.097: [GC (Allocation Failure)  1395679K->641K(4193792K), 0.0004152 secs]
42.112: [GC (Allocation Failure)  1395679K->641K(4193792K), 0.0002711 secs]
42.127: [GC (Allocation Failure)  1395679K->641K(4193792K), 0.0007091 secs]
42.141: [GC (Allocation Failure)  1395679K->641K(4193792K), 0.0002368 secs]
42.155: [GC (Allocation Failure)  1395679K->641K(4193792K), 0.0002673 secs]
42.169: [GC (Allocation Failure)  1395679K->641K(4193792K), 0.0002672 secs]
42.184: [GC (Allocation Failure)  1395679K->641K(4193792K), 0.0015794 secs]
42.200: [GC (Allocation Failure)  1395679K->641K(4193792K), 0.0003196 secs]
42.214: [GC (Allocation Failure)  1395679K->641K(4193792K), 0.0003592 secs]
42.229: [GC (Allocation Failure)  1395679K->641K(4193792K), 0.0002724 secs]
42.244: [GC (Allocation Failure)  1395679K->641K(4193792K), 0.0002755 secs]
42.258: [GC (Allocation Failure)  1395679K->641K(4193792K), 0.0002493 secs]
42.273: [GC (Allocation Failure)  1395679K->641K(4193792K), 0.0003491 secs]
42.288: [GC (Allocation Failure)  1395679K->641K(4193792K), 0.0003273 secs]
42.303: [GC (Allocation Failure)  1395679K->641K(4193792K), 0.0002931 secs]
42.318: [GC (Allocation Failure)  1395679K->641K(4193792K), 0.0002886 secs]
42.332: [GC (Allocation Failure)  1395679K->641K(4193792K), 0.0002682 secs]
42.346: [GC (Allocation Failure)  1395679K->641K(4193792K), 0.0002421 secs]
42.360: [GC (Allocation Failure)  1395679K->641K(4193792K), 0.0002584 secs]
42.374: [GC (Allocation Failure)  1395679K->641K(4193792K), 0.0003468 secs]
42.388: [GC (Allocation Failure)  1395679K->641K(4193792K), 0.0003151 secs]
42.402: [GC (Allocation Failure)  1395679K->641K(4193792K), 0.0003672 secs]
42.417: [GC (Allocation Failure)  1395679K->641K(4193792K), 0.0002661 secs]
42.431: [GC (Allocation Failure)  1395679K->641K(4193792K), 0.0002735 secs]
42.446: [GC (Allocation Failure)  1395679K->641K(4193792K), 0.0007298 secs]
42.461: [GC (Allocation Failure)  1395679K->641K(4193792K), 0.0007540 secs]
42.476: [GC (Allocation Failure)  1395679K->641K(4193792K), 0.0014535 secs]
42.498: [GC (Allocation Failure)  1395679K->641K(4193792K), 0.0004937 secs]
42.517: [GC (Allocation Failure)  1395679K->641K(4193792K), 0.0011320 secs]
42.535: [GC (Allocation Failure)  1395679K->641K(4193792K), 0.0005512 secs]
42.551: [GC (Allocation Failure)  1395679K->641K(4193792K), 0.0004553 secs]
42.566: [GC (Allocation Failure)  1395679K->641K(4193792K), 0.0004329 secs]
42.581: [GC (Allocation Failure)  1395679K->641K(4193792K), 0.0002783 secs]
42.595: [GC (Allocation Failure)  1395679K->641K(4193792K), 0.0003583 secs]
42.609: [GC (Allocation Failure)  1395679K->641K(4193792K), 0.0004070 secs]
42.624: [GC (Allocation Failure)  1395679K->641K(4193792K), 0.0002724 secs]
42.639: [GC (Allocation Failure)  1395679K->641K(4193792K), 0.0002791 secs]
42.654: [GC (Allocation Failure)  1395679K->641K(4193792K), 0.0005093 secs]
42.668: [GC (Allocation Failure)  1395679K->641K(4193792K), 0.0003105 secs]
42.683: [GC (Allocation Failure)  1395679K->641K(4193792K), 0.0002940 secs]
42.698: [GC (Allocation Failure)  1395679K->641K(4193792K), 0.0003623 secs]
42.713: [GC (Allocation Failure)  1395679K->641K(4193792K), 0.0003017 secs]
42.727: [GC (Allocation Failure)  1395679K->641K(4193792K), 0.0003163 secs]
42.742: [GC (Allocation Failure)  1395679K->641K(4193792K), 0.0002628 secs]
42.755: [GC (Allocation Failure)  1395679K->641K(4193792K), 0.0003001 secs]
42.769: [GC (Allocation Failure)  1395679K->641K(4193792K), 0.0002778 secs]
42.783: [GC (Allocation Failure)  1395679K->641K(4193792K), 0.0003094 secs]
42.798: [GC (Allocation Failure)  1395679K->641K(4193792K), 0.0003273 secs]
42.812: [GC (Allocation Failure)  1395679K->641K(4193792K), 0.0002763 secs]
42.826: [GC (Allocation Failure)  1395679K->641K(4193792K), 0.0002447 secs]
42.840: [GC (Allocation Failure)  1395679K->641K(4193792K), 0.0002757 secs]
42.854: [GC (Allocation Failure)  1395679K->641K(4193792K), 0.0002707 secs]
42.868: [GC (Allocation Failure)  1395679K->641K(4193792K), 0.0009043 secs]
42.883: [GC (Allocation Failure)  1395679K->641K(4193792K), 0.0002520 secs]
42.897: [GC (Allocation Failure)  1395679K->641K(4193792K), 0.0003519 secs]
42.911: [GC (Allocation Failure)  1395679K->641K(4193792K), 0.0003278 secs]
42.926: [GC (Allocation Failure)  1395679K->641K(4193792K), 0.0002894 secs]
42.941: [GC (Allocation Failure)  1395679K->641K(4193792K), 0.0003100 secs]
42.955: [GC (Allocation Failure)  1395679K->641K(4193792K), 0.0005795 secs]
42.970: [GC (Allocation Failure)  1395679K->641K(4193792K), 0.0010723 secs]
42.986: [GC (Allocation Failure)  1395679K->641K(4193792K), 0.0002844 secs]
43.001: [GC (Allocation Failure)  1395679K->641K(4193792K), 0.0002592 secs]
43.016: [GC (Allocation Failure)  1395679K->641K(4193792K), 0.0003907 secs]
43.031: [GC (Allocation Failure)  1395679K->641K(4193792K), 0.0002157 secs]
43.045: [GC (Allocation Failure)  1395679K->641K(4193792K), 0.0003833 secs]
43.060: [GC (Allocation Failure)  1395679K->641K(4193792K), 0.0007546 secs]
43.075: [GC (Allocation Failure)  1395679K->641K(4193792K), 0.0002588 secs]
43.089: [GC (Allocation Failure)  1395679K->641K(4193792K), 0.0002935 secs]
43.104: [GC (Allocation Failure)  1395679K->641K(4193792K), 0.0002607 secs]
43.119: [GC (Allocation Failure)  1395679K->641K(4193792K), 0.0006887 secs]
43.134: [GC (Allocation Failure)  1395679K->641K(4193792K), 0.0002789 secs]
43.149: [GC (Allocation Failure)  1395679K->641K(4193792K), 0.0003523 secs]
43.163: [GC (Allocation Failure)  1395679K->641K(4193792K), 0.0002631 secs]
43.179: [GC (Allocation Failure)  1395679K->641K(4193792K), 0.0002572 secs]
43.193: [GC (Allocation Failure)  1395679K->641K(4193792K), 0.0003020 secs]
43.208: [GC (Allocation Failure)  1395679K->641K(4193792K), 0.0002885 secs]
43.223: [GC (Allocation Failure)  1395679K->641K(4193792K), 0.0002470 secs]
43.237: [GC (Allocation Failure)  1395679K->641K(4193792K), 0.0002942 secs]
43.252: [GC (Allocation Failure)  1395679K->641K(4193792K), 0.0002438 secs]
43.265: [GC (Allocation Failure)  1395679K->641K(4193792K), 0.0002693 secs]
43.279: [GC (Allocation Failure)  1395679K->641K(4193792K), 0.0002355 secs]
43.293: [GC (Allocation Failure)  1395679K->641K(4193792K), 0.0002797 secs]
43.308: [GC (Allocation Failure)  1395679K->641K(4193792K), 0.0003293 secs]
43.323: [GC (Allocation Failure)  1395679K->641K(4193792K), 0.0003001 secs]
43.337: [GC (Allocation Failure)  1395679K->641K(4193792K), 0.0002293 secs]
43.352: [GC (Allocation Failure)  1395679K->641K(4193792K), 0.0007775 secs]
43.368: [GC (Allocation Failure)  1395679K->641K(4193792K), 0.0003133 secs]
43.382: [GC (Allocation Failure)  1395679K->641K(4193792K), 0.0005196 secs]
43.398: [GC (Allocation Failure)  1395679K->641K(4193792K), 0.0002426 secs]
43.413: [GC (Allocation Failure)  1395679K->641K(4193792K), 0.0023343 secs]
43.429: [GC (Allocation Failure)  1395679K->641K(4193792K), 0.0002353 secs]
43.443: [GC (Allocation Failure)  1395679K->641K(4193792K), 0.0002178 secs]
43.457: [GC (Allocation Failure)  1395679K->641K(4193792K), 0.0002785 secs]
43.471: [GC (Allocation Failure)  1395679K->641K(4193792K), 0.0002327 secs]
43.485: [GC (Allocation Failure)  1395679K->641K(4193792K), 0.0002413 secs]
43.499: [GC (Allocation Failure)  1395679K->641K(4193792K), 0.0008281 secs]
43.514: [GC (Allocation Failure)  1395679K->641K(4193792K), 0.0003171 secs]
43.529: [GC (Allocation Failure)  1395679K->641K(4193792K), 0.0003270 secs]
43.544: [GC (Allocation Failure)  1395679K->641K(4193792K), 0.0002585 secs]
43.559: [GC (Allocation Failure)  1395679K->641K(4193792K), 0.0002647 secs]
43.574: [GC (Allocation Failure)  1395679K->641K(4193792K), 0.0002624 secs]
43.588: [GC (Allocation Failure)  1395679K->641K(4193792K), 0.0002941 secs]
43.603: [GC (Allocation Failure)  1395679K->641K(4193792K), 0.0003967 secs]
43.618: [GC (Allocation Failure)  1395679K->641K(4193792K), 0.0002921 secs]
43.633: [GC (Allocation Failure)  1395679K->641K(4193792K), 0.0003600 secs]
43.647: [GC (Allocation Failure)  1395679K->641K(4193792K), 0.0002895 secs]
43.661: [GC (Allocation Failure)  1395679K->641K(4193792K), 0.0002631 secs]
43.676: [GC (Allocation Failure)  1395679K->641K(4193792K), 0.0002786 secs]
43.690: [GC (Allocation Failure)  1395679K->641K(4193792K), 0.0002912 secs]
43.704: [GC (Allocation Failure)  1395679K->641K(4193792K), 0.0002460 secs]
43.718: [GC (Allocation Failure)  1395679K->641K(4193792K), 0.0003055 secs]
43.732: [GC (Allocation Failure)  1395679K->641K(4193792K), 0.0002404 secs]
43.747: [GC (Allocation Failure)  1395679K->641K(4193792K), 0.0002736 secs]
43.762: [GC (Allocation Failure)  1395679K->641K(4193792K), 0.0004614 secs]
43.776: [GC (Allocation Failure)  1395679K->641K(4193792K), 0.0002451 secs]
43.790: [GC (Allocation Failure)  1395679K->641K(4193792K), 0.0002099 secs]
43.805: [GC (Allocation Failure)  1395679K->641K(4193792K), 0.0002669 secs]
43.819: [GC (Allocation Failure)  1395679K->641K(4193792K), 0.0002853 secs]
43.834: [GC (Allocation Failure)  1395679K->641K(4193792K), 0.0002855 secs]
43.849: [GC (Allocation Failure)  1395679K->641K(4193792K), 0.0002662 secs]
43.864: [GC (Allocation Failure)  1395679K->641K(4193792K), 0.0002649 secs]
43.879: [GC (Allocation Failure)  1395679K->641K(4193792K), 0.0004935 secs]
43.894: [GC (Allocation Failure)  1395679K->641K(4193792K), 0.0002880 secs]
43.909: [GC (Allocation Failure)  1395679K->641K(4193792K), 0.0002732 secs]
43.923: [GC (Allocation Failure)  1395679K->641K(4193792K), 0.0002552 secs]
43.938: [GC (Allocation Failure)  1395679K->641K(4193792K), 0.0003158 secs]
43.952: [GC (Allocation Failure)  1395679K->641K(4193792K), 0.0003108 secs]
43.967: [GC (Allocation Failure)  1395679K->641K(4193792K), 0.0002630 secs]
43.981: [GC (Allocation Failure)  1395679K->641K(4193792K), 0.0003254 secs]
43.995: [GC (Allocation Failure)  1395679K->641K(4193792K), 0.0003120 secs]
44.009: [GC (Allocation Failure)  1395679K->641K(4193792K), 0.0002636 secs]
44.024: [GC (Allocation Failure)  1395679K->641K(4193792K), 0.0002845 secs]
44.040: [GC (Allocation Failure)  1395679K->641K(4193792K), 0.0004049 secs]
44.055: [GC (Allocation Failure)  1395679K->641K(4193792K), 0.0002815 secs]
44.070: [GC (Allocation Failure)  1395679K->641K(4193792K), 0.0002999 secs]
44.085: [GC (Allocation Failure)  1395679K->641K(4193792K), 0.0002964 secs]
44.100: [GC (Allocation Failure)  1395679K->641K(4193792K), 0.0002839 secs]
44.114: [GC (Allocation Failure)  1395679K->641K(4193792K), 0.0003396 secs]
44.129: [GC (Allocation Failure)  1395679K->641K(4193792K), 0.0018060 secs]
44.145: [GC (Allocation Failure)  1395679K->641K(4193792K), 0.0002808 secs]
44.159: [GC (Allocation Failure)  1395679K->641K(4193792K), 0.0002502 secs]
44.173: [GC (Allocation Failure)  1395679K->641K(4193792K), 0.0002530 secs]
44.187: [GC (Allocation Failure)  1395679K->641K(4193792K), 0.0002773 secs]
44.202: [GC (Allocation Failure)  1395679K->641K(4193792K), 0.0002935 secs]
44.217: [GC (Allocation Failure)  1395679K->641K(4193792K), 0.0002944 secs]
44.232: [GC (Allocation Failure)  1395679K->641K(4193792K), 0.0003138 secs]
44.246: [GC (Allocation Failure)  1395679K->641K(4193792K), 0.0003366 secs]
44.261: [GC (Allocation Failure)  1395679K->641K(4193792K), 0.0002713 secs]
44.276: [GC (Allocation Failure)  1395679K->641K(4193792K), 0.0002869 secs]
44.293: [GC (Allocation Failure)  1395679K->641K(4193792K), 0.0002588 secs]
44.308: [GC (Allocation Failure)  1395679K->641K(4193792K), 0.0004102 secs]
44.323: [GC (Allocation Failure)  1395679K->641K(4193792K), 0.0002693 secs]
44.337: [GC (Allocation Failure)  1395679K->641K(4193792K), 0.0002278 secs]
44.351: [GC (Allocation Failure)  1395679K->641K(4193792K), 0.0002542 secs]
44.365: [GC (Allocation Failure)  1395679K->641K(4193792K), 0.0002343 secs]
44.379: [GC (Allocation Failure)  1395679K->641K(4193792K), 0.0002820 secs]
44.393: [GC (Allocation Failure)  1395679K->641K(4193792K), 0.0002771 secs]
44.408: [GC (Allocation Failure)  1395679K->641K(4193792K), 0.0002341 secs]
44.422: [GC (Allocation Failure)  1395679K->641K(4193792K), 0.0002329 secs]
44.436: [GC (Allocation Failure)  1395679K->641K(4193792K), 0.0002395 secs]
44.450: [GC (Allocation Failure)  1395679K->641K(4193792K), 0.0002532 secs]
44.465: [GC (Allocation Failure)  1395679K->641K(4193792K), 0.0002530 secs]
44.479: [GC (Allocation Failure)  1395679K->641K(4193792K), 0.0002162 secs]
44.493: [GC (Allocation Failure)  1395679K->641K(4193792K), 0.0002862 secs]
44.507: [GC (Allocation Failure)  1395679K->641K(4193792K), 0.0003391 secs]
44.523: [GC (Allocation Failure)  1395679K->641K(4193792K), 0.0002759 secs]
44.537: [GC (Allocation Failure)  1395679K->641K(4193792K), 0.0002783 secs]
44.552: [GC (Allocation Failure)  1395679K->641K(4193792K), 0.0006128 secs]
44.567: [GC (Allocation Failure)  1395679K->641K(4193792K), 0.0002854 secs]
44.583: [GC (Allocation Failure)  1395679K->641K(4193792K), 0.0002791 secs]
44.598: [GC (Allocation Failure)  1395679K->641K(4193792K), 0.0003046 secs]
44.613: [GC (Allocation Failure)  1395679K->641K(4193792K), 0.0002732 secs]
44.628: [GC (Allocation Failure)  1395679K->641K(4193792K), 0.0002755 secs]
44.642: [GC (Allocation Failure)  1395679K->641K(4193792K), 0.0002896 secs]
44.656: [GC (Allocation Failure)  1395679K->641K(4193792K), 0.0002409 secs]
44.670: [GC (Allocation Failure)  1395679K->641K(4193792K), 0.0002439 secs]
44.684: [GC (Allocation Failure)  1395679K->641K(4193792K), 0.0002492 secs]
44.699: [GC (Allocation Failure)  1395679K->641K(4193792K), 0.0002855 secs]
44.714: [GC (Allocation Failure)  1395679K->641K(4193792K), 0.0002475 secs]
44.728: [GC (Allocation Failure)  1395679K->641K(4193792K), 0.0009086 secs]
44.744: [GC (Allocation Failure)  1395679K->641K(4193792K), 0.0002470 secs]
44.759: [GC (Allocation Failure)  1395679K->641K(4193792K), 0.0002746 secs]
44.774: [GC (Allocation Failure)  1395679K->641K(4193792K), 0.0002358 secs]
44.789: [GC (Allocation Failure)  1395679K->641K(4193792K), 0.0002960 secs]
44.803: [GC (Allocation Failure)  1395679K->641K(4193792K), 0.0002815 secs]
44.819: [GC (Allocation Failure)  1395679K->641K(4193792K), 0.0003430 secs]
44.833: [GC (Allocation Failure)  1395679K->641K(4193792K), 0.0002896 secs]
44.847: [GC (Allocation Failure)  1395679K->641K(4193792K), 0.0002750 secs]
44.861: [GC (Allocation Failure)  1395679K->641K(4193792K), 0.0002654 secs]
44.875: [GC (Allocation Failure)  1395679K->641K(4193792K), 0.0002747 secs]
44.890: [GC (Allocation Failure)  1395679K->641K(4193792K), 0.0003160 secs]
44.904: [GC (Allocation Failure)  1395679K->641K(4193792K), 0.0003641 secs]
44.919: [GC (Allocation Failure)  1395679K->641K(4193792K), 0.0002749 secs]
44.934: [GC (Allocation Failure)  1395679K->641K(4193792K), 0.0002429 secs]
44.949: [GC (Allocation Failure)  1395679K->641K(4193792K), 0.0002679 secs]
44.964: [GC (Allocation Failure)  1395679K->641K(4193792K), 0.0002636 secs]
44.979: [GC (Allocation Failure)  1395679K->641K(4193792K), 0.0002588 secs]
44.993: [GC (Allocation Failure)  1395679K->641K(4193792K), 0.0003072 secs]
45.008: [GC (Allocation Failure)  1395679K->641K(4193792K), 0.0002770 secs]
45.023: [GC (Allocation Failure)  1395679K->641K(4193792K), 0.0002885 secs]
45.037: [GC (Allocation Failure)  1395679K->641K(4193792K), 0.0003745 secs]
45.051: [GC (Allocation Failure)  1395679K->641K(4193792K), 0.0002954 secs]
45.065: [GC (Allocation Failure)  1395679K->641K(4193792K), 0.0003127 secs]
45.079: [GC (Allocation Failure)  1395679K->641K(4193792K), 0.0001838 secs]
45.094: [GC (Allocation Failure)  1395679K->641K(4193792K), 0.0004209 secs]
45.108: [GC (Allocation Failure)  1395679K->641K(4193792K), 0.0002439 secs]
45.122: [GC (Allocation Failure)  1395679K->641K(4193792K), 0.0003150 secs]
45.136: [GC (Allocation Failure)  1395679K->641K(4193792K), 0.0006371 secs]
45.151: [GC (Allocation Failure)  1395679K->641K(4193792K), 0.0002525 secs]
45.165: [GC (Allocation Failure)  1395679K->641K(4193792K), 0.0003070 secs]
45.179: [GC (Allocation Failure)  1395679K->641K(4193792K), 0.0002594 secs]
45.193: [GC (Allocation Failure)  1395679K->641K(4193792K), 0.0003078 secs]
45.208: [GC (Allocation Failure)  1395679K->641K(4193792K), 0.0003539 secs]
45.223: [GC (Allocation Failure)  1395679K->641K(4193792K), 0.0002813 secs]
45.238: [GC (Allocation Failure)  1395679K->641K(4193792K), 0.0002386 secs]
45.253: [GC (Allocation Failure)  1395679K->641K(4193792K), 0.0002682 secs]
45.268: [GC (Allocation Failure)  1395679K->641K(4193792K), 0.0002599 secs]
45.282: [GC (Allocation Failure)  1395679K->641K(4193792K), 0.0002795 secs]
45.297: [GC (Allocation Failure)  1395679K->641K(4193792K), 0.0003810 secs]
45.312: [GC (Allocation Failure)  1395679K->641K(4193792K), 0.0004983 secs]
45.327: [GC (Allocation Failure)  1395679K->641K(4193792K), 0.0002724 secs]
45.341: [GC (Allocation Failure)  1395679K->641K(4193792K), 0.0003243 secs]
45.355: [GC (Allocation Failure)  1395679K->641K(4193792K), 0.0004534 secs]
45.370: [GC (Allocation Failure)  1395679K->641K(4193792K), 0.0003283 secs]
45.384: [GC (Allocation Failure)  1395679K->641K(4193792K), 0.0003147 secs]
45.398: [GC (Allocation Failure)  1395679K->641K(4193792K), 0.0002774 secs]
45.413: [GC (Allocation Failure)  1395679K->641K(4193792K), 0.0002673 secs]
45.428: [GC (Allocation Failure)  1395679K->641K(4193792K), 0.0002962 secs]
45.443: [GC (Allocation Failure)  1395679K->641K(4193792K), 0.0002352 secs]
45.458: [GC (Allocation Failure)  1395679K->641K(4193792K), 0.0002979 secs]
45.472: [GC (Allocation Failure)  1395679K->641K(4193792K), 0.0002275 secs]
45.488: [GC (Allocation Failure)  1395679K->641K(4193792K), 0.0002611 secs]
45.503: [GC (Allocation Failure)  1395679K->641K(4193792K), 0.0002973 secs]
45.518: [GC (Allocation Failure)  1395679K->641K(4193792K), 0.0002594 secs]
45.532: [GC (Allocation Failure)  1395679K->641K(4193792K), 0.0004188 secs]
45.546: [GC (Allocation Failure)  1395679K->641K(4193792K), 0.0002816 secs]
45.561: [GC (Allocation Failure)  1395679K->641K(4193792K), 0.0002680 secs]
45.575: [GC (Allocation Failure)  1395679K->641K(4193792K), 0.0003228 secs]
45.589: [GC (Allocation Failure)  1395679K->641K(4193792K), 0.0002886 secs]
45.603: [GC (Allocation Failure)  1395679K->641K(4193792K), 0.0002406 secs]
45.618: [GC (Allocation Failure)  1395679K->641K(4193792K), 0.0002566 secs]
45.633: [GC (Allocation Failure)  1395679K->641K(4193792K), 0.0002626 secs]
45.648: [GC (Allocation Failure)  1395679K->641K(4193792K), 0.0002848 secs]
45.663: [GC (Allocation Failure)  1395679K->641K(4193792K), 0.0003199 secs]
45.678: [GC (Allocation Failure)  1395679K->641K(4193792K), 0.0002848 secs]
45.693: [GC (Allocation Failure)  1395679K->641K(4193792K), 0.0002434 secs]
45.708: [GC (Allocation Failure)  1395679K->641K(4193792K), 0.0002595 secs]
45.722: [GC (Allocation Failure)  1395679K->641K(4193792K), 0.0002751 secs]
45.737: [GC (Allocation Failure)  1395679K->641K(4193792K), 0.0003120 secs]
45.751: [GC (Allocation Failure)  1395679K->641K(4193792K), 0.0002229 secs]
45.766: [GC (Allocation Failure)  1395679K->641K(4193792K), 0.0006551 secs]
45.780: [GC (Allocation Failure)  1395679K->641K(4193792K), 0.0002908 secs]
45.794: [GC (Allocation Failure)  1395679K->641K(4193792K), 0.0003041 secs]
45.809: [GC (Allocation Failure)  1395679K->641K(4193792K), 0.0003238 secs]
45.824: [GC (Allocation Failure)  1395679K->641K(4193792K), 0.0002676 secs]
45.839: [GC (Allocation Failure)  1395679K->641K(4193792K), 0.0002657 secs]
45.854: [GC (Allocation Failure)  1395679K->641K(4193792K), 0.0002631 secs]
45.869: [GC (Allocation Failure)  1395679K->641K(4193792K), 0.0003192 secs]
45.884: [GC (Allocation Failure)  1395679K->641K(4193792K), 0.0002348 secs]
45.898: [GC (Allocation Failure)  1395679K->641K(4193792K), 0.0010042 secs]
45.914: [GC (Allocation Failure)  1395679K->641K(4193792K), 0.0002638 secs]
45.931: [GC (Allocation Failure)  1395679K->641K(4193792K), 0.0002535 secs]
45.945: [GC (Allocation Failure)  1395679K->641K(4193792K), 0.0002716 secs]
45.959: [GC (Allocation Failure)  1395679K->641K(4193792K), 0.0003006 secs]
45.973: [GC (Allocation Failure)  1395679K->641K(4193792K), 0.0002119 secs]
45.987: [GC (Allocation Failure)  1395679K->641K(4193792K), 0.0002709 secs]
46.001: [GC (Allocation Failure)  1395679K->641K(4193792K), 0.0002433 secs]
46.015: [GC (Allocation Failure)  1395679K->641K(4193792K), 0.0003123 secs]
46.029: [GC (Allocation Failure)  1395679K->641K(4193792K), 0.0003233 secs]
46.044: [GC (Allocation Failure)  1395679K->641K(4193792K), 0.0002239 secs]
46.058: [GC (Allocation Failure)  1395679K->641K(4193792K), 0.0002343 secs]
46.072: [GC (Allocation Failure)  1395679K->641K(4193792K), 0.0002830 secs]
46.086: [GC (Allocation Failure)  1395679K->641K(4193792K), 0.0002533 secs]
46.100: [GC (Allocation Failure)  1395679K->641K(4193792K), 0.0002710 secs]
46.115: [GC (Allocation Failure)  1395679K->641K(4193792K), 0.0004104 secs]
46.130: [GC (Allocation Failure)  1395679K->641K(4193792K), 0.0002552 secs]
46.145: [GC (Allocation Failure)  1395679K->641K(4193792K), 0.0002895 secs]
46.160: [GC (Allocation Failure)  1395679K->641K(4193792K), 0.0002494 secs]
46.174: [GC (Allocation Failure)  1395679K->641K(4193792K), 0.0002515 secs]
46.189: [GC (Allocation Failure)  1395679K->641K(4193792K), 0.0002436 secs]
46.204: [GC (Allocation Failure)  1395679K->641K(4193792K), 0.0003265 secs]
46.219: [GC (Allocation Failure)  1395679K->641K(4193792K), 0.0002544 secs]
46.233: [GC (Allocation Failure)  1395679K->641K(4193792K), 0.0002202 secs]
46.247: [GC (Allocation Failure)  1395679K->641K(4193792K), 0.0003036 secs]
46.261: [GC (Allocation Failure)  1395679K->641K(4193792K), 0.0002795 secs]
46.275: [GC (Allocation Failure)  1395679K->641K(4193792K), 0.0002675 secs]
46.289: [GC (Allocation Failure)  1395679K->641K(4193792K), 0.0003103 secs]
46.304: [GC (Allocation Failure)  1395679K->641K(4193792K), 0.0002980 secs]
46.319: [GC (Allocation Failure)  1395679K->641K(4193792K), 0.0002444 secs]
46.334: [GC (Allocation Failure)  1395679K->641K(4193792K), 0.0003518 secs]
46.349: [GC (Allocation Failure)  1395679K->641K(4193792K), 0.0002974 secs]
46.364: [GC (Allocation Failure)  1395679K->641K(4193792K), 0.0002831 secs]
46.378: [GC (Allocation Failure)  1395679K->641K(4193792K), 0.0003969 secs]
46.393: [GC (Allocation Failure)  1395679K->641K(4193792K), 0.0003046 secs]
46.408: [GC (Allocation Failure)  1395679K->641K(4193792K), 0.0002851 secs]
46.423: [GC (Allocation Failure)  1395679K->641K(4193792K), 0.0009730 secs]
46.438: [GC (Allocation Failure)  1395679K->641K(4193792K), 0.0002286 secs]
46.453: [GC (Allocation Failure)  1395679K->641K(4193792K), 0.0002544 secs]
46.466: [GC (Allocation Failure)  1395679K->641K(4193792K), 0.0002664 secs]
46.480: [GC (Allocation Failure)  1395679K->641K(4193792K), 0.0002878 secs]
46.494: [GC (Allocation Failure)  1395679K->641K(4193792K), 0.0002743 secs]
46.509: [GC (Allocation Failure)  1395679K->641K(4193792K), 0.0003826 secs]
46.524: [GC (Allocation Failure)  1395679K->641K(4193792K), 0.0003150 secs]
46.539: [GC (Allocation Failure)  1395679K->641K(4193792K), 0.0002373 secs]
46.554: [GC (Allocation Failure)  1395679K->641K(4193792K), 0.0004285 secs]
46.568: [GC (Allocation Failure)  1395679K->641K(4193792K), 0.0002355 secs]
46.584: [GC (Allocation Failure)  1395679K->641K(4193792K), 0.0002512 secs]
46.599: [GC (Allocation Failure)  1395679K->641K(4193792K), 0.0002563 secs]
46.613: [GC (Allocation Failure)  1395679K->641K(4193792K), 0.0004079 secs]
46.630: [GC (Allocation Failure)  1395679K->641K(4193792K), 0.0002998 secs]
46.644: [GC (Allocation Failure)  1395679K->641K(4193792K), 0.0002754 secs]
46.658: [GC (Allocation Failure)  1395679K->641K(4193792K), 0.0003186 secs]
46.672: [GC (Allocation Failure)  1395679K->641K(4193792K), 0.0002038 secs]
46.687: [GC (Allocation Failure)  1395679K->641K(4193792K), 0.0002322 secs]
46.701: [GC (Allocation Failure)  1395679K->641K(4193792K), 0.0004833 secs]
46.724: [GC (Allocation Failure)  1395679K->641K(4193792K), 0.0002556 secs]
46.738: [GC (Allocation Failure)  1395679K->641K(4193792K), 0.0002793 secs]
46.754: [GC (Allocation Failure)  1395679K->641K(4193792K), 0.0004838 secs]
46.769: [GC (Allocation Failure)  1395679K->641K(4193792K), 0.0002629 secs]
46.783: [GC (Allocation Failure)  1395679K->641K(4193792K), 0.0002685 secs]
46.798: [GC (Allocation Failure)  1395679K->641K(4193792K), 0.0003186 secs]
46.813: [GC (Allocation Failure)  1395679K->641K(4193792K), 0.0002602 secs]
46.828: [GC (Allocation Failure)  1395679K->641K(4193792K), 0.0009160 secs]
46.843: [GC (Allocation Failure)  1395679K->641K(4193792K), 0.0002547 secs]
46.858: [GC (Allocation Failure)  1395679K->641K(4193792K), 0.0002520 secs]
46.872: [GC (Allocation Failure)  1395679K->641K(4193792K), 0.0003027 secs]
46.886: [GC (Allocation Failure)  1395679K->641K(4193792K), 0.0002028 secs]
46.900: [GC (Allocation Failure)  1395679K->641K(4193792K), 0.0002583 secs]
46.914: [GC (Allocation Failure)  1395679K->641K(4193792K), 0.0002718 secs]
46.929: [GC (Allocation Failure)  1395679K->641K(4193792K), 0.0002830 secs]
46.943: [GC (Allocation Failure)  1395679K->641K(4193792K), 0.0002612 secs]
46.958: [GC (Allocation Failure)  1395679K->641K(4193792K), 0.0002571 secs]
46.972: [GC (Allocation Failure)  1395679K->641K(4193792K), 0.0002795 secs]
46.986: [GC (Allocation Failure)  1395679K->641K(4193792K), 0.0002746 secs]
47.000: [GC (Allocation Failure)  1395679K->641K(4193792K), 0.0003040 secs]
47.015: [GC (Allocation Failure)  1395679K->641K(4193792K), 0.0002530 secs]
47.029: [GC (Allocation Failure)  1395679K->641K(4193792K), 0.0002541 secs]
47.044: [GC (Allocation Failure)  1395679K->641K(4193792K), 0.0002756 secs]
47.059: [GC (Allocation Failure)  1395679K->641K(4193792K), 0.0002997 secs]
47.073: [GC (Allocation Failure)  1395679K->641K(4193792K), 0.0002383 secs]
47.088: [GC (Allocation Failure)  1395679K->641K(4193792K), 0.0003112 secs]
47.103: [GC (Allocation Failure)  1395679K->641K(4193792K), 0.0009353 secs]
47.118: [GC (Allocation Failure)  1395679K->641K(4193792K), 0.0002680 secs]
47.135: [GC (Allocation Failure)  1395679K->641K(4193792K), 0.0002533 secs]
47.149: [GC (Allocation Failure)  1395679K->641K(4193792K), 0.0002626 secs]
47.163: [GC (Allocation Failure)  1395679K->641K(4193792K), 0.0003331 secs]
47.178: [GC (Allocation Failure)  1395679K->641K(4193792K), 0.0002946 secs]
47.192: [GC (Allocation Failure)  1395679K->641K(4193792K), 0.0002860 secs]
47.207: [GC (Allocation Failure)  1395679K->641K(4193792K), 0.0003338 secs]
47.222: [GC (Allocation Failure)  1395679K->641K(4193792K), 0.0002772 secs]
47.236: [GC (Allocation Failure)  1395679K->641K(4193792K), 0.0002203 secs]
47.251: [GC (Allocation Failure)  1395679K->641K(4193792K), 0.0002130 secs]
47.266: [GC (Allocation Failure)  1395679K->641K(4193792K), 0.0002688 secs]
47.281: [GC (Allocation Failure)  1395679K->641K(4193792K), 0.0003454 secs]
47.296: [GC (Allocation Failure)  1395679K->641K(4193792K), 0.0002413 secs]
47.311: [GC (Allocation Failure)  1395679K->641K(4193792K), 0.0002673 secs]
47.325: [GC (Allocation Failure)  1395679K->641K(4193792K), 0.0002939 secs]
47.339: [GC (Allocation Failure)  1395679K->641K(4193792K), 0.0002905 secs]
47.354: [GC (Allocation Failure)  1395679K->641K(4193792K), 0.0002820 secs]
47.368: [GC (Allocation Failure)  1395679K->641K(4193792K), 0.0002145 secs]
47.382: [GC (Allocation Failure)  1395679K->641K(4193792K), 0.0002771 secs]
47.396: [GC (Allocation Failure)  1395679K->641K(4193792K), 0.0002781 secs]
47.411: [GC (Allocation Failure)  1395679K->641K(4193792K), 0.0007231 secs]
47.426: [GC (Allocation Failure)  1395679K->641K(4193792K), 0.0002662 secs]
47.441: [GC (Allocation Failure)  1395679K->641K(4193792K), 0.0004593 secs]
47.456: [GC (Allocation Failure)  1395679K->641K(4193792K), 0.0006067 secs]
47.471: [GC (Allocation Failure)  1395679K->641K(4193792K), 0.0002643 secs]
47.486: [GC (Allocation Failure)  1395679K->641K(4193792K), 0.0002948 secs]
47.501: [GC (Allocation Failure)  1395679K->641K(4193792K), 0.0003360 secs]
47.516: [GC (Allocation Failure)  1395679K->641K(4193792K), 0.0002312 secs]
47.530: [GC (Allocation Failure)  1395679K->641K(4193792K), 0.0002149 secs]
47.544: [GC (Allocation Failure)  1395679K->641K(4193792K), 0.0003165 secs]
47.558: [GC (Allocation Failure)  1395679K->641K(4193792K), 0.0003155 secs]
47.572: [GC (Allocation Failure)  1395679K->641K(4193792K), 0.0002754 secs]
47.586: [GC (Allocation Failure)  1395679K->641K(4193792K), 0.0002343 secs]
47.605: [GC (Allocation Failure)  1395679K->641K(4193792K), 0.0003379 secs]
47.620: [GC (Allocation Failure)  1395679K->641K(4193792K), 0.0002871 secs]
47.635: [GC (Allocation Failure)  1395679K->641K(4193792K), 0.0003535 secs]
47.650: [GC (Allocation Failure)  1395679K->641K(4193792K), 0.0002857 secs]
47.665: [GC (Allocation Failure)  1395679K->641K(4193792K), 0.0002890 secs]
47.680: [GC (Allocation Failure)  1395679K->641K(4193792K), 0.0003410 secs]
47.695: [GC (Allocation Failure)  1395679K->641K(4193792K), 0.0004231 secs]
47.710: [GC (Allocation Failure)  1395679K->641K(4193792K), 0.0003483 secs]
47.725: [GC (Allocation Failure)  1395679K->641K(4193792K), 0.0016600 secs]
47.741: [GC (Allocation Failure)  1395679K->641K(4193792K), 0.0003671 secs]
47.755: [GC (Allocation Failure)  1395679K->641K(4193792K), 0.0002942 secs]
47.770: [GC (Allocation Failure)  1395679K->641K(4193792K), 0.0003555 secs]
47.784: [GC (Allocation Failure)  1395679K->641K(4193792K), 0.0002647 secs]
47.798: [GC (Allocation Failure)  1395679K->641K(4193792K), 0.0003718 secs]
47.813: [GC (Allocation Failure)  1395679K->641K(4193792K), 0.0003000 secs]
47.827: [GC (Allocation Failure)  1395679K->641K(4193792K), 0.0002655 secs]
47.842: [GC (Allocation Failure)  1395679K->641K(4193792K), 0.0003108 secs]
47.857: [GC (Allocation Failure)  1395679K->641K(4193792K), 0.0003141 secs]
47.871: [GC (Allocation Failure)  1395679K->641K(4193792K), 0.0003685 secs]
47.886: [GC (Allocation Failure)  1395679K->641K(4193792K), 0.0002921 secs]
47.901: [GC (Allocation Failure)  1395679K->641K(4193792K), 0.0002863 secs]
47.916: [GC (Allocation Failure)  1395679K->641K(4193792K), 0.0005245 secs]
47.931: [GC (Allocation Failure)  1395679K->641K(4193792K), 0.0002792 secs]
47.945: [GC (Allocation Failure)  1395679K->641K(4193792K), 0.0002561 secs]
47.960: [GC (Allocation Failure)  1395679K->641K(4193792K), 0.0003338 secs]
47.974: [GC (Allocation Failure)  1395679K->641K(4193792K), 0.0002736 secs]
47.988: [GC (Allocation Failure)  1395679K->641K(4193792K), 0.0002499 secs]
48.002: [GC (Allocation Failure)  1395679K->641K(4193792K), 0.0003154 secs]
48.017: [GC (Allocation Failure)  1395679K->641K(4193792K), 0.0002763 secs]
48.031: [GC (Allocation Failure)  1395679K->641K(4193792K), 0.0003751 secs]
48.046: [GC (Allocation Failure)  1395679K->641K(4193792K), 0.0005786 secs]
48.063: [GC (Allocation Failure)  1395679K->641K(4193792K), 0.0072863 secs]
48.086: [GC (Allocation Failure)  1395679K->641K(4193792K), 0.0008091 secs]
48.102: [GC (Allocation Failure)  1395679K->641K(4193792K), 0.0002354 secs]
48.116: [GC (Allocation Failure)  1395679K->641K(4193792K), 0.0004083 secs]
48.131: [GC (Allocation Failure)  1395679K->641K(4193792K), 0.0003164 secs]
48.146: [GC (Allocation Failure)  1395679K->641K(4193792K), 0.0002961 secs]
48.161: [GC (Allocation Failure)  1395679K->641K(4193792K), 0.0003998 secs]
48.176: [GC (Allocation Failure)  1395679K->641K(4193792K), 0.0002670 secs]
48.191: [GC (Allocation Failure)  1395679K->641K(4193792K), 0.0004243 secs]
48.206: [GC (Allocation Failure)  1395679K->641K(4193792K), 0.0002745 secs]
48.220: [GC (Allocation Failure)  1395679K->641K(4193792K), 0.0004589 secs]
48.234: [GC (Allocation Failure)  1395679K->641K(4193792K), 0.0002583 secs]
48.249: [GC (Allocation Failure)  1395679K->641K(4193792K), 0.0002629 secs]
48.262: [GC (Allocation Failure)  1395679K->641K(4193792K), 0.0002057 secs]
48.276: [GC (Allocation Failure)  1395679K->641K(4193792K), 0.0002616 secs]
48.290: [GC (Allocation Failure)  1395679K->641K(4193792K), 0.0002558 secs]
48.305: [GC (Allocation Failure)  1395679K->641K(4193792K), 0.0002732 secs]
48.320: [GC (Allocation Failure)  1395679K->641K(4193792K), 0.0003160 secs]
48.334: [GC (Allocation Failure)  1395679K->641K(4193792K), 0.0002921 secs]
48.349: [GC (Allocation Failure)  1395679K->641K(4193792K), 0.0008582 secs]
48.364: [GC (Allocation Failure)  1395679K->641K(4193792K), 0.0003186 secs]
48.379: [GC (Allocation Failure)  1395679K->641K(4193792K), 0.0004142 secs]
48.393: [GC (Allocation Failure)  1395679K->641K(4193792K), 0.0003155 secs]
48.408: [GC (Allocation Failure)  1395679K->641K(4193792K), 0.0003265 secs]
48.422: [GC (Allocation Failure)  1395679K->641K(4193792K), 0.0004061 secs]
48.437: [GC (Allocation Failure)  1395679K->641K(4193792K), 0.0002453 secs]
48.451: [GC (Allocation Failure)  1395679K->641K(4193792K), 0.0002925 secs]
48.465: [GC (Allocation Failure)  1395679K->641K(4193792K), 0.0003180 secs]
48.479: [GC (Allocation Failure)  1395679K->641K(4193792K), 0.0003015 secs]
48.493: [GC (Allocation Failure)  1395679K->641K(4193792K), 0.0003248 secs]
48.507: [GC (Allocation Failure)  1395679K->641K(4193792K), 0.0003502 secs]
48.522: [GC (Allocation Failure)  1395679K->641K(4193792K), 0.0003030 secs]
48.537: [GC (Allocation Failure)  1395679K->641K(4193792K), 0.0006790 secs]
48.552: [GC (Allocation Failure)  1395679K->641K(4193792K), 0.0003205 secs]
48.567: [GC (Allocation Failure)  1395679K->641K(4193792K), 0.0002787 secs]
48.582: [GC (Allocation Failure)  1395679K->641K(4193792K), 0.0002418 secs]
48.596: [GC (Allocation Failure)  1395679K->641K(4193792K), 0.0003083 secs]
48.611: [GC (Allocation Failure)  1395679K->641K(4193792K), 0.0004828 secs]
48.625: [GC (Allocation Failure)  1395679K->641K(4193792K), 0.0002838 secs]
48.642: [GC (Allocation Failure)  1395679K->641K(4193792K), 0.0002559 secs]
48.656: [GC (Allocation Failure)  1395679K->641K(4193792K), 0.0002462 secs]
48.671: [GC (Allocation Failure)  1395679K->641K(4193792K), 0.0002808 secs]
48.685: [GC (Allocation Failure)  1395679K->641K(4193792K), 0.0002785 secs]
48.700: [GC (Allocation Failure)  1395679K->641K(4193792K), 0.0002463 secs]
48.715: [GC (Allocation Failure)  1395679K->641K(4193792K), 0.0010763 secs]
48.731: [GC (Allocation Failure)  1395679K->641K(4193792K), 0.0002587 secs]
48.746: [GC (Allocation Failure)  1395679K->641K(4193792K), 0.0002595 secs]
48.761: [GC (Allocation Failure)  1395679K->641K(4193792K), 0.0002360 secs]
48.775: [GC (Allocation Failure)  1395679K->641K(4193792K), 0.0002760 secs]
48.790: [GC (Allocation Failure)  1395679K->641K(4193792K), 0.0002848 secs]
48.805: [GC (Allocation Failure)  1395679K->641K(4193792K), 0.0002980 secs]
48.820: [GC (Allocation Failure)  1395679K->641K(4193792K), 0.0003105 secs]
48.834: [GC (Allocation Failure)  1395679K->641K(4193792K), 0.0002395 secs]
48.849: [GC (Allocation Failure)  1395679K->641K(4193792K), 0.0002854 secs]
48.863: [GC (Allocation Failure)  1395679K->641K(4193792K), 0.0003010 secs]
48.877: [GC (Allocation Failure)  1395679K->641K(4193792K), 0.0002344 secs]
48.891: [GC (Allocation Failure)  1395679K->641K(4193792K), 0.0002240 secs]
48.905: [GC (Allocation Failure)  1395679K->641K(4193792K), 0.0003132 secs]
48.920: [GC (Allocation Failure)  1395679K->641K(4193792K), 0.0002968 secs]
48.935: [GC (Allocation Failure)  1395679K->641K(4193792K), 0.0010138 secs]
48.951: [GC (Allocation Failure)  1395679K->641K(4193792K), 0.0002705 secs]
48.966: [GC (Allocation Failure)  1395679K->641K(4193792K), 0.0004614 secs]
48.981: [GC (Allocation Failure)  1395679K->641K(4193792K), 0.0002527 secs]
48.995: [GC (Allocation Failure)  1395679K->641K(4193792K), 0.0003460 secs]
49.010: [GC (Allocation Failure)  1395679K->641K(4193792K), 0.0002562 secs]
49.025: [GC (Allocation Failure)  1395679K->641K(4193792K), 0.0002781 secs]
49.039: [GC (Allocation Failure)  1395679K->641K(4193792K), 0.0002786 secs]
49.053: [GC (Allocation Failure)  1395679K->641K(4193792K), 0.0002775 secs]
49.067: [GC (Allocation Failure)  1395679K->641K(4193792K), 0.0002413 secs]
49.081: [GC (Allocation Failure)  1395679K->641K(4193792K), 0.0002689 secs]
49.096: [GC (Allocation Failure)  1395679K->641K(4193792K), 0.0003689 secs]
49.110: [GC (Allocation Failure)  1395679K->641K(4193792K), 0.0002913 secs]
49.125: [GC (Allocation Failure)  1395679K->641K(4193792K), 0.0002617 secs]
49.139: [GC (Allocation Failure)  1395679K->641K(4193792K), 0.0002518 secs]
49.153: [GC (Allocation Failure)  1395679K->641K(4193792K), 0.0002563 secs]
49.167: [GC (Allocation Failure)  1395679K->641K(4193792K), 0.0003000 secs]
49.181: [GC (Allocation Failure)  1395679K->641K(4193792K), 0.0003118 secs]
49.195: [GC (Allocation Failure)  1395679K->641K(4193792K), 0.0002955 secs]
49.209: [GC (Allocation Failure)  1395679K->641K(4193792K), 0.0003078 secs]
49.224: [GC (Allocation Failure)  1395679K->641K(4193792K), 0.0002441 secs]
49.239: [GC (Allocation Failure)  1395679K->641K(4193792K), 0.0002498 secs]
49.255: [GC (Allocation Failure)  1395679K->641K(4193792K), 0.0002541 secs]
49.269: [GC (Allocation Failure)  1395679K->641K(4193792K), 0.0002525 secs]
49.284: [GC (Allocation Failure)  1395679K->641K(4193792K), 0.0002742 secs]
49.299: [GC (Allocation Failure)  1395679K->641K(4193792K), 0.0003397 secs]
49.314: [GC (Allocation Failure)  1395679K->641K(4193792K), 0.0002819 secs]
49.329: [GC (Allocation Failure)  1395679K->641K(4193792K), 0.0005253 secs]
49.343: [GC (Allocation Failure)  1395679K->641K(4193792K), 0.0002305 secs]
49.357: [GC (Allocation Failure)  1395679K->641K(4193792K), 0.0002546 secs]
49.372: [GC (Allocation Failure)  1395679K->641K(4193792K), 0.0002719 secs]
49.386: [GC (Allocation Failure)  1395679K->641K(4193792K), 0.0002701 secs]
49.400: [GC (Allocation Failure)  1395679K->641K(4193792K), 0.0003476 secs]
49.415: [GC (Allocation Failure)  1395679K->641K(4193792K), 0.0002854 secs]
49.430: [GC (Allocation Failure)  1395679K->641K(4193792K), 0.0002771 secs]
49.445: [GC (Allocation Failure)  1395679K->641K(4193792K), 0.0002411 secs]
49.459: [GC (Allocation Failure)  1395679K->641K(4193792K), 0.0003268 secs]
49.474: [GC (Allocation Failure)  1395679K->641K(4193792K), 0.0002821 secs]
49.489: [GC (Allocation Failure)  1395679K->641K(4193792K), 0.0002232 secs]
49.504: [GC (Allocation Failure)  1395679K->641K(4193792K), 0.0002943 secs]
49.519: [GC (Allocation Failure)  1395679K->641K(4193792K), 0.0003532 secs]
49.533: [GC (Allocation Failure)  1395679K->641K(4193792K), 0.0002331 secs]
49.547: [GC (Allocation Failure)  1395679K->641K(4193792K), 0.0002775 secs]
49.561: [GC (Allocation Failure)  1395679K->641K(4193792K), 0.0002292 secs]
49.575: [GC (Allocation Failure)  1395679K->641K(4193792K), 0.0003059 secs]
49.590: [GC (Allocation Failure)  1395679K->641K(4193792K), 0.0002983 secs]
49.604: [GC (Allocation Failure)  1395679K->641K(4193792K), 0.0003123 secs]
49.619: [GC (Allocation Failure)  1395679K->641K(4193792K), 0.0002616 secs]
49.634: [GC (Allocation Failure)  1395679K->641K(4193792K), 0.0002742 secs]
49.649: [GC (Allocation Failure)  1395679K->641K(4193792K), 0.0004902 secs]
49.664: [GC (Allocation Failure)  1395679K->641K(4193792K), 0.0002813 secs]
49.679: [GC (Allocation Failure)  1395679K->641K(4193792K), 0.0002877 secs]
49.693: [GC (Allocation Failure)  1395679K->641K(4193792K), 0.0003171 secs]
49.708: [GC (Allocation Failure)  1395679K->641K(4193792K), 0.0002913 secs]
49.723: [GC (Allocation Failure)  1395679K->641K(4193792K), 0.0002965 secs]
49.737: [GC (Allocation Failure)  1395679K->641K(4193792K), 0.0002524 secs]
49.751: [GC (Allocation Failure)  1395679K->641K(4193792K), 0.0002783 secs]
49.766: [GC (Allocation Failure)  1395679K->641K(4193792K), 0.0002168 secs]
49.780: [GC (Allocation Failure)  1395679K->641K(4193792K), 0.0003038 secs]
49.795: [GC (Allocation Failure)  1395679K->641K(4193792K), 0.0002834 secs]
49.809: [GC (Allocation Failure)  1395679K->641K(4193792K), 0.0002991 secs]
49.824: [GC (Allocation Failure)  1395679K->641K(4193792K), 0.0004035 secs]
49.839: [GC (Allocation Failure)  1395679K->641K(4193792K), 0.0003183 secs]
49.853: [GC (Allocation Failure)  1395679K->641K(4193792K), 0.0002488 secs]
49.868: [GC (Allocation Failure)  1395679K->641K(4193792K), 0.0002652 secs]
49.883: [GC (Allocation Failure)  1395679K->641K(4193792K), 0.0002521 secs]
49.898: [GC (Allocation Failure)  1395679K->641K(4193792K), 0.0006039 secs]
49.914: [GC (Allocation Failure)  1395679K->641K(4193792K), 0.0002465 secs]
49.928: [GC (Allocation Failure)  1395679K->641K(4193792K), 0.0002603 secs]
49.942: [GC (Allocation Failure)  1395679K->641K(4193792K), 0.0002523 secs]
49.956: [GC (Allocation Failure)  1395679K->641K(4193792K), 0.0002717 secs]
49.970: [GC (Allocation Failure)  1395679K->641K(4193792K), 0.0002726 secs]
49.984: [GC (Allocation Failure)  1395679K->641K(4193792K), 0.0002111 secs]
49.998: [GC (Allocation Failure)  1395679K->641K(4193792K), 0.0002678 secs]
50.012: [GC (Allocation Failure)  1395679K->641K(4193792K), 0.0003004 secs]
50.027: [GC (Allocation Failure)  1395679K->641K(4193792K), 0.0002726 secs]
50.042: [GC (Allocation Failure)  1395679K->641K(4193792K), 0.0002733 secs]
50.057: [GC (Allocation Failure)  1395679K->641K(4193792K), 0.0002710 secs]
50.072: [GC (Allocation Failure)  1395679K->641K(4193792K), 0.0002873 secs]
50.087: [GC (Allocation Failure)  1395679K->641K(4193792K), 0.0002480 secs]
50.101: [GC (Allocation Failure)  1395679K->641K(4193792K), 0.0002674 secs]
50.116: [GC (Allocation Failure)  1395679K->641K(4193792K), 0.0002738 secs]
50.131: [GC (Allocation Failure)  1395679K->641K(4193792K), 0.0003180 secs]
50.145: [GC (Allocation Failure)  1395679K->641K(4193792K), 0.0002874 secs]
50.159: [GC (Allocation Failure)  1395679K->641K(4193792K), 0.0002657 secs]
50.174: [GC (Allocation Failure)  1395679K->641K(4193792K), 0.0002580 secs]
50.188: [GC (Allocation Failure)  1395679K->641K(4193792K), 0.0003255 secs]
50.202: [GC (Allocation Failure)  1395679K->641K(4193792K), 0.0002711 secs]
50.216: [GC (Allocation Failure)  1395679K->641K(4193792K), 0.0002671 secs]
50.231: [GC (Allocation Failure)  1395679K->641K(4193792K), 0.0002898 secs]
50.245: [GC (Allocation Failure)  1395679K->641K(4193792K), 0.0002691 secs]
50.259: [GC (Allocation Failure)  1395679K->641K(4193792K), 0.0002968 secs]
50.273: [GC (Allocation Failure)  1395679K->641K(4193792K), 0.0002735 secs]
50.287: [GC (Allocation Failure)  1395679K->641K(4193792K), 0.0002561 secs]
50.302: [GC (Allocation Failure)  1395679K->641K(4193792K), 0.0002839 secs]
50.317: [GC (Allocation Failure)  1395679K->641K(4193792K), 0.0003791 secs]
50.331: [GC (Allocation Failure)  1395679K->641K(4193792K), 0.0002560 secs]
50.346: [GC (Allocation Failure)  1395679K->641K(4193792K), 0.0006847 secs]
50.362: [GC (Allocation Failure)  1395679K->641K(4193792K), 0.0002592 secs]
50.377: [GC (Allocation Failure)  1395679K->641K(4193792K), 0.0003433 secs]
50.391: [GC (Allocation Failure)  1395679K->641K(4193792K), 0.0002650 secs]
50.406: [GC (Allocation Failure)  1395679K->641K(4193792K), 0.0002467 secs]
50.421: [GC (Allocation Failure)  1395679K->641K(4193792K), 0.0002985 secs]
50.435: [GC (Allocation Failure)  1395679K->641K(4193792K), 0.0003045 secs]
50.450: [GC (Allocation Failure)  1395679K->641K(4193792K), 0.0002780 secs]
50.464: [GC (Allocation Failure)  1395679K->641K(4193792K), 0.0002776 secs]
50.478: [GC (Allocation Failure)  1395679K->641K(4193792K), 0.0002354 secs]
50.492: [GC (Allocation Failure)  1395679K->641K(4193792K), 0.0002939 secs]
50.507: [GC (Allocation Failure)  1395679K->641K(4193792K), 0.0003075 secs]
50.521: [GC (Allocation Failure)  1395679K->641K(4193792K), 0.0002831 secs]
50.535: [GC (Allocation Failure)  1395679K->641K(4193792K), 0.0002278 secs]
50.549: [GC (Allocation Failure)  1395679K->641K(4193792K), 0.0002643 secs]
50.563: [GC (Allocation Failure)  1395679K->641K(4193792K), 0.0002640 secs]
50.578: [GC (Allocation Failure)  1395679K->641K(4193792K), 0.0002424 secs]
50.592: [GC (Allocation Failure)  1395679K->641K(4193792K), 0.0002627 secs]
50.606: [GC (Allocation Failure)  1395679K->641K(4193792K), 0.0002898 secs]
50.621: [GC (Allocation Failure)  1395679K->641K(4193792K), 0.0004913 secs]
50.636: [GC (Allocation Failure)  1395679K->641K(4193792K), 0.0002638 secs]
50.650: [GC (Allocation Failure)  1395679K->641K(4193792K), 0.0002198 secs]
50.665: [GC (Allocation Failure)  1395679K->641K(4193792K), 0.0002564 secs]
50.680: [GC (Allocation Failure)  1395679K->641K(4193792K), 0.0003163 secs]
50.695: [GC (Allocation Failure)  1395679K->641K(4193792K), 0.0002988 secs]
50.710: [GC (Allocation Failure)  1395679K->641K(4193792K), 0.0003415 secs]
50.725: [GC (Allocation Failure)  1395679K->641K(4193792K), 0.0002785 secs]
50.739: [GC (Allocation Failure)  1395679K->641K(4193792K), 0.0002406 secs]
50.753: [GC (Allocation Failure)  1395679K->641K(4193792K), 0.0002670 secs]
50.768: [GC (Allocation Failure)  1395679K->641K(4193792K), 0.0002470 secs]
50.782: [GC (Allocation Failure)  1395679K->641K(4193792K), 0.0002553 secs]
50.796: [GC (Allocation Failure)  1395679K->641K(4193792K), 0.0002603 secs]
50.810: [GC (Allocation Failure)  1395679K->641K(4193792K), 0.0003030 secs]
50.825: [GC (Allocation Failure)  1395679K->641K(4193792K), 0.0002666 secs]
50.840: [GC (Allocation Failure)  1395679K->641K(4193792K), 0.0002436 secs]
50.855: [GC (Allocation Failure)  1395679K->641K(4193792K), 0.0002650 secs]
50.870: [GC (Allocation Failure)  1395679K->641K(4193792K), 0.0002370 secs]
50.884: [GC (Allocation Failure)  1395679K->641K(4193792K), 0.0002662 secs]
50.899: [GC (Allocation Failure)  1395679K->641K(4193792K), 0.0003224 secs]
50.914: [GC (Allocation Failure)  1395679K->641K(4193792K), 0.0002644 secs]
50.929: [GC (Allocation Failure)  1395679K->641K(4193792K), 0.0002460 secs]
50.943: [GC (Allocation Failure)  1395679K->641K(4193792K), 0.0003628 secs]
50.957: [GC (Allocation Failure)  1395679K->641K(4193792K), 0.0002295 secs]
50.971: [GC (Allocation Failure)  1395679K->641K(4193792K), 0.0002575 secs]
50.986: [GC (Allocation Failure)  1395679K->641K(4193792K), 0.0002154 secs]
51.000: [GC (Allocation Failure)  1395679K->641K(4193792K), 0.0002472 secs]
51.015: [GC (Allocation Failure)  1395679K->641K(4193792K), 0.0003513 secs]
51.030: [GC (Allocation Failure)  1395679K->641K(4193792K), 0.0002820 secs]
51.044: [GC (Allocation Failure)  1395679K->641K(4193792K), 0.0003028 secs]
51.059: [GC (Allocation Failure)  1395679K->641K(4193792K), 0.0016920 secs]
51.075: [GC (Allocation Failure)  1395679K->641K(4193792K), 0.0003040 secs]
51.090: [GC (Allocation Failure)  1395679K->641K(4193792K), 0.0002470 secs]
51.105: [GC (Allocation Failure)  1395679K->641K(4193792K), 0.0003425 secs]
51.120: [GC (Allocation Failure)  1395679K->641K(4193792K), 0.0003192 secs]
51.134: [GC (Allocation Failure)  1395679K->641K(4193792K), 0.0002335 secs]
51.149: [GC (Allocation Failure)  1395679K->641K(4193792K), 0.0002443 secs]
51.163: [GC (Allocation Failure)  1395679K->641K(4193792K), 0.0003017 secs]
51.177: [GC (Allocation Failure)  1395679K->641K(4193792K), 0.0003195 secs]
51.191: [GC (Allocation Failure)  1395679K->641K(4193792K), 0.0002914 secs]
51.206: [GC (Allocation Failure)  1395679K->641K(4193792K), 0.0003000 secs]
51.220: [GC (Allocation Failure)  1395679K->641K(4193792K), 0.0003130 secs]
51.234: [GC (Allocation Failure)  1395679K->641K(4193792K), 0.0002766 secs]
51.249: [GC (Allocation Failure)  1395679K->641K(4193792K), 0.0003035 secs]
51.264: [GC (Allocation Failure)  1395679K->641K(4193792K), 0.0003092 secs]
51.279: [GC (Allocation Failure)  1395679K->641K(4193792K), 0.0003898 secs]
51.293: [GC (Allocation Failure)  1395679K->641K(4193792K), 0.0003502 secs]
51.308: [GC (Allocation Failure)  1395679K->641K(4193792K), 0.0002925 secs]
51.323: [GC (Allocation Failure)  1395679K->641K(4193792K), 0.0002938 secs]
51.338: [GC (Allocation Failure)  1395679K->641K(4193792K), 0.0002341 secs]
51.352: [GC (Allocation Failure)  1395679K->641K(4193792K), 0.0003220 secs]
51.366: [GC (Allocation Failure)  1395679K->641K(4193792K), 0.0002500 secs]
51.380: [GC (Allocation Failure)  1395679K->641K(4193792K), 0.0002546 secs]
51.394: [GC (Allocation Failure)  1395679K->641K(4193792K), 0.0002320 secs]
51.409: [GC (Allocation Failure)  1395679K->641K(4193792K), 0.0003506 secs]
51.423: [GC (Allocation Failure)  1395679K->641K(4193792K), 0.0003147 secs]
51.438: [GC (Allocation Failure)  1395679K->641K(4193792K), 0.0002648 secs]
51.453: [GC (Allocation Failure)  1395679K->641K(4193792K), 0.0002582 secs]
51.467: [GC (Allocation Failure)  1395679K->641K(4193792K), 0.0002483 secs]
51.482: [GC (Allocation Failure)  1395679K->641K(4193792K), 0.0002669 secs]
51.496: [GC (Allocation Failure)  1395679K->641K(4193792K), 0.0003079 secs]
51.512: [GC (Allocation Failure)  1395679K->641K(4193792K), 0.0003688 secs]
51.527: [GC (Allocation Failure)  1395679K->641K(4193792K), 0.0002750 secs]
51.541: [GC (Allocation Failure)  1395679K->641K(4193792K), 0.0002501 secs]
51.555: [GC (Allocation Failure)  1395679K->641K(4193792K), 0.0002718 secs]
51.569: [GC (Allocation Failure)  1395679K->641K(4193792K), 0.0002484 secs]
51.583: [GC (Allocation Failure)  1395679K->641K(4193792K), 0.0002673 secs]
51.598: [GC (Allocation Failure)  1395679K->641K(4193792K), 0.0002673 secs]
51.612: [GC (Allocation Failure)  1395679K->641K(4193792K), 0.0002538 secs]
51.626: [GC (Allocation Failure)  1395679K->641K(4193792K), 0.0002969 secs]
51.641: [GC (Allocation Failure)  1395679K->641K(4193792K), 0.0031859 secs]
51.659: [GC (Allocation Failure)  1395679K->641K(4193792K), 0.0002426 secs]
51.673: [GC (Allocation Failure)  1395679K->641K(4193792K), 0.0002754 secs]
51.688: [GC (Allocation Failure)  1395679K->641K(4193792K), 0.0002785 secs]
51.703: [GC (Allocation Failure)  1395679K->641K(4193792K), 0.0002370 secs]
51.717: [GC (Allocation Failure)  1395679K->641K(4193792K), 0.0002729 secs]
51.734: [GC (Allocation Failure)  1395679K->641K(4193792K), 0.0002895 secs]
51.748: [GC (Allocation Failure)  1395679K->641K(4193792K), 0.0002714 secs]
51.763: [GC (Allocation Failure)  1395679K->641K(4193792K), 0.0002496 secs]
51.777: [GC (Allocation Failure)  1395679K->641K(4193792K), 0.0002526 secs]
51.792: [GC (Allocation Failure)  1395679K->641K(4193792K), 0.0002950 secs]
51.806: [GC (Allocation Failure)  1395679K->641K(4193792K), 0.0002568 secs]
51.821: [GC (Allocation Failure)  1395679K->641K(4193792K), 0.0002565 secs]
51.835: [GC (Allocation Failure)  1395679K->641K(4193792K), 0.0002639 secs]
51.850: [GC (Allocation Failure)  1395679K->641K(4193792K), 0.0003030 secs]
51.865: [GC (Allocation Failure)  1395679K->641K(4193792K), 0.0002332 secs]
51.880: [GC (Allocation Failure)  1395679K->641K(4193792K), 0.0002915 secs]
51.895: [GC (Allocation Failure)  1395679K->641K(4193792K), 0.0003432 secs]
51.910: [GC (Allocation Failure)  1395679K->641K(4193792K), 0.0003104 secs]
51.925: [GC (Allocation Failure)  1395679K->641K(4193792K), 0.0002850 secs]
51.939: [GC (Allocation Failure)  1395679K->641K(4193792K), 0.0002446 secs]
51.953: [GC (Allocation Failure)  1395679K->641K(4193792K), 0.0002838 secs]
51.967: [GC (Allocation Failure)  1395679K->641K(4193792K), 0.0002728 secs]
51.982: [GC (Allocation Failure)  1395679K->641K(4193792K), 0.0002619 secs]
51.996: [GC (Allocation Failure)  1395679K->641K(4193792K), 0.0002537 secs]
52.010: [GC (Allocation Failure)  1395679K->641K(4193792K), 0.0003815 secs]
52.024: [GC (Allocation Failure)  1395679K->641K(4193792K), 0.0003059 secs]
52.039: [GC (Allocation Failure)  1395679K->641K(4193792K), 0.0002689 secs]
52.053: [GC (Allocation Failure)  1395679K->641K(4193792K), 0.0002727 secs]
52.067: [GC (Allocation Failure)  1395679K->641K(4193792K), 0.0002599 secs]
52.082: [GC (Allocation Failure)  1395679K->641K(4193792K), 0.0003164 secs]
52.096: [GC (Allocation Failure)  1395679K->641K(4193792K), 0.0001936 secs]
52.110: [GC (Allocation Failure)  1395679K->641K(4193792K), 0.0003436 secs]
52.125: [GC (Allocation Failure)  1395679K->641K(4193792K), 0.0002687 secs]
52.140: [GC (Allocation Failure)  1395679K->641K(4193792K), 0.0002537 secs]
52.155: [GC (Allocation Failure)  1395679K->641K(4193792K), 0.0002469 secs]
52.170: [GC (Allocation Failure)  1395679K->641K(4193792K), 0.0003332 secs]
52.185: [GC (Allocation Failure)  1395679K->641K(4193792K), 0.0007184 secs]
52.200: [GC (Allocation Failure)  1395679K->641K(4193792K), 0.0015969 secs]
52.216: [GC (Allocation Failure)  1395679K->641K(4193792K), 0.0002779 secs]
52.230: [GC (Allocation Failure)  1395679K->641K(4193792K), 0.0002768 secs]
52.248: [GC (Allocation Failure)  1395679K->641K(4193792K), 0.0002476 secs]
52.262: [GC (Allocation Failure)  1395679K->641K(4193792K), 0.0003954 secs]
52.276: [GC (Allocation Failure)  1395679K->641K(4193792K), 0.0002781 secs]
52.291: [GC (Allocation Failure)  1395679K->641K(4193792K), 0.0003262 secs]
52.305: [GC (Allocation Failure)  1395679K->641K(4193792K), 0.0018022 secs]
52.323: [GC (Allocation Failure)  1395679K->641K(4193792K), 0.0002712 secs]
52.340: [GC (Allocation Failure)  1395679K->641K(4193792K), 0.0002718 secs]
52.355: [GC (Allocation Failure)  1395679K->641K(4193792K), 0.0003936 secs]
52.369: [GC (Allocation Failure)  1395679K->641K(4193792K), 0.0002913 secs]
52.385: [GC (Allocation Failure)  1395679K->641K(4193792K), 0.0006542 secs]
52.400: [GC (Allocation Failure)  1395679K->641K(4193792K), 0.0007510 secs]
52.415: [GC (Allocation Failure)  1395679K->641K(4193792K), 0.0002533 secs]
52.430: [GC (Allocation Failure)  1395679K->641K(4193792K), 0.0003013 secs]
52.444: [GC (Allocation Failure)  1395679K->641K(4193792K), 0.0003034 secs]
52.461: [GC (Allocation Failure)  1395679K->641K(4193792K), 0.0002719 secs]
52.475: [GC (Allocation Failure)  1395679K->641K(4193792K), 0.0004055 secs]
52.489: [GC (Allocation Failure)  1395679K->641K(4193792K), 0.0002848 secs]
52.504: [GC (Allocation Failure)  1395679K->641K(4193792K), 0.0002869 secs]
52.518: [GC (Allocation Failure)  1395679K->641K(4193792K), 0.0003315 secs]
52.533: [GC (Allocation Failure)  1395679K->641K(4193792K), 0.0005532 secs]
52.547: [GC (Allocation Failure)  1395679K->641K(4193792K), 0.0007531 secs]
52.564: [GC (Allocation Failure)  1395679K->641K(4193792K), 0.0003091 secs]
52.579: [GC (Allocation Failure)  1395679K->641K(4193792K), 0.0007463 secs]
52.598: [GC (Allocation Failure)  1395679K->641K(4193792K), 0.0002836 secs]
52.613: [GC (Allocation Failure)  1395679K->641K(4193792K), 0.0002921 secs]
52.628: [GC (Allocation Failure)  1395679K->641K(4193792K), 0.0007956 secs]
52.642: [GC (Allocation Failure)  1395679K->641K(4193792K), 0.0002775 secs]
52.656: [GC (Allocation Failure)  1395679K->641K(4193792K), 0.0002584 secs]
52.670: [GC (Allocation Failure)  1395679K->641K(4193792K), 0.0002597 secs]
52.685: [GC (Allocation Failure)  1395679K->641K(4193792K), 0.0002699 secs]
52.699: [GC (Allocation Failure)  1395679K->641K(4193792K), 0.0002846 secs]
52.713: [GC (Allocation Failure)  1395679K->641K(4193792K), 0.0002233 secs]
52.728: [GC (Allocation Failure)  1395679K->641K(4193792K), 0.0002347 secs]
52.742: [GC (Allocation Failure)  1395679K->641K(4193792K), 0.0003123 secs]
52.757: [GC (Allocation Failure)  1395679K->641K(4193792K), 0.0006243 secs]
52.773: [GC (Allocation Failure)  1395679K->641K(4193792K), 0.0002862 secs]
52.788: [GC (Allocation Failure)  1395679K->641K(4193792K), 0.0003093 secs]
52.803: [GC (Allocation Failure)  1395679K->641K(4193792K), 0.0002785 secs]
52.817: [GC (Allocation Failure)  1395679K->641K(4193792K), 0.0002680 secs]
52.832: [GC (Allocation Failure)  1395679K->641K(4193792K), 0.0002751 secs]
52.849: [GC (Allocation Failure)  1395679K->641K(4193792K), 0.0003341 secs]
52.863: [GC (Allocation Failure)  1395679K->641K(4193792K), 0.0002454 secs]
52.877: [GC (Allocation Failure)  1395679K->641K(4193792K), 0.0002686 secs]
52.891: [GC (Allocation Failure)  1395679K->641K(4193792K), 0.0002840 secs]
52.906: [GC (Allocation Failure)  1395679K->641K(4193792K), 0.0002537 secs]
52.920: [GC (Allocation Failure)  1395679K->641K(4193792K), 0.0002782 secs]
52.934: [GC (Allocation Failure)  1395679K->641K(4193792K), 0.0002519 secs]
52.949: [GC (Allocation Failure)  1395679K->641K(4193792K), 0.0002505 secs]
52.963: [GC (Allocation Failure)  1395679K->641K(4193792K), 0.0002253 secs]
52.977: [GC (Allocation Failure)  1395679K->641K(4193792K), 0.0002199 secs]
52.991: [GC (Allocation Failure)  1395679K->641K(4193792K), 0.0002520 secs]
53.006: [GC (Allocation Failure)  1395679K->641K(4193792K), 0.0003339 secs]
53.021: [GC (Allocation Failure)  1395679K->641K(4193792K), 0.0003572 secs]
53.035: [GC (Allocation Failure)  1395679K->641K(4193792K), 0.0002637 secs]
53.051: [GC (Allocation Failure)  1395679K->641K(4193792K), 0.0002783 secs]
53.066: [GC (Allocation Failure)  1395679K->641K(4193792K), 0.0002718 secs]
53.080: [GC (Allocation Failure)  1395679K->641K(4193792K), 0.0002283 secs]
53.096: [GC (Allocation Failure)  1395679K->641K(4193792K), 0.0003845 secs]
53.111: [GC (Allocation Failure)  1395679K->641K(4193792K), 0.0002568 secs]
53.125: [GC (Allocation Failure)  1395679K->641K(4193792K), 0.0002938 secs]
53.140: [GC (Allocation Failure)  1395679K->641K(4193792K), 0.0003277 secs]
53.154: [GC (Allocation Failure)  1395679K->641K(4193792K), 0.0002993 secs]
53.168: [GC (Allocation Failure)  1395679K->641K(4193792K), 0.0002466 secs]
53.183: [GC (Allocation Failure)  1395679K->641K(4193792K), 0.0002696 secs]
53.197: [GC (Allocation Failure)  1395679K->641K(4193792K), 0.0003879 secs]
53.212: [GC (Allocation Failure)  1395679K->641K(4193792K), 0.0003422 secs]
53.226: [GC (Allocation Failure)  1395679K->641K(4193792K), 0.0011602 secs]
53.241: [GC (Allocation Failure)  1395679K->641K(4193792K), 0.0003971 secs]
53.256: [GC (Allocation Failure)  1395679K->641K(4193792K), 0.0002679 secs]
53.271: [GC (Allocation Failure)  1395679K->641K(4193792K), 0.0002662 secs]
53.286: [GC (Allocation Failure)  1395679K->641K(4193792K), 0.0008007 secs]
53.302: [GC (Allocation Failure)  1395679K->641K(4193792K), 0.0003960 secs]
53.317: [GC (Allocation Failure)  1395679K->641K(4193792K), 0.0003485 secs]
53.332: [GC (Allocation Failure)  1395679K->641K(4193792K), 0.0002954 secs]
53.347: [GC (Allocation Failure)  1395679K->641K(4193792K), 0.0002817 secs]
53.362: [GC (Allocation Failure)  1395679K->641K(4193792K), 0.0008646 secs]
53.377: [GC (Allocation Failure)  1395679K->641K(4193792K), 0.0003066 secs]
53.391: [GC (Allocation Failure)  1395679K->641K(4193792K), 0.0003716 secs]
53.405: [GC (Allocation Failure)  1395679K->641K(4193792K), 0.0003025 secs]
53.419: [GC (Allocation Failure)  1395679K->641K(4193792K), 0.0003339 secs]
53.434: [GC (Allocation Failure)  1395679K->641K(4193792K), 0.0004043 secs]
53.449: [GC (Allocation Failure)  1395679K->641K(4193792K), 0.0003556 secs]
53.464: [GC (Allocation Failure)  1395679K->641K(4193792K), 0.0003835 secs]
53.479: [GC (Allocation Failure)  1395679K->641K(4193792K), 0.0002732 secs]
53.494: [GC (Allocation Failure)  1395679K->641K(4193792K), 0.0003249 secs]
53.508: [GC (Allocation Failure)  1395679K->641K(4193792K), 0.0002689 secs]
53.523: [GC (Allocation Failure)  1395679K->641K(4193792K), 0.0002635 secs]
53.538: [GC (Allocation Failure)  1395679K->641K(4193792K), 0.0002641 secs]
53.552: [GC (Allocation Failure)  1395679K->641K(4193792K), 0.0002488 secs]
53.566: [GC (Allocation Failure)  1395679K->641K(4193792K), 0.0002836 secs]
53.581: [GC (Allocation Failure)  1395679K->641K(4193792K), 0.0002698 secs]
53.595: [GC (Allocation Failure)  1395679K->641K(4193792K), 0.0003476 secs]
53.609: [GC (Allocation Failure)  1395679K->641K(4193792K), 0.0003023 secs]
53.624: [GC (Allocation Failure)  1395679K->641K(4193792K), 0.0002784 secs]
53.638: [GC (Allocation Failure)  1395679K->641K(4193792K), 0.0002783 secs]
53.653: [GC (Allocation Failure)  1395679K->641K(4193792K), 0.0002823 secs]
53.668: [GC (Allocation Failure)  1395679K->641K(4193792K), 0.0009882 secs]
53.683: [GC (Allocation Failure)  1395679K->641K(4193792K), 0.0008545 secs]
53.698: [GC (Allocation Failure)  1395679K->641K(4193792K), 0.0007033 secs]
53.714: [GC (Allocation Failure)  1395679K->641K(4193792K), 0.0006231 secs]
53.729: [GC (Allocation Failure)  1395679K->641K(4193792K), 0.0007218 secs]
53.745: [GC (Allocation Failure)  1395679K->641K(4193792K), 0.0009895 secs]
53.764: [GC (Allocation Failure)  1395679K->641K(4193792K), 0.0008672 secs]
53.783: [GC (Allocation Failure)  1395679K->641K(4193792K), 0.0003419 secs]
53.798: [GC (Allocation Failure)  1395679K->641K(4193792K), 0.0002581 secs]
53.813: [GC (Allocation Failure)  1395679K->641K(4193792K), 0.0002796 secs]
53.827: [GC (Allocation Failure)  1395679K->641K(4193792K), 0.0003093 secs]
53.841: [GC (Allocation Failure)  1395679K->641K(4193792K), 0.0008601 secs]
53.856: [GC (Allocation Failure)  1395679K->641K(4193792K), 0.0002806 secs]
53.871: [GC (Allocation Failure)  1395679K->641K(4193792K), 0.0003091 secs]
53.886: [GC (Allocation Failure)  1395679K->641K(4193792K), 0.0002816 secs]
53.901: [GC (Allocation Failure)  1395679K->641K(4193792K), 0.0002898 secs]
53.915: [GC (Allocation Failure)  1395679K->641K(4193792K), 0.0003262 secs]
53.930: [GC (Allocation Failure)  1395679K->641K(4193792K), 0.0003710 secs]
53.944: [GC (Allocation Failure)  1395679K->641K(4193792K), 0.0002597 secs]
53.958: [GC (Allocation Failure)  1395679K->641K(4193792K), 0.0003145 secs]
53.972: [GC (Allocation Failure)  1395679K->641K(4193792K), 0.0002783 secs]
53.986: [GC (Allocation Failure)  1395679K->641K(4193792K), 0.0002727 secs]
54.001: [GC (Allocation Failure)  1395679K->641K(4193792K), 0.0002375 secs]
54.014: [GC (Allocation Failure)  1395679K->641K(4193792K), 0.0002818 secs]
54.029: [GC (Allocation Failure)  1395679K->641K(4193792K), 0.0003067 secs]
54.043: [GC (Allocation Failure)  1395679K->641K(4193792K), 0.0002989 secs]
54.057: [GC (Allocation Failure)  1395679K->641K(4193792K), 0.0003280 secs]
54.071: [GC (Allocation Failure)  1395679K->641K(4193792K), 0.0015789 secs]
54.086: [GC (Allocation Failure)  1395679K->641K(4193792K), 0.0002468 secs]
54.100: [GC (Allocation Failure)  1395679K->641K(4193792K), 0.0003221 secs]
54.115: [GC (Allocation Failure)  1395679K->641K(4193792K), 0.0003566 secs]
54.129: [GC (Allocation Failure)  1395679K->641K(4193792K), 0.0002975 secs]
54.144: [GC (Allocation Failure)  1395679K->641K(4193792K), 0.0002827 secs]
54.159: [GC (Allocation Failure)  1395679K->641K(4193792K), 0.0002660 secs]
54.174: [GC (Allocation Failure)  1395679K->641K(4193792K), 0.0002858 secs]
54.189: [GC (Allocation Failure)  1395679K->641K(4193792K), 0.0002681 secs]
54.205: [GC (Allocation Failure)  1395679K->641K(4193792K), 0.0002713 secs]
54.220: [GC (Allocation Failure)  1395679K->641K(4193792K), 0.0002773 secs]
54.234: [GC (Allocation Failure)  1395679K->641K(4193792K), 0.0002090 secs]
54.248: [GC (Allocation Failure)  1395679K->641K(4193792K), 0.0002461 secs]
54.262: [GC (Allocation Failure)  1395679K->641K(4193792K), 0.0002595 secs]
54.277: [GC (Allocation Failure)  1395679K->641K(4193792K), 0.0002839 secs]
54.291: [GC (Allocation Failure)  1395679K->641K(4193792K), 0.0002589 secs]
54.306: [GC (Allocation Failure)  1395679K->641K(4193792K), 0.0003134 secs]
54.320: [GC (Allocation Failure)  1395679K->641K(4193792K), 0.0003092 secs]
54.335: [GC (Allocation Failure)  1395679K->641K(4193792K), 0.0002744 secs]
54.350: [GC (Allocation Failure)  1395679K->641K(4193792K), 0.0003423 secs]
54.365: [GC (Allocation Failure)  1395679K->641K(4193792K), 0.0002772 secs]
54.380: [GC (Allocation Failure)  1395679K->641K(4193792K), 0.0002580 secs]
54.395: [GC (Allocation Failure)  1395679K->641K(4193792K), 0.0003198 secs]
54.409: [GC (Allocation Failure)  1395679K->641K(4193792K), 0.0002582 secs]
54.424: [GC (Allocation Failure)  1395679K->641K(4193792K), 0.0002754 secs]
54.438: [GC (Allocation Failure)  1395679K->641K(4193792K), 0.0002749 secs]
54.453: [GC (Allocation Failure)  1395679K->641K(4193792K), 0.0002664 secs]
54.467: [GC (Allocation Failure)  1395679K->641K(4193792K), 0.0002935 secs]
54.481: [GC (Allocation Failure)  1395679K->641K(4193792K), 0.0002255 secs]
54.496: [GC (Allocation Failure)  1395679K->641K(4193792K), 0.0003070 secs]
54.510: [GC (Allocation Failure)  1395679K->641K(4193792K), 0.0002829 secs]
54.524: [GC (Allocation Failure)  1395679K->641K(4193792K), 0.0002637 secs]
54.538: [GC (Allocation Failure)  1395679K->641K(4193792K), 0.0002849 secs]
54.552: [GC (Allocation Failure)  1395679K->641K(4193792K), 0.0002560 secs]
54.566: [GC (Allocation Failure)  1395679K->641K(4193792K), 0.0002904 secs]
54.580: [GC (Allocation Failure)  1395679K->641K(4193792K), 0.0002770 secs]
54.595: [GC (Allocation Failure)  1395679K->641K(4193792K), 0.0002864 secs]
54.610: [GC (Allocation Failure)  1395679K->641K(4193792K), 0.0002469 secs]
54.625: [GC (Allocation Failure)  1395679K->641K(4193792K), 0.0002916 secs]
54.639: [GC (Allocation Failure)  1395679K->641K(4193792K), 0.0003346 secs]
54.654: [GC (Allocation Failure)  1395679K->641K(4193792K), 0.0002568 secs]
54.669: [GC (Allocation Failure)  1395679K->641K(4193792K), 0.0002967 secs]
54.685: [GC (Allocation Failure)  1395679K->641K(4193792K), 0.0002743 secs]
54.699: [GC (Allocation Failure)  1395679K->641K(4193792K), 0.0002345 secs]
54.714: [GC (Allocation Failure)  1395679K->641K(4193792K), 0.0003757 secs]
54.729: [GC (Allocation Failure)  1395679K->641K(4193792K), 0.0002871 secs]
54.744: [GC (Allocation Failure)  1395679K->641K(4193792K), 0.0003487 secs]
54.758: [GC (Allocation Failure)  1395679K->641K(4193792K), 0.0002449 secs]
54.772: [GC (Allocation Failure)  1395679K->641K(4193792K), 0.0002832 secs]
54.786: [GC (Allocation Failure)  1395679K->641K(4193792K), 0.0002394 secs]
54.801: [GC (Allocation Failure)  1395679K->641K(4193792K), 0.0003003 secs]
54.816: [GC (Allocation Failure)  1395679K->641K(4193792K), 0.0003228 secs]
54.831: [GC (Allocation Failure)  1395679K->641K(4193792K), 0.0002503 secs]
54.846: [GC (Allocation Failure)  1395679K->641K(4193792K), 0.0003164 secs]
54.861: [GC (Allocation Failure)  1395679K->641K(4193792K), 0.0016988 secs]
54.877: [GC (Allocation Failure)  1395679K->641K(4193792K), 0.0002593 secs]
54.892: [GC (Allocation Failure)  1395679K->641K(4193792K), 0.0003051 secs]
54.906: [GC (Allocation Failure)  1395679K->641K(4193792K), 0.0012120 secs]
54.922: [GC (Allocation Failure)  1395679K->641K(4193792K), 0.0003105 secs]
54.937: [GC (Allocation Failure)  1395679K->641K(4193792K), 0.0003437 secs]
54.951: [GC (Allocation Failure)  1395679K->641K(4193792K), 0.0003688 secs]
54.966: [GC (Allocation Failure)  1395679K->641K(4193792K), 0.0042400 secs]
54.984: [GC (Allocation Failure)  1395679K->641K(4193792K), 0.0003410 secs]
54.999: [GC (Allocation Failure)  1395679K->641K(4193792K), 0.0003745 secs]
55.014: [GC (Allocation Failure)  1395679K->641K(4193792K), 0.0002944 secs]
55.028: [GC (Allocation Failure)  1395679K->641K(4193792K), 0.0003098 secs]
55.043: [GC (Allocation Failure)  1395679K->641K(4193792K), 0.0002491 secs]
55.058: [GC (Allocation Failure)  1395679K->641K(4193792K), 0.0003544 secs]
55.073: [GC (Allocation Failure)  1395679K->641K(4193792K), 0.0002473 secs]
55.088: [GC (Allocation Failure)  1395679K->641K(4193792K), 0.0015764 secs]
55.104: [GC (Allocation Failure)  1395679K->641K(4193792K), 0.0002856 secs]
55.119: [GC (Allocation Failure)  1395679K->641K(4193792K), 0.0005060 secs]
55.134: [GC (Allocation Failure)  1395679K->641K(4193792K), 0.0002867 secs]
55.151: [GC (Allocation Failure)  1395679K->641K(4193792K), 0.0004033 secs]
55.165: [GC (Allocation Failure)  1395679K->641K(4193792K), 0.0010095 secs]
55.180: [GC (Allocation Failure)  1395679K->641K(4193792K), 0.0002455 secs]
55.195: [GC (Allocation Failure)  1395679K->641K(4193792K), 0.0003563 secs]
55.209: [GC (Allocation Failure)  1395679K->641K(4193792K), 0.0002720 secs]
55.224: [GC (Allocation Failure)  1395679K->641K(4193792K), 0.0003568 secs]
55.238: [GC (Allocation Failure)  1395679K->641K(4193792K), 0.0005947 secs]
55.254: [GC (Allocation Failure)  1395679K->641K(4193792K), 0.0007750 secs]
55.270: [GC (Allocation Failure)  1395679K->641K(4193792K), 0.0010516 secs]
55.285: [GC (Allocation Failure)  1395679K->641K(4193792K), 0.0002706 secs]
55.300: [GC (Allocation Failure)  1395679K->641K(4193792K), 0.0002495 secs]
55.315: [GC (Allocation Failure)  1395679K->641K(4193792K), 0.0004549 secs]
55.330: [GC (Allocation Failure)  1395679K->641K(4193792K), 0.0002709 secs]
55.344: [GC (Allocation Failure)  1395679K->641K(4193792K), 0.0002558 secs]
55.359: [GC (Allocation Failure)  1395679K->641K(4193792K), 0.0002720 secs]
55.373: [GC (Allocation Failure)  1395679K->641K(4193792K), 0.0003090 secs]
55.387: [GC (Allocation Failure)  1395679K->641K(4193792K), 0.0002955 secs]
55.402: [GC (Allocation Failure)  1395679K->641K(4193792K), 0.0002596 secs]
55.417: [GC (Allocation Failure)  1395679K->641K(4193792K), 0.0002890 secs]
55.432: [GC (Allocation Failure)  1395679K->641K(4193792K), 0.0011978 secs]
55.447: [GC (Allocation Failure)  1395679K->641K(4193792K), 0.0003055 secs]
55.462: [GC (Allocation Failure)  1395679K->641K(4193792K), 0.0003074 secs]
55.478: [GC (Allocation Failure)  1395679K->641K(4193792K), 0.0010124 secs]
55.493: [GC (Allocation Failure)  1395679K->641K(4193792K), 0.0003406 secs]
55.508: [GC (Allocation Failure)  1395679K->641K(4193792K), 0.0003222 secs]
55.523: [GC (Allocation Failure)  1395679K->641K(4193792K), 0.0002511 secs]
55.538: [GC (Allocation Failure)  1395679K->641K(4193792K), 0.0003051 secs]
55.552: [GC (Allocation Failure)  1395679K->641K(4193792K), 0.0003083 secs]
55.566: [GC (Allocation Failure)  1395679K->641K(4193792K), 0.0001996 secs]
55.580: [GC (Allocation Failure)  1395679K->641K(4193792K), 0.0002731 secs]
55.595: [GC (Allocation Failure)  1395679K->641K(4193792K), 0.0003258 secs]
55.609: [GC (Allocation Failure)  1395679K->641K(4193792K), 0.0002465 secs]
55.624: [GC (Allocation Failure)  1395679K->641K(4193792K), 0.0002536 secs]
55.639: [GC (Allocation Failure)  1395679K->641K(4193792K), 0.0003010 secs]
55.654: [GC (Allocation Failure)  1395679K->641K(4193792K), 0.0002973 secs]
55.669: [GC (Allocation Failure)  1395679K->641K(4193792K), 0.0005072 secs]
55.684: [GC (Allocation Failure)  1395679K->641K(4193792K), 0.0003420 secs]
55.699: [GC (Allocation Failure)  1395679K->641K(4193792K), 0.0005148 secs]
55.714: [GC (Allocation Failure)  1395679K->641K(4193792K), 0.0003774 secs]
55.729: [GC (Allocation Failure)  1395679K->641K(4193792K), 0.0002662 secs]
55.744: [GC (Allocation Failure)  1395679K->641K(4193792K), 0.0002568 secs]
55.758: [GC (Allocation Failure)  1395679K->641K(4193792K), 0.0005581 secs]
55.772: [GC (Allocation Failure)  1395679K->641K(4193792K), 0.0003004 secs]
55.787: [GC (Allocation Failure)  1395679K->641K(4193792K), 0.0003321 secs]
55.802: [GC (Allocation Failure)  1395679K->641K(4193792K), 0.0002555 secs]
55.816: [GC (Allocation Failure)  1395679K->641K(4193792K), 0.0002503 secs]
55.830: [GC (Allocation Failure)  1395679K->641K(4193792K), 0.0002615 secs]
55.844: [GC (Allocation Failure)  1395679K->641K(4193792K), 0.0002832 secs]
55.858: [GC (Allocation Failure)  1395679K->641K(4193792K), 0.0002709 secs]
55.873: [GC (Allocation Failure)  1395679K->641K(4193792K), 0.0002644 secs]
55.887: [GC (Allocation Failure)  1395679K->641K(4193792K), 0.0002770 secs]
55.901: [GC (Allocation Failure)  1395679K->641K(4193792K), 0.0002694 secs]
55.916: [GC (Allocation Failure)  1395679K->641K(4193792K), 0.0002924 secs]
55.931: [GC (Allocation Failure)  1395679K->641K(4193792K), 0.0002988 secs]
55.946: [GC (Allocation Failure)  1395679K->641K(4193792K), 0.0002807 secs]
55.961: [GC (Allocation Failure)  1395679K->641K(4193792K), 0.0002872 secs]
55.976: [GC (Allocation Failure)  1395679K->641K(4193792K), 0.0002718 secs]
55.991: [GC (Allocation Failure)  1395679K->641K(4193792K), 0.0003486 secs]
56.005: [GC (Allocation Failure)  1395679K->641K(4193792K), 0.0005440 secs]
56.020: [GC (Allocation Failure)  1395679K->641K(4193792K), 0.0002796 secs]
56.037: [GC (Allocation Failure)  1395679K->641K(4193792K), 0.0003162 secs]
56.051: [GC (Allocation Failure)  1395679K->641K(4193792K), 0.0002287 secs]
56.066: [GC (Allocation Failure)  1395679K->641K(4193792K), 0.0002483 secs]
56.080: [GC (Allocation Failure)  1395679K->641K(4193792K), 0.0002913 secs]
56.095: [GC (Allocation Failure)  1395679K->641K(4193792K), 0.0002593 secs]
56.109: [GC (Allocation Failure)  1395679K->641K(4193792K), 0.0002680 secs]
56.124: [GC (Allocation Failure)  1395679K->641K(4193792K), 0.0003190 secs]
56.139: [GC (Allocation Failure)  1395679K->641K(4193792K), 0.0002670 secs]
56.154: [GC (Allocation Failure)  1395679K->641K(4193792K), 0.0002719 secs]
56.169: [GC (Allocation Failure)  1395679K->641K(4193792K), 0.0002462 secs]
56.184: [GC (Allocation Failure)  1395679K->641K(4193792K), 0.0002548 secs]
56.199: [GC (Allocation Failure)  1395679K->641K(4193792K), 0.0003390 secs]
56.214: [GC (Allocation Failure)  1395679K->641K(4193792K), 0.0005755 secs]
56.229: [GC (Allocation Failure)  1395679K->641K(4193792K), 0.0002243 secs]
56.243: [GC (Allocation Failure)  1395679K->641K(4193792K), 0.0002993 secs]
56.257: [GC (Allocation Failure)  1395679K->641K(4193792K), 0.0002263 secs]
56.271: [GC (Allocation Failure)  1395679K->641K(4193792K), 0.0002395 secs]
56.285: [GC (Allocation Failure)  1395679K->641K(4193792K), 0.0002639 secs]
56.299: [GC (Allocation Failure)  1395679K->641K(4193792K), 0.0002640 secs]
56.314: [GC (Allocation Failure)  1395679K->641K(4193792K), 0.0003144 secs]
56.329: [GC (Allocation Failure)  1395679K->641K(4193792K), 0.0002735 secs]
56.344: [GC (Allocation Failure)  1395679K->641K(4193792K), 0.0002507 secs]
56.359: [GC (Allocation Failure)  1395679K->641K(4193792K), 0.0002954 secs]
56.373: [GC (Allocation Failure)  1395679K->641K(4193792K), 0.0002905 secs]
56.391: [GC (Allocation Failure)  1395679K->641K(4193792K), 0.0023668 secs]
56.408: [GC (Allocation Failure)  1395679K->641K(4193792K), 0.0002772 secs]
56.423: [GC (Allocation Failure)  1395679K->641K(4193792K), 0.0002498 secs]
56.437: [GC (Allocation Failure)  1395679K->641K(4193792K), 0.0002467 secs]
56.451: [GC (Allocation Failure)  1395679K->641K(4193792K), 0.0002533 secs]
56.466: [GC (Allocation Failure)  1395679K->641K(4193792K), 0.0002686 secs]
56.480: [GC (Allocation Failure)  1395679K->641K(4193792K), 0.0015723 secs]
56.495: [GC (Allocation Failure)  1395679K->641K(4193792K), 0.0003035 secs]
56.510: [GC (Allocation Failure)  1395679K->641K(4193792K), 0.0002917 secs]
56.524: [GC (Allocation Failure)  1395679K->641K(4193792K), 0.0003230 secs]
56.539: [GC (Allocation Failure)  1395679K->641K(4193792K), 0.0010589 secs]
56.555: [GC (Allocation Failure)  1395679K->641K(4193792K), 0.0003029 secs]
56.571: [GC (Allocation Failure)  1395679K->641K(4193792K), 0.0002503 secs]
56.586: [GC (Allocation Failure)  1395679K->641K(4193792K), 0.0002833 secs]
56.601: [GC (Allocation Failure)  1395679K->641K(4193792K), 0.0002701 secs]
56.616: [GC (Allocation Failure)  1395679K->641K(4193792K), 0.0006171 secs]
56.630: [GC (Allocation Failure)  1395679K->641K(4193792K), 0.0002646 secs]
56.647: [GC (Allocation Failure)  1395679K->641K(4193792K), 0.0002884 secs]
56.661: [GC (Allocation Failure)  1395679K->641K(4193792K), 0.0002494 secs]
56.675: [GC (Allocation Failure)  1395679K->641K(4193792K), 0.0002735 secs]
56.690: [GC (Allocation Failure)  1395679K->641K(4193792K), 0.0003290 secs]
56.704: [GC (Allocation Failure)  1395679K->641K(4193792K), 0.0002608 secs]
56.719: [GC (Allocation Failure)  1395679K->641K(4193792K), 0.0002791 secs]
56.734: [GC (Allocation Failure)  1395679K->641K(4193792K), 0.0002913 secs]
56.749: [GC (Allocation Failure)  1395679K->641K(4193792K), 0.0003183 secs]
56.764: [GC (Allocation Failure)  1395679K->641K(4193792K), 0.0002827 secs]
56.778: [GC (Allocation Failure)  1395679K->641K(4193792K), 0.0003898 secs]
56.793: [GC (Allocation Failure)  1395679K->641K(4193792K), 0.0003028 secs]
56.808: [GC (Allocation Failure)  1395679K->641K(4193792K), 0.0002429 secs]
56.823: [GC (Allocation Failure)  1395679K->641K(4193792K), 0.0003113 secs]
56.838: [GC (Allocation Failure)  1395679K->641K(4193792K), 0.0002246 secs]
56.852: [GC (Allocation Failure)  1395679K->641K(4193792K), 0.0002400 secs]
56.866: [GC (Allocation Failure)  1395679K->641K(4193792K), 0.0002849 secs]
56.881: [GC (Allocation Failure)  1395679K->641K(4193792K), 0.0002403 secs]
56.895: [GC (Allocation Failure)  1395679K->641K(4193792K), 0.0003338 secs]
56.909: [GC (Allocation Failure)  1395679K->641K(4193792K), 0.0002738 secs]
56.923: [GC (Allocation Failure)  1395679K->641K(4193792K), 0.0001953 secs]
56.937: [GC (Allocation Failure)  1395679K->641K(4193792K), 0.0002687 secs]
56.952: [GC (Allocation Failure)  1395679K->641K(4193792K), 0.0002139 secs]
56.966: [GC (Allocation Failure)  1395679K->641K(4193792K), 0.0002239 secs]
56.980: [GC (Allocation Failure)  1395679K->641K(4193792K), 0.0002492 secs]
56.994: [GC (Allocation Failure)  1395679K->641K(4193792K), 0.0003142 secs]
57.009: [GC (Allocation Failure)  1395679K->641K(4193792K), 0.0002657 secs]
57.024: [GC (Allocation Failure)  1395679K->641K(4193792K), 0.0002893 secs]
57.039: [GC (Allocation Failure)  1395679K->641K(4193792K), 0.0002857 secs]
57.054: [GC (Allocation Failure)  1395679K->641K(4193792K), 0.0012602 secs]
57.069: [GC (Allocation Failure)  1395679K->641K(4193792K), 0.0002600 secs]
57.086: [GC (Allocation Failure)  1395679K->641K(4193792K), 0.0002683 secs]
57.100: [GC (Allocation Failure)  1395679K->641K(4193792K), 0.0002845 secs]
57.116: [GC (Allocation Failure)  1395679K->641K(4193792K), 0.0002383 secs]
57.130: [GC (Allocation Failure)  1395679K->641K(4193792K), 0.0003100 secs]
57.145: [GC (Allocation Failure)  1395679K->641K(4193792K), 0.0002288 secs]
57.159: [GC (Allocation Failure)  1395679K->641K(4193792K), 0.0002541 secs]
57.173: [GC (Allocation Failure)  1395679K->641K(4193792K), 0.0003096 secs]
57.187: [GC (Allocation Failure)  1395679K->641K(4193792K), 0.0002988 secs]
57.204: [GC (Allocation Failure)  1395679K->641K(4193792K), 0.0018220 secs]
57.227: [GC (Allocation Failure)  1395679K->641K(4193792K), 0.0011170 secs]
57.243: [GC (Allocation Failure)  1395679K->641K(4193792K), 0.0012411 secs]
57.259: [GC (Allocation Failure)  1395679K->641K(4193792K), 0.0002862 secs]
57.274: [GC (Allocation Failure)  1395679K->641K(4193792K), 0.0002566 secs]
57.289: [GC (Allocation Failure)  1395679K->641K(4193792K), 0.0002617 secs]
57.303: [GC (Allocation Failure)  1395679K->641K(4193792K), 0.0003535 secs]
57.319: [GC (Allocation Failure)  1395679K->641K(4193792K), 0.0003790 secs]
57.333: [GC (Allocation Failure)  1395679K->641K(4193792K), 0.0002389 secs]
57.347: [GC (Allocation Failure)  1395679K->641K(4193792K), 0.0003155 secs]
57.361: [GC (Allocation Failure)  1395679K->641K(4193792K), 0.0002258 secs]
57.375: [GC (Allocation Failure)  1395679K->641K(4193792K), 0.0003199 secs]
57.390: [GC (Allocation Failure)  1395679K->641K(4193792K), 0.0004630 secs]
57.404: [GC (Allocation Failure)  1395679K->641K(4193792K), 0.0003089 secs]
57.419: [GC (Allocation Failure)  1395679K->641K(4193792K), 0.0002803 secs]
57.435: [GC (Allocation Failure)  1395679K->641K(4193792K), 0.0002669 secs]
57.449: [GC (Allocation Failure)  1395679K->641K(4193792K), 0.0004020 secs]
57.464: [GC (Allocation Failure)  1395679K->641K(4193792K), 0.0002717 secs]
57.479: [GC (Allocation Failure)  1395679K->641K(4193792K), 0.0002645 secs]
57.494: [GC (Allocation Failure)  1395679K->641K(4193792K), 0.0002722 secs]
57.509: [GC (Allocation Failure)  1395679K->641K(4193792K), 0.0002651 secs]
57.523: [GC (Allocation Failure)  1395679K->641K(4193792K), 0.0002480 secs]
57.538: [GC (Allocation Failure)  1395679K->641K(4193792K), 0.0002670 secs]
57.552: [GC (Allocation Failure)  1395679K->641K(4193792K), 0.0002501 secs]
57.566: [GC (Allocation Failure)  1395679K->641K(4193792K), 0.0002726 secs]
57.580: [GC (Allocation Failure)  1395679K->641K(4193792K), 0.0002292 secs]
57.595: [GC (Allocation Failure)  1395679K->641K(4193792K), 0.0002545 secs]
57.609: [GC (Allocation Failure)  1395679K->641K(4193792K), 0.0002718 secs]
57.624: [GC (Allocation Failure)  1395679K->641K(4193792K), 0.0004149 secs]
57.638: [GC (Allocation Failure)  1395679K->641K(4193792K), 0.0002174 secs]
57.653: [GC (Allocation Failure)  1395679K->641K(4193792K), 0.0002714 secs]
57.668: [GC (Allocation Failure)  1395679K->641K(4193792K), 0.0002830 secs]
57.683: [GC (Allocation Failure)  1395679K->641K(4193792K), 0.0003218 secs]
57.698: [GC (Allocation Failure)  1395679K->641K(4193792K), 0.0003232 secs]
57.713: [GC (Allocation Failure)  1395679K->641K(4193792K), 0.0023125 secs]
57.730: [GC (Allocation Failure)  1395679K->641K(4193792K), 0.0002685 secs]
57.744: [GC (Allocation Failure)  1395679K->641K(4193792K), 0.0002591 secs]
57.758: [GC (Allocation Failure)  1395679K->641K(4193792K), 0.0002555 secs]
57.772: [GC (Allocation Failure)  1395679K->641K(4193792K), 0.0002795 secs]
57.786: [GC (Allocation Failure)  1395679K->641K(4193792K), 0.0002373 secs]
57.801: [GC (Allocation Failure)  1395679K->641K(4193792K), 0.0002502 secs]
57.815: [GC (Allocation Failure)  1395679K->641K(4193792K), 0.0002351 secs]
57.830: [GC (Allocation Failure)  1395679K->641K(4193792K), 0.0002318 secs]
57.844: [GC (Allocation Failure)  1395679K->641K(4193792K), 0.0002398 secs]
57.858: [GC (Allocation Failure)  1395679K->641K(4193792K), 0.0002426 secs]
57.872: [GC (Allocation Failure)  1395679K->641K(4193792K), 0.0002905 secs]
57.886: [GC (Allocation Failure)  1395679K->641K(4193792K), 0.0002770 secs]
57.900: [GC (Allocation Failure)  1395679K->641K(4193792K), 0.0002598 secs]
57.915: [GC (Allocation Failure)  1395679K->641K(4193792K), 0.0003444 secs]
57.929: [GC (Allocation Failure)  1395679K->641K(4193792K), 0.0002688 secs]
57.944: [GC (Allocation Failure)  1395679K->641K(4193792K), 0.0002848 secs]
57.959: [GC (Allocation Failure)  1395679K->641K(4193792K), 0.0020934 secs]
57.976: [GC (Allocation Failure)  1395679K->641K(4193792K), 0.0002999 secs]
57.990: [GC (Allocation Failure)  1395679K->641K(4193792K), 0.0011985 secs]
58.006: [GC (Allocation Failure)  1395679K->641K(4193792K), 0.0002768 secs]
58.020: [GC (Allocation Failure)  1395679K->641K(4193792K), 0.0005664 secs]
58.036: [GC (Allocation Failure)  1395679K->641K(4193792K), 0.0002706 secs]
58.051: [GC (Allocation Failure)  1395679K->641K(4193792K), 0.0003016 secs]
58.065: [GC (Allocation Failure)  1395679K->641K(4193792K), 0.0002385 secs]
58.079: [GC (Allocation Failure)  1395679K->641K(4193792K), 0.0002595 secs]
58.093: [GC (Allocation Failure)  1395679K->641K(4193792K), 0.0002977 secs]
58.108: [GC (Allocation Failure)  1395679K->641K(4193792K), 0.0002888 secs]
58.123: [GC (Allocation Failure)  1395679K->641K(4193792K), 0.0011625 secs]
58.139: [GC (Allocation Failure)  1395679K->641K(4193792K), 0.0002795 secs]
58.153: [GC (Allocation Failure)  1395679K->641K(4193792K), 0.0002033 secs]
58.168: [GC (Allocation Failure)  1395679K->641K(4193792K), 0.0003066 secs]
58.183: [GC (Allocation Failure)  1395679K->641K(4193792K), 0.0023440 secs]
58.200: [GC (Allocation Failure)  1395679K->641K(4193792K), 0.0008730 secs]
58.215: [GC (Allocation Failure)  1395679K->641K(4193792K), 0.0002165 secs]
58.230: [GC (Allocation Failure)  1395679K->641K(4193792K), 0.0002742 secs]
58.244: [GC (Allocation Failure)  1395679K->641K(4193792K), 0.0002744 secs]
58.261: [GC (Allocation Failure)  1395679K->641K(4193792K), 0.0003245 secs]
58.275: [GC (Allocation Failure)  1395679K->641K(4193792K), 0.0002192 secs]
58.289: [GC (Allocation Failure)  1395679K->641K(4193792K), 0.0002720 secs]
58.304: [GC (Allocation Failure)  1395679K->641K(4193792K), 0.0002716 secs]
58.318: [GC (Allocation Failure)  1395679K->641K(4193792K), 0.0002052 secs]
58.332: [GC (Allocation Failure)  1395679K->641K(4193792K), 0.0003033 secs]
58.347: [GC (Allocation Failure)  1395679K->641K(4193792K), 0.0002967 secs]
58.361: [GC (Allocation Failure)  1395679K->641K(4193792K), 0.0002764 secs]
58.376: [GC (Allocation Failure)  1395679K->641K(4193792K), 0.0053670 secs]
58.401: [GC (Allocation Failure)  1395679K->641K(4193792K), 0.0002606 secs]
58.415: [GC (Allocation Failure)  1395679K->641K(4193792K), 0.0103029 secs]
58.440: [GC (Allocation Failure)  1395679K->641K(4193792K), 0.0011866 secs]
58.456: [GC (Allocation Failure)  1395679K->641K(4193792K), 0.0003155 secs]
58.471: [GC (Allocation Failure)  1395679K->641K(4193792K), 0.0010960 secs]
58.487: [GC (Allocation Failure)  1395679K->641K(4193792K), 0.0003521 secs]
58.502: [GC (Allocation Failure)  1395679K->641K(4193792K), 0.0002846 secs]
58.517: [GC (Allocation Failure)  1395679K->641K(4193792K), 0.0005633 secs]
58.532: [GC (Allocation Failure)  1395679K->641K(4193792K), 0.0003561 secs]
58.546: [GC (Allocation Failure)  1395679K->641K(4193792K), 0.0002991 secs]
58.561: [GC (Allocation Failure)  1395679K->641K(4193792K), 0.0003025 secs]
58.575: [GC (Allocation Failure)  1395679K->641K(4193792K), 0.0002566 secs]
58.589: [GC (Allocation Failure)  1395679K->641K(4193792K), 0.0002907 secs]
58.604: [GC (Allocation Failure)  1395679K->641K(4193792K), 0.0002831 secs]
58.618: [GC (Allocation Failure)  1395679K->641K(4193792K), 0.0002828 secs]
58.632: [GC (Allocation Failure)  1395679K->641K(4193792K), 0.0003485 secs]
58.647: [GC (Allocation Failure)  1395679K->641K(4193792K), 0.0013025 secs]
58.663: [GC (Allocation Failure)  1395679K->641K(4193792K), 0.0003296 secs]
58.677: [GC (Allocation Failure)  1395679K->641K(4193792K), 0.0003093 secs]
58.692: [GC (Allocation Failure)  1395679K->641K(4193792K), 0.0003189 secs]
58.707: [GC (Allocation Failure)  1395679K->641K(4193792K), 0.0004540 secs]
58.722: [GC (Allocation Failure)  1395679K->641K(4193792K), 0.0002801 secs]
58.737: [GC (Allocation Failure)  1395679K->641K(4193792K), 0.0012082 secs]
58.753: [GC (Allocation Failure)  1395679K->641K(4193792K), 0.0004820 secs]
58.768: [GC (Allocation Failure)  1395679K->641K(4193792K), 0.0002623 secs]
58.782: [GC (Allocation Failure)  1395679K->641K(4193792K), 0.0002783 secs]
58.796: [GC (Allocation Failure)  1395679K->641K(4193792K), 0.0003418 secs]
58.810: [GC (Allocation Failure)  1395679K->641K(4193792K), 0.0003245 secs]
58.825: [GC (Allocation Failure)  1395679K->641K(4193792K), 0.0010935 secs]
58.841: [GC (Allocation Failure)  1395679K->641K(4193792K), 0.0008556 secs]
58.856: [GC (Allocation Failure)  1395679K->641K(4193792K), 0.0008354 secs]
58.871: [GC (Allocation Failure)  1395679K->641K(4193792K), 0.0008698 secs]
58.890: [GC (Allocation Failure)  1395679K->641K(4193792K), 0.0002740 secs]
58.905: [GC (Allocation Failure)  1395679K->641K(4193792K), 0.0002668 secs]
58.919: [GC (Allocation Failure)  1395679K->641K(4193792K), 0.0003059 secs]
58.934: [GC (Allocation Failure)  1395679K->641K(4193792K), 0.0002385 secs]
58.949: [GC (Allocation Failure)  1395679K->641K(4193792K), 0.0004112 secs]
58.964: [GC (Allocation Failure)  1395679K->641K(4193792K), 0.0003297 secs]
58.979: [GC (Allocation Failure)  1395679K->641K(4193792K), 0.0003007 secs]
58.994: [GC (Allocation Failure)  1395679K->641K(4193792K), 0.0008654 secs]
59.009: [GC (Allocation Failure)  1395679K->641K(4193792K), 0.0002732 secs]
59.024: [GC (Allocation Failure)  1395679K->641K(4193792K), 0.0002623 secs]
59.038: [GC (Allocation Failure)  1395679K->641K(4193792K), 0.0003422 secs]
59.054: [GC (Allocation Failure)  1395679K->641K(4193792K), 0.0014924 secs]
59.070: [GC (Allocation Failure)  1395679K->641K(4193792K), 0.0003040 secs]
59.085: [GC (Allocation Failure)  1395679K->641K(4193792K), 0.0003333 secs]
59.100: [GC (Allocation Failure)  1395679K->641K(4193792K), 0.0040188 secs]
59.118: [GC (Allocation Failure)  1395679K->641K(4193792K), 0.0002809 secs]
59.133: [GC (Allocation Failure)  1395679K->641K(4193792K), 0.0002780 secs]
59.147: [GC (Allocation Failure)  1395679K->641K(4193792K), 0.0002815 secs]
59.161: [GC (Allocation Failure)  1395679K->641K(4193792K), 0.0002347 secs]
59.175: [GC (Allocation Failure)  1395679K->641K(4193792K), 0.0002666 secs]
59.190: [GC (Allocation Failure)  1395679K->641K(4193792K), 0.0003026 secs]
59.204: [GC (Allocation Failure)  1395679K->641K(4193792K), 0.0002252 secs]
59.218: [GC (Allocation Failure)  1395679K->641K(4193792K), 0.0002250 secs]
59.231: [GC (Allocation Failure)  1395679K->641K(4193792K), 0.0004046 secs]
59.245: [GC (Allocation Failure)  1395679K->641K(4193792K), 0.0003213 secs]
59.260: [GC (Allocation Failure)  1395679K->641K(4193792K), 0.0002728 secs]
59.274: [GC (Allocation Failure)  1395679K->641K(4193792K), 0.0003922 secs]
59.288: [GC (Allocation Failure)  1395679K->641K(4193792K), 0.0002307 secs]
59.303: [GC (Allocation Failure)  1395679K->641K(4193792K), 0.0003161 secs]
59.317: [GC (Allocation Failure)  1395679K->641K(4193792K), 0.0006049 secs]
59.332: [GC (Allocation Failure)  1395679K->641K(4193792K), 0.0002941 secs]
59.347: [GC (Allocation Failure)  1395679K->641K(4193792K), 0.0008438 secs]
59.362: [GC (Allocation Failure)  1395679K->641K(4193792K), 0.0002919 secs]
59.377: [GC (Allocation Failure)  1395679K->641K(4193792K), 0.0002715 secs]
59.392: [GC (Allocation Failure)  1395679K->641K(4193792K), 0.0003741 secs]
59.407: [GC (Allocation Failure)  1395679K->641K(4193792K), 0.0003182 secs]
59.422: [GC (Allocation Failure)  1395679K->641K(4193792K), 0.0002440 secs]
59.436: [GC (Allocation Failure)  1395679K->641K(4193792K), 0.0002286 secs]
59.450: [GC (Allocation Failure)  1395679K->641K(4193792K), 0.0002143 secs]
59.465: [GC (Allocation Failure)  1395679K->641K(4193792K), 0.0002061 secs]
59.479: [GC (Allocation Failure)  1395679K->641K(4193792K), 0.0002280 secs]
59.493: [GC (Allocation Failure)  1395679K->641K(4193792K), 0.0003172 secs]
59.508: [GC (Allocation Failure)  1395679K->641K(4193792K), 0.0002613 secs]
59.522: [GC (Allocation Failure)  1395679K->641K(4193792K), 0.0004226 secs]
59.537: [GC (Allocation Failure)  1395679K->641K(4193792K), 0.0002363 secs]
59.551: [GC (Allocation Failure)  1395679K->641K(4193792K), 0.0002916 secs]
59.566: [GC (Allocation Failure)  1395679K->641K(4193792K), 0.0002320 secs]
59.581: [GC (Allocation Failure)  1395679K->641K(4193792K), 0.0002436 secs]
59.596: [GC (Allocation Failure)  1395679K->641K(4193792K), 0.0002896 secs]
59.611: [GC (Allocation Failure)  1395679K->641K(4193792K), 0.0006977 secs]
59.626: [GC (Allocation Failure)  1395679K->641K(4193792K), 0.0003413 secs]
59.641: [GC (Allocation Failure)  1395679K->641K(4193792K), 0.0002553 secs]
59.655: [GC (Allocation Failure)  1395679K->641K(4193792K), 0.0003034 secs]
59.669: [GC (Allocation Failure)  1395679K->641K(4193792K), 0.0002722 secs]
59.683: [GC (Allocation Failure)  1395679K->641K(4193792K), 0.0002762 secs]
59.698: [GC (Allocation Failure)  1395679K->641K(4193792K), 0.0018275 secs]
59.714: [GC (Allocation Failure)  1395679K->641K(4193792K), 0.0003212 secs]
59.729: [GC (Allocation Failure)  1395679K->641K(4193792K), 0.0002446 secs]
59.743: [GC (Allocation Failure)  1395679K->641K(4193792K), 0.0006721 secs]
59.759: [GC (Allocation Failure)  1395679K->641K(4193792K), 0.0003048 secs]
59.774: [GC (Allocation Failure)  1395679K->641K(4193792K), 0.0003108 secs]
59.789: [GC (Allocation Failure)  1395679K->641K(4193792K), 0.0003147 secs]
59.804: [GC (Allocation Failure)  1395679K->641K(4193792K), 0.0002861 secs]
59.819: [GC (Allocation Failure)  1395679K->641K(4193792K), 0.0006111 secs]
59.833: [GC (Allocation Failure)  1395679K->641K(4193792K), 0.0002603 secs]
59.850: [GC (Allocation Failure)  1395679K->641K(4193792K), 0.0002903 secs]
59.865: [GC (Allocation Failure)  1395679K->641K(4193792K), 0.0002855 secs]
59.879: [GC (Allocation Failure)  1395679K->641K(4193792K), 0.0002745 secs]
59.893: [GC (Allocation Failure)  1395679K->641K(4193792K), 0.0002433 secs]
59.907: [GC (Allocation Failure)  1395679K->641K(4193792K), 0.0002867 secs]
59.922: [GC (Allocation Failure)  1395679K->641K(4193792K), 0.0003202 secs]
59.937: [GC (Allocation Failure)  1395679K->641K(4193792K), 0.0004990 secs]
59.951: [GC (Allocation Failure)  1395679K->641K(4193792K), 0.0002219 secs]
59.966: [GC (Allocation Failure)  1395679K->641K(4193792K), 0.0002144 secs]
59.981: [GC (Allocation Failure)  1395679K->641K(4193792K), 0.0002642 secs]
59.996: [GC (Allocation Failure)  1395679K->641K(4193792K), 0.0002815 secs]
60.010: [GC (Allocation Failure)  1395679K->641K(4193792K), 0.0003911 secs]
60.025: [GC (Allocation Failure)  1395679K->641K(4193792K), 0.0003043 secs]
60.040: [GC (Allocation Failure)  1395679K->641K(4193792K), 0.0002415 secs]
60.054: [GC (Allocation Failure)  1395679K->641K(4193792K), 0.0002231 secs]
60.068: [GC (Allocation Failure)  1395679K->641K(4193792K), 0.0002692 secs]
60.082: [GC (Allocation Failure)  1395679K->641K(4193792K), 0.0002509 secs]
60.096: [GC (Allocation Failure)  1395679K->641K(4193792K), 0.0003358 secs]
60.111: [GC (Allocation Failure)  1395679K->641K(4193792K), 0.0003615 secs]
60.126: [GC (Allocation Failure)  1395679K->641K(4193792K), 0.0003660 secs]
60.141: [GC (Allocation Failure)  1395679K->641K(4193792K), 0.0002591 secs]
60.155: [GC (Allocation Failure)  1395679K->641K(4193792K), 0.0002289 secs]
60.170: [GC (Allocation Failure)  1395679K->641K(4193792K), 0.0003155 secs]
60.185: [GC (Allocation Failure)  1395679K->641K(4193792K), 0.0002756 secs]
60.199: [GC (Allocation Failure)  1395679K->641K(4193792K), 0.0002487 secs]
60.214: [GC (Allocation Failure)  1395679K->641K(4193792K), 0.0002049 secs]
60.229: [GC (Allocation Failure)  1395679K->641K(4193792K), 0.0002295 secs]
60.243: [GC (Allocation Failure)  1395679K->641K(4193792K), 0.0002530 secs]
60.257: [GC (Allocation Failure)  1395679K->641K(4193792K), 0.0002992 secs]
60.272: [GC (Allocation Failure)  1395679K->641K(4193792K), 0.0002463 secs]
60.288: [GC (Allocation Failure)  1395679K->641K(4193792K), 0.0002253 secs]
60.302: [GC (Allocation Failure)  1395679K->641K(4193792K), 0.0002313 secs]
60.317: [GC (Allocation Failure)  1395679K->641K(4193792K), 0.0002624 secs]
60.331: [GC (Allocation Failure)  1395679K->641K(4193792K), 0.0002414 secs]
60.345: [GC (Allocation Failure)  1395679K->641K(4193792K), 0.0002707 secs]
60.359: [GC (Allocation Failure)  1395679K->641K(4193792K), 0.0002457 secs]
60.373: [GC (Allocation Failure)  1395679K->641K(4193792K), 0.0002919 secs]
60.388: [GC (Allocation Failure)  1395679K->641K(4193792K), 0.0002911 secs]
60.403: [GC (Allocation Failure)  1395679K->641K(4193792K), 0.0002819 secs]
60.418: [GC (Allocation Failure)  1395679K->641K(4193792K), 0.0002465 secs]
60.433: [GC (Allocation Failure)  1395679K->641K(4193792K), 0.0002886 secs]
60.447: [GC (Allocation Failure)  1395679K->641K(4193792K), 0.0002684 secs]
60.461: [GC (Allocation Failure)  1395679K->641K(4193792K), 0.0002530 secs]
60.477: [GC (Allocation Failure)  1395679K->641K(4193792K), 0.0002960 secs]
60.492: [GC (Allocation Failure)  1395679K->641K(4193792K), 0.0003109 secs]
60.507: [GC (Allocation Failure)  1395679K->641K(4193792K), 0.0002843 secs]
60.522: [GC (Allocation Failure)  1395679K->641K(4193792K), 0.0002578 secs]
60.537: [GC (Allocation Failure)  1395679K->641K(4193792K), 0.0010130 secs]
60.552: [GC (Allocation Failure)  1395679K->641K(4193792K), 0.0002538 secs]
60.566: [GC (Allocation Failure)  1395679K->641K(4193792K), 0.0002869 secs]
60.580: [GC (Allocation Failure)  1395679K->641K(4193792K), 0.0002981 secs]
60.594: [GC (Allocation Failure)  1395679K->641K(4193792K), 0.0003184 secs]
60.609: [GC (Allocation Failure)  1395679K->641K(4193792K), 0.0003161 secs]
60.624: [GC (Allocation Failure)  1395679K->641K(4193792K), 0.0002492 secs]
60.638: [GC (Allocation Failure)  1395679K->641K(4193792K), 0.0002770 secs]
60.653: [GC (Allocation Failure)  1395679K->641K(4193792K), 0.0002595 secs]
60.668: [GC (Allocation Failure)  1395679K->641K(4193792K), 0.0003392 secs]
60.683: [GC (Allocation Failure)  1395679K->641K(4193792K), 0.0002749 secs]
60.698: [GC (Allocation Failure)  1395679K->641K(4193792K), 0.0002589 secs]
60.713: [GC (Allocation Failure)  1395679K->641K(4193792K), 0.0003005 secs]
60.727: [GC (Allocation Failure)  1395679K->641K(4193792K), 0.0003154 secs]
60.741: [GC (Allocation Failure)  1395679K->641K(4193792K), 0.0002553 secs]
60.755: [GC (Allocation Failure)  1395679K->641K(4193792K), 0.0002359 secs]
60.770: [GC (Allocation Failure)  1395679K->641K(4193792K), 0.0002365 secs]
60.784: [GC (Allocation Failure)  1395679K->641K(4193792K), 0.0007050 secs]
60.798: [GC (Allocation Failure)  1395679K->641K(4193792K), 0.0002562 secs]
60.813: [GC (Allocation Failure)  1395679K->641K(4193792K), 0.0002870 secs]
60.828: [GC (Allocation Failure)  1395679K->641K(4193792K), 0.0015141 secs]
60.844: [GC (Allocation Failure)  1395679K->641K(4193792K), 0.0003636 secs]
60.859: [GC (Allocation Failure)  1395679K->641K(4193792K), 0.0002480 secs]
60.873: [GC (Allocation Failure)  1395679K->641K(4193792K), 0.0002591 secs]
60.888: [GC (Allocation Failure)  1395679K->641K(4193792K), 0.0003433 secs]
60.903: [GC (Allocation Failure)  1395679K->641K(4193792K), 0.0002554 secs]
60.918: [GC (Allocation Failure)  1395679K->641K(4193792K), 0.0003086 secs]
60.933: [GC (Allocation Failure)  1395679K->641K(4193792K), 0.0004555 secs]
60.947: [GC (Allocation Failure)  1395679K->641K(4193792K), 0.0002769 secs]
60.961: [GC (Allocation Failure)  1395679K->641K(4193792K), 0.0016936 secs]
60.977: [GC (Allocation Failure)  1395679K->641K(4193792K), 0.0002353 secs]
60.991: [GC (Allocation Failure)  1395679K->641K(4193792K), 0.0003543 secs]
61.006: [GC (Allocation Failure)  1395679K->641K(4193792K), 0.0002937 secs]
61.021: [GC (Allocation Failure)  1395679K->641K(4193792K), 0.0002415 secs]
61.035: [GC (Allocation Failure)  1395679K->641K(4193792K), 0.0003165 secs]
61.050: [GC (Allocation Failure)  1395679K->641K(4193792K), 0.0004978 secs]
61.065: [GC (Allocation Failure)  1395679K->641K(4193792K), 0.0002375 secs]
61.080: [GC (Allocation Failure)  1395679K->641K(4193792K), 0.0002600 secs]
61.095: [GC (Allocation Failure)  1395679K->641K(4193792K), 0.0003139 secs]
61.110: [GC (Allocation Failure)  1395679K->641K(4193792K), 0.0003200 secs]
61.125: [GC (Allocation Failure)  1395679K->641K(4193792K), 0.0003135 secs]
61.139: [GC (Allocation Failure)  1395679K->641K(4193792K), 0.0002368 secs]
61.153: [GC (Allocation Failure)  1395679K->641K(4193792K), 0.0002436 secs]
61.167: [GC (Allocation Failure)  1395679K->641K(4193792K), 0.0002602 secs]
61.181: [GC (Allocation Failure)  1395679K->641K(4193792K), 0.0003098 secs]
61.195: [GC (Allocation Failure)  1395679K->641K(4193792K), 0.0003375 secs]
61.210: [GC (Allocation Failure)  1395679K->641K(4193792K), 0.0002930 secs]
61.224: [GC (Allocation Failure)  1395679K->641K(4193792K), 0.0007052 secs]
61.239: [GC (Allocation Failure)  1395679K->641K(4193792K), 0.0002216 secs]
61.253: [GC (Allocation Failure)  1395679K->641K(4193792K), 0.0003571 secs]
61.267: [GC (Allocation Failure)  1395679K->641K(4193792K), 0.0002460 secs]
61.281: [GC (Allocation Failure)  1395679K->641K(4193792K), 0.0002669 secs]
61.296: [GC (Allocation Failure)  1395679K->641K(4193792K), 0.0002919 secs]
61.310: [GC (Allocation Failure)  1395679K->641K(4193792K), 0.0003177 secs]
61.325: [GC (Allocation Failure)  1395679K->641K(4193792K), 0.0003406 secs]
61.340: [GC (Allocation Failure)  1395679K->641K(4193792K), 0.0013215 secs]
61.356: [GC (Allocation Failure)  1395679K->641K(4193792K), 0.0004082 secs]
61.371: [GC (Allocation Failure)  1395679K->641K(4193792K), 0.0002825 secs]
61.386: [GC (Allocation Failure)  1395679K->641K(4193792K), 0.0002540 secs]
61.400: [GC (Allocation Failure)  1395679K->641K(4193792K), 0.0002495 secs]
61.415: [GC (Allocation Failure)  1395679K->641K(4193792K), 0.0004190 secs]
61.430: [GC (Allocation Failure)  1395679K->641K(4193792K), 0.0002749 secs]
61.444: [GC (Allocation Failure)  1395679K->641K(4193792K), 0.0002840 secs]
61.458: [GC (Allocation Failure)  1395679K->641K(4193792K), 0.0002910 secs]
61.472: [GC (Allocation Failure)  1395679K->641K(4193792K), 0.0002693 secs]
61.487: [GC (Allocation Failure)  1395679K->641K(4193792K), 0.0003365 secs]
61.501: [GC (Allocation Failure)  1395679K->641K(4193792K), 0.0002788 secs]
61.515: [GC (Allocation Failure)  1395679K->641K(4193792K), 0.0002967 secs]
61.530: [GC (Allocation Failure)  1395679K->641K(4193792K), 0.0002635 secs]
61.545: [GC (Allocation Failure)  1395679K->641K(4193792K), 0.0002338 secs]
61.560: [GC (Allocation Failure)  1395679K->641K(4193792K), 0.0002420 secs]
61.575: [GC (Allocation Failure)  1395679K->641K(4193792K), 0.0011870 secs]
61.590: [GC (Allocation Failure)  1395679K->641K(4193792K), 0.0003178 secs]
61.605: [GC (Allocation Failure)  1395679K->641K(4193792K), 0.0003040 secs]
61.620: [GC (Allocation Failure)  1395679K->641K(4193792K), 0.0002894 secs]
61.635: [GC (Allocation Failure)  1395679K->641K(4193792K), 0.0002842 secs]
61.649: [GC (Allocation Failure)  1395679K->641K(4193792K), 0.0002325 secs]
61.663: [GC (Allocation Failure)  1395679K->641K(4193792K), 0.0002649 secs]
61.677: [GC (Allocation Failure)  1395679K->641K(4193792K), 0.0002993 secs]
61.691: [GC (Allocation Failure)  1395679K->641K(4193792K), 0.0002276 secs]
61.706: [GC (Allocation Failure)  1395679K->641K(4193792K), 0.0003038 secs]
61.720: [GC (Allocation Failure)  1395679K->641K(4193792K), 0.0002620 secs]
61.734: [GC (Allocation Failure)  1395679K->641K(4193792K), 0.0002536 secs]
61.748: [GC (Allocation Failure)  1395679K->641K(4193792K), 0.0002473 secs]
61.763: [GC (Allocation Failure)  1395679K->641K(4193792K), 0.0003067 secs]
61.777: [GC (Allocation Failure)  1395679K->641K(4193792K), 0.0002843 secs]
61.791: [GC (Allocation Failure)  1395679K->641K(4193792K), 0.0002428 secs]
61.805: [GC (Allocation Failure)  1395679K->641K(4193792K), 0.0003008 secs]
61.820: [GC (Allocation Failure)  1395679K->641K(4193792K), 0.0002570 secs]
61.835: [GC (Allocation Failure)  1395679K->641K(4193792K), 0.0002577 secs]
61.850: [GC (Allocation Failure)  1395679K->641K(4193792K), 0.0002691 secs]
61.865: [GC (Allocation Failure)  1395679K->641K(4193792K), 0.0002790 secs]
61.880: [GC (Allocation Failure)  1395679K->641K(4193792K), 0.0002452 secs]
61.895: [GC (Allocation Failure)  1395679K->641K(4193792K), 0.0007225 secs]
61.910: [GC (Allocation Failure)  1395679K->641K(4193792K), 0.0002843 secs]
61.924: [GC (Allocation Failure)  1395679K->641K(4193792K), 0.0003787 secs]
61.939: [GC (Allocation Failure)  1395679K->641K(4193792K), 0.0002418 secs]
61.953: [GC (Allocation Failure)  1395679K->641K(4193792K), 0.0002695 secs]
61.966: [GC (Allocation Failure)  1395679K->641K(4193792K), 0.0002907 secs]
61.981: [GC (Allocation Failure)  1395679K->641K(4193792K), 0.0002229 secs]
61.995: [GC (Allocation Failure)  1395679K->641K(4193792K), 0.0003442 secs]
62.009: [GC (Allocation Failure)  1395679K->641K(4193792K), 0.0003099 secs]
62.024: [GC (Allocation Failure)  1395679K->641K(4193792K), 0.0003040 secs]
62.039: [GC (Allocation Failure)  1395679K->641K(4193792K), 0.0002419 secs]
62.054: [GC (Allocation Failure)  1395679K->641K(4193792K), 0.0003069 secs]
62.068: [GC (Allocation Failure)  1395679K->641K(4193792K), 0.0002447 secs]
62.083: [GC (Allocation Failure)  1395679K->641K(4193792K), 0.0002322 secs]
62.098: [GC (Allocation Failure)  1395679K->641K(4193792K), 0.0004775 secs]
62.113: [GC (Allocation Failure)  1395679K->641K(4193792K), 0.0004935 secs]
62.128: [GC (Allocation Failure)  1395679K->641K(4193792K), 0.0002783 secs]
62.142: [GC (Allocation Failure)  1395679K->641K(4193792K), 0.0003268 secs]
62.156: [GC (Allocation Failure)  1395679K->641K(4193792K), 0.0002468 secs]
62.171: [GC (Allocation Failure)  1395679K->641K(4193792K), 0.0002782 secs]
62.185: [GC (Allocation Failure)  1395679K->641K(4193792K), 0.0002915 secs]
62.199: [GC (Allocation Failure)  1395679K->641K(4193792K), 0.0002633 secs]
62.213: [GC (Allocation Failure)  1395679K->641K(4193792K), 0.0003115 secs]
62.228: [GC (Allocation Failure)  1395679K->641K(4193792K), 0.0007575 secs]
62.243: [GC (Allocation Failure)  1395679K->641K(4193792K), 0.0003298 secs]
62.258: [GC (Allocation Failure)  1395679K->641K(4193792K), 0.0002721 secs]
62.273: [GC (Allocation Failure)  1395679K->641K(4193792K), 0.0002465 secs]
62.287: [GC (Allocation Failure)  1395679K->641K(4193792K), 0.0002680 secs]
62.303: [GC (Allocation Failure)  1395679K->641K(4193792K), 0.0002908 secs]
62.318: [GC (Allocation Failure)  1395679K->641K(4193792K), 0.0002802 secs]
62.332: [GC (Allocation Failure)  1395679K->641K(4193792K), 0.0002367 secs]
62.346: [GC (Allocation Failure)  1395679K->641K(4193792K), 0.0002830 secs]
62.360: [GC (Allocation Failure)  1395679K->641K(4193792K), 0.0002683 secs]
62.374: [GC (Allocation Failure)  1395679K->641K(4193792K), 0.0002613 secs]
62.388: [GC (Allocation Failure)  1395679K->641K(4193792K), 0.0002471 secs]
62.403: [GC (Allocation Failure)  1395679K->641K(4193792K), 0.0002320 secs]
62.417: [GC (Allocation Failure)  1395679K->641K(4193792K), 0.0003382 secs]
62.432: [GC (Allocation Failure)  1395679K->641K(4193792K), 0.0003576 secs]
62.447: [GC (Allocation Failure)  1395679K->641K(4193792K), 0.0003046 secs]
62.462: [GC (Allocation Failure)  1395679K->641K(4193792K), 0.0002417 secs]
62.477: [GC (Allocation Failure)  1395679K->641K(4193792K), 0.0002686 secs]
62.491: [GC (Allocation Failure)  1395679K->641K(4193792K), 0.0015389 secs]
62.508: [GC (Allocation Failure)  1395679K->641K(4193792K), 0.0002457 secs]
62.522: [GC (Allocation Failure)  1395679K->641K(4193792K), 0.0002898 secs]
62.537: [GC (Allocation Failure)  1395679K->641K(4193792K), 0.0002498 secs]
62.551: [GC (Allocation Failure)  1395679K->641K(4193792K), 0.0002892 secs]
62.565: [GC (Allocation Failure)  1395679K->641K(4193792K), 0.0002008 secs]
62.579: [GC (Allocation Failure)  1395679K->641K(4193792K), 0.0002587 secs]
62.594: [GC (Allocation Failure)  1395679K->641K(4193792K), 0.0003122 secs]
62.609: [GC (Allocation Failure)  1395679K->641K(4193792K), 0.0002431 secs]
62.623: [GC (Allocation Failure)  1395679K->641K(4193792K), 0.0002801 secs]
62.638: [GC (Allocation Failure)  1395679K->641K(4193792K), 0.0003244 secs]
62.653: [GC (Allocation Failure)  1395679K->641K(4193792K), 0.0002166 secs]
62.668: [GC (Allocation Failure)  1395679K->641K(4193792K), 0.0023038 secs]
62.685: [GC (Allocation Failure)  1395679K->641K(4193792K), 0.0011793 secs]
62.700: [GC (Allocation Failure)  1395679K->641K(4193792K), 0.0003150 secs]
62.715: [GC (Allocation Failure)  1395679K->641K(4193792K), 0.0002499 secs]
62.730: [GC (Allocation Failure)  1395679K->641K(4193792K), 0.0002706 secs]
62.744: [GC (Allocation Failure)  1395679K->641K(4193792K), 0.0002717 secs]
62.758: [GC (Allocation Failure)  1395679K->641K(4193792K), 0.0002743 secs]
62.772: [GC (Allocation Failure)  1395679K->641K(4193792K), 0.0002911 secs]
62.786: [GC (Allocation Failure)  1395679K->641K(4193792K), 0.0002726 secs]
62.801: [GC (Allocation Failure)  1395679K->641K(4193792K), 0.0003063 secs]
62.815: [GC (Allocation Failure)  1395679K->641K(4193792K), 0.0002285 secs]
62.829: [GC (Allocation Failure)  1395679K->641K(4193792K), 0.0002243 secs]
62.844: [GC (Allocation Failure)  1395679K->641K(4193792K), 0.0002718 secs]
62.858: [GC (Allocation Failure)  1395679K->641K(4193792K), 0.0002387 secs]
62.872: [GC (Allocation Failure)  1395679K->641K(4193792K), 0.0002446 secs]
62.886: [GC (Allocation Failure)  1395679K->641K(4193792K), 0.0002544 secs]
62.900: [GC (Allocation Failure)  1395679K->641K(4193792K), 0.0002679 secs]
62.915: [GC (Allocation Failure)  1395679K->641K(4193792K), 0.0003399 secs]
62.930: [GC (Allocation Failure)  1395679K->641K(4193792K), 0.0003241 secs]
62.943: [GC (Allocation Failure)  1395679K->641K(4193792K), 0.0003279 secs]
62.961: [GC (Allocation Failure)  1395679K->641K(4193792K), 0.0012402 secs]
62.976: [GC (Allocation Failure)  1395679K->641K(4193792K), 0.0026644 secs]
62.994: [GC (Allocation Failure)  1395679K->641K(4193792K), 0.0002515 secs]
63.009: [GC (Allocation Failure)  1395679K->641K(4193792K), 0.0002861 secs]
63.023: [GC (Allocation Failure)  1395679K->641K(4193792K), 0.0002763 secs]
63.038: [GC (Allocation Failure)  1395679K->641K(4193792K), 0.0002882 secs]
63.053: [GC (Allocation Failure)  1395679K->641K(4193792K), 0.0002838 secs]
63.067: [GC (Allocation Failure)  1395679K->641K(4193792K), 0.0020278 secs]
63.083: [GC (Allocation Failure)  1395679K->641K(4193792K), 0.0002554 secs]
63.098: [GC (Allocation Failure)  1395679K->641K(4193792K), 0.0002622 secs]
63.112: [GC (Allocation Failure)  1395679K->641K(4193792K), 0.0030453 secs]
63.130: [GC (Allocation Failure)  1395679K->641K(4193792K), 0.0003073 secs]
63.144: [GC (Allocation Failure)  1395679K->641K(4193792K), 0.0002944 secs]
63.159: [GC (Allocation Failure)  1395679K->641K(4193792K), 0.0002154 secs]
63.174: [GC (Allocation Failure)  1395679K->641K(4193792K), 0.0002985 secs]
63.189: [GC (Allocation Failure)  1395679K->641K(4193792K), 0.0002975 secs]
63.203: [GC (Allocation Failure)  1395679K->641K(4193792K), 0.0006019 secs]
63.218: [GC (Allocation Failure)  1395679K->641K(4193792K), 0.0014240 secs]
63.234: [GC (Allocation Failure)  1395679K->641K(4193792K), 0.0002699 secs]
63.251: [GC (Allocation Failure)  1395679K->641K(4193792K), 0.0003030 secs]
63.265: [GC (Allocation Failure)  1395679K->641K(4193792K), 0.0003168 secs]
63.279: [GC (Allocation Failure)  1395679K->641K(4193792K), 0.0002772 secs]
63.293: [GC (Allocation Failure)  1395679K->641K(4193792K), 0.0004011 secs]
63.308: [GC (Allocation Failure)  1395679K->641K(4193792K), 0.0003024 secs]
63.323: [GC (Allocation Failure)  1395679K->641K(4193792K), 0.0003442 secs]
63.338: [GC (Allocation Failure)  1395679K->641K(4193792K), 0.0002924 secs]
63.353: [GC (Allocation Failure)  1395679K->641K(4193792K), 0.0002753 secs]
63.368: [GC (Allocation Failure)  1395679K->641K(4193792K), 0.0030758 secs]
63.385: [GC (Allocation Failure)  1395679K->641K(4193792K), 0.0002499 secs]
63.400: [GC (Allocation Failure)  1395679K->641K(4193792K), 0.0002659 secs]
63.415: [GC (Allocation Failure)  1395679K->641K(4193792K), 0.0002703 secs]
63.430: [GC (Allocation Failure)  1395679K->641K(4193792K), 0.0002871 secs]
63.444: [GC (Allocation Failure)  1395679K->641K(4193792K), 0.0002908 secs]
63.458: [GC (Allocation Failure)  1395679K->641K(4193792K), 0.0002890 secs]
63.472: [GC (Allocation Failure)  1395679K->641K(4193792K), 0.0002787 secs]
63.487: [GC (Allocation Failure)  1395679K->641K(4193792K), 0.0002792 secs]
63.501: [GC (Allocation Failure)  1395679K->641K(4193792K), 0.0002912 secs]
63.516: [GC (Allocation Failure)  1395679K->641K(4193792K), 0.0003928 secs]
63.531: [GC (Allocation Failure)  1395679K->641K(4193792K), 0.0002617 secs]
63.545: [GC (Allocation Failure)  1395679K->641K(4193792K), 0.0002357 secs]
63.561: [GC (Allocation Failure)  1395679K->641K(4193792K), 0.0003428 secs]
63.575: [GC (Allocation Failure)  1395679K->641K(4193792K), 0.0002855 secs]
63.590: [GC (Allocation Failure)  1395679K->641K(4193792K), 0.0004771 secs]
63.605: [GC (Allocation Failure)  1395679K->641K(4193792K), 0.0002728 secs]
63.620: [GC (Allocation Failure)  1395679K->641K(4193792K), 0.0003472 secs]
63.635: [GC (Allocation Failure)  1395679K->641K(4193792K), 0.0002653 secs]
63.649: [GC (Allocation Failure)  1395679K->641K(4193792K), 0.0002709 secs]
63.663: [GC (Allocation Failure)  1395679K->641K(4193792K), 0.0002905 secs]
63.677: [GC (Allocation Failure)  1395679K->641K(4193792K), 0.0002876 secs]
63.691: [GC (Allocation Failure)  1395679K->641K(4193792K), 0.0002293 secs]
63.706: [GC (Allocation Failure)  1395679K->641K(4193792K), 0.0002956 secs]
63.720: [GC (Allocation Failure)  1395679K->641K(4193792K), 0.0003175 secs]
63.735: [GC (Allocation Failure)  1395679K->641K(4193792K), 0.0002429 secs]
63.751: [GC (Allocation Failure)  1395679K->641K(4193792K), 0.0002808 secs]
63.766: [GC (Allocation Failure)  1395679K->641K(4193792K), 0.0002533 secs]
63.780: [GC (Allocation Failure)  1395679K->641K(4193792K), 0.0002207 secs]
63.795: [GC (Allocation Failure)  1395679K->641K(4193792K), 0.0005841 secs]
63.810: [GC (Allocation Failure)  1395679K->641K(4193792K), 0.0007130 secs]
63.825: [GC (Allocation Failure)  1395679K->641K(4193792K), 0.0002754 secs]
63.840: [GC (Allocation Failure)  1395679K->641K(4193792K), 0.0002613 secs]
63.855: [GC (Allocation Failure)  1395679K->641K(4193792K), 0.0002347 secs]
63.869: [GC (Allocation Failure)  1395679K->641K(4193792K), 0.0002971 secs]
63.883: [GC (Allocation Failure)  1395679K->641K(4193792K), 0.0002210 secs]
63.898: [GC (Allocation Failure)  1395679K->641K(4193792K), 0.0002389 secs]
63.912: [GC (Allocation Failure)  1395679K->641K(4193792K), 0.0002389 secs]
63.926: [GC (Allocation Failure)  1395679K->641K(4193792K), 0.0002485 secs]
63.940: [GC (Allocation Failure)  1395679K->641K(4193792K), 0.0002468 secs]
63.955: [GC (Allocation Failure)  1395679K->641K(4193792K), 0.0002762 secs]
63.969: [GC (Allocation Failure)  1395679K->641K(4193792K), 0.0002267 secs]
63.983: [GC (Allocation Failure)  1395679K->641K(4193792K), 0.0002878 secs]
63.998: [GC (Allocation Failure)  1395679K->641K(4193792K), 0.0045805 secs]
64.016: [GC (Allocation Failure)  1395679K->641K(4193792K), 0.0002978 secs]
64.030: [GC (Allocation Failure)  1395679K->641K(4193792K), 0.0002809 secs]
64.045: [GC (Allocation Failure)  1395679K->641K(4193792K), 0.0005263 secs]
64.060: [GC (Allocation Failure)  1395679K->641K(4193792K), 0.0002893 secs]
64.075: [GC (Allocation Failure)  1395679K->641K(4193792K), 0.0002580 secs]
64.089: [GC (Allocation Failure)  1395679K->641K(4193792K), 0.0003622 secs]
64.104: [GC (Allocation Failure)  1395679K->641K(4193792K), 0.0002947 secs]
64.119: [GC (Allocation Failure)  1395679K->641K(4193792K), 0.0002895 secs]
64.134: [GC (Allocation Failure)  1395679K->641K(4193792K), 0.0003270 secs]
64.149: [GC (Allocation Failure)  1395679K->641K(4193792K), 0.0002820 secs]
64.163: [GC (Allocation Failure)  1395679K->641K(4193792K), 0.0002768 secs]
64.178: [GC (Allocation Failure)  1395679K->641K(4193792K), 0.0003070 secs]
64.192: [GC (Allocation Failure)  1395679K->641K(4193792K), 0.0003225 secs]
64.206: [GC (Allocation Failure)  1395679K->641K(4193792K), 0.0002989 secs]
64.221: [GC (Allocation Failure)  1395679K->641K(4193792K), 0.0006205 secs]
64.236: [GC (Allocation Failure)  1395679K->641K(4193792K), 0.0002856 secs]
64.250: [GC (Allocation Failure)  1395679K->641K(4193792K), 0.0008155 secs]
64.265: [GC (Allocation Failure)  1395679K->641K(4193792K), 0.0002850 secs]
64.280: [GC (Allocation Failure)  1395679K->641K(4193792K), 0.0003018 secs]
64.295: [GC (Allocation Failure)  1395679K->641K(4193792K), 0.0002710 secs]
64.310: [GC (Allocation Failure)  1395679K->641K(4193792K), 0.0003013 secs]
64.325: [GC (Allocation Failure)  1395679K->641K(4193792K), 0.0002940 secs]
64.339: [GC (Allocation Failure)  1395679K->641K(4193792K), 0.0003090 secs]
64.353: [GC (Allocation Failure)  1395679K->641K(4193792K), 0.0002603 secs]
64.368: [GC (Allocation Failure)  1395679K->641K(4193792K), 0.0013179 secs]
64.383: [GC (Allocation Failure)  1395679K->641K(4193792K), 0.0003215 secs]
64.397: [GC (Allocation Failure)  1395679K->641K(4193792K), 0.0003227 secs]
64.411: [GC (Allocation Failure)  1395679K->641K(4193792K), 0.0002871 secs]
64.425: [GC (Allocation Failure)  1395679K->641K(4193792K), 0.0003079 secs]
64.441: [GC (Allocation Failure)  1395679K->641K(4193792K), 0.0005997 secs]
64.456: [GC (Allocation Failure)  1395679K->641K(4193792K), 0.0008460 secs]
64.472: [GC (Allocation Failure)  1395679K->641K(4193792K), 0.0006793 secs]
64.487: [GC (Allocation Failure)  1395679K->641K(4193792K), 0.0005295 secs]
64.507: [GC (Allocation Failure)  1395679K->641K(4193792K), 0.0004701 secs]
64.522: [GC (Allocation Failure)  1395679K->641K(4193792K), 0.0006413 secs]
64.538: [GC (Allocation Failure)  1395679K->641K(4193792K), 0.0021249 secs]
64.557: [GC (Allocation Failure)  1395679K->641K(4193792K), 0.0003168 secs]
64.572: [GC (Allocation Failure)  1395679K->641K(4193792K), 0.0002922 secs]
64.586: [GC (Allocation Failure)  1395679K->641K(4193792K), 0.0002537 secs]
64.600: [GC (Allocation Failure)  1395679K->641K(4193792K), 0.0002788 secs]
64.615: [GC (Allocation Failure)  1395679K->641K(4193792K), 0.0005213 secs]
64.630: [GC (Allocation Failure)  1395679K->641K(4193792K), 0.0002976 secs]
64.644: [GC (Allocation Failure)  1395679K->641K(4193792K), 0.0003070 secs]
64.658: [GC (Allocation Failure)  1395679K->641K(4193792K), 0.0003550 secs]
64.673: [GC (Allocation Failure)  1395679K->641K(4193792K), 0.0002889 secs]
64.688: [GC (Allocation Failure)  1395679K->641K(4193792K), 0.0003282 secs]
64.703: [GC (Allocation Failure)  1395679K->641K(4193792K), 0.0002785 secs]
64.717: [GC (Allocation Failure)  1395679K->641K(4193792K), 0.0002528 secs]
64.732: [GC (Allocation Failure)  1395679K->641K(4193792K), 0.0006040 secs]
64.746: [GC (Allocation Failure)  1395679K->641K(4193792K), 0.0002804 secs]
64.760: [GC (Allocation Failure)  1395679K->641K(4193792K), 0.0003063 secs]
64.774: [GC (Allocation Failure)  1395679K->641K(4193792K), 0.0002485 secs]
64.788: [GC (Allocation Failure)  1395679K->641K(4193792K), 0.0002734 secs]
64.802: [GC (Allocation Failure)  1395679K->641K(4193792K), 0.0003298 secs]
64.817: [GC (Allocation Failure)  1395679K->641K(4193792K), 0.0002731 secs]
64.831: [GC (Allocation Failure)  1395679K->641K(4193792K), 0.0002884 secs]
64.847: [GC (Allocation Failure)  1395679K->641K(4193792K), 0.0004278 secs]
64.862: [GC (Allocation Failure)  1395679K->641K(4193792K), 0.0005017 secs]
64.877: [GC (Allocation Failure)  1395679K->641K(4193792K), 0.0003205 secs]
64.892: [GC (Allocation Failure)  1395679K->641K(4193792K), 0.0002784 secs]
64.907: [GC (Allocation Failure)  1395679K->641K(4193792K), 0.0003415 secs]
64.922: [GC (Allocation Failure)  1395679K->641K(4193792K), 0.0016697 secs]
64.937: [GC (Allocation Failure)  1395679K->641K(4193792K), 0.0002912 secs]
64.952: [GC (Allocation Failure)  1395679K->641K(4193792K), 0.0003482 secs]
64.966: [GC (Allocation Failure)  1395679K->641K(4193792K), 0.0017401 secs]
64.982: [GC (Allocation Failure)  1395679K->641K(4193792K), 0.0002868 secs]
64.996: [GC (Allocation Failure)  1395679K->641K(4193792K), 0.0002513 secs]
65.011: [GC (Allocation Failure)  1395679K->641K(4193792K), 0.0003214 secs]
65.026: [GC (Allocation Failure)  1395679K->641K(4193792K), 0.0003974 secs]
65.040: [GC (Allocation Failure)  1395679K->641K(4193792K), 0.0003268 secs]
65.055: [GC (Allocation Failure)  1395679K->641K(4193792K), 0.0002787 secs]
65.070: [GC (Allocation Failure)  1395679K->641K(4193792K), 0.0002643 secs]
65.084: [GC (Allocation Failure)  1395679K->641K(4193792K), 0.0002899 secs]
65.099: [GC (Allocation Failure)  1395679K->641K(4193792K), 0.0003344 secs]
65.114: [GC (Allocation Failure)  1395679K->641K(4193792K), 0.0026303 secs]
65.131: [GC (Allocation Failure)  1395679K->641K(4193792K), 0.0003228 secs]
65.145: [GC (Allocation Failure)  1395679K->641K(4193792K), 0.0002333 secs]
65.159: [GC (Allocation Failure)  1395679K->641K(4193792K), 0.0002158 secs]
65.173: [GC (Allocation Failure)  1395679K->641K(4193792K), 0.0002752 secs]
65.188: [GC (Allocation Failure)  1395679K->641K(4193792K), 0.0003233 secs]
65.202: [GC (Allocation Failure)  1395679K->641K(4193792K), 0.0002418 secs]
65.217: [GC (Allocation Failure)  1395679K->641K(4193792K), 0.0003065 secs]
65.231: [GC (Allocation Failure)  1395679K->641K(4193792K), 0.0003185 secs]
65.246: [GC (Allocation Failure)  1395679K->641K(4193792K), 0.0002951 secs]
65.260: [GC (Allocation Failure)  1395679K->641K(4193792K), 0.0003053 secs]
65.274: [GC (Allocation Failure)  1395679K->641K(4193792K), 0.0002906 secs]
65.288: [GC (Allocation Failure)  1395679K->641K(4193792K), 0.0003349 secs]
65.303: [GC (Allocation Failure)  1395679K->641K(4193792K), 0.0003487 secs]
65.317: [GC (Allocation Failure)  1395679K->641K(4193792K), 0.0003264 secs]
65.332: [GC (Allocation Failure)  1395679K->641K(4193792K), 0.0003475 secs]
65.347: [GC (Allocation Failure)  1395679K->641K(4193792K), 0.0004267 secs]
65.362: [GC (Allocation Failure)  1395679K->641K(4193792K), 0.0003565 secs]
65.377: [GC (Allocation Failure)  1395679K->641K(4193792K), 0.0002806 secs]
65.392: [GC (Allocation Failure)  1395679K->641K(4193792K), 0.0002918 secs]
65.407: [GC (Allocation Failure)  1395679K->641K(4193792K), 0.0002785 secs]
65.421: [GC (Allocation Failure)  1395679K->641K(4193792K), 0.0003217 secs]
65.436: [GC (Allocation Failure)  1395679K->641K(4193792K), 0.0002822 secs]
65.450: [GC (Allocation Failure)  1395679K->641K(4193792K), 0.0005079 secs]
65.468: [GC (Allocation Failure)  1395679K->641K(4193792K), 0.0005300 secs]
65.486: [GC (Allocation Failure)  1395679K->641K(4193792K), 0.0005000 secs]
65.501: [GC (Allocation Failure)  1395679K->641K(4193792K), 0.0005949 secs]
65.515: [GC (Allocation Failure)  1395679K->641K(4193792K), 0.0002990 secs]
65.529: [GC (Allocation Failure)  1395679K->641K(4193792K), 0.0002876 secs]
65.545: [GC (Allocation Failure)  1395679K->641K(4193792K), 0.0002634 secs]
65.559: [GC (Allocation Failure)  1395679K->641K(4193792K), 0.0002980 secs]
65.574: [GC (Allocation Failure)  1395679K->641K(4193792K), 0.0002772 secs]
65.589: [GC (Allocation Failure)  1395679K->641K(4193792K), 0.0004221 secs]
65.604: [GC (Allocation Failure)  1395679K->641K(4193792K), 0.0002379 secs]
65.619: [GC (Allocation Failure)  1395679K->641K(4193792K), 0.0002937 secs]
65.634: [GC (Allocation Failure)  1395679K->641K(4193792K), 0.0003419 secs]
65.648: [GC (Allocation Failure)  1395679K->641K(4193792K), 0.0003141 secs]
65.662: [GC (Allocation Failure)  1395679K->641K(4193792K), 0.0002525 secs]
65.677: [GC (Allocation Failure)  1395679K->641K(4193792K), 0.0003056 secs]
65.690: [GC (Allocation Failure)  1395679K->641K(4193792K), 0.0003257 secs]
65.705: [GC (Allocation Failure)  1395679K->641K(4193792K), 0.0003411 secs]
65.719: [GC (Allocation Failure)  1395679K->641K(4193792K), 0.0003131 secs]
65.733: [GC (Allocation Failure)  1395679K->641K(4193792K), 0.0002660 secs]
65.748: [GC (Allocation Failure)  1395679K->641K(4193792K), 0.0003091 secs]
65.763: [GC (Allocation Failure)  1395679K->641K(4193792K), 0.0002814 secs]
65.778: [GC (Allocation Failure)  1395679K->641K(4193792K), 0.0006964 secs]
65.793: [GC (Allocation Failure)  1395679K->641K(4193792K), 0.0004354 secs]
65.808: [GC (Allocation Failure)  1395679K->641K(4193792K), 0.0004524 secs]
65.823: [GC (Allocation Failure)  1395679K->641K(4193792K), 0.0002668 secs]
65.837: [GC (Allocation Failure)  1395679K->641K(4193792K), 0.0002547 secs]
65.851: [GC (Allocation Failure)  1395679K->641K(4193792K), 0.0002615 secs]
65.866: [GC (Allocation Failure)  1395679K->641K(4193792K), 0.0002635 secs]
65.880: [GC (Allocation Failure)  1395679K->641K(4193792K), 0.0002300 secs]
65.894: [GC (Allocation Failure)  1395679K->641K(4193792K), 0.0002819 secs]
65.908: [GC (Allocation Failure)  1395679K->641K(4193792K), 0.0002824 secs]
65.922: [GC (Allocation Failure)  1395679K->641K(4193792K), 0.0003041 secs]
65.937: [GC (Allocation Failure)  1395679K->641K(4193792K), 0.0002687 secs]
65.951: [GC (Allocation Failure)  1395679K->641K(4193792K), 0.0002795 secs]
65.965: [GC (Allocation Failure)  1395679K->641K(4193792K), 0.0002097 secs]
65.979: [GC (Allocation Failure)  1395679K->641K(4193792K), 0.0003112 secs]
65.994: [GC (Allocation Failure)  1395679K->641K(4193792K), 0.0015886 secs]
66.014: [GC (Allocation Failure)  1395679K->641K(4193792K), 0.0002901 secs]
66.028: [GC (Allocation Failure)  1395679K->641K(4193792K), 0.0002929 secs]
66.043: [GC (Allocation Failure)  1395679K->641K(4193792K), 0.0002928 secs]
66.058: [GC (Allocation Failure)  1395679K->641K(4193792K), 0.0002646 secs]
66.073: [GC (Allocation Failure)  1395679K->641K(4193792K), 0.0003303 secs]
66.088: [GC (Allocation Failure)  1395679K->641K(4193792K), 0.0002868 secs]
66.103: [GC (Allocation Failure)  1395679K->641K(4193792K), 0.0003144 secs]
66.119: [GC (Allocation Failure)  1395679K->641K(4193792K), 0.0006166 secs]
66.134: [GC (Allocation Failure)  1395679K->641K(4193792K), 0.0002749 secs]
66.148: [GC (Allocation Failure)  1395679K->641K(4193792K), 0.0002770 secs]
66.162: [GC (Allocation Failure)  1395679K->641K(4193792K), 0.0002711 secs]
66.177: [GC (Allocation Failure)  1395679K->641K(4193792K), 0.0003338 secs]
66.192: [GC (Allocation Failure)  1395679K->641K(4193792K), 0.0003394 secs]
66.206: [GC (Allocation Failure)  1395679K->641K(4193792K), 0.0002671 secs]
66.221: [GC (Allocation Failure)  1395679K->641K(4193792K), 0.0003306 secs]
66.235: [GC (Allocation Failure)  1395679K->641K(4193792K), 0.0003178 secs]
66.250: [GC (Allocation Failure)  1395679K->641K(4193792K), 0.0002630 secs]
66.264: [GC (Allocation Failure)  1395679K->641K(4193792K), 0.0002880 secs]
66.279: [GC (Allocation Failure)  1395679K->641K(4193792K), 0.0002652 secs]
66.294: [GC (Allocation Failure)  1395679K->641K(4193792K), 0.0005350 secs]
66.309: [GC (Allocation Failure)  1395679K->641K(4193792K), 0.0004400 secs]
66.324: [GC (Allocation Failure)  1395679K->641K(4193792K), 0.0002639 secs]
66.339: [GC (Allocation Failure)  1395679K->641K(4193792K), 0.0003030 secs]
66.353: [GC (Allocation Failure)  1395679K->641K(4193792K), 0.0002302 secs]
66.368: [GC (Allocation Failure)  1395679K->641K(4193792K), 0.0002505 secs]
66.382: [GC (Allocation Failure)  1395679K->641K(4193792K), 0.0002518 secs]
66.396: [GC (Allocation Failure)  1395679K->641K(4193792K), 0.0002898 secs]
66.411: [GC (Allocation Failure)  1395679K->641K(4193792K), 0.0002726 secs]
66.425: [GC (Allocation Failure)  1395679K->641K(4193792K), 0.0002323 secs]
66.439: [GC (Allocation Failure)  1395679K->641K(4193792K), 0.0005045 secs]
66.455: [GC (Allocation Failure)  1395679K->641K(4193792K), 0.0011320 secs]
66.472: [GC (Allocation Failure)  1395679K->641K(4193792K), 0.0008270 secs]
66.489: [GC (Allocation Failure)  1395679K->641K(4193792K), 0.0005493 secs]
66.504: [GC (Allocation Failure)  1395679K->641K(4193792K), 0.0008458 secs]
66.518: [GC (Allocation Failure)  1395679K->641K(4193792K), 0.0002918 secs]
66.533: [GC (Allocation Failure)  1395679K->641K(4193792K), 0.0004488 secs]
66.547: [GC (Allocation Failure)  1395679K->641K(4193792K), 0.0002639 secs]
66.563: [GC (Allocation Failure)  1395679K->641K(4193792K), 0.0002214 secs]
66.577: [GC (Allocation Failure)  1395679K->641K(4193792K), 0.0003298 secs]
66.592: [GC (Allocation Failure)  1395679K->641K(4193792K), 0.0003745 secs]
66.607: [GC (Allocation Failure)  1395679K->641K(4193792K), 0.0088672 secs]
66.630: [GC (Allocation Failure)  1395679K->641K(4193792K), 0.0002761 secs]
66.645: [GC (Allocation Failure)  1395679K->641K(4193792K), 0.0003023 secs]
66.659: [GC (Allocation Failure)  1395679K->641K(4193792K), 0.0002377 secs]
66.673: [GC (Allocation Failure)  1395679K->641K(4193792K), 0.0002675 secs]
66.687: [GC (Allocation Failure)  1395679K->641K(4193792K), 0.0002395 secs]
66.701: [GC (Allocation Failure)  1395679K->641K(4193792K), 0.0002883 secs]
66.715: [GC (Allocation Failure)  1395679K->641K(4193792K), 0.0003082 secs]
66.729: [GC (Allocation Failure)  1395679K->641K(4193792K), 0.0003373 secs]
66.744: [GC (Allocation Failure)  1395679K->641K(4193792K), 0.0003617 secs]
66.758: [GC (Allocation Failure)  1395679K->641K(4193792K), 0.0003723 secs]
66.774: [GC (Allocation Failure)  1395679K->641K(4193792K), 0.0002271 secs]
66.788: [GC (Allocation Failure)  1395679K->641K(4193792K), 0.0003110 secs]
66.803: [GC (Allocation Failure)  1395679K->641K(4193792K), 0.0007574 secs]
66.818: [GC (Allocation Failure)  1395679K->641K(4193792K), 0.0002870 secs]
66.832: [GC (Allocation Failure)  1395679K->641K(4193792K), 0.0002483 secs]
66.847: [GC (Allocation Failure)  1395679K->641K(4193792K), 0.0002859 secs]
66.862: [GC (Allocation Failure)  1395679K->641K(4193792K), 0.0008126 secs]
66.876: [GC (Allocation Failure)  1395679K->641K(4193792K), 0.0002638 secs]
66.890: [GC (Allocation Failure)  1395679K->641K(4193792K), 0.0002973 secs]
66.904: [GC (Allocation Failure)  1395679K->641K(4193792K), 0.0002652 secs]
66.918: [GC (Allocation Failure)  1395679K->641K(4193792K), 0.0002500 secs]
66.933: [GC (Allocation Failure)  1395679K->641K(4193792K), 0.0006153 secs]
66.948: [GC (Allocation Failure)  1395679K->641K(4193792K), 0.0003035 secs]
66.963: [GC (Allocation Failure)  1395679K->641K(4193792K), 0.0002611 secs]
66.978: [GC (Allocation Failure)  1395679K->641K(4193792K), 0.0002827 secs]
66.993: [GC (Allocation Failure)  1395679K->641K(4193792K), 0.0002907 secs]
67.007: [GC (Allocation Failure)  1395679K->641K(4193792K), 0.0006826 secs]
67.022: [GC (Allocation Failure)  1395679K->641K(4193792K), 0.0002972 secs]
67.037: [GC (Allocation Failure)  1395679K->641K(4193792K), 0.0002690 secs]
67.051: [GC (Allocation Failure)  1395679K->641K(4193792K), 0.0003211 secs]
67.065: [GC (Allocation Failure)  1395679K->641K(4193792K), 0.0002706 secs]
67.080: [GC (Allocation Failure)  1395679K->641K(4193792K), 0.0002530 secs]
67.093: [GC (Allocation Failure)  1395679K->641K(4193792K), 0.0003183 secs]
67.108: [GC (Allocation Failure)  1395679K->641K(4193792K), 0.0003306 secs]
67.122: [GC (Allocation Failure)  1395679K->641K(4193792K), 0.0002940 secs]
67.137: [GC (Allocation Failure)  1395679K->641K(4193792K), 0.0013481 secs]
67.153: [GC (Allocation Failure)  1395679K->641K(4193792K), 0.0002378 secs]
67.168: [GC (Allocation Failure)  1395679K->641K(4193792K), 0.0002318 secs]
67.183: [GC (Allocation Failure)  1395679K->641K(4193792K), 0.0002435 secs]
67.197: [GC (Allocation Failure)  1395679K->641K(4193792K), 0.0002738 secs]
67.212: [GC (Allocation Failure)  1395679K->641K(4193792K), 0.0004890 secs]
67.227: [GC (Allocation Failure)  1395679K->641K(4193792K), 0.0006243 secs]
67.242: [GC (Allocation Failure)  1395679K->641K(4193792K), 0.0002659 secs]
67.256: [GC (Allocation Failure)  1395679K->641K(4193792K), 0.0002653 secs]
67.270: [GC (Allocation Failure)  1395679K->641K(4193792K), 0.0002804 secs]
67.285: [GC (Allocation Failure)  1395679K->641K(4193792K), 0.0002356 secs]
67.299: [GC (Allocation Failure)  1395679K->641K(4193792K), 0.0002431 secs]
67.313: [GC (Allocation Failure)  1395679K->641K(4193792K), 0.0002267 secs]
67.327: [GC (Allocation Failure)  1395679K->641K(4193792K), 0.0002291 secs]
67.341: [GC (Allocation Failure)  1395679K->641K(4193792K), 0.0002637 secs]
67.356: [GC (Allocation Failure)  1395679K->641K(4193792K), 0.0002072 secs]
67.369: [GC (Allocation Failure)  1395679K->641K(4193792K), 0.0003145 secs]
67.384: [GC (Allocation Failure)  1395679K->641K(4193792K), 0.0002630 secs]
67.398: [GC (Allocation Failure)  1395679K->641K(4193792K), 0.0002648 secs]
67.412: [GC (Allocation Failure)  1395679K->641K(4193792K), 0.0003015 secs]
67.427: [GC (Allocation Failure)  1395679K->641K(4193792K), 0.0002443 secs]
67.441: [GC (Allocation Failure)  1395679K->641K(4193792K), 0.0005867 secs]
67.456: [GC (Allocation Failure)  1395679K->641K(4193792K), 0.0003601 secs]
67.471: [GC (Allocation Failure)  1395679K->641K(4193792K), 0.0003363 secs]
67.486: [GC (Allocation Failure)  1395679K->641K(4193792K), 0.0002965 secs]
67.501: [GC (Allocation Failure)  1395679K->641K(4193792K), 0.0002897 secs]
67.516: [GC (Allocation Failure)  1395679K->641K(4193792K), 0.0002592 secs]
67.530: [GC (Allocation Failure)  1395679K->641K(4193792K), 0.0002051 secs]
67.544: [GC (Allocation Failure)  1395679K->641K(4193792K), 0.0002402 secs]
67.558: [GC (Allocation Failure)  1395679K->641K(4193792K), 0.0002624 secs]
67.573: [GC (Allocation Failure)  1395679K->641K(4193792K), 0.0002684 secs]
67.587: [GC (Allocation Failure)  1395679K->641K(4193792K), 0.0002972 secs]
67.601: [GC (Allocation Failure)  1395679K->641K(4193792K), 0.0002774 secs]
67.616: [GC (Allocation Failure)  1395679K->641K(4193792K), 0.0005245 secs]
67.631: [GC (Allocation Failure)  1395679K->641K(4193792K), 0.0003260 secs]
67.646: [GC (Allocation Failure)  1395679K->641K(4193792K), 0.0002312 secs]
67.661: [GC (Allocation Failure)  1395679K->641K(4193792K), 0.0002932 secs]
67.676: [GC (Allocation Failure)  1395679K->641K(4193792K), 0.0002880 secs]
67.691: [GC (Allocation Failure)  1395679K->641K(4193792K), 0.0002756 secs]
67.705: [GC (Allocation Failure)  1395679K->641K(4193792K), 0.0002425 secs]
67.720: [GC (Allocation Failure)  1395679K->641K(4193792K), 0.0005910 secs]
67.735: [GC (Allocation Failure)  1395679K->641K(4193792K), 0.0003229 secs]
67.749: [GC (Allocation Failure)  1395679K->641K(4193792K), 0.0003168 secs]
67.763: [GC (Allocation Failure)  1395679K->641K(4193792K), 0.0002468 secs]
67.777: [GC (Allocation Failure)  1395679K->641K(4193792K), 0.0002526 secs]
67.791: [GC (Allocation Failure)  1395679K->641K(4193792K), 0.0002152 secs]
67.806: [GC (Allocation Failure)  1395679K->641K(4193792K), 0.0003031 secs]
67.821: [GC (Allocation Failure)  1395679K->641K(4193792K), 0.0003038 secs]
67.836: [GC (Allocation Failure)  1395679K->641K(4193792K), 0.0002764 secs]
67.850: [GC (Allocation Failure)  1395679K->641K(4193792K), 0.0002321 secs]
67.866: [GC (Allocation Failure)  1395679K->641K(4193792K), 0.0004082 secs]
67.881: [GC (Allocation Failure)  1395679K->641K(4193792K), 0.0004764 secs]
67.895: [GC (Allocation Failure)  1395679K->641K(4193792K), 0.0011792 secs]
67.911: [GC (Allocation Failure)  1395679K->641K(4193792K), 0.0002780 secs]
67.926: [GC (Allocation Failure)  1395679K->641K(4193792K), 0.0002542 secs]
67.940: [GC (Allocation Failure)  1395679K->641K(4193792K), 0.0002177 secs]
67.954: [GC (Allocation Failure)  1395679K->641K(4193792K), 0.0002389 secs]
67.969: [GC (Allocation Failure)  1395679K->641K(4193792K), 0.0002781 secs]
67.983: [GC (Allocation Failure)  1395679K->641K(4193792K), 0.0001994 secs]
67.997: [GC (Allocation Failure)  1395679K->641K(4193792K), 0.0003252 secs]
68.012: [GC (Allocation Failure)  1395679K->641K(4193792K), 0.0002803 secs]
68.027: [GC (Allocation Failure)  1395679K->641K(4193792K), 0.0002583 secs]
68.042: [GC (Allocation Failure)  1395679K->641K(4193792K), 0.0002610 secs]
68.057: [GC (Allocation Failure)  1395679K->641K(4193792K), 0.0002678 secs]
68.072: [GC (Allocation Failure)  1395679K->641K(4193792K), 0.0002388 secs]
68.086: [GC (Allocation Failure)  1395679K->641K(4193792K), 0.0002991 secs]
68.101: [GC (Allocation Failure)  1395679K->641K(4193792K), 0.0008803 secs]
68.117: [GC (Allocation Failure)  1395679K->641K(4193792K), 0.0002313 secs]
68.132: [GC (Allocation Failure)  1395679K->641K(4193792K), 0.0002484 secs]
68.146: [GC (Allocation Failure)  1395679K->641K(4193792K), 0.0002501 secs]
68.160: [GC (Allocation Failure)  1395679K->641K(4193792K), 0.0002713 secs]
68.174: [GC (Allocation Failure)  1395679K->641K(4193792K), 0.0002943 secs]
68.189: [GC (Allocation Failure)  1395679K->641K(4193792K), 0.0002805 secs]
68.203: [GC (Allocation Failure)  1395679K->641K(4193792K), 0.0002563 secs]
68.217: [GC (Allocation Failure)  1395679K->641K(4193792K), 0.0002440 secs]
68.231: [GC (Allocation Failure)  1395679K->641K(4193792K), 0.0002141 secs]
68.245: [GC (Allocation Failure)  1395679K->641K(4193792K), 0.0002337 secs]
68.259: [GC (Allocation Failure)  1395679K->641K(4193792K), 0.0002919 secs]
68.274: [GC (Allocation Failure)  1395679K->641K(4193792K), 0.0001884 secs]
68.288: [GC (Allocation Failure)  1395679K->641K(4193792K), 0.0002880 secs]
68.302: [GC (Allocation Failure)  1395679K->641K(4193792K), 0.0002543 secs]
68.316: [GC (Allocation Failure)  1395679K->641K(4193792K), 0.0003083 secs]
68.331: [GC (Allocation Failure)  1395679K->641K(4193792K), 0.0003058 secs]
68.346: [GC (Allocation Failure)  1395679K->641K(4193792K), 0.0002218 secs]
68.360: [GC (Allocation Failure)  1395679K->641K(4193792K), 0.0029458 secs]
68.377: [GC (Allocation Failure)  1395679K->641K(4193792K), 0.0003541 secs]
68.393: [GC (Allocation Failure)  1395679K->641K(4193792K), 0.0003455 secs]
68.408: [GC (Allocation Failure)  1395679K->641K(4193792K), 0.0002526 secs]
68.422: [GC (Allocation Failure)  1395679K->641K(4193792K), 0.0002959 secs]
68.436: [GC (Allocation Failure)  1395679K->641K(4193792K), 0.0002589 secs]
68.451: [GC (Allocation Failure)  1395679K->641K(4193792K), 0.0002325 secs]
68.465: [GC (Allocation Failure)  1395679K->641K(4193792K), 0.0002712 secs]
68.479: [GC (Allocation Failure)  1395679K->641K(4193792K), 0.0002227 secs]
68.493: [GC (Allocation Failure)  1395679K->641K(4193792K), 0.0003157 secs]
68.508: [GC (Allocation Failure)  1395679K->641K(4193792K), 0.0003501 secs]
68.522: [GC (Allocation Failure)  1395679K->641K(4193792K), 0.0003679 secs]
68.538: [GC (Allocation Failure)  1395679K->641K(4193792K), 0.0004912 secs]
68.553: [GC (Allocation Failure)  1395679K->641K(4193792K), 0.0003140 secs]
68.567: [GC (Allocation Failure)  1395679K->641K(4193792K), 0.0003076 secs]
68.582: [GC (Allocation Failure)  1395679K->641K(4193792K), 0.0002508 secs]
68.597: [GC (Allocation Failure)  1395679K->641K(4193792K), 0.0003451 secs]
68.612: [GC (Allocation Failure)  1395679K->641K(4193792K), 0.0002813 secs]
68.627: [GC (Allocation Failure)  1395679K->641K(4193792K), 0.0002385 secs]
68.641: [GC (Allocation Failure)  1395679K->641K(4193792K), 0.0002508 secs]
68.655: [GC (Allocation Failure)  1395679K->641K(4193792K), 0.0002819 secs]
68.669: [GC (Allocation Failure)  1395679K->641K(4193792K), 0.0002564 secs]
68.684: [GC (Allocation Failure)  1395679K->641K(4193792K), 0.0002861 secs]
68.698: [GC (Allocation Failure)  1395679K->641K(4193792K), 0.0002770 secs]
68.712: [GC (Allocation Failure)  1395679K->641K(4193792K), 0.0003378 secs]
68.727: [GC (Allocation Failure)  1395679K->641K(4193792K), 0.0002852 secs]
68.742: [GC (Allocation Failure)  1395679K->641K(4193792K), 0.0002183 secs]
68.756: [GC (Allocation Failure)  1395679K->641K(4193792K), 0.0002884 secs]
68.771: [GC (Allocation Failure)  1395679K->641K(4193792K), 0.0003155 secs]
68.786: [GC (Allocation Failure)  1395679K->641K(4193792K), 0.0002995 secs]
68.801: [GC (Allocation Failure)  1395679K->641K(4193792K), 0.0002719 secs]
68.816: [GC (Allocation Failure)  1395679K->641K(4193792K), 0.0021608 secs]
68.832: [GC (Allocation Failure)  1395679K->641K(4193792K), 0.0002807 secs]
68.846: [GC (Allocation Failure)  1395679K->641K(4193792K), 0.0002640 secs]
68.861: [GC (Allocation Failure)  1395679K->641K(4193792K), 0.0002411 secs]
68.875: [GC (Allocation Failure)  1395679K->641K(4193792K), 0.0002638 secs]
68.889: [GC (Allocation Failure)  1395679K->641K(4193792K), 0.0002765 secs]
68.903: [GC (Allocation Failure)  1395679K->641K(4193792K), 0.0003330 secs]
68.918: [GC (Allocation Failure)  1395679K->641K(4193792K), 0.0003322 secs]
68.933: [GC (Allocation Failure)  1395679K->641K(4193792K), 0.0004579 secs]
68.948: [GC (Allocation Failure)  1395679K->641K(4193792K), 0.0003110 secs]
68.962: [GC (Allocation Failure)  1395679K->641K(4193792K), 0.0002483 secs]
68.977: [GC (Allocation Failure)  1395679K->641K(4193792K), 0.0003200 secs]
68.992: [GC (Allocation Failure)  1395679K->641K(4193792K), 0.0002445 secs]
69.006: [GC (Allocation Failure)  1395679K->641K(4193792K), 0.0005773 secs]
69.022: [GC (Allocation Failure)  1395679K->641K(4193792K), 0.0002376 secs]
69.036: [GC (Allocation Failure)  1395679K->641K(4193792K), 0.0002972 secs]
69.050: [GC (Allocation Failure)  1395679K->641K(4193792K), 0.0002327 secs]
69.065: [GC (Allocation Failure)  1395679K->641K(4193792K), 0.0002629 secs]
69.079: [GC (Allocation Failure)  1395679K->641K(4193792K), 0.0002482 secs]
69.093: [GC (Allocation Failure)  1395679K->641K(4193792K), 0.0003420 secs]
69.108: [GC (Allocation Failure)  1395679K->641K(4193792K), 0.0002064 secs]
69.122: [GC (Allocation Failure)  1395679K->641K(4193792K), 0.0002414 secs]
69.136: [GC (Allocation Failure)  1395679K->641K(4193792K), 0.0002657 secs]
69.150: [GC (Allocation Failure)  1395679K->641K(4193792K), 0.0002436 secs]
69.164: [GC (Allocation Failure)  1395679K->641K(4193792K), 0.0002435 secs]
69.178: [GC (Allocation Failure)  1395679K->641K(4193792K), 0.0002346 secs]
69.193: [GC (Allocation Failure)  1395679K->641K(4193792K), 0.0002218 secs]
69.207: [GC (Allocation Failure)  1395679K->641K(4193792K), 0.0002437 secs]
69.222: [GC (Allocation Failure)  1395679K->641K(4193792K), 0.0002420 secs]
69.236: [GC (Allocation Failure)  1395679K->641K(4193792K), 0.0002673 secs]
69.251: [GC (Allocation Failure)  1395679K->641K(4193792K), 0.0002468 secs]
69.266: [GC (Allocation Failure)  1395679K->641K(4193792K), 0.0002520 secs]
69.281: [GC (Allocation Failure)  1395679K->641K(4193792K), 0.0002890 secs]
69.296: [GC (Allocation Failure)  1395679K->641K(4193792K), 0.0002481 secs]
69.310: [GC (Allocation Failure)  1395679K->641K(4193792K), 0.0003038 secs]
69.326: [GC (Allocation Failure)  1395679K->641K(4193792K), 0.0003227 secs]
69.340: [GC (Allocation Failure)  1395679K->641K(4193792K), 0.0002280 secs]
69.354: [GC (Allocation Failure)  1395679K->641K(4193792K), 0.0002335 secs]
69.368: [GC (Allocation Failure)  1395679K->641K(4193792K), 0.0002699 secs]
69.382: [GC (Allocation Failure)  1395679K->641K(4193792K), 0.0002620 secs]
69.397: [GC (Allocation Failure)  1395679K->641K(4193792K), 0.0003250 secs]
69.411: [GC (Allocation Failure)  1395679K->641K(4193792K), 0.0003069 secs]
69.425: [GC (Allocation Failure)  1395679K->641K(4193792K), 0.0002482 secs]
69.440: [GC (Allocation Failure)  1395679K->641K(4193792K), 0.0002602 secs]
69.454: [GC (Allocation Failure)  1395679K->641K(4193792K), 0.0002471 secs]
69.468: [GC (Allocation Failure)  1395679K->641K(4193792K), 0.0002562 secs]
69.482: [GC (Allocation Failure)  1395679K->641K(4193792K), 0.0003009 secs]
69.497: [GC (Allocation Failure)  1395679K->641K(4193792K), 0.0003020 secs]
69.511: [GC (Allocation Failure)  1395679K->641K(4193792K), 0.0002631 secs]
69.526: [GC (Allocation Failure)  1395679K->641K(4193792K), 0.0002975 secs]
69.540: [GC (Allocation Failure)  1395679K->641K(4193792K), 0.0002276 secs]
69.555: [GC (Allocation Failure)  1395679K->641K(4193792K), 0.0037035 secs]
69.574: [GC (Allocation Failure)  1395679K->641K(4193792K), 0.0005008 secs]
69.589: [GC (Allocation Failure)  1395679K->641K(4193792K), 0.0002531 secs]
69.604: [GC (Allocation Failure)  1395679K->641K(4193792K), 0.0003187 secs]
69.619: [GC (Allocation Failure)  1395679K->641K(4193792K), 0.0002716 secs]
69.633: [GC (Allocation Failure)  1395679K->641K(4193792K), 0.0002618 secs]
69.647: [GC (Allocation Failure)  1395679K->641K(4193792K), 0.0002864 secs]
69.661: [GC (Allocation Failure)  1395679K->641K(4193792K), 0.0002436 secs]
69.676: [GC (Allocation Failure)  1395679K->641K(4193792K), 0.0003621 secs]
69.690: [GC (Allocation Failure)  1395679K->641K(4193792K), 0.0002735 secs]
69.704: [GC (Allocation Failure)  1395679K->641K(4193792K), 0.0002364 secs]
69.719: [GC (Allocation Failure)  1395679K->641K(4193792K), 0.0002727 secs]
69.734: [GC (Allocation Failure)  1395679K->641K(4193792K), 0.0003766 secs]
69.749: [GC (Allocation Failure)  1395679K->641K(4193792K), 0.0002440 secs]
69.764: [GC (Allocation Failure)  1395679K->641K(4193792K), 0.0002663 secs]
69.779: [GC (Allocation Failure)  1395679K->641K(4193792K), 0.0003973 secs]
69.793: [GC (Allocation Failure)  1395679K->641K(4193792K), 0.0003073 secs]
69.809: [GC (Allocation Failure)  1395679K->641K(4193792K), 0.0002655 secs]
69.824: [GC (Allocation Failure)  1395679K->641K(4193792K), 0.0002410 secs]
69.838: [GC (Allocation Failure)  1395679K->641K(4193792K), 0.0002467 secs]
69.852: [GC (Allocation Failure)  1395679K->641K(4193792K), 0.0002552 secs]
69.867: [GC (Allocation Failure)  1395679K->641K(4193792K), 0.0002597 secs]
69.881: [GC (Allocation Failure)  1395679K->641K(4193792K), 0.0002720 secs]
69.895: [GC (Allocation Failure)  1395679K->641K(4193792K), 0.0002845 secs]
69.910: [GC (Allocation Failure)  1395679K->641K(4193792K), 0.0002855 secs]
69.925: [GC (Allocation Failure)  1395679K->641K(4193792K), 0.0003803 secs]
69.939: [GC (Allocation Failure)  1395679K->641K(4193792K), 0.0002750 secs]
69.954: [GC (Allocation Failure)  1395679K->641K(4193792K), 0.0002423 secs]
69.969: [GC (Allocation Failure)  1395679K->641K(4193792K), 0.0002430 secs]
69.983: [GC (Allocation Failure)  1395679K->641K(4193792K), 0.0002670 secs]
69.999: [GC (Allocation Failure)  1395679K->641K(4193792K), 0.0003257 secs]
70.014: [GC (Allocation Failure)  1395679K->641K(4193792K), 0.0002613 secs]
70.029: [GC (Allocation Failure)  1395679K->641K(4193792K), 0.0002415 secs]
70.043: [GC (Allocation Failure)  1395679K->641K(4193792K), 0.0002286 secs]
70.056: [GC (Allocation Failure)  1395679K->641K(4193792K), 0.0002823 secs]
70.071: [GC (Allocation Failure)  1395679K->641K(4193792K), 0.0002648 secs]
70.085: [GC (Allocation Failure)  1395679K->641K(4193792K), 0.0002380 secs]
70.099: [GC (Allocation Failure)  1395679K->641K(4193792K), 0.0002996 secs]
70.114: [GC (Allocation Failure)  1395679K->641K(4193792K), 0.0003487 secs]
70.129: [GC (Allocation Failure)  1395679K->641K(4193792K), 0.0002830 secs]
70.144: [GC (Allocation Failure)  1395679K->641K(4193792K), 0.0002793 secs]
70.159: [GC (Allocation Failure)  1395679K->641K(4193792K), 0.0003630 secs]
70.174: [GC (Allocation Failure)  1395679K->641K(4193792K), 0.0002549 secs]
70.189: [GC (Allocation Failure)  1395679K->641K(4193792K), 0.0002273 secs]
70.203: [GC (Allocation Failure)  1395679K->641K(4193792K), 0.0002870 secs]
70.218: [GC (Allocation Failure)  1395679K->641K(4193792K), 0.0002500 secs]
70.232: [GC (Allocation Failure)  1395679K->641K(4193792K), 0.0002418 secs]
70.247: [GC (Allocation Failure)  1395679K->641K(4193792K), 0.0002539 secs]
70.261: [GC (Allocation Failure)  1395679K->641K(4193792K), 0.0002526 secs]
70.275: [GC (Allocation Failure)  1395679K->641K(4193792K), 0.0002968 secs]
70.289: [GC (Allocation Failure)  1395679K->641K(4193792K), 0.0002375 secs]
70.304: [GC (Allocation Failure)  1395679K->641K(4193792K), 0.0003544 secs]
70.319: [GC (Allocation Failure)  1395679K->641K(4193792K), 0.0002616 secs]
70.333: [GC (Allocation Failure)  1395679K->641K(4193792K), 0.0002413 secs]
70.348: [GC (Allocation Failure)  1395679K->641K(4193792K), 0.0004460 secs]
70.363: [GC (Allocation Failure)  1395679K->641K(4193792K), 0.0002684 secs]
70.378: [GC (Allocation Failure)  1395679K->641K(4193792K), 0.0002599 secs]
70.393: [GC (Allocation Failure)  1395679K->641K(4193792K), 0.0005813 secs]
70.408: [GC (Allocation Failure)  1395679K->641K(4193792K), 0.0002796 secs]
70.423: [GC (Allocation Failure)  1395679K->641K(4193792K), 0.0002725 secs]
70.437: [GC (Allocation Failure)  1395679K->641K(4193792K), 0.0002061 secs]
70.452: [GC (Allocation Failure)  1395679K->641K(4193792K), 0.0002204 secs]
70.466: [GC (Allocation Failure)  1395679K->641K(4193792K), 0.0007750 secs]
70.480: [GC (Allocation Failure)  1395679K->641K(4193792K), 0.0003011 secs]
70.495: [GC (Allocation Failure)  1395679K->641K(4193792K), 0.0002255 secs]
70.509: [GC (Allocation Failure)  1395679K->641K(4193792K), 0.0002261 secs]
70.523: [GC (Allocation Failure)  1395679K->641K(4193792K), 0.0003101 secs]
70.538: [GC (Allocation Failure)  1395679K->641K(4193792K), 0.0002664 secs]
70.552: [GC (Allocation Failure)  1395679K->641K(4193792K), 0.0003070 secs]
70.566: [GC (Allocation Failure)  1395679K->641K(4193792K), 0.0002757 secs]
70.580: [GC (Allocation Failure)  1395679K->641K(4193792K), 0.0003370 secs]
70.595: [GC (Allocation Failure)  1395679K->641K(4193792K), 0.0003029 secs]
70.609: [GC (Allocation Failure)  1395679K->641K(4193792K), 0.0003125 secs]
70.624: [GC (Allocation Failure)  1395679K->641K(4193792K), 0.0002554 secs]
70.639: [GC (Allocation Failure)  1395679K->641K(4193792K), 0.0002793 secs]
70.654: [GC (Allocation Failure)  1395679K->641K(4193792K), 0.0002457 secs]
70.669: [GC (Allocation Failure)  1395679K->641K(4193792K), 0.0002906 secs]
70.684: [GC (Allocation Failure)  1395679K->641K(4193792K), 0.0002892 secs]
70.699: [GC (Allocation Failure)  1395679K->641K(4193792K), 0.0002521 secs]
70.713: [GC (Allocation Failure)  1395679K->641K(4193792K), 0.0002550 secs]
70.728: [GC (Allocation Failure)  1395679K->641K(4193792K), 0.0002330 secs]
70.742: [GC (Allocation Failure)  1395679K->641K(4193792K), 0.0002510 secs]
70.756: [GC (Allocation Failure)  1395679K->641K(4193792K), 0.0002093 secs]
70.770: [GC (Allocation Failure)  1395679K->641K(4193792K), 0.0002345 secs]
70.784: [GC (Allocation Failure)  1395679K->641K(4193792K), 0.0002500 secs]
70.799: [GC (Allocation Failure)  1395679K->641K(4193792K), 0.0009005 secs]
70.814: [GC (Allocation Failure)  1395679K->641K(4193792K), 0.0008615 secs]
70.838: [GC (Allocation Failure)  1395679K->641K(4193792K), 0.0002966 secs]
70.855: [GC (Allocation Failure)  1395679K->641K(4193792K), 0.0002571 secs]
70.870: [GC (Allocation Failure)  1395679K->641K(4193792K), 0.0002317 secs]
70.885: [GC (Allocation Failure)  1395679K->641K(4193792K), 0.0002678 secs]
70.900: [GC (Allocation Failure)  1395679K->641K(4193792K), 0.0002619 secs]
70.915: [GC (Allocation Failure)  1395679K->641K(4193792K), 0.0003590 secs]
70.930: [GC (Allocation Failure)  1395679K->641K(4193792K), 0.0002785 secs]
70.944: [GC (Allocation Failure)  1395679K->641K(4193792K), 0.0002220 secs]
70.958: [GC (Allocation Failure)  1395679K->641K(4193792K), 0.0002875 secs]
70.972: [GC (Allocation Failure)  1395679K->641K(4193792K), 0.0002911 secs]
70.986: [GC (Allocation Failure)  1395679K->641K(4193792K), 0.0002749 secs]
71.001: [GC (Allocation Failure)  1395679K->641K(4193792K), 0.0003305 secs]
71.016: [GC (Allocation Failure)  1395679K->641K(4193792K), 0.0003191 secs]
71.030: [GC (Allocation Failure)  1395679K->641K(4193792K), 0.0002958 secs]
71.045: [GC (Allocation Failure)  1395679K->641K(4193792K), 0.0003012 secs]
71.061: [GC (Allocation Failure)  1395679K->641K(4193792K), 0.0002743 secs]
71.076: [GC (Allocation Failure)  1395679K->641K(4193792K), 0.0002461 secs]
71.090: [GC (Allocation Failure)  1395679K->641K(4193792K), 0.0002926 secs]
71.106: [GC (Allocation Failure)  1395679K->641K(4193792K), 0.0002816 secs]
71.120: [GC (Allocation Failure)  1395679K->641K(4193792K), 0.0003803 secs]
71.135: [GC (Allocation Failure)  1395679K->641K(4193792K), 0.0003114 secs]
71.149: [GC (Allocation Failure)  1395679K->641K(4193792K), 0.0002234 secs]
71.163: [GC (Allocation Failure)  1395679K->641K(4193792K), 0.0003039 secs]
71.177: [GC (Allocation Failure)  1395679K->641K(4193792K), 0.0002396 secs]
71.191: [GC (Allocation Failure)  1395679K->641K(4193792K), 0.0002225 secs]
71.206: [GC (Allocation Failure)  1395679K->641K(4193792K), 0.0002692 secs]
71.220: [GC (Allocation Failure)  1395679K->641K(4193792K), 0.0002407 secs]
71.235: [GC (Allocation Failure)  1395679K->641K(4193792K), 0.0002637 secs]
71.250: [GC (Allocation Failure)  1395679K->641K(4193792K), 0.0002829 secs]
71.265: [GC (Allocation Failure)  1395679K->641K(4193792K), 0.0003639 secs]
71.280: [GC (Allocation Failure)  1395679K->641K(4193792K), 0.0002711 secs]
71.294: [GC (Allocation Failure)  1395679K->641K(4193792K), 0.0002891 secs]
71.309: [GC (Allocation Failure)  1395679K->641K(4193792K), 0.0002595 secs]
71.324: [GC (Allocation Failure)  1395679K->641K(4193792K), 0.0002767 secs]
71.339: [GC (Allocation Failure)  1395679K->641K(4193792K), 0.0002375 secs]
71.352: [GC (Allocation Failure)  1395679K->641K(4193792K), 0.0003008 secs]
71.367: [GC (Allocation Failure)  1395679K->641K(4193792K), 0.0002700 secs]
71.381: [GC (Allocation Failure)  1395679K->641K(4193792K), 0.0003150 secs]
71.395: [GC (Allocation Failure)  1395679K->641K(4193792K), 0.0002473 secs]
71.409: [GC (Allocation Failure)  1395679K->641K(4193792K), 0.0002334 secs]
71.424: [GC (Allocation Failure)  1395679K->641K(4193792K), 0.0003049 secs]
71.439: [GC (Allocation Failure)  1395679K->641K(4193792K), 0.0002658 secs]
71.454: [GC (Allocation Failure)  1395679K->641K(4193792K), 0.0002544 secs]
71.469: [GC (Allocation Failure)  1395679K->641K(4193792K), 0.0002089 secs]
71.484: [GC (Allocation Failure)  1395679K->641K(4193792K), 0.0002647 secs]
71.499: [GC (Allocation Failure)  1395679K->641K(4193792K), 0.0003062 secs]
71.513: [GC (Allocation Failure)  1395679K->641K(4193792K), 0.0002905 secs]
71.528: [GC (Allocation Failure)  1395679K->641K(4193792K), 0.0007059 secs]
71.543: [GC (Allocation Failure)  1395679K->641K(4193792K), 0.0002598 secs]
71.556: [GC (Allocation Failure)  1395679K->641K(4193792K), 0.0002636 secs]
71.571: [GC (Allocation Failure)  1395679K->641K(4193792K), 0.0002730 secs]
71.584: [GC (Allocation Failure)  1395679K->641K(4193792K), 0.0001991 secs]
71.599: [GC (Allocation Failure)  1395679K->641K(4193792K), 0.0003123 secs]
71.614: [GC (Allocation Failure)  1395679K->641K(4193792K), 0.0002868 secs]
71.628: [GC (Allocation Failure)  1395679K->641K(4193792K), 0.0004748 secs]
71.643: [GC (Allocation Failure)  1395679K->641K(4193792K), 0.0002426 secs]
71.658: [GC (Allocation Failure)  1395679K->641K(4193792K), 0.0002722 secs]
71.672: [GC (Allocation Failure)  1395679K->641K(4193792K), 0.0002577 secs]
71.687: [GC (Allocation Failure)  1395679K->641K(4193792K), 0.0002889 secs]
71.702: [GC (Allocation Failure)  1395679K->641K(4193792K), 0.0003037 secs]
71.716: [GC (Allocation Failure)  1395679K->641K(4193792K), 0.0002918 secs]
71.731: [GC (Allocation Failure)  1395679K->641K(4193792K), 0.0003043 secs]
71.746: [GC (Allocation Failure)  1395679K->641K(4193792K), 0.0002792 secs]
71.760: [GC (Allocation Failure)  1395679K->641K(4193792K), 0.0003079 secs]
71.774: [GC (Allocation Failure)  1395679K->641K(4193792K), 0.0002900 secs]
71.789: [GC (Allocation Failure)  1395679K->641K(4193792K), 0.0002417 secs]
71.803: [GC (Allocation Failure)  1395679K->641K(4193792K), 0.0002932 secs]
71.817: [GC (Allocation Failure)  1395679K->641K(4193792K), 0.0002524 secs]
71.831: [GC (Allocation Failure)  1395679K->641K(4193792K), 0.0002333 secs]
71.845: [GC (Allocation Failure)  1395679K->641K(4193792K), 0.0002364 secs]
71.859: [GC (Allocation Failure)  1395679K->641K(4193792K), 0.0003087 secs]
71.874: [GC (Allocation Failure)  1395679K->641K(4193792K), 0.0002540 secs]
71.888: [GC (Allocation Failure)  1395679K->641K(4193792K), 0.0002425 secs]
71.905: [GC (Allocation Failure)  1395679K->641K(4193792K), 0.0003065 secs]
71.919: [GC (Allocation Failure)  1395679K->641K(4193792K), 0.0002853 secs]
71.933: [GC (Allocation Failure)  1395679K->641K(4193792K), 0.0003015 secs]
71.948: [GC (Allocation Failure)  1395679K->641K(4193792K), 0.0004056 secs]
71.963: [GC (Allocation Failure)  1395679K->641K(4193792K), 0.0002971 secs]
71.978: [GC (Allocation Failure)  1395679K->641K(4193792K), 0.0002667 secs]
71.993: [GC (Allocation Failure)  1395679K->641K(4193792K), 0.0006038 secs]
72.008: [GC (Allocation Failure)  1395679K->641K(4193792K), 0.0002673 secs]
72.023: [GC (Allocation Failure)  1395679K->641K(4193792K), 0.0002598 secs]
72.037: [GC (Allocation Failure)  1395679K->641K(4193792K), 0.0002725 secs]
72.052: [GC (Allocation Failure)  1395679K->641K(4193792K), 0.0002758 secs]
72.066: [GC (Allocation Failure)  1395679K->641K(4193792K), 0.0002915 secs]
72.080: [GC (Allocation Failure)  1395679K->641K(4193792K), 0.0002837 secs]
72.094: [GC (Allocation Failure)  1395679K->641K(4193792K), 0.0003377 secs]
72.109: [GC (Allocation Failure)  1395679K->641K(4193792K), 0.0003159 secs]
72.123: [GC (Allocation Failure)  1395679K->641K(4193792K), 0.0002797 secs]
72.138: [GC (Allocation Failure)  1395679K->641K(4193792K), 0.0003825 secs]
72.153: [GC (Allocation Failure)  1395679K->641K(4193792K), 0.0007081 secs]
72.169: [GC (Allocation Failure)  1395679K->641K(4193792K), 0.0002420 secs]
72.183: [GC (Allocation Failure)  1395679K->641K(4193792K), 0.0008237 secs]
72.199: [GC (Allocation Failure)  1395679K->641K(4193792K), 0.0008919 secs]
72.214: [GC (Allocation Failure)  1395679K->641K(4193792K), 0.0002686 secs]
72.229: [GC (Allocation Failure)  1395679K->641K(4193792K), 0.0003030 secs]
72.243: [GC (Allocation Failure)  1395679K->641K(4193792K), 0.0003158 secs]
72.258: [GC (Allocation Failure)  1395679K->641K(4193792K), 0.0003096 secs]
72.272: [GC (Allocation Failure)  1395679K->641K(4193792K), 0.0002662 secs]
72.287: [GC (Allocation Failure)  1395679K->641K(4193792K), 0.0002635 secs]
72.301: [GC (Allocation Failure)  1395679K->641K(4193792K), 0.0003000 secs]
72.315: [GC (Allocation Failure)  1395679K->641K(4193792K), 0.0003645 secs]
72.329: [GC (Allocation Failure)  1395679K->641K(4193792K), 0.0002482 secs]
72.345: [GC (Allocation Failure)  1395679K->641K(4193792K), 0.0008670 secs]
72.360: [GC (Allocation Failure)  1395679K->641K(4193792K), 0.0005872 secs]
72.374: [GC (Allocation Failure)  1395679K->641K(4193792K), 0.0006557 secs]
72.389: [GC (Allocation Failure)  1395679K->641K(4193792K), 0.0006675 secs]
72.404: [GC (Allocation Failure)  1395679K->641K(4193792K), 0.0006008 secs]
72.424: [GC (Allocation Failure)  1395679K->641K(4193792K), 0.0011521 secs]
72.443: [GC (Allocation Failure)  1395679K->641K(4193792K), 0.0004408 secs]
72.459: [GC (Allocation Failure)  1395679K->641K(4193792K), 0.0002815 secs]
72.475: [GC (Allocation Failure)  1395679K->641K(4193792K), 0.0002656 secs]
72.489: [GC (Allocation Failure)  1395679K->641K(4193792K), 0.0002821 secs]
72.503: [GC (Allocation Failure)  1395679K->641K(4193792K), 0.0002646 secs]
72.517: [GC (Allocation Failure)  1395679K->641K(4193792K), 0.0002886 secs]
72.532: [GC (Allocation Failure)  1395679K->641K(4193792K), 0.0004375 secs]
72.547: [GC (Allocation Failure)  1395679K->641K(4193792K), 0.0003202 secs]
72.562: [GC (Allocation Failure)  1395679K->641K(4193792K), 0.0003423 secs]
72.577: [GC (Allocation Failure)  1395679K->641K(4193792K), 0.0002459 secs]
72.591: [GC (Allocation Failure)  1395679K->641K(4193792K), 0.0002852 secs]
72.606: [GC (Allocation Failure)  1395679K->641K(4193792K), 0.0005508 secs]
72.621: [GC (Allocation Failure)  1395679K->641K(4193792K), 0.0002695 secs]
72.636: [GC (Allocation Failure)  1395679K->641K(4193792K), 0.0002707 secs]
72.651: [GC (Allocation Failure)  1395679K->641K(4193792K), 0.0003237 secs]
72.665: [GC (Allocation Failure)  1395679K->641K(4193792K), 0.0002092 secs]
72.679: [GC (Allocation Failure)  1395679K->641K(4193792K), 0.0003354 secs]
72.693: [GC (Allocation Failure)  1395679K->641K(4193792K), 0.0003304 secs]
72.707: [GC (Allocation Failure)  1395679K->641K(4193792K), 0.0002883 secs]
72.721: [GC (Allocation Failure)  1395679K->641K(4193792K), 0.0003444 secs]
72.736: [GC (Allocation Failure)  1395679K->641K(4193792K), 0.0002659 secs]
72.751: [GC (Allocation Failure)  1395679K->641K(4193792K), 0.0002653 secs]
72.766: [GC (Allocation Failure)  1395679K->641K(4193792K), 0.0003768 secs]
72.781: [GC (Allocation Failure)  1395679K->641K(4193792K), 0.0005477 secs]
72.796: [GC (Allocation Failure)  1395679K->641K(4193792K), 0.0003523 secs]
72.811: [GC (Allocation Failure)  1395679K->641K(4193792K), 0.0002760 secs]
72.825: [GC (Allocation Failure)  1395679K->641K(4193792K), 0.0004044 secs]
72.839: [GC (Allocation Failure)  1395679K->641K(4193792K), 0.0002387 secs]
72.853: [GC (Allocation Failure)  1395679K->641K(4193792K), 0.0003193 secs]
72.868: [GC (Allocation Failure)  1395679K->641K(4193792K), 0.0002357 secs]
72.882: [GC (Allocation Failure)  1395679K->641K(4193792K), 0.0003149 secs]
72.896: [GC (Allocation Failure)  1395679K->641K(4193792K), 0.0007237 secs]
72.911: [GC (Allocation Failure)  1395679K->641K(4193792K), 0.0002524 secs]
72.925: [GC (Allocation Failure)  1395679K->641K(4193792K), 0.0002884 secs]
72.939: [GC (Allocation Failure)  1395679K->641K(4193792K), 0.0002495 secs]
72.955: [GC (Allocation Failure)  1395679K->641K(4193792K), 0.0003276 secs]
72.970: [GC (Allocation Failure)  1395679K->641K(4193792K), 0.0003424 secs]
72.985: [GC (Allocation Failure)  1395679K->641K(4193792K), 0.0002412 secs]
73.000: [GC (Allocation Failure)  1395679K->641K(4193792K), 0.0002578 secs]
73.015: [GC (Allocation Failure)  1395679K->641K(4193792K), 0.0002722 secs]
73.030: [GC (Allocation Failure)  1395679K->641K(4193792K), 0.0003187 secs]
73.044: [GC (Allocation Failure)  1395679K->641K(4193792K), 0.0002131 secs]
73.058: [GC (Allocation Failure)  1395679K->641K(4193792K), 0.0002564 secs]
73.072: [GC (Allocation Failure)  1395679K->641K(4193792K), 0.0002894 secs]
73.086: [GC (Allocation Failure)  1395679K->641K(4193792K), 0.0002336 secs]
73.101: [GC (Allocation Failure)  1395679K->641K(4193792K), 0.0002785 secs]
73.116: [GC (Allocation Failure)  1395679K->641K(4193792K), 0.0003619 secs]
73.131: [GC (Allocation Failure)  1395679K->641K(4193792K), 0.0002694 secs]
73.146: [GC (Allocation Failure)  1395679K->641K(4193792K), 0.0002366 secs]
73.161: [GC (Allocation Failure)  1395679K->641K(4193792K), 0.0006496 secs]
73.176: [GC (Allocation Failure)  1395679K->641K(4193792K), 0.0002872 secs]
73.191: [GC (Allocation Failure)  1395679K->641K(4193792K), 0.0003650 secs]
73.206: [GC (Allocation Failure)  1395679K->641K(4193792K), 0.0002615 secs]
73.220: [GC (Allocation Failure)  1395679K->641K(4193792K), 0.0003291 secs]
73.235: [GC (Allocation Failure)  1395679K->641K(4193792K), 0.0002732 secs]
73.249: [GC (Allocation Failure)  1395679K->641K(4193792K), 0.0003056 secs]
73.263: [GC (Allocation Failure)  1395679K->641K(4193792K), 0.0002921 secs]
73.278: [GC (Allocation Failure)  1395679K->641K(4193792K), 0.0002727 secs]
73.292: [GC (Allocation Failure)  1395679K->641K(4193792K), 0.0002705 secs]
73.306: [GC (Allocation Failure)  1395679K->641K(4193792K), 0.0002573 secs]
73.321: [GC (Allocation Failure)  1395679K->641K(4193792K), 0.0002389 secs]
73.335: [GC (Allocation Failure)  1395679K->641K(4193792K), 0.0002484 secs]
73.349: [GC (Allocation Failure)  1395679K->641K(4193792K), 0.0002448 secs]
73.363: [GC (Allocation Failure)  1395679K->641K(4193792K), 0.0002622 secs]
73.377: [GC (Allocation Failure)  1395679K->641K(4193792K), 0.0002313 secs]
73.391: [GC (Allocation Failure)  1395679K->641K(4193792K), 0.0003500 secs]
73.406: [GC (Allocation Failure)  1395679K->641K(4193792K), 0.0002399 secs]
73.421: [GC (Allocation Failure)  1395679K->641K(4193792K), 0.0003742 secs]
73.435: [GC (Allocation Failure)  1395679K->641K(4193792K), 0.0002972 secs]
73.450: [GC (Allocation Failure)  1395679K->641K(4193792K), 0.0003404 secs]
73.465: [GC (Allocation Failure)  1395679K->641K(4193792K), 0.0002660 secs]
73.480: [GC (Allocation Failure)  1395679K->641K(4193792K), 0.0003001 secs]
73.495: [GC (Allocation Failure)  1395679K->641K(4193792K), 0.0003208 secs]
73.510: [GC (Allocation Failure)  1395679K->641K(4193792K), 0.0003094 secs]
73.524: [GC (Allocation Failure)  1395679K->641K(4193792K), 0.0003135 secs]
73.538: [GC (Allocation Failure)  1395679K->641K(4193792K), 0.0002424 secs]
73.553: [GC (Allocation Failure)  1395679K->641K(4193792K), 0.0002203 secs]
73.567: [GC (Allocation Failure)  1395679K->641K(4193792K), 0.0002985 secs]
73.581: [GC (Allocation Failure)  1395679K->641K(4193792K), 0.0002340 secs]
73.596: [GC (Allocation Failure)  1395679K->641K(4193792K), 0.0002612 secs]
73.610: [GC (Allocation Failure)  1395679K->641K(4193792K), 0.0002973 secs]
73.625: [GC (Allocation Failure)  1395679K->641K(4193792K), 0.0002561 secs]
73.639: [GC (Allocation Failure)  1395679K->641K(4193792K), 0.0002165 secs]
73.654: [GC (Allocation Failure)  1395679K->641K(4193792K), 0.0002545 secs]
73.668: [GC (Allocation Failure)  1395679K->641K(4193792K), 0.0003155 secs]
73.683: [GC (Allocation Failure)  1395679K->641K(4193792K), 0.0002611 secs]
73.698: [GC (Allocation Failure)  1395679K->641K(4193792K), 0.0002888 secs]
73.713: [GC (Allocation Failure)  1395679K->641K(4193792K), 0.0002617 secs]
73.728: [GC (Allocation Failure)  1395679K->641K(4193792K), 0.0002837 secs]
73.742: [GC (Allocation Failure)  1395679K->641K(4193792K), 0.0002200 secs]
73.756: [GC (Allocation Failure)  1395679K->641K(4193792K), 0.0002568 secs]
73.770: [GC (Allocation Failure)  1395679K->641K(4193792K), 0.0003158 secs]
73.784: [GC (Allocation Failure)  1395679K->641K(4193792K), 0.0002460 secs]
73.798: [GC (Allocation Failure)  1395679K->641K(4193792K), 0.0002661 secs]
73.813: [GC (Allocation Failure)  1395679K->641K(4193792K), 0.0003308 secs]
73.828: [GC (Allocation Failure)  1395679K->641K(4193792K), 0.0003373 secs]
73.843: [GC (Allocation Failure)  1395679K->641K(4193792K), 0.0003012 secs]
73.858: [GC (Allocation Failure)  1395679K->641K(4193792K), 0.0003988 secs]
73.873: [GC (Allocation Failure)  1395679K->641K(4193792K), 0.0003169 secs]
73.888: [GC (Allocation Failure)  1395679K->641K(4193792K), 0.0002685 secs]
73.903: [GC (Allocation Failure)  1395679K->641K(4193792K), 0.0005900 secs]
73.918: [GC (Allocation Failure)  1395679K->641K(4193792K), 0.0003002 secs]
73.932: [GC (Allocation Failure)  1395679K->641K(4193792K), 0.0002371 secs]
73.946: [GC (Allocation Failure)  1395679K->641K(4193792K), 0.0002900 secs]
73.961: [GC (Allocation Failure)  1395679K->641K(4193792K), 0.0002595 secs]
73.975: [GC (Allocation Failure)  1395679K->641K(4193792K), 0.0002991 secs]
73.989: [GC (Allocation Failure)  1395679K->641K(4193792K), 0.0002670 secs]
74.004: [GC (Allocation Failure)  1395679K->641K(4193792K), 0.0011936 secs]
74.019: [GC (Allocation Failure)  1395679K->641K(4193792K), 0.0002872 secs]
74.034: [GC (Allocation Failure)  1395679K->641K(4193792K), 0.0002625 secs]
74.049: [GC (Allocation Failure)  1395679K->641K(4193792K), 0.0003800 secs]
74.064: [GC (Allocation Failure)  1395679K->641K(4193792K), 0.0002734 secs]
74.079: [GC (Allocation Failure)  1395679K->641K(4193792K), 0.0002683 secs]
74.094: [GC (Allocation Failure)  1395679K->641K(4193792K), 0.0033663 secs]
74.115: [GC (Allocation Failure)  1395679K->641K(4193792K), 0.0004635 secs]
74.130: [GC (Allocation Failure)  1395679K->641K(4193792K), 0.0002596 secs]
74.144: [GC (Allocation Failure)  1395679K->641K(4193792K), 0.0002894 secs]
74.158: [GC (Allocation Failure)  1395679K->641K(4193792K), 0.0002422 secs]
74.172: [GC (Allocation Failure)  1395679K->641K(4193792K), 0.0002767 secs]
74.186: [GC (Allocation Failure)  1395679K->641K(4193792K), 0.0007595 secs]
74.201: [GC (Allocation Failure)  1395679K->641K(4193792K), 0.0002793 secs]
74.215: [GC (Allocation Failure)  1395679K->641K(4193792K), 0.0002655 secs]
74.229: [GC (Allocation Failure)  1395679K->641K(4193792K), 0.0020303 secs]
74.245: [GC (Allocation Failure)  1395679K->641K(4193792K), 0.0002766 secs]
74.259: [GC (Allocation Failure)  1395679K->641K(4193792K), 0.0002898 secs]
74.274: [GC (Allocation Failure)  1395679K->641K(4193792K), 0.0002617 secs]
74.288: [GC (Allocation Failure)  1395679K->641K(4193792K), 0.0003249 secs]
74.302: [GC (Allocation Failure)  1395679K->641K(4193792K), 0.0002575 secs]
74.317: [GC (Allocation Failure)  1395679K->641K(4193792K), 0.0003570 secs]
74.331: [GC (Allocation Failure)  1395679K->641K(4193792K), 0.0002845 secs]
74.346: [GC (Allocation Failure)  1395679K->641K(4193792K), 0.0002916 secs]
74.361: [GC (Allocation Failure)  1395679K->641K(4193792K), 0.0002603 secs]
74.376: [GC (Allocation Failure)  1395679K->641K(4193792K), 0.0002545 secs]
74.391: [GC (Allocation Failure)  1395679K->641K(4193792K), 0.0008480 secs]
74.406: [GC (Allocation Failure)  1395679K->641K(4193792K), 0.0002527 secs]
74.420: [GC (Allocation Failure)  1395679K->641K(4193792K), 0.0003345 secs]
74.437: [GC (Allocation Failure)  1395679K->641K(4193792K), 0.0002656 secs]
74.451: [GC (Allocation Failure)  1395679K->641K(4193792K), 0.0002172 secs]
74.465: [GC (Allocation Failure)  1395679K->641K(4193792K), 0.0002910 secs]
74.480: [GC (Allocation Failure)  1395679K->641K(4193792K), 0.0003410 secs]
74.494: [GC (Allocation Failure)  1395679K->641K(4193792K), 0.0002959 secs]
74.508: [GC (Allocation Failure)  1395679K->641K(4193792K), 0.0002680 secs]
74.523: [GC (Allocation Failure)  1395679K->641K(4193792K), 0.0003410 secs]
74.538: [GC (Allocation Failure)  1395679K->641K(4193792K), 0.0002630 secs]
74.552: [GC (Allocation Failure)  1395679K->641K(4193792K), 0.0002772 secs]
74.567: [GC (Allocation Failure)  1395679K->641K(4193792K), 0.0002600 secs]
74.582: [GC (Allocation Failure)  1395679K->641K(4193792K), 0.0002741 secs]
74.596: [GC (Allocation Failure)  1395679K->641K(4193792K), 0.0002972 secs]
74.611: [GC (Allocation Failure)  1395679K->641K(4193792K), 0.0002896 secs]
74.626: [GC (Allocation Failure)  1395679K->641K(4193792K), 0.0016053 secs]
74.642: [GC (Allocation Failure)  1395679K->641K(4193792K), 0.0002319 secs]
74.656: [GC (Allocation Failure)  1395679K->641K(4193792K), 0.0002315 secs]
74.670: [GC (Allocation Failure)  1395679K->641K(4193792K), 0.0001958 secs]
74.684: [GC (Allocation Failure)  1395679K->641K(4193792K), 0.0002552 secs]
74.699: [GC (Allocation Failure)  1395679K->641K(4193792K), 0.0002772 secs]
74.713: [GC (Allocation Failure)  1395679K->641K(4193792K), 0.0003620 secs]
74.728: [GC (Allocation Failure)  1395679K->641K(4193792K), 0.0004007 secs]
74.742: [GC (Allocation Failure)  1395679K->641K(4193792K), 0.0003316 secs]
74.758: [GC (Allocation Failure)  1395679K->641K(4193792K), 0.0002921 secs]
74.773: [GC (Allocation Failure)  1395679K->641K(4193792K), 0.0003659 secs]
74.788: [GC (Allocation Failure)  1395679K->641K(4193792K), 0.0008020 secs]
74.803: [GC (Allocation Failure)  1395679K->641K(4193792K), 0.0005098 secs]
74.818: [GC (Allocation Failure)  1395679K->641K(4193792K), 0.0002563 secs]
74.832: [GC (Allocation Failure)  1395679K->641K(4193792K), 0.0003014 secs]
74.847: [GC (Allocation Failure)  1395679K->641K(4193792K), 0.0002551 secs]
74.861: [GC (Allocation Failure)  1395679K->641K(4193792K), 0.0003575 secs]
74.875: [GC (Allocation Failure)  1395679K->641K(4193792K), 0.0002326 secs]
74.890: [GC (Allocation Failure)  1395679K->641K(4193792K), 0.0002361 secs]
74.904: [GC (Allocation Failure)  1395679K->641K(4193792K), 0.0002799 secs]
74.919: [GC (Allocation Failure)  1395679K->641K(4193792K), 0.0003345 secs]
74.934: [GC (Allocation Failure)  1395679K->641K(4193792K), 0.0002899 secs]
74.949: [GC (Allocation Failure)  1395679K->641K(4193792K), 0.0002603 secs]
74.963: [GC (Allocation Failure)  1395679K->641K(4193792K), 0.0002828 secs]
74.980: [GC (Allocation Failure)  1395679K->641K(4193792K), 0.0002978 secs]
74.994: [GC (Allocation Failure)  1395679K->641K(4193792K), 0.0003070 secs]
75.009: [GC (Allocation Failure)  1395679K->641K(4193792K), 0.0003177 secs]
75.024: [GC (Allocation Failure)  1395679K->641K(4193792K), 0.0002668 secs]
75.039: [GC (Allocation Failure)  1395679K->641K(4193792K), 0.0002558 secs]
75.053: [GC (Allocation Failure)  1395679K->641K(4193792K), 0.0002758 secs]
75.067: [GC (Allocation Failure)  1395679K->641K(4193792K), 0.0002461 secs]
75.081: [GC (Allocation Failure)  1395679K->641K(4193792K), 0.0002987 secs]
75.095: [GC (Allocation Failure)  1395679K->641K(4193792K), 0.0002812 secs]
75.109: [GC (Allocation Failure)  1395679K->641K(4193792K), 0.0002848 secs]
75.124: [GC (Allocation Failure)  1395679K->641K(4193792K), 0.0002783 secs]
75.139: [GC (Allocation Failure)  1395679K->641K(4193792K), 0.0003341 secs]
75.154: [GC (Allocation Failure)  1395679K->641K(4193792K), 0.0003315 secs]
75.168: [GC (Allocation Failure)  1395679K->641K(4193792K), 0.0002487 secs]
75.185: [GC (Allocation Failure)  1395679K->641K(4193792K), 0.0003047 secs]
75.200: [GC (Allocation Failure)  1395679K->641K(4193792K), 0.0002883 secs]
75.215: [GC (Allocation Failure)  1395679K->641K(4193792K), 0.0002255 secs]
75.229: [GC (Allocation Failure)  1395679K->641K(4193792K), 0.0002987 secs]
75.243: [GC (Allocation Failure)  1395679K->641K(4193792K), 0.0003577 secs]
75.257: [GC (Allocation Failure)  1395679K->641K(4193792K), 0.0003198 secs]
75.271: [GC (Allocation Failure)  1395679K->641K(4193792K), 0.0002820 secs]
75.286: [GC (Allocation Failure)  1395679K->641K(4193792K), 0.0002393 secs]
75.300: [GC (Allocation Failure)  1395679K->641K(4193792K), 0.0002685 secs]
75.314: [GC (Allocation Failure)  1395679K->641K(4193792K), 0.0002679 secs]
75.328: [GC (Allocation Failure)  1395679K->641K(4193792K), 0.0002679 secs]
75.342: [GC (Allocation Failure)  1395679K->641K(4193792K), 0.0003202 secs]
75.357: [GC (Allocation Failure)  1395679K->641K(4193792K), 0.0002470 secs]
75.371: [GC (Allocation Failure)  1395679K->641K(4193792K), 0.0002519 secs]
75.385: [GC (Allocation Failure)  1395679K->641K(4193792K), 0.0003057 secs]
75.399: [GC (Allocation Failure)  1395679K->641K(4193792K), 0.0002957 secs]
75.414: [GC (Allocation Failure)  1395679K->641K(4193792K), 0.0002917 secs]
75.428: [GC (Allocation Failure)  1395679K->641K(4193792K), 0.0002504 secs]
75.443: [GC (Allocation Failure)  1395679K->641K(4193792K), 0.0002755 secs]
75.458: [GC (Allocation Failure)  1395679K->641K(4193792K), 0.0003724 secs]
75.473: [GC (Allocation Failure)  1395679K->641K(4193792K), 0.0027513 secs]
75.491: [GC (Allocation Failure)  1395679K->641K(4193792K), 0.0002521 secs]
75.505: [GC (Allocation Failure)  1395679K->641K(4193792K), 0.0003493 secs]
75.520: [GC (Allocation Failure)  1395679K->641K(4193792K), 0.0004269 secs]
75.535: [GC (Allocation Failure)  1395679K->641K(4193792K), 0.0002468 secs]
75.549: [GC (Allocation Failure)  1395679K->641K(4193792K), 0.0002141 secs]
75.563: [GC (Allocation Failure)  1395679K->641K(4193792K), 0.0003129 secs]
75.578: [GC (Allocation Failure)  1395679K->641K(4193792K), 0.0002646 secs]
75.592: [GC (Allocation Failure)  1395679K->641K(4193792K), 0.0002897 secs]
75.606: [GC (Allocation Failure)  1395679K->641K(4193792K), 0.0003222 secs]
75.621: [GC (Allocation Failure)  1395679K->641K(4193792K), 0.0002867 secs]
75.636: [GC (Allocation Failure)  1395679K->641K(4193792K), 0.0013506 secs]
75.652: [GC (Allocation Failure)  1395679K->641K(4193792K), 0.0002690 secs]
75.666: [GC (Allocation Failure)  1395679K->641K(4193792K), 0.0002417 secs]
75.681: [GC (Allocation Failure)  1395679K->641K(4193792K), 0.0002358 secs]
75.696: [GC (Allocation Failure)  1395679K->641K(4193792K), 0.0003831 secs]
75.711: [GC (Allocation Failure)  1395679K->641K(4193792K), 0.0002624 secs]
75.726: [GC (Allocation Failure)  1395679K->641K(4193792K), 0.0002393 secs]
75.740: [GC (Allocation Failure)  1395679K->641K(4193792K), 0.0002893 secs]
75.754: [GC (Allocation Failure)  1395679K->641K(4193792K), 0.0002888 secs]
75.768: [GC (Allocation Failure)  1395679K->641K(4193792K), 0.0002925 secs]
75.783: [GC (Allocation Failure)  1395679K->641K(4193792K), 0.0002376 secs]
75.797: [GC (Allocation Failure)  1395679K->641K(4193792K), 0.0002522 secs]
75.811: [GC (Allocation Failure)  1395679K->641K(4193792K), 0.0002602 secs]
75.826: [GC (Allocation Failure)  1395679K->641K(4193792K), 0.0003019 secs]
75.841: [GC (Allocation Failure)  1395679K->641K(4193792K), 0.0003068 secs]
75.856: [GC (Allocation Failure)  1395679K->641K(4193792K), 0.0002468 secs]
75.871: [GC (Allocation Failure)  1395679K->641K(4193792K), 0.0002855 secs]
75.885: [GC (Allocation Failure)  1395679K->641K(4193792K), 0.0002573 secs]
75.901: [GC (Allocation Failure)  1395679K->641K(4193792K), 0.0002646 secs]
75.916: [GC (Allocation Failure)  1395679K->641K(4193792K), 0.0002409 secs]
75.930: [GC (Allocation Failure)  1395679K->641K(4193792K), 0.0002203 secs]
75.945: [GC (Allocation Failure)  1395679K->641K(4193792K), 0.0002373 secs]
75.959: [GC (Allocation Failure)  1395679K->641K(4193792K), 0.0002347 secs]
75.973: [GC (Allocation Failure)  1395679K->641K(4193792K), 0.0002619 secs]
75.987: [GC (Allocation Failure)  1395679K->641K(4193792K), 0.0003140 secs]
76.002: [GC (Allocation Failure)  1395679K->641K(4193792K), 0.0002787 secs]
76.017: [GC (Allocation Failure)  1395679K->641K(4193792K), 0.0002966 secs]
76.031: [GC (Allocation Failure)  1395679K->641K(4193792K), 0.0002628 secs]
76.046: [GC (Allocation Failure)  1395679K->641K(4193792K), 0.0007320 secs]
76.061: [GC (Allocation Failure)  1395679K->641K(4193792K), 0.0006131 secs]
76.076: [GC (Allocation Failure)  1395679K->641K(4193792K), 0.0002743 secs]
76.091: [GC (Allocation Failure)  1395679K->641K(4193792K), 0.0002871 secs]
76.106: [GC (Allocation Failure)  1395679K->641K(4193792K), 0.0002651 secs]
76.121: [GC (Allocation Failure)  1395679K->641K(4193792K), 0.0011964 secs]
76.136: [GC (Allocation Failure)  1395679K->641K(4193792K), 0.0002136 secs]
76.150: [GC (Allocation Failure)  1395679K->641K(4193792K), 0.0002715 secs]
76.164: [GC (Allocation Failure)  1395679K->641K(4193792K), 0.0003296 secs]
76.178: [GC (Allocation Failure)  1395679K->641K(4193792K), 0.0003289 secs]
76.193: [GC (Allocation Failure)  1395679K->641K(4193792K), 0.0003497 secs]
76.207: [GC (Allocation Failure)  1395679K->641K(4193792K), 0.0002344 secs]
76.221: [GC (Allocation Failure)  1395679K->641K(4193792K), 0.0002427 secs]
76.236: [GC (Allocation Failure)  1395679K->641K(4193792K), 0.0003012 secs]
76.250: [GC (Allocation Failure)  1395679K->641K(4193792K), 0.0002633 secs]
76.264: [GC (Allocation Failure)  1395679K->641K(4193792K), 0.0002683 secs]
76.278: [GC (Allocation Failure)  1395679K->641K(4193792K), 0.0003325 secs]
76.293: [GC (Allocation Failure)  1395679K->641K(4193792K), 0.0002891 secs]
76.307: [GC (Allocation Failure)  1395679K->641K(4193792K), 0.0003406 secs]
76.321: [GC (Allocation Failure)  1395679K->641K(4193792K), 0.0002912 secs]
76.337: [GC (Allocation Failure)  1395679K->641K(4193792K), 0.0002908 secs]
76.351: [GC (Allocation Failure)  1395679K->641K(4193792K), 0.0002456 secs]
76.366: [GC (Allocation Failure)  1395679K->641K(4193792K), 0.0003347 secs]
76.382: [GC (Allocation Failure)  1395679K->641K(4193792K), 0.0008743 secs]
76.397: [GC (Allocation Failure)  1395679K->641K(4193792K), 0.0002993 secs]
76.412: [GC (Allocation Failure)  1395679K->641K(4193792K), 0.0002202 secs]
76.427: [GC (Allocation Failure)  1395679K->641K(4193792K), 0.0002673 secs]
76.442: [GC (Allocation Failure)  1395679K->641K(4193792K), 0.0002810 secs]
76.456: [GC (Allocation Failure)  1395679K->641K(4193792K), 0.0002770 secs]
76.470: [GC (Allocation Failure)  1395679K->641K(4193792K), 0.0002502 secs]
76.484: [GC (Allocation Failure)  1395679K->641K(4193792K), 0.0003117 secs]
76.499: [GC (Allocation Failure)  1395679K->641K(4193792K), 0.0003137 secs]
76.514: [GC (Allocation Failure)  1395679K->641K(4193792K), 0.0002566 secs]
76.529: [GC (Allocation Failure)  1395679K->641K(4193792K), 0.0002875 secs]
76.544: [GC (Allocation Failure)  1395679K->641K(4193792K), 0.0003534 secs]
76.558: [GC (Allocation Failure)  1395679K->641K(4193792K), 0.0003365 secs]
76.574: [GC (Allocation Failure)  1395679K->641K(4193792K), 0.0003047 secs]
76.589: [GC (Allocation Failure)  1395679K->641K(4193792K), 0.0002817 secs]
76.603: [GC (Allocation Failure)  1395679K->641K(4193792K), 0.0002739 secs]
76.618: [GC (Allocation Failure)  1395679K->641K(4193792K), 0.0002748 secs]
76.633: [GC (Allocation Failure)  1395679K->641K(4193792K), 0.0002858 secs]
76.647: [GC (Allocation Failure)  1395679K->641K(4193792K), 0.0002919 secs]
76.662: [GC (Allocation Failure)  1395679K->641K(4193792K), 0.0002706 secs]
76.676: [GC (Allocation Failure)  1395679K->641K(4193792K), 0.0003040 secs]
76.690: [GC (Allocation Failure)  1395679K->641K(4193792K), 0.0002187 secs]
76.704: [GC (Allocation Failure)  1395679K->641K(4193792K), 0.0003416 secs]
76.719: [GC (Allocation Failure)  1395679K->641K(4193792K), 0.0008622 secs]
76.735: [GC (Allocation Failure)  1395679K->641K(4193792K), 0.0003109 secs]
76.750: [GC (Allocation Failure)  1395679K->641K(4193792K), 0.0002346 secs]
76.765: [GC (Allocation Failure)  1395679K->641K(4193792K), 0.0003166 secs]
76.780: [GC (Allocation Failure)  1395679K->641K(4193792K), 0.0002143 secs]
76.795: [GC (Allocation Failure)  1395679K->641K(4193792K), 0.0002901 secs]
76.809: [GC (Allocation Failure)  1395679K->641K(4193792K), 0.0002672 secs]
76.824: [GC (Allocation Failure)  1395679K->641K(4193792K), 0.0002690 secs]
76.838: [GC (Allocation Failure)  1395679K->641K(4193792K), 0.0002358 secs]
76.852: [GC (Allocation Failure)  1395679K->641K(4193792K), 0.0002293 secs]
76.867: [GC (Allocation Failure)  1395679K->641K(4193792K), 0.0002961 secs]
76.881: [GC (Allocation Failure)  1395679K->641K(4193792K), 0.0002493 secs]
76.896: [GC (Allocation Failure)  1395679K->641K(4193792K), 0.0004156 secs]
76.911: [GC (Allocation Failure)  1395679K->641K(4193792K), 0.0002759 secs]
76.926: [GC (Allocation Failure)  1395679K->641K(4193792K), 0.0003336 secs]
76.941: [GC (Allocation Failure)  1395679K->641K(4193792K), 0.0002507 secs]
76.956: [GC (Allocation Failure)  1395679K->641K(4193792K), 0.0002435 secs]
76.970: [GC (Allocation Failure)  1395679K->641K(4193792K), 0.0002220 secs]
76.985: [GC (Allocation Failure)  1395679K->641K(4193792K), 0.0003099 secs]
76.999: [GC (Allocation Failure)  1395679K->641K(4193792K), 0.0003001 secs]
77.014: [GC (Allocation Failure)  1395679K->641K(4193792K), 0.0002381 secs]
77.029: [GC (Allocation Failure)  1395679K->641K(4193792K), 0.0002666 secs]
77.043: [GC (Allocation Failure)  1395679K->641K(4193792K), 0.0002199 secs]
77.057: [GC (Allocation Failure)  1395679K->641K(4193792K), 0.0002848 secs]
77.072: [GC (Allocation Failure)  1395679K->641K(4193792K), 0.0003230 secs]
77.086: [GC (Allocation Failure)  1395679K->641K(4193792K), 0.0002233 secs]
77.100: [GC (Allocation Failure)  1395679K->641K(4193792K), 0.0002700 secs]
77.114: [GC (Allocation Failure)  1395679K->641K(4193792K), 0.0002516 secs]
77.129: [GC (Allocation Failure)  1395679K->641K(4193792K), 0.0003403 secs]
77.143: [GC (Allocation Failure)  1395679K->641K(4193792K), 0.0002784 secs]
77.158: [GC (Allocation Failure)  1395679K->641K(4193792K), 0.0002932 secs]
77.173: [GC (Allocation Failure)  1395679K->641K(4193792K), 0.0009088 secs]
77.189: [GC (Allocation Failure)  1395679K->641K(4193792K), 0.0002855 secs]
77.211: [GC (Allocation Failure)  1395679K->641K(4193792K), 0.0003131 secs]
77.226: [GC (Allocation Failure)  1395679K->641K(4193792K), 0.0002768 secs]
77.241: [GC (Allocation Failure)  1395679K->641K(4193792K), 0.0002333 secs]
77.255: [GC (Allocation Failure)  1395679K->641K(4193792K), 0.0002112 secs]
77.269: [GC (Allocation Failure)  1395679K->641K(4193792K), 0.0002479 secs]
77.283: [GC (Allocation Failure)  1395679K->641K(4193792K), 0.0002532 secs]
77.297: [GC (Allocation Failure)  1395679K->641K(4193792K), 0.0002505 secs]
77.312: [GC (Allocation Failure)  1395679K->641K(4193792K), 0.0002698 secs]
77.326: [GC (Allocation Failure)  1395679K->641K(4193792K), 0.0003006 secs]
77.340: [GC (Allocation Failure)  1395679K->641K(4193792K), 0.0002841 secs]
77.354: [GC (Allocation Failure)  1395679K->641K(4193792K), 0.0002670 secs]
77.368: [GC (Allocation Failure)  1395679K->641K(4193792K), 0.0002615 secs]
77.382: [GC (Allocation Failure)  1395679K->641K(4193792K), 0.0002449 secs]
77.397: [GC (Allocation Failure)  1395679K->641K(4193792K), 0.0002542 secs]
77.411: [GC (Allocation Failure)  1395679K->641K(4193792K), 0.0002890 secs]
77.427: [GC (Allocation Failure)  1395679K->641K(4193792K), 0.0002643 secs]
77.442: [GC (Allocation Failure)  1395679K->641K(4193792K), 0.0002622 secs]
77.456: [GC (Allocation Failure)  1395679K->641K(4193792K), 0.0002721 secs]
77.471: [GC (Allocation Failure)  1395679K->641K(4193792K), 0.0002693 secs]
77.486: [GC (Allocation Failure)  1395679K->641K(4193792K), 0.0002517 secs]
77.501: [GC (Allocation Failure)  1395679K->641K(4193792K), 0.0002678 secs]
77.516: [GC (Allocation Failure)  1395679K->641K(4193792K), 0.0002721 secs]
77.531: [GC (Allocation Failure)  1395679K->641K(4193792K), 0.0002961 secs]
77.545: [GC (Allocation Failure)  1395679K->641K(4193792K), 0.0003405 secs]
77.560: [GC (Allocation Failure)  1395679K->641K(4193792K), 0.0002295 secs]
77.574: [GC (Allocation Failure)  1395679K->641K(4193792K), 0.0002352 secs]
77.588: [GC (Allocation Failure)  1395679K->641K(4193792K), 0.0003313 secs]
77.602: [GC (Allocation Failure)  1395679K->641K(4193792K), 0.0002726 secs]
77.617: [GC (Allocation Failure)  1395679K->641K(4193792K), 0.0003069 secs]
77.632: [GC (Allocation Failure)  1395679K->641K(4193792K), 0.0002399 secs]
77.647: [GC (Allocation Failure)  1395679K->641K(4193792K), 0.0002833 secs]
77.662: [GC (Allocation Failure)  1395679K->641K(4193792K), 0.0003107 secs]
77.677: [GC (Allocation Failure)  1395679K->641K(4193792K), 0.0002704 secs]
77.691: [GC (Allocation Failure)  1395679K->641K(4193792K), 0.0002789 secs]
77.706: [GC (Allocation Failure)  1395679K->641K(4193792K), 0.0002636 secs]
77.720: [GC (Allocation Failure)  1395679K->641K(4193792K), 0.0003404 secs]
77.736: [GC (Allocation Failure)  1395679K->641K(4193792K), 0.0002461 secs]
77.751: [GC (Allocation Failure)  1395679K->641K(4193792K), 0.0013193 secs]
77.766: [GC (Allocation Failure)  1395679K->641K(4193792K), 0.0002564 secs]
77.780: [GC (Allocation Failure)  1395679K->641K(4193792K), 0.0002952 secs]
77.794: [GC (Allocation Failure)  1395679K->641K(4193792K), 0.0003120 secs]
77.809: [GC (Allocation Failure)  1395679K->641K(4193792K), 0.0002293 secs]
77.823: [GC (Allocation Failure)  1395679K->641K(4193792K), 0.0002542 secs]
77.838: [GC (Allocation Failure)  1395679K->641K(4193792K), 0.0003272 secs]
77.853: [GC (Allocation Failure)  1395679K->641K(4193792K), 0.0002409 secs]
77.868: [GC (Allocation Failure)  1395679K->641K(4193792K), 0.0002925 secs]
77.883: [GC (Allocation Failure)  1395679K->641K(4193792K), 0.0006295 secs]
77.898: [GC (Allocation Failure)  1395679K->641K(4193792K), 0.0002536 secs]
77.913: [GC (Allocation Failure)  1395679K->641K(4193792K), 0.0002457 secs]
77.928: [GC (Allocation Failure)  1395679K->641K(4193792K), 0.0002670 secs]
77.942: [GC (Allocation Failure)  1395679K->641K(4193792K), 0.0002451 secs]
77.956: [GC (Allocation Failure)  1395679K->641K(4193792K), 0.0009512 secs]
77.971: [GC (Allocation Failure)  1395679K->641K(4193792K), 0.0002804 secs]
77.985: [GC (Allocation Failure)  1395679K->641K(4193792K), 0.0002313 secs]
77.999: [GC (Allocation Failure)  1395679K->641K(4193792K), 0.0003250 secs]
78.014: [GC (Allocation Failure)  1395679K->641K(4193792K), 0.0003348 secs]
78.029: [GC (Allocation Failure)  1395679K->641K(4193792K), 0.0032110 secs]
78.046: [GC (Allocation Failure)  1395679K->641K(4193792K), 0.0002608 secs]
78.063: [GC (Allocation Failure)  1395679K->641K(4193792K), 0.0002534 secs]
78.077: [GC (Allocation Failure)  1395679K->641K(4193792K), 0.0002886 secs]
78.092: [GC (Allocation Failure)  1395679K->641K(4193792K), 0.0002658 secs]
78.107: [GC (Allocation Failure)  1395679K->641K(4193792K), 0.0002567 secs]
78.122: [GC (Allocation Failure)  1395679K->641K(4193792K), 0.0003583 secs]
78.137: [GC (Allocation Failure)  1395679K->641K(4193792K), 0.0021948 secs]
78.153: [GC (Allocation Failure)  1395679K->641K(4193792K), 0.0002652 secs]
78.167: [GC (Allocation Failure)  1395679K->641K(4193792K), 0.0002514 secs]
78.181: [GC (Allocation Failure)  1395679K->641K(4193792K), 0.0002809 secs]
78.195: [GC (Allocation Failure)  1395679K->641K(4193792K), 0.0003538 secs]
78.210: [GC (Allocation Failure)  1395679K->641K(4193792K), 0.0002852 secs]
78.224: [GC (Allocation Failure)  1395679K->641K(4193792K), 0.0002707 secs]
78.238: [GC (Allocation Failure)  1395679K->641K(4193792K), 0.0003782 secs]
78.253: [GC (Allocation Failure)  1395679K->641K(4193792K), 0.0002553 secs]
78.267: [GC (Allocation Failure)  1395679K->641K(4193792K), 0.0002573 secs]
78.281: [GC (Allocation Failure)  1395679K->641K(4193792K), 0.0002332 secs]
78.295: [GC (Allocation Failure)  1395679K->641K(4193792K), 0.0002790 secs]
78.309: [GC (Allocation Failure)  1395679K->641K(4193792K), 0.0002866 secs]
78.323: [GC (Allocation Failure)  1395679K->641K(4193792K), 0.0003015 secs]
78.338: [GC (Allocation Failure)  1395679K->641K(4193792K), 0.0004430 secs]
78.352: [GC (Allocation Failure)  1395679K->641K(4193792K), 0.0002675 secs]
78.367: [GC (Allocation Failure)  1395679K->641K(4193792K), 0.0002954 secs]
78.382: [GC (Allocation Failure)  1395679K->641K(4193792K), 0.0003021 secs]
78.397: [GC (Allocation Failure)  1395679K->641K(4193792K), 0.0002623 secs]
78.411: [GC (Allocation Failure)  1395679K->641K(4193792K), 0.0002986 secs]
78.427: [GC (Allocation Failure)  1395679K->641K(4193792K), 0.0002774 secs]
78.441: [GC (Allocation Failure)  1395679K->641K(4193792K), 0.0002980 secs]
78.456: [GC (Allocation Failure)  1395679K->641K(4193792K), 0.0002955 secs]
78.470: [GC (Allocation Failure)  1395679K->641K(4193792K), 0.0002709 secs]
78.484: [GC (Allocation Failure)  1395679K->641K(4193792K), 0.0002967 secs]
78.499: [GC (Allocation Failure)  1395679K->641K(4193792K), 0.0002959 secs]
78.514: [GC (Allocation Failure)  1395679K->641K(4193792K), 0.0003336 secs]
78.528: [GC (Allocation Failure)  1395679K->641K(4193792K), 0.0002868 secs]
78.543: [GC (Allocation Failure)  1395679K->641K(4193792K), 0.0003302 secs]
78.558: [GC (Allocation Failure)  1395679K->641K(4193792K), 0.0003498 secs]
78.573: [GC (Allocation Failure)  1395679K->641K(4193792K), 0.0002602 secs]
78.587: [GC (Allocation Failure)  1395679K->641K(4193792K), 0.0003467 secs]
78.602: [GC (Allocation Failure)  1395679K->641K(4193792K), 0.0002935 secs]
78.617: [GC (Allocation Failure)  1395679K->641K(4193792K), 0.0003457 secs]
78.633: [GC (Allocation Failure)  1395679K->641K(4193792K), 0.0004628 secs]
78.647: [GC (Allocation Failure)  1395679K->641K(4193792K), 0.0003118 secs]
78.661: [GC (Allocation Failure)  1395679K->641K(4193792K), 0.0002303 secs]
78.676: [GC (Allocation Failure)  1395679K->641K(4193792K), 0.0002737 secs]
78.690: [GC (Allocation Failure)  1395679K->641K(4193792K), 0.0002547 secs]
78.704: [GC (Allocation Failure)  1395679K->641K(4193792K), 0.0002849 secs]
78.718: [GC (Allocation Failure)  1395679K->641K(4193792K), 0.0002666 secs]
78.733: [GC (Allocation Failure)  1395679K->641K(4193792K), 0.0002717 secs]
78.749: [GC (Allocation Failure)  1395679K->641K(4193792K), 0.0006070 secs]
78.764: [GC (Allocation Failure)  1395679K->641K(4193792K), 0.0005068 secs]
78.779: [GC (Allocation Failure)  1395679K->641K(4193792K), 0.0005198 secs]
78.794: [GC (Allocation Failure)  1395679K->641K(4193792K), 0.0011191 secs]
78.810: [GC (Allocation Failure)  1395679K->641K(4193792K), 0.0005258 secs]
78.827: [GC (Allocation Failure)  1395679K->641K(4193792K), 0.0005033 secs]
78.848: [GC (Allocation Failure)  1395679K->641K(4193792K), 0.0007387 secs]
78.869: [GC (Allocation Failure)  1395679K->641K(4193792K), 0.0003460 secs]
78.884: [GC (Allocation Failure)  1395679K->641K(4193792K), 0.0002911 secs]
78.899: [GC (Allocation Failure)  1395679K->641K(4193792K), 0.0002929 secs]
78.913: [GC (Allocation Failure)  1395679K->641K(4193792K), 0.0002990 secs]
78.928: [GC (Allocation Failure)  1395679K->641K(4193792K), 0.0002546 secs]
78.942: [GC (Allocation Failure)  1395679K->641K(4193792K), 0.0003233 secs]
78.957: [GC (Allocation Failure)  1395679K->641K(4193792K), 0.0002874 secs]
78.972: [GC (Allocation Failure)  1395679K->641K(4193792K), 0.0003444 secs]
78.987: [GC (Allocation Failure)  1395679K->641K(4193792K), 0.0002913 secs]
79.002: [GC (Allocation Failure)  1395679K->641K(4193792K), 0.0003573 secs]
79.017: [GC (Allocation Failure)  1395679K->641K(4193792K), 0.0003094 secs]
79.032: [GC (Allocation Failure)  1395679K->641K(4193792K), 0.0002967 secs]
79.046: [GC (Allocation Failure)  1395679K->641K(4193792K), 0.0002480 secs]
79.060: [GC (Allocation Failure)  1395679K->641K(4193792K), 0.0003443 secs]
79.074: [GC (Allocation Failure)  1395679K->641K(4193792K), 0.0002426 secs]
79.088: [GC (Allocation Failure)  1395679K->641K(4193792K), 0.0003270 secs]
79.102: [GC (Allocation Failure)  1395679K->641K(4193792K), 0.0003008 secs]
79.116: [GC (Allocation Failure)  1395679K->641K(4193792K), 0.0002968 secs]
79.131: [GC (Allocation Failure)  1395679K->641K(4193792K), 0.0002877 secs]
79.146: [GC (Allocation Failure)  1395679K->641K(4193792K), 0.0003130 secs]
79.161: [GC (Allocation Failure)  1395679K->641K(4193792K), 0.0003143 secs]
79.176: [GC (Allocation Failure)  1395679K->641K(4193792K), 0.0005620 secs]
79.191: [GC (Allocation Failure)  1395679K->641K(4193792K), 0.0003316 secs]
79.205: [GC (Allocation Failure)  1395679K->641K(4193792K), 0.0003256 secs]
79.220: [GC (Allocation Failure)  1395679K->641K(4193792K), 0.0002808 secs]
79.235: [GC (Allocation Failure)  1395679K->641K(4193792K), 0.0003320 secs]
79.249: [GC (Allocation Failure)  1395679K->641K(4193792K), 0.0003270 secs]
79.263: [GC (Allocation Failure)  1395679K->641K(4193792K), 0.0002883 secs]
79.278: [GC (Allocation Failure)  1395679K->641K(4193792K), 0.0003571 secs]
79.292: [GC (Allocation Failure)  1395679K->641K(4193792K), 0.0003343 secs]
79.306: [GC (Allocation Failure)  1395679K->641K(4193792K), 0.0011705 secs]
79.321: [GC (Allocation Failure)  1395679K->641K(4193792K), 0.0002272 secs]
79.336: [GC (Allocation Failure)  1395679K->641K(4193792K), 0.0002416 secs]
79.350: [GC (Allocation Failure)  1395679K->641K(4193792K), 0.0002594 secs]
79.364: [GC (Allocation Failure)  1395679K->641K(4193792K), 0.0002951 secs]
79.378: [GC (Allocation Failure)  1395679K->641K(4193792K), 0.0002970 secs]
79.392: [GC (Allocation Failure)  1395679K->641K(4193792K), 0.0002914 secs]
79.407: [GC (Allocation Failure)  1395679K->641K(4193792K), 0.0003267 secs]
79.421: [GC (Allocation Failure)  1395679K->641K(4193792K), 0.0002755 secs]
79.437: [GC (Allocation Failure)  1395679K->641K(4193792K), 0.0002748 secs]
79.451: [GC (Allocation Failure)  1395679K->641K(4193792K), 0.0017822 secs]
79.468: [GC (Allocation Failure)  1395679K->641K(4193792K), 0.0002438 secs]
79.482: [GC (Allocation Failure)  1395679K->641K(4193792K), 0.0002195 secs]
79.497: [GC (Allocation Failure)  1395679K->641K(4193792K), 0.0004227 secs]
79.512: [GC (Allocation Failure)  1395679K->641K(4193792K), 0.0002523 secs]
79.526: [GC (Allocation Failure)  1395679K->641K(4193792K), 0.0002306 secs]
79.540: [GC (Allocation Failure)  1395679K->641K(4193792K), 0.0002756 secs]
79.555: [GC (Allocation Failure)  1395679K->641K(4193792K), 0.0002450 secs]
79.569: [GC (Allocation Failure)  1395679K->641K(4193792K), 0.0002732 secs]
79.583: [GC (Allocation Failure)  1395679K->641K(4193792K), 0.0002075 secs]
79.598: [GC (Allocation Failure)  1395679K->641K(4193792K), 0.0002670 secs]
79.612: [GC (Allocation Failure)  1395679K->641K(4193792K), 0.0002883 secs]
79.627: [GC (Allocation Failure)  1395679K->641K(4193792K), 0.0002920 secs]
79.642: [GC (Allocation Failure)  1395679K->641K(4193792K), 0.0002696 secs]
79.656: [GC (Allocation Failure)  1395679K->641K(4193792K), 0.0002558 secs]
79.671: [GC (Allocation Failure)  1395679K->641K(4193792K), 0.0002660 secs]
79.687: [GC (Allocation Failure)  1395679K->641K(4193792K), 0.0002603 secs]
79.702: [GC (Allocation Failure)  1395679K->641K(4193792K), 0.0003893 secs]
79.717: [GC (Allocation Failure)  1395679K->641K(4193792K), 0.0002383 secs]
79.731: [GC (Allocation Failure)  1395679K->641K(4193792K), 0.0002453 secs]
79.745: [GC (Allocation Failure)  1395679K->641K(4193792K), 0.0002735 secs]
79.759: [GC (Allocation Failure)  1395679K->641K(4193792K), 0.0002841 secs]
79.774: [GC (Allocation Failure)  1395679K->641K(4193792K), 0.0002659 secs]
79.788: [GC (Allocation Failure)  1395679K->641K(4193792K), 0.0002323 secs]
79.802: [GC (Allocation Failure)  1395679K->641K(4193792K), 0.0036353 secs]
79.820: [GC (Allocation Failure)  1395679K->641K(4193792K), 0.0002501 secs]
79.834: [GC (Allocation Failure)  1395679K->641K(4193792K), 0.0002290 secs]
79.849: [GC (Allocation Failure)  1395679K->641K(4193792K), 0.0002374 secs]
79.864: [GC (Allocation Failure)  1395679K->641K(4193792K), 0.0002911 secs]
79.879: [GC (Allocation Failure)  1395679K->641K(4193792K), 0.0002790 secs]
79.894: [GC (Allocation Failure)  1395679K->641K(4193792K), 0.0003508 secs]
79.909: [GC (Allocation Failure)  1395679K->641K(4193792K), 0.0002515 secs]
79.923: [GC (Allocation Failure)  1395679K->641K(4193792K), 0.0002625 secs]
79.938: [GC (Allocation Failure)  1395679K->641K(4193792K), 0.0002851 secs]
79.952: [GC (Allocation Failure)  1395679K->641K(4193792K), 0.0003259 secs]
79.966: [GC (Allocation Failure)  1395679K->641K(4193792K), 0.0002537 secs]
79.981: [GC (Allocation Failure)  1395679K->641K(4193792K), 0.0002670 secs]
79.995: [GC (Allocation Failure)  1395679K->641K(4193792K), 0.0002801 secs]
80.009: [GC (Allocation Failure)  1395679K->641K(4193792K), 0.0002340 secs]
80.024: [GC (Allocation Failure)  1395679K->641K(4193792K), 0.0002908 secs]
80.038: [GC (Allocation Failure)  1395679K->641K(4193792K), 0.0003061 secs]
80.053: [GC (Allocation Failure)  1395679K->641K(4193792K), 0.0003004 secs]
80.068: [GC (Allocation Failure)  1395679K->641K(4193792K), 0.0002764 secs]
80.083: [GC (Allocation Failure)  1395679K->641K(4193792K), 0.0003373 secs]
80.097: [GC (Allocation Failure)  1395679K->641K(4193792K), 0.0002426 secs]
80.112: [GC (Allocation Failure)  1395679K->641K(4193792K), 0.0002549 secs]
80.128: [GC (Allocation Failure)  1395679K->641K(4193792K), 0.0004800 secs]
80.142: [GC (Allocation Failure)  1395679K->641K(4193792K), 0.0002460 secs]
80.156: [GC (Allocation Failure)  1395679K->641K(4193792K), 0.0002451 secs]
80.170: [GC (Allocation Failure)  1395679K->641K(4193792K), 0.0002602 secs]
80.185: [GC (Allocation Failure)  1395679K->641K(4193792K), 0.0002397 secs]
80.199: [GC (Allocation Failure)  1395679K->641K(4193792K), 0.0003317 secs]
80.214: [GC (Allocation Failure)  1395679K->641K(4193792K), 0.0002741 secs]
80.229: [GC (Allocation Failure)  1395679K->641K(4193792K), 0.0002899 secs]
80.243: [GC (Allocation Failure)  1395679K->641K(4193792K), 0.0002781 secs]
80.258: [GC (Allocation Failure)  1395679K->641K(4193792K), 0.0002904 secs]
80.274: [GC (Allocation Failure)  1395679K->641K(4193792K), 0.0002807 secs]
80.289: [GC (Allocation Failure)  1395679K->641K(4193792K), 0.0002393 secs]
80.304: [GC (Allocation Failure)  1395679K->641K(4193792K), 0.0003001 secs]
80.319: [GC (Allocation Failure)  1395679K->641K(4193792K), 0.0002629 secs]
80.333: [GC (Allocation Failure)  1395679K->641K(4193792K), 0.0002306 secs]
80.347: [GC (Allocation Failure)  1395679K->641K(4193792K), 0.0002783 secs]
80.362: [GC (Allocation Failure)  1395679K->641K(4193792K), 0.0003315 secs]
80.377: [GC (Allocation Failure)  1395679K->641K(4193792K), 0.0002794 secs]
80.392: [GC (Allocation Failure)  1395679K->641K(4193792K), 0.0002331 secs]
80.408: [GC (Allocation Failure)  1395679K->641K(4193792K), 0.0002705 secs]
80.423: [GC (Allocation Failure)  1395679K->641K(4193792K), 0.0002322 secs]
80.437: [GC (Allocation Failure)  1395679K->641K(4193792K), 0.0003050 secs]
80.452: [GC (Allocation Failure)  1395679K->641K(4193792K), 0.0002377 secs]
80.467: [GC (Allocation Failure)  1395679K->641K(4193792K), 0.0003323 secs]
80.481: [GC (Allocation Failure)  1395679K->641K(4193792K), 0.0002751 secs]
80.497: [GC (Allocation Failure)  1395679K->641K(4193792K), 0.0003470 secs]
80.512: [GC (Allocation Failure)  1395679K->641K(4193792K), 0.0002680 secs]
80.526: [GC (Allocation Failure)  1395679K->641K(4193792K), 0.0003453 secs]
80.541: [GC (Allocation Failure)  1395679K->641K(4193792K), 0.0002672 secs]
80.555: [GC (Allocation Failure)  1395679K->641K(4193792K), 0.0002184 secs]
80.569: [GC (Allocation Failure)  1395679K->641K(4193792K), 0.0001693 secs]
80.583: [GC (Allocation Failure)  1395679K->641K(4193792K), 0.0002843 secs]
80.597: [GC (Allocation Failure)  1395679K->641K(4193792K), 0.0002889 secs]
80.611: [GC (Allocation Failure)  1395679K->641K(4193792K), 0.0003233 secs]
80.626: [GC (Allocation Failure)  1395679K->641K(4193792K), 0.0002203 secs]
80.640: [GC (Allocation Failure)  1395679K->641K(4193792K), 0.0002310 secs]
80.654: [GC (Allocation Failure)  1395679K->641K(4193792K), 0.0003786 secs]
80.668: [GC (Allocation Failure)  1395679K->641K(4193792K), 0.0002537 secs]
80.683: [GC (Allocation Failure)  1395679K->641K(4193792K), 0.0002354 secs]
80.697: [GC (Allocation Failure)  1395679K->641K(4193792K), 0.0002458 secs]
80.711: [GC (Allocation Failure)  1395679K->641K(4193792K), 0.0003526 secs]
80.726: [GC (Allocation Failure)  1395679K->641K(4193792K), 0.0002786 secs]
80.741: [GC (Allocation Failure)  1395679K->641K(4193792K), 0.0002610 secs]
80.756: [GC (Allocation Failure)  1395679K->641K(4193792K), 0.0003159 secs]
80.771: [GC (Allocation Failure)  1395679K->641K(4193792K), 0.0002595 secs]
80.786: [GC (Allocation Failure)  1395679K->641K(4193792K), 0.0002906 secs]
80.800: [GC (Allocation Failure)  1395679K->641K(4193792K), 0.0004303 secs]
80.815: [GC (Allocation Failure)  1395679K->641K(4193792K), 0.0002555 secs]
80.830: [GC (Allocation Failure)  1395679K->641K(4193792K), 0.0002927 secs]
80.844: [GC (Allocation Failure)  1395679K->641K(4193792K), 0.0002812 secs]
80.858: [GC (Allocation Failure)  1395679K->641K(4193792K), 0.0003031 secs]
80.872: [GC (Allocation Failure)  1395679K->641K(4193792K), 0.0002750 secs]
80.887: [GC (Allocation Failure)  1395679K->641K(4193792K), 0.0002898 secs]
80.901: [GC (Allocation Failure)  1395679K->641K(4193792K), 0.0002377 secs]
80.916: [GC (Allocation Failure)  1395679K->641K(4193792K), 0.0002728 secs]
80.931: [GC (Allocation Failure)  1395679K->641K(4193792K), 0.0003281 secs]
80.946: [GC (Allocation Failure)  1395679K->641K(4193792K), 0.0002671 secs]
80.960: [GC (Allocation Failure)  1395679K->641K(4193792K), 0.0002676 secs]
80.975: [GC (Allocation Failure)  1395679K->641K(4193792K), 0.0002752 secs]
80.990: [GC (Allocation Failure)  1395679K->641K(4193792K), 0.0008621 secs]
81.005: [GC (Allocation Failure)  1395679K->641K(4193792K), 0.0003211 secs]
81.020: [GC (Allocation Failure)  1395679K->641K(4193792K), 0.0002365 secs]
81.034: [GC (Allocation Failure)  1395679K->641K(4193792K), 0.0005387 secs]
81.048: [GC (Allocation Failure)  1395679K->641K(4193792K), 0.0003094 secs]
81.063: [GC (Allocation Failure)  1395679K->641K(4193792K), 0.0002888 secs]
81.077: [GC (Allocation Failure)  1395679K->641K(4193792K), 0.0002838 secs]
81.091: [GC (Allocation Failure)  1395679K->641K(4193792K), 0.0002821 secs]
81.106: [GC (Allocation Failure)  1395679K->641K(4193792K), 0.0003893 secs]
81.121: [GC (Allocation Failure)  1395679K->641K(4193792K), 0.0002902 secs]
81.135: [GC (Allocation Failure)  1395679K->641K(4193792K), 0.0003297 secs]
81.150: [GC (Allocation Failure)  1395679K->641K(4193792K), 0.0003427 secs]
81.165: [GC (Allocation Failure)  1395679K->641K(4193792K), 0.0002498 secs]
81.180: [GC (Allocation Failure)  1395679K->641K(4193792K), 0.0002295 secs]
81.195: [GC (Allocation Failure)  1395679K->641K(4193792K), 0.0003012 secs]
81.210: [GC (Allocation Failure)  1395679K->641K(4193792K), 0.0002863 secs]
81.225: [GC (Allocation Failure)  1395679K->641K(4193792K), 0.0002389 secs]
81.239: [GC (Allocation Failure)  1395679K->641K(4193792K), 0.0002103 secs]
81.253: [GC (Allocation Failure)  1395679K->641K(4193792K), 0.0002762 secs]
81.267: [GC (Allocation Failure)  1395679K->641K(4193792K), 0.0002799 secs]
81.281: [GC (Allocation Failure)  1395679K->641K(4193792K), 0.0002830 secs]
81.295: [GC (Allocation Failure)  1395679K->641K(4193792K), 0.0003040 secs]
81.310: [GC (Allocation Failure)  1395679K->641K(4193792K), 0.0003005 secs]
81.325: [GC (Allocation Failure)  1395679K->641K(4193792K), 0.0003580 secs]
81.340: [GC (Allocation Failure)  1395679K->641K(4193792K), 0.0002732 secs]
81.355: [GC (Allocation Failure)  1395679K->641K(4193792K), 0.0002598 secs]
81.370: [GC (Allocation Failure)  1395679K->641K(4193792K), 0.0004480 secs]
81.385: [GC (Allocation Failure)  1395679K->641K(4193792K), 0.0002858 secs]
81.400: [GC (Allocation Failure)  1395679K->641K(4193792K), 0.0002686 secs]
81.415: [GC (Allocation Failure)  1395679K->641K(4193792K), 0.0003197 secs]
81.430: [GC (Allocation Failure)  1395679K->641K(4193792K), 0.0002943 secs]
81.444: [GC (Allocation Failure)  1395679K->641K(4193792K), 0.0002440 secs]
81.458: [GC (Allocation Failure)  1395679K->641K(4193792K), 0.0002745 secs]
81.473: [GC (Allocation Failure)  1395679K->641K(4193792K), 0.0002122 secs]
81.487: [GC (Allocation Failure)  1395679K->641K(4193792K), 0.0002527 secs]
81.501: [GC (Allocation Failure)  1395679K->641K(4193792K), 0.0002508 secs]
81.515: [GC (Allocation Failure)  1395679K->641K(4193792K), 0.0003528 secs]
81.530: [GC (Allocation Failure)  1395679K->641K(4193792K), 0.0003082 secs]
81.545: [GC (Allocation Failure)  1395679K->641K(4193792K), 0.0003968 secs]
81.560: [GC (Allocation Failure)  1395679K->641K(4193792K), 0.0002521 secs]
81.575: [GC (Allocation Failure)  1395679K->641K(4193792K), 0.0002457 secs]
81.589: [GC (Allocation Failure)  1395679K->641K(4193792K), 0.0002537 secs]
81.604: [GC (Allocation Failure)  1395679K->641K(4193792K), 0.0002556 secs]
81.619: [GC (Allocation Failure)  1395679K->641K(4193792K), 0.0002375 secs]
81.633: [GC (Allocation Failure)  1395679K->641K(4193792K), 0.0002170 secs]
81.648: [GC (Allocation Failure)  1395679K->641K(4193792K), 0.0002706 secs]
81.662: [GC (Allocation Failure)  1395679K->641K(4193792K), 0.0003065 secs]
81.676: [GC (Allocation Failure)  1395679K->641K(4193792K), 0.0002365 secs]
81.690: [GC (Allocation Failure)  1395679K->641K(4193792K), 0.0002728 secs]
81.705: [GC (Allocation Failure)  1395679K->641K(4193792K), 0.0003175 secs]
81.719: [GC (Allocation Failure)  1395679K->641K(4193792K), 0.0003026 secs]
81.734: [GC (Allocation Failure)  1395679K->641K(4193792K), 0.0003051 secs]
81.749: [GC (Allocation Failure)  1395679K->641K(4193792K), 0.0002725 secs]
81.763: [GC (Allocation Failure)  1395679K->641K(4193792K), 0.0002830 secs]
81.778: [GC (Allocation Failure)  1395679K->641K(4193792K), 0.0003031 secs]
81.793: [GC (Allocation Failure)  1395679K->641K(4193792K), 0.0003095 secs]
81.808: [GC (Allocation Failure)  1395679K->641K(4193792K), 0.0002533 secs]
81.823: [GC (Allocation Failure)  1395679K->641K(4193792K), 0.0003040 secs]
81.837: [GC (Allocation Failure)  1395679K->641K(4193792K), 0.0002795 secs]
81.852: [GC (Allocation Failure)  1395679K->641K(4193792K), 0.0002681 secs]
81.866: [GC (Allocation Failure)  1395679K->641K(4193792K), 0.0002484 secs]
81.880: [GC (Allocation Failure)  1395679K->641K(4193792K), 0.0002561 secs]
81.895: [GC (Allocation Failure)  1395679K->641K(4193792K), 0.0005039 secs]
81.909: [GC (Allocation Failure)  1395679K->641K(4193792K), 0.0002166 secs]
81.923: [GC (Allocation Failure)  1395679K->641K(4193792K), 0.0002471 secs]
81.937: [GC (Allocation Failure)  1395679K->641K(4193792K), 0.0003186 secs]
81.952: [GC (Allocation Failure)  1395679K->641K(4193792K), 0.0002311 secs]
81.966: [GC (Allocation Failure)  1395679K->641K(4193792K), 0.0002747 secs]
81.980: [GC (Allocation Failure)  1395679K->641K(4193792K), 0.0002488 secs]
81.995: [GC (Allocation Failure)  1395679K->641K(4193792K), 0.0002703 secs]
82.009: [GC (Allocation Failure)  1395679K->641K(4193792K), 0.0002698 secs]
82.024: [GC (Allocation Failure)  1395679K->641K(4193792K), 0.0002736 secs]
82.039: [GC (Allocation Failure)  1395679K->641K(4193792K), 0.0002231 secs]
82.053: [GC (Allocation Failure)  1395679K->641K(4193792K), 0.0003013 secs]
82.068: [GC (Allocation Failure)  1395679K->641K(4193792K), 0.0002838 secs]
82.083: [GC (Allocation Failure)  1395679K->641K(4193792K), 0.0002894 secs]
82.098: [GC (Allocation Failure)  1395679K->641K(4193792K), 0.0003636 secs]
82.113: [GC (Allocation Failure)  1395679K->641K(4193792K), 0.0002146 secs]
82.128: [GC (Allocation Failure)  1395679K->641K(4193792K), 0.0002559 secs]
82.142: [GC (Allocation Failure)  1395679K->641K(4193792K), 0.0002851 secs]
82.156: [GC (Allocation Failure)  1395679K->641K(4193792K), 0.0002813 secs]
82.170: [GC (Allocation Failure)  1395679K->641K(4193792K), 0.0002486 secs]
82.184: [GC (Allocation Failure)  1395679K->641K(4193792K), 0.0008614 secs]
82.199: [GC (Allocation Failure)  1395679K->641K(4193792K), 0.0002502 secs]
82.213: [GC (Allocation Failure)  1395679K->641K(4193792K), 0.0002540 secs]
82.227: [GC (Allocation Failure)  1395679K->641K(4193792K), 0.0003043 secs]
82.242: [GC (Allocation Failure)  1395679K->641K(4193792K), 0.0002582 secs]
82.256: [GC (Allocation Failure)  1395679K->641K(4193792K), 0.0003040 secs]
82.270: [GC (Allocation Failure)  1395679K->641K(4193792K), 0.0003801 secs]
82.284: [GC (Allocation Failure)  1395679K->641K(4193792K), 0.0002885 secs]
82.298: [GC (Allocation Failure)  1395679K->641K(4193792K), 0.0002432 secs]
82.313: [GC (Allocation Failure)  1395679K->641K(4193792K), 0.0003576 secs]
82.328: [GC (Allocation Failure)  1395679K->641K(4193792K), 0.0002699 secs]
82.342: [GC (Allocation Failure)  1395679K->641K(4193792K), 0.0002280 secs]
82.357: [GC (Allocation Failure)  1395679K->641K(4193792K), 0.0003308 secs]
82.372: [GC (Allocation Failure)  1395679K->641K(4193792K), 0.0002380 secs]
82.387: [GC (Allocation Failure)  1395679K->641K(4193792K), 0.0002856 secs]
82.402: [GC (Allocation Failure)  1395679K->641K(4193792K), 0.0006949 secs]
82.417: [GC (Allocation Failure)  1395679K->641K(4193792K), 0.0003440 secs]
82.432: [GC (Allocation Failure)  1395679K->641K(4193792K), 0.0003532 secs]
82.446: [GC (Allocation Failure)  1395679K->641K(4193792K), 0.0002725 secs]
82.460: [GC (Allocation Failure)  1395679K->641K(4193792K), 0.0002482 secs]
82.474: [GC (Allocation Failure)  1395679K->641K(4193792K), 0.0002306 secs]
82.489: [GC (Allocation Failure)  1395679K->641K(4193792K), 0.0002747 secs]
82.503: [GC (Allocation Failure)  1395679K->641K(4193792K), 0.0002568 secs]
82.517: [GC (Allocation Failure)  1395679K->641K(4193792K), 0.0003263 secs]
82.532: [GC (Allocation Failure)  1395679K->641K(4193792K), 0.0004230 secs]
82.547: [GC (Allocation Failure)  1395679K->641K(4193792K), 0.0003034 secs]
82.562: [GC (Allocation Failure)  1395679K->641K(4193792K), 0.0003073 secs]
82.577: [GC (Allocation Failure)  1395679K->641K(4193792K), 0.0004353 secs]
82.591: [GC (Allocation Failure)  1395679K->641K(4193792K), 0.0003227 secs]
82.606: [GC (Allocation Failure)  1395679K->641K(4193792K), 0.0002684 secs]
82.621: [GC (Allocation Failure)  1395679K->641K(4193792K), 0.0003400 secs]
82.636: [GC (Allocation Failure)  1395679K->641K(4193792K), 0.0002483 secs]
82.650: [GC (Allocation Failure)  1395679K->641K(4193792K), 0.0002629 secs]
82.664: [GC (Allocation Failure)  1395679K->641K(4193792K), 0.0002959 secs]
82.678: [GC (Allocation Failure)  1395679K->641K(4193792K), 0.0002714 secs]
82.693: [GC (Allocation Failure)  1395679K->641K(4193792K), 0.0002460 secs]
82.707: [GC (Allocation Failure)  1395679K->641K(4193792K), 0.0003602 secs]
82.722: [GC (Allocation Failure)  1395679K->641K(4193792K), 0.0003776 secs]
82.737: [GC (Allocation Failure)  1395679K->641K(4193792K), 0.0064995 secs]
82.758: [GC (Allocation Failure)  1395679K->641K(4193792K), 0.0002370 secs]
82.773: [GC (Allocation Failure)  1395679K->641K(4193792K), 0.0002643 secs]
82.788: [GC (Allocation Failure)  1395679K->641K(4193792K), 0.0002686 secs]
82.803: [GC (Allocation Failure)  1395679K->641K(4193792K), 0.0011450 secs]
82.819: [GC (Allocation Failure)  1395679K->641K(4193792K), 0.0003827 secs]
82.833: [GC (Allocation Failure)  1395679K->641K(4193792K), 0.0002753 secs]
82.850: [GC (Allocation Failure)  1395679K->641K(4193792K), 0.0002273 secs]
82.864: [GC (Allocation Failure)  1395679K->641K(4193792K), 0.0002725 secs]
82.878: [GC (Allocation Failure)  1395679K->641K(4193792K), 0.0002338 secs]
82.893: [GC (Allocation Failure)  1395679K->641K(4193792K), 0.0003610 secs]
82.907: [GC (Allocation Failure)  1395679K->641K(4193792K), 0.0002712 secs]
82.921: [GC (Allocation Failure)  1395679K->641K(4193792K), 0.0003248 secs]
82.935: [GC (Allocation Failure)  1395679K->641K(4193792K), 0.0003439 secs]
82.950: [GC (Allocation Failure)  1395679K->641K(4193792K), 0.0002923 secs]
82.964: [GC (Allocation Failure)  1395679K->641K(4193792K), 0.0002288 secs]
82.978: [GC (Allocation Failure)  1395679K->641K(4193792K), 0.0002215 secs]
82.992: [GC (Allocation Failure)  1395679K->641K(4193792K), 0.0003785 secs]
83.007: [GC (Allocation Failure)  1395679K->641K(4193792K), 0.0003176 secs]
83.022: [GC (Allocation Failure)  1395679K->641K(4193792K), 0.0002686 secs]
83.036: [GC (Allocation Failure)  1395679K->641K(4193792K), 0.0003595 secs]
83.052: [GC (Allocation Failure)  1395679K->641K(4193792K), 0.0002513 secs]
83.067: [GC (Allocation Failure)  1395679K->641K(4193792K), 0.0009879 secs]
83.082: [GC (Allocation Failure)  1395679K->641K(4193792K), 0.0002759 secs]
83.096: [GC (Allocation Failure)  1395679K->641K(4193792K), 0.0016575 secs]
83.117: [GC (Allocation Failure)  1395679K->641K(4193792K), 0.0002812 secs]
83.134: [GC (Allocation Failure)  1395679K->641K(4193792K), 0.0002631 secs]
83.148: [GC (Allocation Failure)  1395679K->641K(4193792K), 0.0002372 secs]
83.163: [GC (Allocation Failure)  1395679K->641K(4193792K), 0.0002634 secs]
83.177: [GC (Allocation Failure)  1395679K->641K(4193792K), 0.0002306 secs]
83.191: [GC (Allocation Failure)  1395679K->641K(4193792K), 0.0002574 secs]
83.205: [GC (Allocation Failure)  1395679K->641K(4193792K), 0.0002946 secs]
83.220: [GC (Allocation Failure)  1395679K->641K(4193792K), 0.0003703 secs]
83.234: [GC (Allocation Failure)  1395679K->641K(4193792K), 0.0002816 secs]
83.248: [GC (Allocation Failure)  1395679K->641K(4193792K), 0.0002756 secs]
83.262: [GC (Allocation Failure)  1395679K->641K(4193792K), 0.0003023 secs]
83.276: [GC (Allocation Failure)  1395679K->641K(4193792K), 0.0002698 secs]
83.291: [GC (Allocation Failure)  1395679K->641K(4193792K), 0.0002923 secs]
83.305: [GC (Allocation Failure)  1395679K->641K(4193792K), 0.0002994 secs]
83.320: [GC (Allocation Failure)  1395679K->641K(4193792K), 0.0003170 secs]
83.335: [GC (Allocation Failure)  1395679K->641K(4193792K), 0.0002617 secs]
83.350: [GC (Allocation Failure)  1395679K->641K(4193792K), 0.0003278 secs]
83.365: [GC (Allocation Failure)  1395679K->641K(4193792K), 0.0003339 secs]
83.380: [GC (Allocation Failure)  1395679K->641K(4193792K), 0.0002489 secs]
83.395: [GC (Allocation Failure)  1395679K->641K(4193792K), 0.0002790 secs]
83.410: [GC (Allocation Failure)  1395679K->641K(4193792K), 0.0002687 secs]
83.424: [GC (Allocation Failure)  1395679K->641K(4193792K), 0.0016244 secs]
83.440: [GC (Allocation Failure)  1395679K->641K(4193792K), 0.0002217 secs]
83.454: [GC (Allocation Failure)  1395679K->641K(4193792K), 0.0002779 secs]
83.469: [GC (Allocation Failure)  1395679K->641K(4193792K), 0.0002105 secs]
83.483: [GC (Allocation Failure)  1395679K->641K(4193792K), 0.0002848 secs]
83.497: [GC (Allocation Failure)  1395679K->641K(4193792K), 0.0002503 secs]
83.511: [GC (Allocation Failure)  1395679K->641K(4193792K), 0.0003348 secs]
83.526: [GC (Allocation Failure)  1395679K->641K(4193792K), 0.0003544 secs]
83.541: [GC (Allocation Failure)  1395679K->641K(4193792K), 0.0007455 secs]
83.556: [GC (Allocation Failure)  1395679K->641K(4193792K), 0.0002535 secs]
83.571: [GC (Allocation Failure)  1395679K->641K(4193792K), 0.0002546 secs]
83.586: [GC (Allocation Failure)  1395679K->641K(4193792K), 0.0003051 secs]
83.601: [GC (Allocation Failure)  1395679K->641K(4193792K), 0.0007660 secs]
83.616: [GC (Allocation Failure)  1395679K->641K(4193792K), 0.0003608 secs]
83.632: [GC (Allocation Failure)  1395679K->641K(4193792K), 0.0002285 secs]
83.646: [GC (Allocation Failure)  1395679K->641K(4193792K), 0.0002690 secs]
83.660: [GC (Allocation Failure)  1395679K->641K(4193792K), 0.0002427 secs]
83.674: [GC (Allocation Failure)  1395679K->641K(4193792K), 0.0002818 secs]
83.688: [GC (Allocation Failure)  1395679K->641K(4193792K), 0.0002859 secs]
83.703: [GC (Allocation Failure)  1395679K->641K(4193792K), 0.0002907 secs]
83.717: [GC (Allocation Failure)  1395679K->641K(4193792K), 0.0002601 secs]
83.733: [GC (Allocation Failure)  1395679K->641K(4193792K), 0.0003705 secs]
83.747: [GC (Allocation Failure)  1395679K->641K(4193792K), 0.0002290 secs]
83.762: [GC (Allocation Failure)  1395679K->641K(4193792K), 0.0002417 secs]
83.776: [GC (Allocation Failure)  1395679K->641K(4193792K), 0.0003304 secs]
83.791: [GC (Allocation Failure)  1395679K->641K(4193792K), 0.0003589 secs]
83.806: [GC (Allocation Failure)  1395679K->641K(4193792K), 0.0002921 secs]
83.821: [GC (Allocation Failure)  1395679K->641K(4193792K), 0.0002798 secs]
83.837: [GC (Allocation Failure)  1395679K->641K(4193792K), 0.0003466 secs]
83.851: [GC (Allocation Failure)  1395679K->641K(4193792K), 0.0002754 secs]
83.866: [GC (Allocation Failure)  1395679K->641K(4193792K), 0.0007244 secs]
83.880: [GC (Allocation Failure)  1395679K->641K(4193792K), 0.0002609 secs]
83.895: [GC (Allocation Failure)  1395679K->641K(4193792K), 0.0002611 secs]
83.909: [GC (Allocation Failure)  1395679K->641K(4193792K), 0.0002392 secs]
83.924: [GC (Allocation Failure)  1395679K->641K(4193792K), 0.0002949 secs]
83.939: [GC (Allocation Failure)  1395679K->641K(4193792K), 0.0002685 secs]
83.954: [GC (Allocation Failure)  1395679K->641K(4193792K), 0.0003280 secs]
83.969: [GC (Allocation Failure)  1395679K->641K(4193792K), 0.0002796 secs]
83.984: [GC (Allocation Failure)  1395679K->641K(4193792K), 0.0003093 secs]
83.999: [GC (Allocation Failure)  1395679K->641K(4193792K), 0.0005209 secs]
84.013: [GC (Allocation Failure)  1395679K->641K(4193792K), 0.0002503 secs]
84.029: [GC (Allocation Failure)  1395679K->641K(4193792K), 0.0002285 secs]
84.043: [GC (Allocation Failure)  1395679K->641K(4193792K), 0.0002866 secs]
84.057: [GC (Allocation Failure)  1395679K->641K(4193792K), 0.0002416 secs]
84.071: [GC (Allocation Failure)  1395679K->641K(4193792K), 0.0002308 secs]
84.085: [GC (Allocation Failure)  1395679K->641K(4193792K), 0.0002626 secs]
84.099: [GC (Allocation Failure)  1395679K->641K(4193792K), 0.0036941 secs]
84.118: [GC (Allocation Failure)  1395679K->641K(4193792K), 0.0002858 secs]
84.132: [GC (Allocation Failure)  1395679K->641K(4193792K), 0.0002765 secs]
84.147: [GC (Allocation Failure)  1395679K->641K(4193792K), 0.0003420 secs]
84.161: [GC (Allocation Failure)  1395679K->641K(4193792K), 0.0010965 secs]
84.177: [GC (Allocation Failure)  1395679K->641K(4193792K), 0.0003180 secs]
84.192: [GC (Allocation Failure)  1395679K->641K(4193792K), 0.0002608 secs]
84.207: [GC (Allocation Failure)  1395679K->641K(4193792K), 0.0002822 secs]
84.222: [GC (Allocation Failure)  1395679K->641K(4193792K), 0.0003681 secs]
84.237: [GC (Allocation Failure)  1395679K->641K(4193792K), 0.0002931 secs]
84.251: [GC (Allocation Failure)  1395679K->641K(4193792K), 0.0003040 secs]
84.265: [GC (Allocation Failure)  1395679K->641K(4193792K), 0.0003047 secs]
84.280: [GC (Allocation Failure)  1395679K->641K(4193792K), 0.0002704 secs]
84.294: [GC (Allocation Failure)  1395679K->641K(4193792K), 0.0003553 secs]
84.309: [GC (Allocation Failure)  1395679K->641K(4193792K), 0.0002870 secs]
84.324: [GC (Allocation Failure)  1395679K->641K(4193792K), 0.0010934 secs]
84.339: [GC (Allocation Failure)  1395679K->641K(4193792K), 0.0003480 secs]
84.354: [GC (Allocation Failure)  1395679K->641K(4193792K), 0.0002782 secs]
84.369: [GC (Allocation Failure)  1395679K->641K(4193792K), 0.0004487 secs]
84.384: [GC (Allocation Failure)  1395679K->641K(4193792K), 0.0003020 secs]
84.399: [GC (Allocation Failure)  1395679K->641K(4193792K), 0.0003227 secs]
84.414: [GC (Allocation Failure)  1395679K->641K(4193792K), 0.0003500 secs]
84.429: [GC (Allocation Failure)  1395679K->641K(4193792K), 0.0002505 secs]
84.444: [GC (Allocation Failure)  1395679K->641K(4193792K), 0.0002773 secs]
84.458: [GC (Allocation Failure)  1395679K->641K(4193792K), 0.0002689 secs]
84.472: [GC (Allocation Failure)  1395679K->641K(4193792K), 0.0003119 secs]
84.486: [GC (Allocation Failure)  1395679K->641K(4193792K), 0.0002518 secs]
84.500: [GC (Allocation Failure)  1395679K->641K(4193792K), 0.0002640 secs]
84.514: [GC (Allocation Failure)  1395679K->641K(4193792K), 0.0003204 secs]
84.529: [GC (Allocation Failure)  1395679K->641K(4193792K), 0.0002693 secs]
84.543: [GC (Allocation Failure)  1395679K->641K(4193792K), 0.0002490 secs]
84.558: [GC (Allocation Failure)  1395679K->641K(4193792K), 0.0005488 secs]
84.573: [GC (Allocation Failure)  1395679K->641K(4193792K), 0.0005732 secs]
84.588: [GC (Allocation Failure)  1395679K->641K(4193792K), 0.0008436 secs]
84.608: [GC (Allocation Failure)  1395679K->641K(4193792K), 0.0006114 secs]
84.622: [GC (Allocation Failure)  1395679K->641K(4193792K), 0.0006495 secs]
84.644: [GC (Allocation Failure)  1395679K->641K(4193792K), 0.0008278 secs]
84.661: [GC (Allocation Failure)  1395679K->641K(4193792K), 0.0005541 secs]
84.677: [GC (Allocation Failure)  1395679K->641K(4193792K), 0.0002720 secs]
84.691: [GC (Allocation Failure)  1395679K->641K(4193792K), 0.0003008 secs]
84.706: [GC (Allocation Failure)  1395679K->641K(4193792K), 0.0002734 secs]
84.720: [GC (Allocation Failure)  1395679K->641K(4193792K), 0.0002613 secs]
84.735: [GC (Allocation Failure)  1395679K->641K(4193792K), 0.0002720 secs]
84.749: [GC (Allocation Failure)  1395679K->641K(4193792K), 0.0002766 secs]
84.764: [GC (Allocation Failure)  1395679K->641K(4193792K), 0.0003084 secs]
84.779: [GC (Allocation Failure)  1395679K->641K(4193792K), 0.0003111 secs]
84.794: [GC (Allocation Failure)  1395679K->641K(4193792K), 0.0002720 secs]
84.809: [GC (Allocation Failure)  1395679K->641K(4193792K), 0.0003098 secs]
84.823: [GC (Allocation Failure)  1395679K->641K(4193792K), 0.0002900 secs]
84.837: [GC (Allocation Failure)  1395679K->641K(4193792K), 0.0003426 secs]
84.851: [GC (Allocation Failure)  1395679K->641K(4193792K), 0.0002766 secs]
84.865: [GC (Allocation Failure)  1395679K->641K(4193792K), 0.0002968 secs]
84.879: [GC (Allocation Failure)  1395679K->641K(4193792K), 0.0002446 secs]
84.893: [GC (Allocation Failure)  1395679K->641K(4193792K), 0.0003879 secs]
84.908: [GC (Allocation Failure)  1395679K->641K(4193792K), 0.0003320 secs]
84.922: [GC (Allocation Failure)  1395679K->641K(4193792K), 0.0002276 secs]
84.936: [GC (Allocation Failure)  1395679K->641K(4193792K), 0.0002870 secs]
84.950: [GC (Allocation Failure)  1395679K->641K(4193792K), 0.0003731 secs]
84.965: [GC (Allocation Failure)  1395679K->641K(4193792K), 0.0003295 secs]
84.979: [GC (Allocation Failure)  1395679K->641K(4193792K), 0.0002695 secs]
84.993: [GC (Allocation Failure)  1395679K->641K(4193792K), 0.0002732 secs]
85.007: [GC (Allocation Failure)  1395679K->641K(4193792K), 0.0002782 secs]
85.022: [GC (Allocation Failure)  1395679K->641K(4193792K), 0.0002984 secs]
85.036: [GC (Allocation Failure)  1395679K->641K(4193792K), 0.0002504 secs]
85.050: [GC (Allocation Failure)  1395679K->641K(4193792K), 0.0002624 secs]
85.065: [GC (Allocation Failure)  1395679K->641K(4193792K), 0.0003283 secs]
85.080: [GC (Allocation Failure)  1395679K->641K(4193792K), 0.0002784 secs]
85.095: [GC (Allocation Failure)  1395679K->641K(4193792K), 0.0047455 secs]
85.115: [GC (Allocation Failure)  1395679K->641K(4193792K), 0.0002667 secs]
85.130: [GC (Allocation Failure)  1395679K->641K(4193792K), 0.0007396 secs]
85.145: [GC (Allocation Failure)  1395679K->641K(4193792K), 0.0002669 secs]
85.159: [GC (Allocation Failure)  1395679K->641K(4193792K), 0.0003285 secs]
85.173: [GC (Allocation Failure)  1395679K->641K(4193792K), 0.0002657 secs]
85.187: [GC (Allocation Failure)  1395679K->641K(4193792K), 0.0002353 secs]
85.201: [GC (Allocation Failure)  1395679K->641K(4193792K), 0.0002660 secs]
85.216: [GC (Allocation Failure)  1395679K->641K(4193792K), 0.0003157 secs]
85.231: [GC (Allocation Failure)  1395679K->641K(4193792K), 0.0002788 secs]
85.246: [GC (Allocation Failure)  1395679K->641K(4193792K), 0.0002238 secs]
85.261: [GC (Allocation Failure)  1395679K->641K(4193792K), 0.0002672 secs]
85.276: [GC (Allocation Failure)  1395679K->641K(4193792K), 0.0002814 secs]
85.290: [GC (Allocation Failure)  1395679K->641K(4193792K), 0.0004422 secs]
85.305: [GC (Allocation Failure)  1395679K->641K(4193792K), 0.0003207 secs]
85.320: [GC (Allocation Failure)  1395679K->641K(4193792K), 0.0003200 secs]
85.335: [GC (Allocation Failure)  1395679K->641K(4193792K), 0.0002590 secs]
85.349: [GC (Allocation Failure)  1395679K->641K(4193792K), 0.0002995 secs]
85.363: [GC (Allocation Failure)  1395679K->641K(4193792K), 0.0003177 secs]
85.378: [GC (Allocation Failure)  1395679K->641K(4193792K), 0.0002664 secs]
85.392: [GC (Allocation Failure)  1395679K->641K(4193792K), 0.0002381 secs]
85.406: [GC (Allocation Failure)  1395679K->641K(4193792K), 0.0003556 secs]
85.420: [GC (Allocation Failure)  1395679K->641K(4193792K), 0.0002550 secs]
85.435: [GC (Allocation Failure)  1395679K->641K(4193792K), 0.0002729 secs]
85.450: [GC (Allocation Failure)  1395679K->641K(4193792K), 0.0002504 secs]
85.464: [GC (Allocation Failure)  1395679K->641K(4193792K), 0.0002547 secs]
85.479: [GC (Allocation Failure)  1395679K->641K(4193792K), 0.0002489 secs]
85.494: [GC (Allocation Failure)  1395679K->641K(4193792K), 0.0003828 secs]
85.509: [GC (Allocation Failure)  1395679K->641K(4193792K), 0.0002895 secs]
85.524: [GC (Allocation Failure)  1395679K->641K(4193792K), 0.0002707 secs]
85.538: [GC (Allocation Failure)  1395679K->641K(4193792K), 0.0002149 secs]
85.552: [GC (Allocation Failure)  1395679K->641K(4193792K), 0.0002665 secs]
85.566: [GC (Allocation Failure)  1395679K->641K(4193792K), 0.0002341 secs]
85.580: [GC (Allocation Failure)  1395679K->641K(4193792K), 0.0002638 secs]
85.594: [GC (Allocation Failure)  1395679K->641K(4193792K), 0.0003070 secs]
85.609: [GC (Allocation Failure)  1395679K->641K(4193792K), 0.0003762 secs]
85.624: [GC (Allocation Failure)  1395679K->641K(4193792K), 0.0004025 secs]
85.639: [GC (Allocation Failure)  1395679K->641K(4193792K), 0.0002888 secs]
85.654: [GC (Allocation Failure)  1395679K->641K(4193792K), 0.0002531 secs]
85.669: [GC (Allocation Failure)  1395679K->641K(4193792K), 0.0002548 secs]
85.684: [GC (Allocation Failure)  1395679K->641K(4193792K), 0.0002380 secs]
85.698: [GC (Allocation Failure)  1395679K->641K(4193792K), 0.0002509 secs]
85.714: [GC (Allocation Failure)  1395679K->641K(4193792K), 0.0003346 secs]
85.729: [GC (Allocation Failure)  1395679K->641K(4193792K), 0.0002194 secs]
85.743: [GC (Allocation Failure)  1395679K->641K(4193792K), 0.0002309 secs]
85.758: [GC (Allocation Failure)  1395679K->641K(4193792K), 0.0002794 secs]
85.772: [GC (Allocation Failure)  1395679K->641K(4193792K), 0.0002819 secs]
85.786: [GC (Allocation Failure)  1395679K->641K(4193792K), 0.0002823 secs]
85.801: [GC (Allocation Failure)  1395679K->641K(4193792K), 0.0002559 secs]
85.815: [GC (Allocation Failure)  1395679K->641K(4193792K), 0.0002903 secs]
85.829: [GC (Allocation Failure)  1395679K->641K(4193792K), 0.0007061 secs]
85.844: [GC (Allocation Failure)  1395679K->641K(4193792K), 0.0002675 secs]
85.858: [GC (Allocation Failure)  1395679K->641K(4193792K), 0.0002589 secs]
85.872: [GC (Allocation Failure)  1395679K->641K(4193792K), 0.0002870 secs]
85.887: [GC (Allocation Failure)  1395679K->641K(4193792K), 0.0003810 secs]
85.901: [GC (Allocation Failure)  1395679K->641K(4193792K), 0.0002664 secs]
85.916: [GC (Allocation Failure)  1395679K->641K(4193792K), 0.0002340 secs]
85.931: [GC (Allocation Failure)  1395679K->641K(4193792K), 0.0003571 secs]
85.945: [GC (Allocation Failure)  1395679K->641K(4193792K), 0.0003416 secs]
85.960: [GC (Allocation Failure)  1395679K->641K(4193792K), 0.0002717 secs]
85.975: [GC (Allocation Failure)  1395679K->641K(4193792K), 0.0002718 secs]
85.990: [GC (Allocation Failure)  1395679K->641K(4193792K), 0.0003927 secs]
86.005: [GC (Allocation Failure)  1395679K->641K(4193792K), 0.0002413 secs]
86.020: [GC (Allocation Failure)  1395679K->641K(4193792K), 0.0002412 secs]
86.034: [GC (Allocation Failure)  1395679K->641K(4193792K), 0.0002784 secs]
86.049: [GC (Allocation Failure)  1395679K->641K(4193792K), 0.0002275 secs]
86.063: [GC (Allocation Failure)  1395679K->641K(4193792K), 0.0002617 secs]
86.077: [GC (Allocation Failure)  1395679K->641K(4193792K), 0.0002623 secs]
86.091: [GC (Allocation Failure)  1395679K->641K(4193792K), 0.0002088 secs]
86.105: [GC (Allocation Failure)  1395679K->641K(4193792K), 0.0003909 secs]
86.120: [GC (Allocation Failure)  1395679K->641K(4193792K), 0.0003433 secs]
86.135: [GC (Allocation Failure)  1395679K->641K(4193792K), 0.0004055 secs]
86.150: [GC (Allocation Failure)  1395679K->641K(4193792K), 0.0003281 secs]
86.165: [GC (Allocation Failure)  1395679K->641K(4193792K), 0.0002624 secs]
86.180: [GC (Allocation Failure)  1395679K->641K(4193792K), 0.0002707 secs]
86.195: [GC (Allocation Failure)  1395679K->641K(4193792K), 0.0003248 secs]
86.210: [GC (Allocation Failure)  1395679K->641K(4193792K), 0.0004644 secs]
86.225: [GC (Allocation Failure)  1395679K->641K(4193792K), 0.0002536 secs]
86.239: [GC (Allocation Failure)  1395679K->641K(4193792K), 0.0003198 secs]
86.254: [GC (Allocation Failure)  1395679K->641K(4193792K), 0.0002483 secs]
86.267: [GC (Allocation Failure)  1395679K->641K(4193792K), 0.0002392 secs]
86.281: [GC (Allocation Failure)  1395679K->641K(4193792K), 0.0002535 secs]
86.296: [GC (Allocation Failure)  1395679K->641K(4193792K), 0.0002906 secs]
86.310: [GC (Allocation Failure)  1395679K->641K(4193792K), 0.0002907 secs]
86.325: [GC (Allocation Failure)  1395679K->641K(4193792K), 0.0002515 secs]
86.339: [GC (Allocation Failure)  1395679K->641K(4193792K), 0.0002691 secs]
86.354: [GC (Allocation Failure)  1395679K->641K(4193792K), 0.0002393 secs]
86.369: [GC (Allocation Failure)  1395679K->641K(4193792K), 0.0003527 secs]
86.383: [GC (Allocation Failure)  1395679K->641K(4193792K), 0.0003886 secs]
86.398: [GC (Allocation Failure)  1395679K->641K(4193792K), 0.0002792 secs]
86.413: [GC (Allocation Failure)  1395679K->641K(4193792K), 0.0002416 secs]
86.428: [GC (Allocation Failure)  1395679K->641K(4193792K), 0.0002852 secs]
86.442: [GC (Allocation Failure)  1395679K->641K(4193792K), 0.0002799 secs]
86.456: [GC (Allocation Failure)  1395679K->641K(4193792K), 0.0002305 secs]
86.470: [GC (Allocation Failure)  1395679K->641K(4193792K), 0.0002989 secs]
86.485: [GC (Allocation Failure)  1395679K->641K(4193792K), 0.0002623 secs]
86.499: [GC (Allocation Failure)  1395679K->641K(4193792K), 0.0003403 secs]
86.514: [GC (Allocation Failure)  1395679K->641K(4193792K), 0.0003276 secs]
86.529: [GC (Allocation Failure)  1395679K->641K(4193792K), 0.0002648 secs]
86.544: [GC (Allocation Failure)  1395679K->641K(4193792K), 0.0002329 secs]
86.559: [GC (Allocation Failure)  1395679K->641K(4193792K), 0.0002929 secs]
86.574: [GC (Allocation Failure)  1395679K->641K(4193792K), 0.0002650 secs]
86.589: [GC (Allocation Failure)  1395679K->641K(4193792K), 0.0004424 secs]
86.604: [GC (Allocation Failure)  1395679K->641K(4193792K), 0.0002940 secs]
86.618: [GC (Allocation Failure)  1395679K->641K(4193792K), 0.0002521 secs]
86.633: [GC (Allocation Failure)  1395679K->641K(4193792K), 0.0002430 secs]
86.647: [GC (Allocation Failure)  1395679K->641K(4193792K), 0.0002505 secs]
86.662: [GC (Allocation Failure)  1395679K->641K(4193792K), 0.0002700 secs]
86.676: [GC (Allocation Failure)  1395679K->641K(4193792K), 0.0002446 secs]
86.690: [GC (Allocation Failure)  1395679K->641K(4193792K), 0.0002195 secs]
86.704: [GC (Allocation Failure)  1395679K->641K(4193792K), 0.0002607 secs]
86.719: [GC (Allocation Failure)  1395679K->641K(4193792K), 0.0002516 secs]
86.734: [GC (Allocation Failure)  1395679K->641K(4193792K), 0.0002811 secs]
86.751: [GC (Allocation Failure)  1395679K->641K(4193792K), 0.0002452 secs]
86.765: [GC (Allocation Failure)  1395679K->641K(4193792K), 0.0002559 secs]
86.780: [GC (Allocation Failure)  1395679K->641K(4193792K), 0.0002514 secs]
86.795: [GC (Allocation Failure)  1395679K->641K(4193792K), 0.0004674 secs]
86.810: [GC (Allocation Failure)  1395679K->641K(4193792K), 0.0002470 secs]
86.825: [GC (Allocation Failure)  1395679K->641K(4193792K), 0.0002426 secs]
86.839: [GC (Allocation Failure)  1395679K->641K(4193792K), 0.0002664 secs]
86.853: [GC (Allocation Failure)  1395679K->641K(4193792K), 0.0002238 secs]
86.867: [GC (Allocation Failure)  1395679K->641K(4193792K), 0.0002203 secs]
86.881: [GC (Allocation Failure)  1395679K->641K(4193792K), 0.0002875 secs]
86.896: [GC (Allocation Failure)  1395679K->641K(4193792K), 0.0003105 secs]
86.911: [GC (Allocation Failure)  1395679K->641K(4193792K), 0.0002505 secs]
86.926: [GC (Allocation Failure)  1395679K->641K(4193792K), 0.0002432 secs]
86.940: [GC (Allocation Failure)  1395679K->641K(4193792K), 0.0002469 secs]
86.955: [GC (Allocation Failure)  1395679K->641K(4193792K), 0.0003012 secs]
86.970: [GC (Allocation Failure)  1395679K->641K(4193792K), 0.0002671 secs]
86.985: [GC (Allocation Failure)  1395679K->641K(4193792K), 0.0003143 secs]
87.000: [GC (Allocation Failure)  1395679K->641K(4193792K), 0.0002585 secs]
87.015: [GC (Allocation Failure)  1395679K->641K(4193792K), 0.0002765 secs]
87.030: [GC (Allocation Failure)  1395679K->641K(4193792K), 0.0002815 secs]
87.044: [GC (Allocation Failure)  1395679K->641K(4193792K), 0.0002755 secs]
87.058: [GC (Allocation Failure)  1395679K->641K(4193792K), 0.0002769 secs]
87.072: [GC (Allocation Failure)  1395679K->641K(4193792K), 0.0002668 secs]
87.087: [GC (Allocation Failure)  1395679K->641K(4193792K), 0.0002784 secs]
87.101: [GC (Allocation Failure)  1395679K->641K(4193792K), 0.0002758 secs]
87.116: [GC (Allocation Failure)  1395679K->641K(4193792K), 0.0002437 secs]
87.130: [GC (Allocation Failure)  1395679K->641K(4193792K), 0.0003035 secs]
87.145: [GC (Allocation Failure)  1395679K->641K(4193792K), 0.0005111 secs]
87.160: [GC (Allocation Failure)  1395679K->641K(4193792K), 0.0002789 secs]
87.175: [GC (Allocation Failure)  1395679K->641K(4193792K), 0.0002946 secs]
87.190: [GC (Allocation Failure)  1395679K->641K(4193792K), 0.0003045 secs]
87.205: [GC (Allocation Failure)  1395679K->641K(4193792K), 0.0002918 secs]
87.219: [GC (Allocation Failure)  1395679K->641K(4193792K), 0.0002619 secs]
87.234: [GC (Allocation Failure)  1395679K->641K(4193792K), 0.0002617 secs]
87.249: [GC (Allocation Failure)  1395679K->641K(4193792K), 0.0002530 secs]
87.263: [GC (Allocation Failure)  1395679K->641K(4193792K), 0.0002309 secs]
87.277: [GC (Allocation Failure)  1395679K->641K(4193792K), 0.0002826 secs]
87.291: [GC (Allocation Failure)  1395679K->641K(4193792K), 0.0002508 secs]
87.305: [GC (Allocation Failure)  1395679K->641K(4193792K), 0.0003129 secs]
87.320: [GC (Allocation Failure)  1395679K->641K(4193792K), 0.0002887 secs]
87.335: [GC (Allocation Failure)  1395679K->641K(4193792K), 0.0003195 secs]
87.350: [GC (Allocation Failure)  1395679K->641K(4193792K), 0.0004982 secs]
87.365: [GC (Allocation Failure)  1395679K->641K(4193792K), 0.0002692 secs]
87.380: [GC (Allocation Failure)  1395679K->641K(4193792K), 0.0002732 secs]
87.395: [GC (Allocation Failure)  1395679K->641K(4193792K), 0.0003137 secs]
87.409: [GC (Allocation Failure)  1395679K->641K(4193792K), 0.0003258 secs]
87.425: [GC (Allocation Failure)  1395679K->641K(4193792K), 0.0004191 secs]
87.439: [GC (Allocation Failure)  1395679K->641K(4193792K), 0.0002536 secs]
87.453: [GC (Allocation Failure)  1395679K->641K(4193792K), 0.0002933 secs]
87.467: [GC (Allocation Failure)  1395679K->641K(4193792K), 0.0002285 secs]
87.482: [GC (Allocation Failure)  1395679K->641K(4193792K), 0.0002056 secs]
87.496: [GC (Allocation Failure)  1395679K->641K(4193792K), 0.0003275 secs]
87.510: [GC (Allocation Failure)  1395679K->641K(4193792K), 0.0002600 secs]
87.525: [GC (Allocation Failure)  1395679K->641K(4193792K), 0.0002721 secs]
87.539: [GC (Allocation Failure)  1395679K->641K(4193792K), 0.0002733 secs]
87.553: [GC (Allocation Failure)  1395679K->641K(4193792K), 0.0002949 secs]
87.567: [GC (Allocation Failure)  1395679K->641K(4193792K), 0.0002010 secs]
87.581: [GC (Allocation Failure)  1395679K->641K(4193792K), 0.0003022 secs]
87.596: [GC (Allocation Failure)  1395679K->641K(4193792K), 0.0002847 secs]
87.610: [GC (Allocation Failure)  1395679K->641K(4193792K), 0.0003733 secs]
87.625: [GC (Allocation Failure)  1395679K->641K(4193792K), 0.0002655 secs]
87.640: [GC (Allocation Failure)  1395679K->641K(4193792K), 0.0002897 secs]
87.655: [GC (Allocation Failure)  1395679K->641K(4193792K), 0.0003121 secs]
87.670: [GC (Allocation Failure)  1395679K->641K(4193792K), 0.0002593 secs]
87.685: [GC (Allocation Failure)  1395679K->641K(4193792K), 0.0002466 secs]
87.699: [GC (Allocation Failure)  1395679K->641K(4193792K), 0.0002460 secs]
87.714: [GC (Allocation Failure)  1395679K->641K(4193792K), 0.0002871 secs]
87.729: [GC (Allocation Failure)  1395679K->641K(4193792K), 0.0002229 secs]
87.743: [GC (Allocation Failure)  1395679K->641K(4193792K), 0.0002047 secs]
87.757: [GC (Allocation Failure)  1395679K->641K(4193792K), 0.0005198 secs]
87.772: [GC (Allocation Failure)  1395679K->641K(4193792K), 0.0003151 secs]
87.786: [GC (Allocation Failure)  1395679K->641K(4193792K), 0.0002592 secs]
87.801: [GC (Allocation Failure)  1395679K->641K(4193792K), 0.0003338 secs]
87.816: [GC (Allocation Failure)  1395679K->641K(4193792K), 0.0003740 secs]
87.830: [GC (Allocation Failure)  1395679K->641K(4193792K), 0.0002979 secs]
87.845: [GC (Allocation Failure)  1395679K->641K(4193792K), 0.0002538 secs]
87.860: [GC (Allocation Failure)  1395679K->641K(4193792K), 0.0002713 secs]
87.875: [GC (Allocation Failure)  1395679K->641K(4193792K), 0.0002285 secs]
87.890: [GC (Allocation Failure)  1395679K->641K(4193792K), 0.0002842 secs]
87.905: [GC (Allocation Failure)  1395679K->641K(4193792K), 0.0002669 secs]
87.920: [GC (Allocation Failure)  1395679K->641K(4193792K), 0.0003113 secs]
87.934: [GC (Allocation Failure)  1395679K->641K(4193792K), 0.0002326 secs]
87.951: [GC (Allocation Failure)  1395679K->641K(4193792K), 0.0003263 secs]
87.965: [GC (Allocation Failure)  1395679K->641K(4193792K), 0.0002950 secs]
87.979: [GC (Allocation Failure)  1395679K->641K(4193792K), 0.0002364 secs]
87.994: [GC (Allocation Failure)  1395679K->641K(4193792K), 0.0002581 secs]
88.008: [GC (Allocation Failure)  1395679K->641K(4193792K), 0.0003143 secs]
88.023: [GC (Allocation Failure)  1395679K->641K(4193792K), 0.0002942 secs]
88.038: [GC (Allocation Failure)  1395679K->641K(4193792K), 0.0002584 secs]
88.053: [GC (Allocation Failure)  1395679K->641K(4193792K), 0.0002578 secs]
88.068: [GC (Allocation Failure)  1395679K->641K(4193792K), 0.0002725 secs]
88.083: [GC (Allocation Failure)  1395679K->641K(4193792K), 0.0002853 secs]
88.098: [GC (Allocation Failure)  1395679K->641K(4193792K), 0.0002904 secs]
88.113: [GC (Allocation Failure)  1395679K->641K(4193792K), 0.0002903 secs]
88.128: [GC (Allocation Failure)  1395679K->641K(4193792K), 0.0002770 secs]
88.142: [GC (Allocation Failure)  1395679K->641K(4193792K), 0.0003077 secs]
88.156: [GC (Allocation Failure)  1395679K->641K(4193792K), 0.0002815 secs]
88.170: [GC (Allocation Failure)  1395679K->641K(4193792K), 0.0002899 secs]
88.185: [GC (Allocation Failure)  1395679K->641K(4193792K), 0.0002706 secs]
88.199: [GC (Allocation Failure)  1395679K->641K(4193792K), 0.0002489 secs]
88.213: [GC (Allocation Failure)  1395679K->641K(4193792K), 0.0004058 secs]
88.228: [GC (Allocation Failure)  1395679K->641K(4193792K), 0.0002571 secs]
88.242: [GC (Allocation Failure)  1395679K->641K(4193792K), 0.0002456 secs]
88.257: [GC (Allocation Failure)  1395679K->641K(4193792K), 0.0002663 secs]
88.272: [GC (Allocation Failure)  1395679K->641K(4193792K), 0.0008213 secs]
88.287: [GC (Allocation Failure)  1395679K->641K(4193792K), 0.0002990 secs]
88.302: [GC (Allocation Failure)  1395679K->641K(4193792K), 0.0002581 secs]
88.317: [GC (Allocation Failure)  1395679K->641K(4193792K), 0.0002549 secs]
88.332: [GC (Allocation Failure)  1395679K->641K(4193792K), 0.0002710 secs]
88.346: [GC (Allocation Failure)  1395679K->641K(4193792K), 0.0002523 secs]
88.360: [GC (Allocation Failure)  1395679K->641K(4193792K), 0.0002258 secs]
88.374: [GC (Allocation Failure)  1395679K->641K(4193792K), 0.0008882 secs]
88.389: [GC (Allocation Failure)  1395679K->641K(4193792K), 0.0016588 secs]
88.404: [GC (Allocation Failure)  1395679K->641K(4193792K), 0.0002797 secs]
88.419: [GC (Allocation Failure)  1395679K->641K(4193792K), 0.0003380 secs]
88.434: [GC (Allocation Failure)  1395679K->641K(4193792K), 0.0003073 secs]
88.449: [GC (Allocation Failure)  1395679K->641K(4193792K), 0.0002926 secs]
88.464: [GC (Allocation Failure)  1395679K->641K(4193792K), 0.0002722 secs]
88.479: [GC (Allocation Failure)  1395679K->641K(4193792K), 0.0002522 secs]
88.493: [GC (Allocation Failure)  1395679K->641K(4193792K), 0.0002841 secs]
88.508: [GC (Allocation Failure)  1395679K->641K(4193792K), 0.0002550 secs]
88.523: [GC (Allocation Failure)  1395679K->641K(4193792K), 0.0002910 secs]
88.537: [GC (Allocation Failure)  1395679K->641K(4193792K), 0.0002215 secs]
88.551: [GC (Allocation Failure)  1395679K->641K(4193792K), 0.0002914 secs]
88.566: [GC (Allocation Failure)  1395679K->641K(4193792K), 0.0002947 secs]
88.580: [GC (Allocation Failure)  1395679K->641K(4193792K), 0.0002814 secs]
88.594: [GC (Allocation Failure)  1395679K->641K(4193792K), 0.0002668 secs]
88.609: [GC (Allocation Failure)  1395679K->641K(4193792K), 0.0003006 secs]
88.623: [GC (Allocation Failure)  1395679K->641K(4193792K), 0.0002935 secs]
88.638: [GC (Allocation Failure)  1395679K->641K(4193792K), 0.0002752 secs]
88.653: [GC (Allocation Failure)  1395679K->641K(4193792K), 0.0002432 secs]
88.667: [GC (Allocation Failure)  1395679K->641K(4193792K), 0.0002644 secs]
88.682: [GC (Allocation Failure)  1395679K->641K(4193792K), 0.0002100 secs]
88.697: [GC (Allocation Failure)  1395679K->641K(4193792K), 0.0002601 secs]
88.711: [GC (Allocation Failure)  1395679K->641K(4193792K), 0.0003779 secs]
88.728: [GC (Allocation Failure)  1395679K->641K(4193792K), 0.0002661 secs]
88.742: [GC (Allocation Failure)  1395679K->641K(4193792K), 0.0002191 secs]
88.756: [GC (Allocation Failure)  1395679K->641K(4193792K), 0.0002928 secs]
88.770: [GC (Allocation Failure)  1395679K->641K(4193792K), 0.0002178 secs]
88.784: [GC (Allocation Failure)  1395679K->641K(4193792K), 0.0002689 secs]
88.799: [GC (Allocation Failure)  1395679K->641K(4193792K), 0.0006745 secs]
88.814: [GC (Allocation Failure)  1395679K->641K(4193792K), 0.0002836 secs]
88.829: [GC (Allocation Failure)  1395679K->641K(4193792K), 0.0002885 secs]
88.844: [GC (Allocation Failure)  1395679K->641K(4193792K), 0.0002612 secs]
88.859: [GC (Allocation Failure)  1395679K->641K(4193792K), 0.0002661 secs]
88.874: [GC (Allocation Failure)  1395679K->641K(4193792K), 0.0006957 secs]
88.889: [GC (Allocation Failure)  1395679K->641K(4193792K), 0.0003070 secs]
88.904: [GC (Allocation Failure)  1395679K->641K(4193792K), 0.0002793 secs]
88.919: [GC (Allocation Failure)  1395679K->641K(4193792K), 0.0002888 secs]
88.934: [GC (Allocation Failure)  1395679K->641K(4193792K), 0.0002654 secs]
88.948: [GC (Allocation Failure)  1395679K->641K(4193792K), 0.0002634 secs]
88.962: [GC (Allocation Failure)  1395679K->641K(4193792K), 0.0002239 secs]
88.977: [GC (Allocation Failure)  1395679K->641K(4193792K), 0.0002608 secs]
88.991: [GC (Allocation Failure)  1395679K->641K(4193792K), 0.0002617 secs]
89.005: [GC (Allocation Failure)  1395679K->641K(4193792K), 0.0002896 secs]
89.019: [GC (Allocation Failure)  1395679K->641K(4193792K), 0.0002499 secs]
89.033: [GC (Allocation Failure)  1395679K->641K(4193792K), 0.0002494 secs]
89.047: [GC (Allocation Failure)  1395679K->641K(4193792K), 0.0002518 secs]
89.062: [GC (Allocation Failure)  1395679K->641K(4193792K), 0.0002486 secs]
89.075: [GC (Allocation Failure)  1395679K->641K(4193792K), 0.0002567 secs]
89.089: [GC (Allocation Failure)  1395679K->641K(4193792K), 0.0050486 secs]
89.109: [GC (Allocation Failure)  1395679K->641K(4193792K), 0.0002898 secs]
89.127: [GC (Allocation Failure)  1395679K->641K(4193792K), 0.0011461 secs]
89.143: [GC (Allocation Failure)  1395679K->641K(4193792K), 0.0002723 secs]
89.157: [GC (Allocation Failure)  1395679K->641K(4193792K), 0.0002973 secs]
89.172: [GC (Allocation Failure)  1395679K->641K(4193792K), 0.0006869 secs]
89.187: [GC (Allocation Failure)  1395679K->641K(4193792K), 0.0002731 secs]
89.202: [GC (Allocation Failure)  1395679K->641K(4193792K), 0.0002772 secs]
89.217: [GC (Allocation Failure)  1395679K->641K(4193792K), 0.0036574 secs]
89.235: [GC (Allocation Failure)  1395679K->641K(4193792K), 0.0002556 secs]
89.249: [GC (Allocation Failure)  1395679K->641K(4193792K), 0.0003061 secs]
89.264: [GC (Allocation Failure)  1395679K->641K(4193792K), 0.0002801 secs]
89.278: [GC (Allocation Failure)  1395679K->641K(4193792K), 0.0002328 secs]
89.292: [GC (Allocation Failure)  1395679K->641K(4193792K), 0.0003226 secs]
89.311: [GC (Allocation Failure)  1395679K->641K(4193792K), 0.0002868 secs]
89.325: [GC (Allocation Failure)  1395679K->641K(4193792K), 0.0002633 secs]
89.339: [GC (Allocation Failure)  1395679K->641K(4193792K), 0.0002576 secs]
89.353: [GC (Allocation Failure)  1395679K->641K(4193792K), 0.0002799 secs]
89.368: [GC (Allocation Failure)  1395679K->641K(4193792K), 0.0002792 secs]
89.383: [GC (Allocation Failure)  1395679K->641K(4193792K), 0.0002688 secs]
89.398: [GC (Allocation Failure)  1395679K->641K(4193792K), 0.0003836 secs]
89.413: [GC (Allocation Failure)  1395679K->641K(4193792K), 0.0003923 secs]
89.428: [GC (Allocation Failure)  1395679K->641K(4193792K), 0.0002955 secs]
89.443: [GC (Allocation Failure)  1395679K->641K(4193792K), 0.0002790 secs]
89.457: [GC (Allocation Failure)  1395679K->641K(4193792K), 0.0003001 secs]
89.472: [GC (Allocation Failure)  1395679K->641K(4193792K), 0.0002492 secs]
89.485: [GC (Allocation Failure)  1395679K->641K(4193792K), 0.0003023 secs]
89.500: [GC (Allocation Failure)  1395679K->641K(4193792K), 0.0003279 secs]
89.514: [GC (Allocation Failure)  1395679K->641K(4193792K), 0.0002690 secs]
89.528: [GC (Allocation Failure)  1395679K->641K(4193792K), 0.0002549 secs]
89.543: [GC (Allocation Failure)  1395679K->641K(4193792K), 0.0003499 secs]
89.557: [GC (Allocation Failure)  1395679K->641K(4193792K), 0.0003212 secs]
89.571: [GC (Allocation Failure)  1395679K->641K(4193792K), 0.0002675 secs]
